000 (10164531.000.000) 2025-12-02 19:06:53 Job submitted from host: <10.0.8.14:9618?addrs=10.0.8.14-9618&alias=head2.htc.inm7.de&noUDP&sock=schedd_317342_cb8b>
...
001 (10164531.000.000) 2025-12-02 19:06:56 Job executing on host: <10.0.9.35:9618?addrs=10.0.9.35-9618&alias=cpu35.htc.inm7.de&noUDP&sock=startd_3210_5f19>
...
006 (10164531.000.000) 2025-12-02 19:07:05 Image size of job updated: 224556
	35  -  MemoryUsage of job (MB)
	35208  -  ResidentSetSize of job (KB)
...
006 (10164531.000.000) 2025-12-02 19:12:06 Image size of job updated: 1003592
	591  -  MemoryUsage of job (MB)
	604188  -  ResidentSetSize of job (KB)
...
006 (10164531.000.000) 2025-12-02 19:17:06 Image size of job updated: 1003592
	593  -  MemoryUsage of job (MB)
	606492  -  ResidentSetSize of job (KB)
...
006 (10164531.000.000) 2025-12-02 19:22:06 Image size of job updated: 1068656
	697  -  MemoryUsage of job (MB)
	713168  -  ResidentSetSize of job (KB)
...
006 (10164531.000.000) 2025-12-02 19:32:08 Image size of job updated: 1131164
	758  -  MemoryUsage of job (MB)
	775736  -  ResidentSetSize of job (KB)
...
006 (10164531.000.000) 2025-12-02 19:42:51 Image size of job updated: 2391552
	949  -  MemoryUsage of job (MB)
	971312  -  ResidentSetSize of job (KB)
...
005 (10164531.000.000) 2025-12-02 19:42:51 Job terminated.
	(1) Normal termination (return value 0)
		Usr 0 00:35:16, Sys 0 00:00:01  -  Run Remote Usage
		Usr 0 00:00:00, Sys 0 00:00:00  -  Run Local Usage
		Usr 0 00:35:16, Sys 0 00:00:01  -  Total Remote Usage
		Usr 0 00:00:00, Sys 0 00:00:00  -  Total Local Usage
	0  -  Run Bytes Sent By Job
	0  -  Run Bytes Received By Job
	0  -  Total Bytes Sent By Job
	0  -  Total Bytes Received By Job
	Partitionable Resources :    Usage  Request Allocated 
	   Cpus                 :     1.00        4         4 
	   Disk (KB)            :     4    20971520  23214621 
	   Memory (MB)          :   949       12288     12288 

	Job terminated of its own accord at 2025-12-02T18:42:51Z with exit-code 0.
...
