2026-01-04 18:24:59,191 - __main__ - INFO - ================================================================================
2026-01-04 18:24:59,191 - __main__ - INFO - FULL BRAIN CONNECTIVITY CLASSIFICATION (ONE-VS-ONE)
2026-01-04 18:24:59,191 - __main__ - INFO - 232 Regions | 224 Subjects | 26,796 Pairwise Classifiers
2026-01-04 18:24:59,191 - __main__ - INFO - ================================================================================
2026-01-04 18:24:59,191 - __main__ - WARNING - ⚠️  TESTING MODE: 10 subjects only
2026-01-04 18:24:59,191 - __main__ - INFO - 
================================================================================
2026-01-04 18:24:59,191 - __main__ - INFO - TRAINING FULL BRAIN CONNECTIVITY (232 REGIONS) - ONE-VS-ONE
2026-01-04 18:24:59,191 - __main__ - INFO - ================================================================================

2026-01-04 18:25:00,756 - __main__ - INFO - 
============================================================
2026-01-04 18:25:00,757 - __main__ - INFO - SAMPLING MODE ACTIVATED
2026-01-04 18:25:00,757 - __main__ - INFO - ============================================================
2026-01-04 18:25:00,757 - __main__ - INFO - Selecting first 10 subjects out of 224 available
2026-01-04 18:25:00,757 - __main__ - INFO - Sampled DataFrame shape: (10, 26797)
2026-01-04 18:25:00,757 - __main__ - INFO - ============================================================

2026-01-04 18:25:00,758 - __main__ - WARNING - ⚠️  TESTING MODE: Using first 10 subjects only
2026-01-04 18:25:00,764 - __main__ - INFO - Data: 10 subjects, 232 regions, 26796 pairwise classifiers
2026-01-04 18:25:00,872 - __main__ - INFO - 
Applying diagonal imputation (strategy: region_mean)...
2026-01-04 18:25:00,872 - __main__ - INFO -   Original diagonal range: [1.0000, 1.0000]
2026-01-04 18:25:00,883 - __main__ - INFO -   Replaced diagonal with row means
2026-01-04 18:25:00,883 - __main__ - INFO -   New diagonal range: [-0.1080, 0.1518]
2026-01-04 18:25:00,883 - __main__ - INFO - 
Applying Fisher Z-transformation...
2026-01-04 18:25:00,892 - __main__ - INFO -   Value range after Fisher Z: [-1.2551, 1.7766]
2026-01-04 18:25:00,895 - __main__ - INFO - 
================================================================================
2026-01-04 18:25:00,895 - __main__ - INFO - HYPERPARAMETER OPTIMIZATION WITH OPTUNA (ONE-VS-ONE)
2026-01-04 18:25:00,895 - __main__ - INFO - ================================================================================
2026-01-04 18:25:00,895 - __main__ - INFO -   Classes: 232, Pairwise classifiers: 26796
2026-01-04 18:35:09,145 - __main__ - INFO - Best params: C=2.136833, solver=saga, score=0.3233
2026-01-04 18:35:09,146 - __main__ - INFO - ================================================================================

2026-01-04 18:35:09,146 - __main__ - INFO - 
================================================================================
2026-01-04 18:35:09,146 - __main__ - INFO - CROSS-VALIDATION (ONE-VS-ONE) - 26796 pairwise classifiers per fold
2026-01-04 18:35:09,146 - __main__ - INFO - ================================================================================

2026-01-04 18:35:09,147 - __main__ - INFO - Fold 1/3
2026-01-04 18:35:09,149 - __main__ - INFO -   Preprocessing fold data (StandardScaler only)...
2026-01-04 18:35:29,248 - __main__ - INFO -   Accuracy: 0.3869, Time: 20.10s

2026-01-04 18:35:29,250 - __main__ - INFO - Fold 2/3
2026-01-04 18:35:29,251 - __main__ - INFO -   Preprocessing fold data (StandardScaler only)...
2026-01-04 18:35:48,386 - __main__ - INFO -   Accuracy: 0.4928, Time: 19.14s

2026-01-04 18:35:48,388 - __main__ - INFO - Fold 3/3
2026-01-04 18:35:48,388 - __main__ - INFO -   Preprocessing fold data (StandardScaler only)...
2026-01-04 18:36:07,873 - __main__ - INFO -   Accuracy: 0.4856, Time: 19.49s

2026-01-04 18:36:07,874 - __main__ - INFO - CV completed in 58.73s

2026-01-04 18:36:07,937 - __main__ - INFO - OVERALL: Accuracy=0.4483, Balanced=0.4483
2026-01-04 18:36:11,225 - __main__ - INFO - 
================================================================================
2026-01-04 18:36:11,225 - __main__ - INFO - TESTING ON TASK DATA (GENDER STROOP) - ONE-VS-ONE
2026-01-04 18:36:11,225 - __main__ - INFO - ================================================================================
2026-01-04 18:36:12,853 - __main__ - INFO - 
============================================================
2026-01-04 18:36:12,853 - __main__ - INFO - SAMPLING MODE ACTIVATED
2026-01-04 18:36:12,853 - __main__ - INFO - ============================================================
2026-01-04 18:36:12,853 - __main__ - INFO - Selecting first 10 subjects out of 224 available
2026-01-04 18:36:12,854 - __main__ - INFO - Sampled DataFrame shape: (10, 26797)
2026-01-04 18:36:12,854 - __main__ - INFO - ============================================================

2026-01-04 18:36:12,862 - __main__ - INFO -   Rest: 10 subjects, 232 regions, 26796 pairwise classifiers
2026-01-04 18:36:12,984 - __main__ - INFO - 
Applying diagonal imputation (strategy: region_mean)...
2026-01-04 18:36:12,984 - __main__ - INFO -   Original diagonal range: [1.0000, 1.0000]
2026-01-04 18:36:12,995 - __main__ - INFO -   Replaced diagonal with row means
2026-01-04 18:36:12,995 - __main__ - INFO -   New diagonal range: [-0.1080, 0.1518]
2026-01-04 18:36:12,995 - __main__ - INFO - 
Applying Fisher Z-transformation...
2026-01-04 18:36:13,004 - __main__ - INFO -   Value range after Fisher Z: [-1.2551, 1.7766]
2026-01-04 18:36:14,516 - __main__ - INFO - 
============================================================
2026-01-04 18:36:14,517 - __main__ - INFO - SAMPLING MODE ACTIVATED
2026-01-04 18:36:14,517 - __main__ - INFO - ============================================================
2026-01-04 18:36:14,517 - __main__ - INFO - Selecting first 10 subjects out of 200 available
2026-01-04 18:36:14,517 - __main__ - INFO - Sampled DataFrame shape: (10, 26797)
2026-01-04 18:36:14,517 - __main__ - INFO - ============================================================

2026-01-04 18:36:14,641 - __main__ - INFO - 
Applying diagonal imputation (strategy: region_mean)...
2026-01-04 18:36:14,641 - __main__ - INFO -   Original diagonal range: [1.0000, 1.0000]
2026-01-04 18:36:14,652 - __main__ - INFO -   Replaced diagonal with row means
2026-01-04 18:36:14,652 - __main__ - INFO -   New diagonal range: [-0.1153, 0.1494]
2026-01-04 18:36:14,652 - __main__ - INFO - 
Applying Fisher Z-transformation...
2026-01-04 18:36:14,661 - __main__ - INFO -   Value range after Fisher Z: [-1.2673, 1.8768]
2026-01-04 18:36:23,901 - __main__ - INFO -   OvO model trained in 9.24s (26796 classifiers)
2026-01-04 18:37:48,204 - __main__ - INFO - 
Rest accuracy: 1.0000, Task accuracy: 0.4836, Drop: 0.5164
2026-01-04 18:37:48,500 - __main__ - INFO - 
================================================================================
2026-01-04 18:37:48,500 - __main__ - INFO - TRAINING COMPLETED (ONE-VS-ONE)
2026-01-04 18:37:48,500 - __main__ - INFO - ================================================================================
2026-01-04 18:37:48,500 - __main__ - INFO - CV Accuracy: 0.4483
2026-01-04 18:37:48,500 - __main__ - INFO - Pairwise Classifiers: 26796
2026-01-04 18:37:48,500 - __main__ - INFO - Task Accuracy: 0.4836
2026-01-04 18:37:48,500 - __main__ - INFO - Results saved to: /home/sjoon/projects/brain_connectivity_classifier/data/results/full_connectivity_analysis/ovo
2026-01-04 23:52:12,315 - __main__ - INFO - ================================================================================
2026-01-04 23:52:12,315 - __main__ - INFO - FULL BRAIN CONNECTIVITY CLASSIFICATION (ONE-VS-ONE)
2026-01-04 23:52:12,315 - __main__ - INFO - 232 Regions | 224 Subjects | 26,796 Pairwise Classifiers
2026-01-04 23:52:12,315 - __main__ - INFO - ================================================================================
2026-01-04 23:52:12,315 - __main__ - INFO - 
================================================================================
2026-01-04 23:52:12,315 - __main__ - INFO - TRAINING FULL BRAIN CONNECTIVITY (232 REGIONS) - ONE-VS-ONE
2026-01-04 23:52:12,315 - __main__ - INFO - ================================================================================

2026-01-04 23:52:13,982 - __main__ - INFO - Data: 224 subjects, 232 regions, 26796 pairwise classifiers
2026-01-04 23:52:16,519 - __main__ - INFO - 
Applying diagonal imputation (strategy: region_mean)...
2026-01-04 23:52:16,531 - __main__ - INFO -   Original diagonal range: [1.0000, 1.0000]
2026-01-04 23:52:16,782 - __main__ - INFO -   Replaced diagonal with row means
2026-01-04 23:52:16,782 - __main__ - INFO -   New diagonal range: [-0.1471, 0.2325]
2026-01-04 23:52:16,783 - __main__ - INFO - 
Applying Fisher Z-transformation...
2026-01-04 23:52:17,021 - __main__ - INFO -   Value range after Fisher Z: [-1.3984, 2.0494]
2026-01-04 23:52:17,092 - __main__ - INFO - 
================================================================================
2026-01-04 23:52:17,092 - __main__ - INFO - HYPERPARAMETER OPTIMIZATION WITH OPTUNA (ONE-VS-ONE)
2026-01-04 23:52:17,092 - __main__ - INFO - ================================================================================
2026-01-04 23:52:17,092 - __main__ - INFO -   Classes: 232, Pairwise classifiers: 26796
2026-01-05 07:16:19,000 - __main__ - INFO - Best params: C=9.600341, solver=lbfgs, score=0.8719
2026-01-05 07:16:19,001 - __main__ - INFO - ================================================================================

2026-01-05 07:16:19,001 - __main__ - INFO - 
================================================================================
2026-01-05 07:16:19,001 - __main__ - INFO - CROSS-VALIDATION (ONE-VS-ONE) - 26796 pairwise classifiers per fold
2026-01-05 07:16:19,001 - __main__ - INFO - ================================================================================

2026-01-05 07:16:19,016 - __main__ - INFO - Fold 1/5
2026-01-05 07:16:19,024 - __main__ - INFO -   Preprocessing fold data (StandardScaler only)...
2026-01-05 07:27:00,358 - __main__ - INFO -   Accuracy: 0.8687, Time: 641.34s

2026-01-05 07:27:00,359 - __main__ - INFO - Fold 2/5
2026-01-05 07:27:00,367 - __main__ - INFO -   Preprocessing fold data (StandardScaler only)...
2026-01-05 07:37:41,939 - __main__ - INFO -   Accuracy: 0.8743, Time: 641.58s

2026-01-05 07:37:41,941 - __main__ - INFO - Fold 3/5
2026-01-05 07:37:41,949 - __main__ - INFO -   Preprocessing fold data (StandardScaler only)...
2026-01-05 07:48:22,377 - __main__ - INFO -   Accuracy: 0.8699, Time: 640.44s

2026-01-05 07:48:22,379 - __main__ - INFO - Fold 4/5
2026-01-05 07:48:22,387 - __main__ - INFO -   Preprocessing fold data (StandardScaler only)...
2026-01-05 07:59:01,676 - __main__ - INFO -   Accuracy: 0.8678, Time: 639.30s

2026-01-05 07:59:01,677 - __main__ - INFO - Fold 5/5
2026-01-05 07:59:01,685 - __main__ - INFO -   Preprocessing fold data (StandardScaler only)...
2026-01-05 08:09:41,168 - __main__ - INFO -   Accuracy: 0.8630, Time: 639.49s

2026-01-05 08:09:41,170 - __main__ - INFO - CV completed in 3202.17s

2026-01-05 08:09:41,950 - __main__ - INFO - OVERALL: Accuracy=0.8688, Balanced=0.8688
2026-01-05 08:09:45,769 - __main__ - INFO - 
================================================================================
2026-01-05 08:09:45,769 - __main__ - INFO - TESTING ON TASK DATA (GENDER STROOP) - ONE-VS-ONE
2026-01-05 08:09:45,769 - __main__ - INFO - ================================================================================
2026-01-05 08:09:47,433 - __main__ - INFO -   Rest: 224 subjects, 232 regions, 26796 pairwise classifiers
2026-01-05 08:09:50,257 - __main__ - INFO - 
Applying diagonal imputation (strategy: region_mean)...
2026-01-05 08:09:50,263 - __main__ - INFO -   Original diagonal range: [1.0000, 1.0000]
2026-01-05 08:09:50,523 - __main__ - INFO -   Replaced diagonal with row means
2026-01-05 08:09:50,523 - __main__ - INFO -   New diagonal range: [-0.1471, 0.2325]
2026-01-05 08:09:50,523 - __main__ - INFO - 
Applying Fisher Z-transformation...
2026-01-05 08:09:50,746 - __main__ - INFO -   Value range after Fisher Z: [-1.3984, 2.0494]
2026-01-05 08:09:54,749 - __main__ - INFO - 
Applying diagonal imputation (strategy: region_mean)...
2026-01-05 08:09:54,754 - __main__ - INFO -   Original diagonal range: [1.0000, 1.0000]
2026-01-05 08:09:54,983 - __main__ - INFO -   Replaced diagonal with row means
2026-01-05 08:09:54,984 - __main__ - INFO -   New diagonal range: [-0.1952, 0.3499]
2026-01-05 08:09:54,984 - __main__ - INFO - 
Applying Fisher Z-transformation...
2026-01-05 08:09:55,179 - __main__ - INFO -   Value range after Fisher Z: [-1.3363, 1.9912]
2026-01-05 08:19:20,890 - __main__ - INFO -   OvO model trained in 565.64s (26796 classifiers)
2026-01-05 08:33:40,989 - __main__ - INFO - 
Rest accuracy: 1.0000, Task accuracy: 0.8305, Drop: 0.1695
2026-01-05 08:33:41,099 - __main__ - INFO - 
================================================================================
2026-01-05 08:33:41,099 - __main__ - INFO - TRAINING COMPLETED (ONE-VS-ONE)
2026-01-05 08:33:41,099 - __main__ - INFO - ================================================================================
2026-01-05 08:33:41,099 - __main__ - INFO - CV Accuracy: 0.8688
2026-01-05 08:33:41,099 - __main__ - INFO - Pairwise Classifiers: 26796
2026-01-05 08:33:41,099 - __main__ - INFO - Task Accuracy: 0.8305
2026-01-05 08:33:41,099 - __main__ - INFO - Results saved to: /home/sjoon/projects/brain_connectivity_classifier/data/results/full_connectivity_analysis/ovo
