2025-12-11 15:01:25,277 - __main__ - INFO - ================================================================================
2025-12-11 15:01:25,277 - __main__ - INFO - HEMISPHERE-SPECIFIC MULTINOMIAL LOGISTIC REGRESSION
2025-12-11 15:01:25,277 - __main__ - INFO - ================================================================================
2025-12-11 15:01:25,277 - __main__ - INFO - 
Configuration:
2025-12-11 15:01:25,277 - __main__ - INFO -   Hemisphere: right
2025-12-11 15:01:25,277 - __main__ - INFO -   Data directory: /home/sjoon/projects/brain_connectivity_classifier/data/processed/hemispheres
2025-12-11 15:01:25,278 - __main__ - INFO -   Output directory: /home/sjoon/projects/brain_connectivity_classifier/data/results/hemisphere_analysis
2025-12-11 15:01:25,278 - __main__ - INFO -   Number of folds: 3
2025-12-11 15:01:25,278 - __main__ - INFO -   Random state: 42
2025-12-11 15:01:25,279 - __main__ - INFO -   Regularization C: None
2025-12-11 15:01:25,279 - __main__ - INFO -   Diagonal strategy: region_mean
2025-12-11 15:01:25,279 - __main__ - INFO -   Max iterations: 1000
2025-12-11 15:01:25,279 - __main__ - INFO -   Save models: False
2025-12-11 15:01:25,280 - __main__ - INFO -   Sample size: All subjects (full dataset)
2025-12-11 15:01:25,280 - __main__ - INFO - 
================================================================================
2025-12-11 15:01:25,280 - __main__ - INFO - TRAINING RIGHT HEMISPHERE
2025-12-11 15:01:25,280 - __main__ - INFO - ================================================================================

2025-12-11 15:01:25,280 - __main__ - INFO - Loading hemisphere-specific data...
2025-12-11 15:01:25,281 - src.hemisphere.hemisphere_utils - WARNING - Multiple files found for right/rest, using first: /home/sjoon/projects/brain_connectivity_classifier/data/processed/hemispheres/RH_Piop1_Gstroop.csv
2025-12-11 15:01:25,281 - src.hemisphere.hemisphere_utils - INFO - Loading right hemisphere data from: /home/sjoon/projects/brain_connectivity_classifier/data/processed/hemispheres/RH_Piop1_Gstroop.csv
2025-12-11 15:01:25,632 - src.hemisphere.hemisphere_utils - INFO -   Subjects: 200
2025-12-11 15:01:25,632 - src.hemisphere.hemisphere_utils - INFO -   Connections: 6670
2025-12-11 15:01:25,638 - src.hemisphere.hemisphere_utils - INFO - Extracting region info from: /home/sjoon/projects/brain_connectivity_classifier/data/processed/hemispheres/RH_Piop1_Gstroop.csv
2025-12-11 15:01:25,996 - src.hemisphere.hemisphere_utils - INFO - Extracted 116 regions for right hemisphere
2025-12-11 15:01:25,996 - src.hemisphere.hemisphere_utils - INFO -   Regions: 116
2025-12-11 15:01:25,996 - src.hemisphere.hemisphere_utils - INFO - Converting to full connectivity matrices...
2025-12-11 15:01:26,262 - src.hemisphere.hemisphere_utils - INFO -   Matrix shape: (200, 116, 116)
2025-12-11 15:01:26,894 - src.hemisphere.hemisphere_utils - INFO - Connectivity validation completed
2025-12-11 15:01:26,894 - src.hemisphere.hemisphere_utils - INFO - Successfully loaded right hemisphere data
2025-12-11 15:01:26,894 - __main__ - INFO - Data loaded:
2025-12-11 15:01:26,894 - __main__ - INFO -   Subjects: 200
2025-12-11 15:01:26,894 - __main__ - INFO -   Regions: 116
2025-12-11 15:01:26,895 - __main__ - INFO -   Connectivity shape: (200, 116, 116)
2025-12-11 15:01:26,895 - __main__ - INFO - 
Preparing classification data...
2025-12-11 15:01:26,895 - src.hemisphere.hemisphere_utils - INFO -   Removing diagonal values (self-connections) before classification
2025-12-11 15:01:26,895 - src.hemisphere.hemisphere_utils - INFO -   Original diagonal values (first subject, first 5 regions): [np.float64(1.0), np.float64(1.0), np.float64(1.0), np.float64(1.0), np.float64(1.0)]
2025-12-11 15:01:27,208 - src.hemisphere.hemisphere_utils - INFO -   After removal (should be all zeros): [np.float64(0.0), np.float64(0.0), np.float64(0.0), np.float64(0.0), np.float64(0.0)]
2025-12-11 15:01:27,238 - src.hemisphere.hemisphere_utils - INFO -   ✅ Diagonal removal verified - no features constant at 1.0
2025-12-11 15:01:27,239 - src.hemisphere.hemisphere_utils - INFO - Prepared classification data:
2025-12-11 15:01:27,239 - src.hemisphere.hemisphere_utils - INFO -   Features (X): (23200, 116)
2025-12-11 15:01:27,239 - src.hemisphere.hemisphere_utils - INFO -   Labels (y): (23200,)
2025-12-11 15:01:27,239 - src.hemisphere.hemisphere_utils - INFO -   Groups: (23200,)
2025-12-11 15:01:27,240 - src.hemisphere.hemisphere_utils - INFO -   Unique labels: 116
2025-12-11 15:01:27,245 - src.hemisphere.hemisphere_utils - INFO -   Unique subjects: 200
2025-12-11 15:01:27,246 - src.hemisphere.hemisphere_utils - INFO -   Feature range: [-0.863, 0.943]
2025-12-11 15:01:27,580 - src.hemisphere.hemisphere_utils - INFO -   Feature mean: 0.030, std: 0.258
2025-12-11 15:01:27,580 - __main__ - INFO - Classification data prepared:
2025-12-11 15:01:27,580 - __main__ - INFO -   Samples (X): (23200, 116)
2025-12-11 15:01:27,580 - __main__ - INFO -   Labels (y): (23200,)
2025-12-11 15:01:27,580 - __main__ - INFO -   Groups: (23200,)
2025-12-11 15:01:27,580 - __main__ - INFO -   Classes: 116
2025-12-11 15:01:27,586 - __main__ - INFO -   Unique subjects in groups: 200
2025-12-11 15:01:27,591 - __main__ - INFO - 
Setting up 3-fold GroupKFold cross-validation...
2025-12-11 15:01:27,591 - __main__ - INFO - 
Starting cross-validation...

2025-12-11 15:01:27,598 - __main__ - INFO - Fold 1/3
2025-12-11 15:01:27,598 - __main__ - INFO -   Train samples: 15428, Test samples: 7772
2025-12-11 15:01:27,601 - __main__ - INFO -   Train subjects: 133, Test subjects: 67
2025-12-11 15:01:27,601 - __main__ - INFO -   Train labels distribution (first 10): [133, 133, 133, 133, 133, 133, 133, 133, 133, 133]
2025-12-11 15:01:27,601 - __main__ - INFO -   Test labels distribution (first 10): [67, 67, 67, 67, 67, 67, 67, 67, 67, 67]
2025-12-11 15:01:27,601 - __main__ - INFO -   Preprocessing fold data...
2025-12-11 15:01:27,602 - __main__ - INFO -   Input shapes - Train: (15428, 116), Test: (7772, 116)
2025-12-11 15:01:28,159 - __main__ - INFO -   Processed shapes - Train: (15428, 116), Test: (7772, 116)
2025-12-11 15:01:28,159 - __main__ - INFO -   Training multinomial logistic regression...
2025-12-11 15:01:46,846 - __main__ - INFO -   Predicting on test set...
2025-12-11 15:01:47,175 - __main__ - INFO -   Fold accuracy: 0.8609
2025-12-11 15:01:47,175 - __main__ - INFO -   Fold balanced accuracy: 0.8609
2025-12-11 15:01:47,175 - __main__ - INFO -   Fold time: 19.58s

2025-12-11 15:01:47,176 - __main__ - INFO - Fold 2/3
2025-12-11 15:01:47,176 - __main__ - INFO -   Train samples: 15428, Test samples: 7772
2025-12-11 15:01:47,223 - __main__ - INFO -   Train subjects: 133, Test subjects: 67
2025-12-11 15:01:47,223 - __main__ - INFO -   Train labels distribution (first 10): [133, 133, 133, 133, 133, 133, 133, 133, 133, 133]
2025-12-11 15:01:47,224 - __main__ - INFO -   Test labels distribution (first 10): [67, 67, 67, 67, 67, 67, 67, 67, 67, 67]
2025-12-11 15:01:47,224 - __main__ - INFO -   Preprocessing fold data...
2025-12-11 15:01:47,225 - __main__ - INFO -   Input shapes - Train: (15428, 116), Test: (7772, 116)
2025-12-11 15:01:47,643 - __main__ - INFO -   Processed shapes - Train: (15428, 116), Test: (7772, 116)
2025-12-11 15:01:47,643 - __main__ - INFO -   Training multinomial logistic regression...
2025-12-11 15:01:51,026 - __main__ - INFO -   Predicting on test set...
2025-12-11 15:01:51,179 - __main__ - INFO -   Fold accuracy: 0.8671
2025-12-11 15:01:51,179 - __main__ - INFO -   Fold balanced accuracy: 0.8671
2025-12-11 15:01:51,179 - __main__ - INFO -   Fold time: 4.00s

2025-12-11 15:01:51,181 - __main__ - INFO - Fold 3/3
2025-12-11 15:01:51,181 - __main__ - INFO -   Train samples: 15544, Test samples: 7656
2025-12-11 15:01:51,185 - __main__ - INFO -   Train subjects: 134, Test subjects: 66
2025-12-11 15:01:51,186 - __main__ - INFO -   Train labels distribution (first 10): [134, 134, 134, 134, 134, 134, 134, 134, 134, 134]
2025-12-11 15:01:51,186 - __main__ - INFO -   Test labels distribution (first 10): [66, 66, 66, 66, 66, 66, 66, 66, 66, 66]
2025-12-11 15:01:51,186 - __main__ - INFO -   Preprocessing fold data...
2025-12-11 15:01:51,186 - __main__ - INFO -   Input shapes - Train: (15544, 116), Test: (7656, 116)
2025-12-11 15:01:51,283 - __main__ - INFO -   Processed shapes - Train: (15544, 116), Test: (7656, 116)
2025-12-11 15:01:51,284 - __main__ - INFO -   Training multinomial logistic regression...
2025-12-11 15:01:54,519 - __main__ - INFO -   Predicting on test set...
2025-12-11 15:01:54,879 - __main__ - INFO -   Fold accuracy: 0.8640
2025-12-11 15:01:54,880 - __main__ - INFO -   Fold balanced accuracy: 0.8640
2025-12-11 15:01:54,880 - __main__ - INFO -   Fold time: 3.70s

2025-12-11 15:01:54,882 - __main__ - INFO - Cross-validation completed in 27.29s

2025-12-11 15:01:54,890 - __main__ - INFO - Computing overall metrics...
2025-12-11 15:01:54,890 - src.evaluation.hemisphere_metrics - INFO - Computing classification metrics...
2025-12-11 15:01:55,083 - src.evaluation.hemisphere_metrics - INFO -   Accuracy: 0.8640
2025-12-11 15:01:55,084 - src.evaluation.hemisphere_metrics - INFO -   Balanced Accuracy: 0.8640
2025-12-11 15:01:55,084 - src.evaluation.hemisphere_metrics - INFO -   F1 Score: 0.8675
2025-12-11 15:01:55,084 - __main__ - INFO - 
OVERALL RESULTS (RIGHT HEMISPHERE):
2025-12-11 15:01:55,084 - __main__ - INFO -   Mean CV Accuracy: 0.8640
2025-12-11 15:01:55,085 - __main__ - INFO -   Mean CV Balanced Accuracy: 0.8640
2025-12-11 15:01:55,085 - __main__ - INFO -   Top-5 Accuracy: 0.9670258620689656
2025-12-11 15:01:55,085 - __main__ - INFO - 
Computing per-region metrics...
2025-12-11 15:01:55,085 - src.evaluation.hemisphere_metrics - INFO - Computing per-region metrics...
2025-12-11 15:01:55,085 - src.evaluation.hemisphere_metrics - INFO -   Computing metrics for 116 regions
2025-12-11 15:01:55,093 - src.evaluation.hemisphere_metrics - INFO -   Mean per-region accuracy: 0.8640
2025-12-11 15:01:55,093 - src.evaluation.hemisphere_metrics - INFO -   Std per-region accuracy: 0.1250
2025-12-11 15:01:55,094 - src.evaluation.hemisphere_metrics - INFO -   Min per-region accuracy: 0.2250
2025-12-11 15:01:55,094 - src.evaluation.hemisphere_metrics - INFO -   Max per-region accuracy: 0.9900
2025-12-11 15:01:55,094 - __main__ - INFO - Computing network-level metrics...
2025-12-11 15:01:55,094 - src.evaluation.hemisphere_metrics - INFO - Computing network-level metrics...
2025-12-11 15:01:55,103 - src.evaluation.hemisphere_metrics - INFO -   Computing metrics for 18 networks
2025-12-11 15:01:55,137 - src.evaluation.hemisphere_metrics - INFO -   Mean network accuracy: 0.8798
2025-12-11 15:01:55,137 - src.evaluation.hemisphere_metrics - INFO -   Best network: VisPeri (accuracy=0.9517)
2025-12-11 15:01:55,137 - src.evaluation.hemisphere_metrics - INFO -   Worst network: Subcortical (accuracy=0.6622)
2025-12-11 15:01:55,138 - __main__ - INFO - Creating confusion matrix...
2025-12-11 15:01:55,138 - src.evaluation.hemisphere_metrics - INFO - Creating confusion matrix...
2025-12-11 15:01:55,139 - src.evaluation.hemisphere_metrics - INFO -   Confusion matrix shape: (116, 116)
2025-12-11 15:01:55,139 - src.evaluation.hemisphere_metrics - INFO -   Total predictions: 23200
2025-12-11 15:01:55,139 - src.evaluation.hemisphere_metrics - INFO -   Correct predictions (diagonal): 20045
2025-12-11 15:01:55,139 - __main__ - INFO - 
Saving results...
2025-12-11 15:01:55,189 - __main__ - INFO - 
Generating visualizations...
2025-12-11 15:01:55,189 - src.visualization.hemisphere_viz - INFO - Plotting confusion matrix: (116, 116)
2025-12-11 15:01:55,220 - src.visualization.hemisphere_viz - INFO -   Added 17 network boundaries
2025-12-11 15:02:02,342 - src.visualization.hemisphere_viz - INFO -   Saved: /home/sjoon/projects/brain_connectivity_classifier/data/results/hemisphere_analysis/right_hemisphere/multinomial/confusion_matrix.png
2025-12-11 15:02:02,343 - src.visualization.hemisphere_viz - INFO - Plotting per-region accuracy for 116 regions
2025-12-11 15:02:03,405 - src.visualization.hemisphere_viz - INFO -   Saved: /home/sjoon/projects/brain_connectivity_classifier/data/results/hemisphere_analysis/right_hemisphere/multinomial/per_region_accuracy.png
2025-12-11 15:02:03,406 - src.visualization.hemisphere_viz - INFO - Plotting network accuracy for 18 networks
2025-12-11 15:02:03,894 - src.visualization.hemisphere_viz - INFO -   Saved: /home/sjoon/projects/brain_connectivity_classifier/data/results/hemisphere_analysis/right_hemisphere/multinomial/network_accuracy.png
2025-12-11 15:02:03,894 - __main__ - INFO - All results saved to: /home/sjoon/projects/brain_connectivity_classifier/data/results/hemisphere_analysis/right_hemisphere/multinomial
2025-12-11 15:02:03,895 - __main__ - INFO - 
================================================================================
2025-12-11 15:02:03,895 - __main__ - INFO - TRAINING COMPLETED SUCCESSFULLY
2025-12-11 15:02:03,895 - __main__ - INFO - ================================================================================
