2025-12-11 15:07:20,604 - __main__ - INFO - ================================================================================
2025-12-11 15:07:20,604 - __main__ - INFO - HEMISPHERE-SPECIFIC MULTINOMIAL LOGISTIC REGRESSION
2025-12-11 15:07:20,604 - __main__ - INFO - ================================================================================
2025-12-11 15:07:20,605 - __main__ - INFO - 
Configuration:
2025-12-11 15:07:20,605 - __main__ - INFO -   Hemisphere: both
2025-12-11 15:07:20,605 - __main__ - INFO -   Data directory: /home/sjoon/projects/brain_connectivity_classifier/data/processed/hemispheres
2025-12-11 15:07:20,605 - __main__ - INFO -   Output directory: /home/sjoon/projects/brain_connectivity_classifier/data/results/hemisphere_analysis
2025-12-11 15:07:20,605 - __main__ - INFO -   Number of folds: 3
2025-12-11 15:07:20,606 - __main__ - INFO -   Random state: 42
2025-12-11 15:07:20,606 - __main__ - INFO -   Regularization C: None
2025-12-11 15:07:20,606 - __main__ - INFO -   Diagonal strategy: region_mean
2025-12-11 15:07:20,606 - __main__ - INFO -   Max iterations: 1000
2025-12-11 15:07:20,607 - __main__ - INFO -   Save models: False
2025-12-11 15:07:20,607 - __main__ - INFO -   Sample size: All subjects (full dataset)
2025-12-11 15:07:20,607 - __main__ - INFO - 
================================================================================
2025-12-11 15:07:20,608 - __main__ - INFO - TRAINING LEFT HEMISPHERE
2025-12-11 15:07:20,608 - __main__ - INFO - ================================================================================

2025-12-11 15:07:20,608 - __main__ - INFO - Loading hemisphere-specific data...
2025-12-11 15:07:20,609 - src.hemisphere.hemisphere_utils - INFO - Loading left hemisphere data from: /home/sjoon/projects/brain_connectivity_classifier/data/processed/hemispheres/LH_PIOP2_Restingstate.csv
2025-12-11 15:07:21,026 - src.hemisphere.hemisphere_utils - INFO -   Subjects: 224
2025-12-11 15:07:21,026 - src.hemisphere.hemisphere_utils - INFO -   Connections: 6670
2025-12-11 15:07:21,032 - src.hemisphere.hemisphere_utils - INFO - Extracting region info from: /home/sjoon/projects/brain_connectivity_classifier/data/processed/hemispheres/LH_PIOP2_Restingstate.csv
2025-12-11 15:07:21,437 - src.hemisphere.hemisphere_utils - INFO - Extracted 116 regions for left hemisphere
2025-12-11 15:07:21,437 - src.hemisphere.hemisphere_utils - INFO -   Regions: 116
2025-12-11 15:07:21,437 - src.hemisphere.hemisphere_utils - INFO - Converting to full connectivity matrices...
2025-12-11 15:07:21,546 - src.hemisphere.hemisphere_utils - INFO -   Matrix shape: (224, 116, 116)
2025-12-11 15:07:22,361 - src.hemisphere.hemisphere_utils - INFO - Connectivity validation completed
2025-12-11 15:07:22,361 - src.hemisphere.hemisphere_utils - INFO - Successfully loaded left hemisphere data
2025-12-11 15:07:22,362 - __main__ - INFO - Data loaded:
2025-12-11 15:07:22,362 - __main__ - INFO -   Subjects: 224
2025-12-11 15:07:22,362 - __main__ - INFO -   Regions: 116
2025-12-11 15:07:22,363 - __main__ - INFO -   Connectivity shape: (224, 116, 116)
2025-12-11 15:07:22,363 - __main__ - INFO - 
Preparing classification data...
2025-12-11 15:07:22,363 - src.hemisphere.hemisphere_utils - INFO -   Removing diagonal values (self-connections) before classification
2025-12-11 15:07:22,363 - src.hemisphere.hemisphere_utils - INFO -   Original diagonal values (first subject, first 5 regions): [np.float64(1.0), np.float64(1.0), np.float64(1.0), np.float64(1.0), np.float64(1.0)]
2025-12-11 15:07:22,368 - src.hemisphere.hemisphere_utils - INFO -   After removal (should be all zeros): [np.float64(0.0), np.float64(0.0), np.float64(0.0), np.float64(0.0), np.float64(0.0)]
2025-12-11 15:07:22,402 - src.hemisphere.hemisphere_utils - INFO -   ✅ Diagonal removal verified - no features constant at 1.0
2025-12-11 15:07:22,402 - src.hemisphere.hemisphere_utils - INFO - Prepared classification data:
2025-12-11 15:07:22,403 - src.hemisphere.hemisphere_utils - INFO -   Features (X): (25984, 116)
2025-12-11 15:07:22,403 - src.hemisphere.hemisphere_utils - INFO -   Labels (y): (25984,)
2025-12-11 15:07:22,403 - src.hemisphere.hemisphere_utils - INFO -   Groups: (25984,)
2025-12-11 15:07:22,403 - src.hemisphere.hemisphere_utils - INFO -   Unique labels: 116
2025-12-11 15:07:22,409 - src.hemisphere.hemisphere_utils - INFO -   Unique subjects: 224
2025-12-11 15:07:22,411 - src.hemisphere.hemisphere_utils - INFO -   Feature range: [-0.848, 0.948]
2025-12-11 15:07:22,455 - src.hemisphere.hemisphere_utils - INFO -   Feature mean: 0.028, std: 0.266
2025-12-11 15:07:22,455 - __main__ - INFO - Classification data prepared:
2025-12-11 15:07:22,456 - __main__ - INFO -   Samples (X): (25984, 116)
2025-12-11 15:07:22,456 - __main__ - INFO -   Labels (y): (25984,)
2025-12-11 15:07:22,456 - __main__ - INFO -   Groups: (25984,)
2025-12-11 15:07:22,456 - __main__ - INFO -   Classes: 116
2025-12-11 15:07:22,462 - __main__ - INFO -   Unique subjects in groups: 224
2025-12-11 15:07:22,468 - __main__ - INFO - 
Setting up 3-fold GroupKFold cross-validation...
2025-12-11 15:07:22,468 - __main__ - INFO - 
Starting cross-validation...

2025-12-11 15:07:22,477 - __main__ - INFO - Fold 1/3
2025-12-11 15:07:22,477 - __main__ - INFO -   Train samples: 17284, Test samples: 8700
2025-12-11 15:07:22,484 - __main__ - INFO -   Train subjects: 149, Test subjects: 75
2025-12-11 15:07:22,484 - __main__ - INFO -   Train labels distribution (first 10): [149, 149, 149, 149, 149, 149, 149, 149, 149, 149]
2025-12-11 15:07:22,484 - __main__ - INFO -   Test labels distribution (first 10): [75, 75, 75, 75, 75, 75, 75, 75, 75, 75]
2025-12-11 15:07:22,485 - __main__ - INFO -   Preprocessing fold data...
2025-12-11 15:07:22,485 - __main__ - INFO -   Input shapes - Train: (17284, 116), Test: (8700, 116)
2025-12-11 15:07:22,962 - __main__ - INFO -   Processed shapes - Train: (17284, 116), Test: (8700, 116)
2025-12-11 15:07:22,962 - __main__ - INFO -   Training multinomial logistic regression...
2025-12-11 15:07:51,244 - __main__ - INFO -   Predicting on test set...
2025-12-11 15:07:51,575 - __main__ - INFO -   Fold accuracy: 0.9159
2025-12-11 15:07:51,575 - __main__ - INFO -   Fold balanced accuracy: 0.9159
2025-12-11 15:07:51,576 - __main__ - INFO -   Fold time: 29.10s

2025-12-11 15:07:51,577 - __main__ - INFO - Fold 2/3
2025-12-11 15:07:51,577 - __main__ - INFO -   Train samples: 17284, Test samples: 8700
2025-12-11 15:07:51,614 - __main__ - INFO -   Train subjects: 149, Test subjects: 75
2025-12-11 15:07:51,614 - __main__ - INFO -   Train labels distribution (first 10): [149, 149, 149, 149, 149, 149, 149, 149, 149, 149]
2025-12-11 15:07:51,614 - __main__ - INFO -   Test labels distribution (first 10): [75, 75, 75, 75, 75, 75, 75, 75, 75, 75]
2025-12-11 15:07:51,614 - __main__ - INFO -   Preprocessing fold data...
2025-12-11 15:07:51,615 - __main__ - INFO -   Input shapes - Train: (17284, 116), Test: (8700, 116)
2025-12-11 15:07:51,829 - __main__ - INFO -   Processed shapes - Train: (17284, 116), Test: (8700, 116)
2025-12-11 15:07:51,829 - __main__ - INFO -   Training multinomial logistic regression...
2025-12-11 15:08:02,541 - __main__ - INFO -   Predicting on test set...
2025-12-11 15:08:02,973 - __main__ - INFO -   Fold accuracy: 0.8968
2025-12-11 15:08:02,973 - __main__ - INFO -   Fold balanced accuracy: 0.8968
2025-12-11 15:08:02,973 - __main__ - INFO -   Fold time: 11.40s

2025-12-11 15:08:02,975 - __main__ - INFO - Fold 3/3
2025-12-11 15:08:02,975 - __main__ - INFO -   Train samples: 17400, Test samples: 8584
2025-12-11 15:08:02,980 - __main__ - INFO -   Train subjects: 150, Test subjects: 74
2025-12-11 15:08:02,980 - __main__ - INFO -   Train labels distribution (first 10): [150, 150, 150, 150, 150, 150, 150, 150, 150, 150]
2025-12-11 15:08:02,981 - __main__ - INFO -   Test labels distribution (first 10): [74, 74, 74, 74, 74, 74, 74, 74, 74, 74]
2025-12-11 15:08:02,981 - __main__ - INFO -   Preprocessing fold data...
2025-12-11 15:08:02,981 - __main__ - INFO -   Input shapes - Train: (17400, 116), Test: (8584, 116)
2025-12-11 15:08:03,286 - __main__ - INFO -   Processed shapes - Train: (17400, 116), Test: (8584, 116)
2025-12-11 15:08:03,290 - __main__ - INFO -   Training multinomial logistic regression...
2025-12-11 15:08:11,957 - __main__ - INFO -   Predicting on test set...
2025-12-11 15:08:12,082 - __main__ - INFO -   Fold accuracy: 0.9004
2025-12-11 15:08:12,083 - __main__ - INFO -   Fold balanced accuracy: 0.9004
2025-12-11 15:08:12,083 - __main__ - INFO -   Fold time: 9.11s

2025-12-11 15:08:12,084 - __main__ - INFO - Cross-validation completed in 49.62s

2025-12-11 15:08:12,173 - __main__ - INFO - Computing overall metrics...
2025-12-11 15:08:12,174 - src.evaluation.hemisphere_metrics - INFO - Computing classification metrics...
2025-12-11 15:08:12,420 - src.evaluation.hemisphere_metrics - INFO -   Accuracy: 0.9044
2025-12-11 15:08:12,420 - src.evaluation.hemisphere_metrics - INFO -   Balanced Accuracy: 0.9044
2025-12-11 15:08:12,421 - src.evaluation.hemisphere_metrics - INFO -   F1 Score: 0.9060
2025-12-11 15:08:12,421 - __main__ - INFO - 
OVERALL RESULTS (LEFT HEMISPHERE):
2025-12-11 15:08:12,421 - __main__ - INFO -   Mean CV Accuracy: 0.9044
2025-12-11 15:08:12,422 - __main__ - INFO -   Mean CV Balanced Accuracy: 0.9044
2025-12-11 15:08:12,422 - __main__ - INFO -   Top-5 Accuracy: 0.9808343596059114
2025-12-11 15:08:12,422 - __main__ - INFO - 
Computing per-region metrics...
2025-12-11 15:08:12,422 - src.evaluation.hemisphere_metrics - INFO - Computing per-region metrics...
2025-12-11 15:08:12,422 - src.evaluation.hemisphere_metrics - INFO -   Computing metrics for 116 regions
2025-12-11 15:08:12,430 - src.evaluation.hemisphere_metrics - INFO -   Mean per-region accuracy: 0.9044
2025-12-11 15:08:12,430 - src.evaluation.hemisphere_metrics - INFO -   Std per-region accuracy: 0.0848
2025-12-11 15:08:12,431 - src.evaluation.hemisphere_metrics - INFO -   Min per-region accuracy: 0.5268
2025-12-11 15:08:12,431 - src.evaluation.hemisphere_metrics - INFO -   Max per-region accuracy: 0.9955
2025-12-11 15:08:12,431 - __main__ - INFO - Computing network-level metrics...
2025-12-11 15:08:12,431 - src.evaluation.hemisphere_metrics - INFO - Computing network-level metrics...
2025-12-11 15:08:12,442 - src.evaluation.hemisphere_metrics - INFO -   Computing metrics for 18 networks
2025-12-11 15:08:12,482 - src.evaluation.hemisphere_metrics - INFO -   Mean network accuracy: 0.9087
2025-12-11 15:08:12,482 - src.evaluation.hemisphere_metrics - INFO -   Best network: DefaultA (accuracy=0.9570)
2025-12-11 15:08:12,482 - src.evaluation.hemisphere_metrics - INFO -   Worst network: LimbicA (accuracy=0.7455)
2025-12-11 15:08:12,483 - __main__ - INFO - Creating confusion matrix...
2025-12-11 15:08:12,483 - src.evaluation.hemisphere_metrics - INFO - Creating confusion matrix...
2025-12-11 15:08:12,484 - src.evaluation.hemisphere_metrics - INFO -   Confusion matrix shape: (116, 116)
2025-12-11 15:08:12,484 - src.evaluation.hemisphere_metrics - INFO -   Total predictions: 25984
2025-12-11 15:08:12,484 - src.evaluation.hemisphere_metrics - INFO -   Correct predictions (diagonal): 23499
2025-12-11 15:08:12,485 - __main__ - INFO - 
Saving results...
2025-12-11 15:08:12,533 - __main__ - INFO - 
Generating visualizations...
2025-12-11 15:08:12,534 - src.visualization.hemisphere_viz - INFO - Plotting confusion matrix: (116, 116)
2025-12-11 15:08:12,570 - src.visualization.hemisphere_viz - INFO -   Added 17 network boundaries
2025-12-11 15:08:18,552 - src.visualization.hemisphere_viz - INFO -   Saved: /home/sjoon/projects/brain_connectivity_classifier/data/results/hemisphere_analysis/left_hemisphere/multinomial/confusion_matrix.png
2025-12-11 15:08:18,552 - src.visualization.hemisphere_viz - INFO - Plotting per-region accuracy for 116 regions
2025-12-11 15:08:19,648 - src.visualization.hemisphere_viz - INFO -   Saved: /home/sjoon/projects/brain_connectivity_classifier/data/results/hemisphere_analysis/left_hemisphere/multinomial/per_region_accuracy.png
2025-12-11 15:08:19,648 - src.visualization.hemisphere_viz - INFO - Plotting network accuracy for 18 networks
2025-12-11 15:08:20,138 - src.visualization.hemisphere_viz - INFO -   Saved: /home/sjoon/projects/brain_connectivity_classifier/data/results/hemisphere_analysis/left_hemisphere/multinomial/network_accuracy.png
2025-12-11 15:08:20,138 - __main__ - INFO - All results saved to: /home/sjoon/projects/brain_connectivity_classifier/data/results/hemisphere_analysis/left_hemisphere/multinomial
2025-12-11 15:08:20,141 - __main__ - INFO - 
================================================================================
2025-12-11 15:08:20,141 - __main__ - INFO - TRAINING RIGHT HEMISPHERE
2025-12-11 15:08:20,141 - __main__ - INFO - ================================================================================

2025-12-11 15:08:20,142 - __main__ - INFO - Loading hemisphere-specific data...
2025-12-11 15:08:20,143 - src.hemisphere.hemisphere_utils - WARNING - Multiple files found for right/rest, using first: /home/sjoon/projects/brain_connectivity_classifier/data/processed/hemispheres/RH_Piop1_Gstroop.csv
2025-12-11 15:08:20,143 - src.hemisphere.hemisphere_utils - INFO - Loading right hemisphere data from: /home/sjoon/projects/brain_connectivity_classifier/data/processed/hemispheres/RH_Piop1_Gstroop.csv
2025-12-11 15:08:20,447 - src.hemisphere.hemisphere_utils - INFO -   Subjects: 200
2025-12-11 15:08:20,447 - src.hemisphere.hemisphere_utils - INFO -   Connections: 6670
2025-12-11 15:08:20,450 - src.hemisphere.hemisphere_utils - INFO - Extracting region info from: /home/sjoon/projects/brain_connectivity_classifier/data/processed/hemispheres/RH_Piop1_Gstroop.csv
2025-12-11 15:08:20,863 - src.hemisphere.hemisphere_utils - INFO - Extracted 116 regions for right hemisphere
2025-12-11 15:08:20,863 - src.hemisphere.hemisphere_utils - INFO -   Regions: 116
2025-12-11 15:08:20,864 - src.hemisphere.hemisphere_utils - INFO - Converting to full connectivity matrices...
2025-12-11 15:08:20,884 - src.hemisphere.hemisphere_utils - INFO -   Matrix shape: (200, 116, 116)
2025-12-11 15:08:20,906 - src.hemisphere.hemisphere_utils - INFO - Connectivity validation completed
2025-12-11 15:08:20,907 - src.hemisphere.hemisphere_utils - INFO - Successfully loaded right hemisphere data
2025-12-11 15:08:20,907 - __main__ - INFO - Data loaded:
2025-12-11 15:08:20,907 - __main__ - INFO -   Subjects: 200
2025-12-11 15:08:20,907 - __main__ - INFO -   Regions: 116
2025-12-11 15:08:20,907 - __main__ - INFO -   Connectivity shape: (200, 116, 116)
2025-12-11 15:08:20,907 - __main__ - INFO - 
Preparing classification data...
2025-12-11 15:08:20,907 - src.hemisphere.hemisphere_utils - INFO -   Removing diagonal values (self-connections) before classification
2025-12-11 15:08:20,908 - src.hemisphere.hemisphere_utils - INFO -   Original diagonal values (first subject, first 5 regions): [np.float64(1.0), np.float64(1.0), np.float64(1.0), np.float64(1.0), np.float64(1.0)]
2025-12-11 15:08:20,910 - src.hemisphere.hemisphere_utils - INFO -   After removal (should be all zeros): [np.float64(0.0), np.float64(0.0), np.float64(0.0), np.float64(0.0), np.float64(0.0)]
2025-12-11 15:08:20,938 - src.hemisphere.hemisphere_utils - INFO -   ✅ Diagonal removal verified - no features constant at 1.0
2025-12-11 15:08:20,938 - src.hemisphere.hemisphere_utils - INFO - Prepared classification data:
2025-12-11 15:08:20,939 - src.hemisphere.hemisphere_utils - INFO -   Features (X): (23200, 116)
2025-12-11 15:08:20,939 - src.hemisphere.hemisphere_utils - INFO -   Labels (y): (23200,)
2025-12-11 15:08:20,939 - src.hemisphere.hemisphere_utils - INFO -   Groups: (23200,)
2025-12-11 15:08:20,939 - src.hemisphere.hemisphere_utils - INFO -   Unique labels: 116
2025-12-11 15:08:20,945 - src.hemisphere.hemisphere_utils - INFO -   Unique subjects: 200
2025-12-11 15:08:20,946 - src.hemisphere.hemisphere_utils - INFO -   Feature range: [-0.863, 0.943]
2025-12-11 15:08:20,952 - src.hemisphere.hemisphere_utils - INFO -   Feature mean: 0.030, std: 0.258
2025-12-11 15:08:20,952 - __main__ - INFO - Classification data prepared:
2025-12-11 15:08:20,952 - __main__ - INFO -   Samples (X): (23200, 116)
2025-12-11 15:08:20,952 - __main__ - INFO -   Labels (y): (23200,)
2025-12-11 15:08:20,952 - __main__ - INFO -   Groups: (23200,)
2025-12-11 15:08:20,953 - __main__ - INFO -   Classes: 116
2025-12-11 15:08:20,958 - __main__ - INFO -   Unique subjects in groups: 200
2025-12-11 15:08:20,963 - __main__ - INFO - 
Setting up 3-fold GroupKFold cross-validation...
2025-12-11 15:08:20,963 - __main__ - INFO - 
Starting cross-validation...

2025-12-11 15:08:20,970 - __main__ - INFO - Fold 1/3
2025-12-11 15:08:20,970 - __main__ - INFO -   Train samples: 15428, Test samples: 7772
2025-12-11 15:08:20,972 - __main__ - INFO -   Train subjects: 133, Test subjects: 67
2025-12-11 15:08:20,972 - __main__ - INFO -   Train labels distribution (first 10): [133, 133, 133, 133, 133, 133, 133, 133, 133, 133]
2025-12-11 15:08:20,973 - __main__ - INFO -   Test labels distribution (first 10): [67, 67, 67, 67, 67, 67, 67, 67, 67, 67]
2025-12-11 15:08:20,973 - __main__ - INFO -   Preprocessing fold data...
2025-12-11 15:08:20,973 - __main__ - INFO -   Input shapes - Train: (15428, 116), Test: (7772, 116)
2025-12-11 15:08:21,043 - __main__ - INFO -   Processed shapes - Train: (15428, 116), Test: (7772, 116)
2025-12-11 15:08:21,043 - __main__ - INFO -   Training multinomial logistic regression...
2025-12-11 15:08:26,556 - __main__ - INFO -   Predicting on test set...
2025-12-11 15:08:26,775 - __main__ - INFO -   Fold accuracy: 0.8609
2025-12-11 15:08:26,775 - __main__ - INFO -   Fold balanced accuracy: 0.8609
2025-12-11 15:08:26,775 - __main__ - INFO -   Fold time: 5.81s

2025-12-11 15:08:26,776 - __main__ - INFO - Fold 2/3
2025-12-11 15:08:26,776 - __main__ - INFO -   Train samples: 15428, Test samples: 7772
2025-12-11 15:08:26,785 - __main__ - INFO -   Train subjects: 133, Test subjects: 67
2025-12-11 15:08:26,785 - __main__ - INFO -   Train labels distribution (first 10): [133, 133, 133, 133, 133, 133, 133, 133, 133, 133]
2025-12-11 15:08:26,871 - __main__ - INFO -   Test labels distribution (first 10): [67, 67, 67, 67, 67, 67, 67, 67, 67, 67]
2025-12-11 15:08:26,871 - __main__ - INFO -   Preprocessing fold data...
2025-12-11 15:08:26,871 - __main__ - INFO -   Input shapes - Train: (15428, 116), Test: (7772, 116)
2025-12-11 15:08:26,959 - __main__ - INFO -   Processed shapes - Train: (15428, 116), Test: (7772, 116)
2025-12-11 15:08:26,959 - __main__ - INFO -   Training multinomial logistic regression...
2025-12-11 15:08:39,467 - __main__ - INFO -   Predicting on test set...
2025-12-11 15:08:39,682 - __main__ - INFO -   Fold accuracy: 0.8671
2025-12-11 15:08:39,682 - __main__ - INFO -   Fold balanced accuracy: 0.8671
2025-12-11 15:08:39,682 - __main__ - INFO -   Fold time: 12.91s

2025-12-11 15:08:39,683 - __main__ - INFO - Fold 3/3
2025-12-11 15:08:39,683 - __main__ - INFO -   Train samples: 15544, Test samples: 7656
2025-12-11 15:08:39,687 - __main__ - INFO -   Train subjects: 134, Test subjects: 66
2025-12-11 15:08:39,687 - __main__ - INFO -   Train labels distribution (first 10): [134, 134, 134, 134, 134, 134, 134, 134, 134, 134]
2025-12-11 15:08:39,688 - __main__ - INFO -   Test labels distribution (first 10): [66, 66, 66, 66, 66, 66, 66, 66, 66, 66]
2025-12-11 15:08:39,688 - __main__ - INFO -   Preprocessing fold data...
2025-12-11 15:08:39,688 - __main__ - INFO -   Input shapes - Train: (15544, 116), Test: (7656, 116)
2025-12-11 15:08:39,754 - __main__ - INFO -   Processed shapes - Train: (15544, 116), Test: (7656, 116)
2025-12-11 15:08:39,754 - __main__ - INFO -   Training multinomial logistic regression...
2025-12-11 15:08:48,963 - __main__ - INFO -   Predicting on test set...
2025-12-11 15:08:49,079 - __main__ - INFO -   Fold accuracy: 0.8640
2025-12-11 15:08:49,079 - __main__ - INFO -   Fold balanced accuracy: 0.8640
2025-12-11 15:08:49,079 - __main__ - INFO -   Fold time: 9.40s

2025-12-11 15:08:49,080 - __main__ - INFO - Cross-validation completed in 28.12s

2025-12-11 15:08:49,172 - __main__ - INFO - Computing overall metrics...
2025-12-11 15:08:49,172 - src.evaluation.hemisphere_metrics - INFO - Computing classification metrics...
2025-12-11 15:08:49,346 - src.evaluation.hemisphere_metrics - INFO -   Accuracy: 0.8640
2025-12-11 15:08:49,346 - src.evaluation.hemisphere_metrics - INFO -   Balanced Accuracy: 0.8640
2025-12-11 15:08:49,346 - src.evaluation.hemisphere_metrics - INFO -   F1 Score: 0.8675
2025-12-11 15:08:49,346 - __main__ - INFO - 
OVERALL RESULTS (RIGHT HEMISPHERE):
2025-12-11 15:08:49,346 - __main__ - INFO -   Mean CV Accuracy: 0.8640
2025-12-11 15:08:49,346 - __main__ - INFO -   Mean CV Balanced Accuracy: 0.8640
2025-12-11 15:08:49,346 - __main__ - INFO -   Top-5 Accuracy: 0.9670258620689656
2025-12-11 15:08:49,346 - __main__ - INFO - 
Computing per-region metrics...
2025-12-11 15:08:49,346 - src.evaluation.hemisphere_metrics - INFO - Computing per-region metrics...
2025-12-11 15:08:49,346 - src.evaluation.hemisphere_metrics - INFO -   Computing metrics for 116 regions
2025-12-11 15:08:49,351 - src.evaluation.hemisphere_metrics - INFO -   Mean per-region accuracy: 0.8640
2025-12-11 15:08:49,351 - src.evaluation.hemisphere_metrics - INFO -   Std per-region accuracy: 0.1250
2025-12-11 15:08:49,352 - src.evaluation.hemisphere_metrics - INFO -   Min per-region accuracy: 0.2250
2025-12-11 15:08:49,352 - src.evaluation.hemisphere_metrics - INFO -   Max per-region accuracy: 0.9900
2025-12-11 15:08:49,352 - __main__ - INFO - Computing network-level metrics...
2025-12-11 15:08:49,352 - src.evaluation.hemisphere_metrics - INFO - Computing network-level metrics...
2025-12-11 15:08:49,361 - src.evaluation.hemisphere_metrics - INFO -   Computing metrics for 18 networks
2025-12-11 15:08:49,393 - src.evaluation.hemisphere_metrics - INFO -   Mean network accuracy: 0.8798
2025-12-11 15:08:49,393 - src.evaluation.hemisphere_metrics - INFO -   Best network: VisPeri (accuracy=0.9517)
2025-12-11 15:08:49,394 - src.evaluation.hemisphere_metrics - INFO -   Worst network: Subcortical (accuracy=0.6622)
2025-12-11 15:08:49,394 - __main__ - INFO - Creating confusion matrix...
2025-12-11 15:08:49,394 - src.evaluation.hemisphere_metrics - INFO - Creating confusion matrix...
2025-12-11 15:08:49,395 - src.evaluation.hemisphere_metrics - INFO -   Confusion matrix shape: (116, 116)
2025-12-11 15:08:49,395 - src.evaluation.hemisphere_metrics - INFO -   Total predictions: 23200
2025-12-11 15:08:49,396 - src.evaluation.hemisphere_metrics - INFO -   Correct predictions (diagonal): 20045
2025-12-11 15:08:49,396 - __main__ - INFO - 
Saving results...
2025-12-11 15:08:49,438 - __main__ - INFO - 
Generating visualizations...
2025-12-11 15:08:49,438 - src.visualization.hemisphere_viz - INFO - Plotting confusion matrix: (116, 116)
2025-12-11 15:08:49,462 - src.visualization.hemisphere_viz - INFO -   Added 17 network boundaries
2025-12-11 15:08:54,471 - src.visualization.hemisphere_viz - INFO -   Saved: /home/sjoon/projects/brain_connectivity_classifier/data/results/hemisphere_analysis/right_hemisphere/multinomial/confusion_matrix.png
2025-12-11 15:08:54,472 - src.visualization.hemisphere_viz - INFO - Plotting per-region accuracy for 116 regions
2025-12-11 15:08:55,524 - src.visualization.hemisphere_viz - INFO -   Saved: /home/sjoon/projects/brain_connectivity_classifier/data/results/hemisphere_analysis/right_hemisphere/multinomial/per_region_accuracy.png
2025-12-11 15:08:55,524 - src.visualization.hemisphere_viz - INFO - Plotting network accuracy for 18 networks
2025-12-11 15:08:56,008 - src.visualization.hemisphere_viz - INFO -   Saved: /home/sjoon/projects/brain_connectivity_classifier/data/results/hemisphere_analysis/right_hemisphere/multinomial/network_accuracy.png
2025-12-11 15:08:56,008 - __main__ - INFO - All results saved to: /home/sjoon/projects/brain_connectivity_classifier/data/results/hemisphere_analysis/right_hemisphere/multinomial
2025-12-11 15:08:56,009 - __main__ - INFO - 
================================================================================
2025-12-11 15:08:56,009 - __main__ - INFO - COMPARING LEFT AND RIGHT HEMISPHERES
2025-12-11 15:08:56,009 - __main__ - INFO - ================================================================================

2025-12-11 15:08:56,010 - __main__ - INFO - Left Hemisphere Accuracy: 0.9044
2025-12-11 15:08:56,010 - __main__ - INFO - Right Hemisphere Accuracy: 0.8640
2025-12-11 15:08:56,010 - __main__ - INFO - Difference: 0.0404
2025-12-11 15:08:56,012 - __main__ - INFO - 
Paired t-test: t=5.3383, p=0.0333
2025-12-11 15:08:56,012 - __main__ - INFO - Significant difference detected between hemispheres (p < 0.05)
2025-12-11 15:08:56,016 - __main__ - INFO - 
Per-region accuracy correlation: r=0.5959, p=0.0000
2025-12-11 15:08:56,511 - __main__ - INFO - 
Comparison results saved to: /home/sjoon/projects/brain_connectivity_classifier/data/results/hemisphere_analysis/comparison
2025-12-11 15:08:56,511 - __main__ - INFO - 
================================================================================
2025-12-11 15:08:56,512 - __main__ - INFO - TRAINING COMPLETED SUCCESSFULLY
2025-12-11 15:08:56,512 - __main__ - INFO - ================================================================================
