2025-12-11 19:35:06,913 - __main__ - INFO - ================================================================================
2025-12-11 19:35:06,913 - __main__ - INFO - HEMISPHERE-SPECIFIC MULTINOMIAL LOGISTIC REGRESSION
2025-12-11 19:35:06,913 - __main__ - INFO - ================================================================================
2025-12-11 19:35:06,914 - __main__ - INFO - 
Configuration:
2025-12-11 19:35:06,914 - __main__ - INFO -   Hemisphere: left
2025-12-11 19:35:06,915 - __main__ - INFO -   Data directory: /home/sjoon/projects/brain_connectivity_classifier/data/processed/hemispheres
2025-12-11 19:35:06,915 - __main__ - INFO -   Output directory: /home/sjoon/projects/brain_connectivity_classifier/data/results/hemisphere_analysis
2025-12-11 19:35:06,916 - __main__ - INFO -   Number of folds: 3
2025-12-11 19:35:06,916 - __main__ - INFO -   Random state: 42
2025-12-11 19:35:06,916 - __main__ - INFO -   Regularization C: None
2025-12-11 19:35:06,916 - __main__ - INFO -   Diagonal strategy: region_mean
2025-12-11 19:35:06,917 - __main__ - INFO -   Max iterations: 1000
2025-12-11 19:35:06,917 - __main__ - INFO -   Save models: False
2025-12-11 19:35:06,917 - __main__ - INFO -   Sample size: 10
2025-12-11 19:35:06,917 - __main__ - INFO -   Hyperparameter tuning: True
2025-12-11 19:35:06,917 - __main__ - INFO -   Tuning method: optuna
2025-12-11 19:35:06,917 - __main__ - INFO -   Optuna trials: 3
2025-12-11 19:35:06,940 - __main__ - INFO -   Tuning method: GridSearchCV
2025-12-11 19:35:06,940 - __main__ - INFO -   Inner CV folds: 3
2025-12-11 19:35:06,940 - __main__ - INFO -   Param grid: {'C': [0.001, 0.01, 0.1, 1.0, 10.0, 100.0], 'max_iter': [1000], 'solver': ['lbfgs', 'saga']}
2025-12-11 19:35:06,941 - __main__ - WARNING - 
⚠️  TESTING MODE ENABLED: Using only first 10 subjects
2025-12-11 19:35:06,942 - __main__ - WARNING - ⚠️  This is NOT a full production run!

2025-12-11 19:35:06,942 - __main__ - INFO - 
================================================================================
2025-12-11 19:35:06,942 - __main__ - INFO - TRAINING LEFT HEMISPHERE
2025-12-11 19:35:06,942 - __main__ - INFO - ================================================================================

2025-12-11 19:35:06,942 - __main__ - INFO - Loading hemisphere-specific data...
2025-12-11 19:35:06,943 - src.hemisphere.hemisphere_utils - INFO - Loading left hemisphere data from: /home/sjoon/projects/brain_connectivity_classifier/data/processed/hemispheres/LH_PIOP2_Restingstate.csv
2025-12-11 19:35:07,261 - src.hemisphere.hemisphere_utils - INFO -   Subjects: 224
2025-12-11 19:35:07,261 - src.hemisphere.hemisphere_utils - INFO -   Connections: 6670
2025-12-11 19:35:07,265 - src.hemisphere.hemisphere_utils - INFO - Extracting region info from: /home/sjoon/projects/brain_connectivity_classifier/data/processed/hemispheres/LH_PIOP2_Restingstate.csv
2025-12-11 19:35:07,650 - src.hemisphere.hemisphere_utils - INFO - Extracted 116 regions for left hemisphere
2025-12-11 19:35:07,650 - src.hemisphere.hemisphere_utils - INFO -   Regions: 116
2025-12-11 19:35:07,651 - src.hemisphere.hemisphere_utils - INFO - Converting to full connectivity matrices...
2025-12-11 19:35:07,669 - src.hemisphere.hemisphere_utils - INFO -   Matrix shape: (224, 116, 116)
2025-12-11 19:35:07,692 - src.hemisphere.hemisphere_utils - INFO - Connectivity validation completed
2025-12-11 19:35:07,692 - src.hemisphere.hemisphere_utils - INFO - Successfully loaded left hemisphere data
2025-12-11 19:35:07,693 - __main__ - INFO - 
============================================================
2025-12-11 19:35:07,693 - __main__ - INFO - SAMPLING MODE ACTIVATED
2025-12-11 19:35:07,693 - __main__ - INFO - ============================================================
2025-12-11 19:35:07,693 - __main__ - INFO - Selecting first 10 subjects out of 224 available
2025-12-11 19:35:07,693 - __main__ - INFO - Selected subjects: sub-0001_P2, sub-0002_P2, sub-0003_P2, sub-0004_P2, sub-0005_P2, sub-0006_P2, sub-0007_P2, sub-0008_P2, sub-0009_P2, sub-0011_P2
2025-12-11 19:35:07,694 - __main__ - INFO - Sampled connectivity shape: (10, 116, 116)
2025-12-11 19:35:07,694 - __main__ - INFO - Sampled subjects: 10
2025-12-11 19:35:07,694 - __main__ - INFO - ============================================================

2025-12-11 19:35:07,694 - __main__ - WARNING - ⚠️  TESTING MODE: Using first 10 subjects only
2025-12-11 19:35:07,694 - __main__ - WARNING - ⚠️  Results are for TESTING purposes - not production-ready!
2025-12-11 19:35:07,694 - __main__ - INFO - Data loaded:
2025-12-11 19:35:07,694 - __main__ - INFO -   Subjects: 10
2025-12-11 19:35:07,694 - __main__ - INFO -   Regions: 116
2025-12-11 19:35:07,695 - __main__ - INFO -   Connectivity shape: (10, 116, 116)
2025-12-11 19:35:07,695 - __main__ - INFO - 
Preparing classification data...
2025-12-11 19:35:07,695 - src.hemisphere.hemisphere_utils - INFO -   Removing diagonal values (self-connections) before classification
2025-12-11 19:35:07,695 - src.hemisphere.hemisphere_utils - INFO -   Original diagonal values (first subject, first 5 regions): [np.float64(1.0), np.float64(1.0), np.float64(1.0), np.float64(1.0), np.float64(1.0)]
2025-12-11 19:35:07,695 - src.hemisphere.hemisphere_utils - INFO -   After removal (should be all zeros): [np.float64(0.0), np.float64(0.0), np.float64(0.0), np.float64(0.0), np.float64(0.0)]
2025-12-11 19:35:07,698 - src.hemisphere.hemisphere_utils - INFO -   ✅ Diagonal removal verified - no features constant at 1.0
2025-12-11 19:35:07,698 - src.hemisphere.hemisphere_utils - INFO - Prepared classification data:
2025-12-11 19:35:07,699 - src.hemisphere.hemisphere_utils - INFO -   Features (X): (1160, 116)
2025-12-11 19:35:07,699 - src.hemisphere.hemisphere_utils - INFO -   Labels (y): (1160,)
2025-12-11 19:35:07,699 - src.hemisphere.hemisphere_utils - INFO -   Groups: (1160,)
2025-12-11 19:35:07,699 - src.hemisphere.hemisphere_utils - INFO -   Unique labels: 116
2025-12-11 19:35:07,699 - src.hemisphere.hemisphere_utils - INFO -   Unique subjects: 10
2025-12-11 19:35:07,700 - src.hemisphere.hemisphere_utils - INFO -   Feature range: [-0.773, 0.893]
2025-12-11 19:35:07,701 - src.hemisphere.hemisphere_utils - INFO -   Feature mean: 0.031, std: 0.268
2025-12-11 19:35:07,701 - __main__ - INFO - Classification data prepared:
2025-12-11 19:35:07,701 - __main__ - INFO -   Samples (X): (1160, 116)
2025-12-11 19:35:07,701 - __main__ - INFO -   Labels (y): (1160,)
2025-12-11 19:35:07,701 - __main__ - INFO -   Groups: (1160,)
2025-12-11 19:35:07,702 - __main__ - INFO -   Classes: 116
2025-12-11 19:35:07,702 - __main__ - INFO -   Unique subjects in groups: 10
2025-12-11 19:35:07,702 - __main__ - INFO - 
Setting up 3-fold GroupKFold cross-validation...
2025-12-11 19:35:07,702 - __main__ - INFO - 
Starting cross-validation...

2025-12-11 19:35:07,703 - __main__ - INFO - Fold 1/3
2025-12-11 19:35:07,703 - __main__ - INFO -   Train samples: 696, Test samples: 464
2025-12-11 19:35:07,703 - __main__ - INFO -   Train subjects: 6, Test subjects: 4
2025-12-11 19:35:07,704 - __main__ - INFO -   Train labels distribution (first 10): [6, 6, 6, 6, 6, 6, 6, 6, 6, 6]
2025-12-11 19:35:07,704 - __main__ - INFO -   Test labels distribution (first 10): [4, 4, 4, 4, 4, 4, 4, 4, 4, 4]
2025-12-11 19:35:07,704 - __main__ - INFO -   Preprocessing fold data...
2025-12-11 19:35:07,704 - __main__ - INFO -   Input shapes - Train: (696, 116), Test: (464, 116)
2025-12-11 19:35:07,708 - __main__ - INFO -   Processed shapes - Train: (696, 116), Test: (464, 116)
2025-12-11 19:35:07,708 - __main__ - INFO -   Training multinomial logistic regression...
2025-12-11 19:35:07,717 - __main__ - INFO -   Hyperparameter tuning ENABLED (method: optuna)
2025-12-11 19:35:07,717 - __main__ - INFO -   Running Optuna optimization (3 trials)...
2025-12-11 19:37:10,582 - __main__ - INFO -   Best parameters: {'C': 2.9154431891537547, 'max_iter': 1000, 'solver': 'lbfgs'}
2025-12-11 19:37:10,582 - __main__ - INFO -   Best inner CV score: 0.6365
2025-12-11 19:37:25,689 - __main__ - INFO -   Predicting on test set...
2025-12-11 19:37:25,694 - __main__ - INFO -   Fold accuracy: 0.6703
2025-12-11 19:37:25,694 - __main__ - INFO -   Fold balanced accuracy: 0.6703
2025-12-11 19:37:25,694 - __main__ - INFO -   Fold time: 137.99s

2025-12-11 19:37:25,694 - __main__ - INFO - Fold 2/3
2025-12-11 19:37:25,695 - __main__ - INFO -   Train samples: 812, Test samples: 348
2025-12-11 19:37:25,695 - __main__ - INFO -   Train subjects: 7, Test subjects: 3
2025-12-11 19:37:25,695 - __main__ - INFO -   Train labels distribution (first 10): [7, 7, 7, 7, 7, 7, 7, 7, 7, 7]
2025-12-11 19:37:25,695 - __main__ - INFO -   Test labels distribution (first 10): [3, 3, 3, 3, 3, 3, 3, 3, 3, 3]
2025-12-11 19:37:25,695 - __main__ - INFO -   Preprocessing fold data...
2025-12-11 19:37:25,696 - __main__ - INFO -   Input shapes - Train: (812, 116), Test: (348, 116)
2025-12-11 19:37:25,772 - __main__ - INFO -   Processed shapes - Train: (812, 116), Test: (348, 116)
2025-12-11 19:37:25,772 - __main__ - INFO -   Training multinomial logistic regression...
2025-12-11 19:37:25,877 - __main__ - INFO -   Hyperparameter tuning ENABLED (method: optuna)
2025-12-11 19:37:25,877 - __main__ - INFO -   Running Optuna optimization (3 trials)...
2025-12-11 19:40:06,329 - __main__ - INFO -   Best parameters: {'C': 2.9154431891537547, 'max_iter': 1000, 'solver': 'lbfgs'}
2025-12-11 19:40:06,329 - __main__ - INFO -   Best inner CV score: 0.6322
2025-12-11 19:40:07,728 - __main__ - INFO -   Predicting on test set...
2025-12-11 19:40:07,732 - __main__ - INFO -   Fold accuracy: 0.6983
2025-12-11 19:40:07,732 - __main__ - INFO -   Fold balanced accuracy: 0.6983
2025-12-11 19:40:07,732 - __main__ - INFO -   Fold time: 162.04s

2025-12-11 19:40:07,733 - __main__ - INFO - Fold 3/3
2025-12-11 19:40:07,733 - __main__ - INFO -   Train samples: 812, Test samples: 348
2025-12-11 19:40:07,734 - __main__ - INFO -   Train subjects: 7, Test subjects: 3
2025-12-11 19:40:07,734 - __main__ - INFO -   Train labels distribution (first 10): [7, 7, 7, 7, 7, 7, 7, 7, 7, 7]
2025-12-11 19:40:07,734 - __main__ - INFO -   Test labels distribution (first 10): [3, 3, 3, 3, 3, 3, 3, 3, 3, 3]
2025-12-11 19:40:07,735 - __main__ - INFO -   Preprocessing fold data...
2025-12-11 19:40:07,735 - __main__ - INFO -   Input shapes - Train: (812, 116), Test: (348, 116)
2025-12-11 19:40:07,771 - __main__ - INFO -   Processed shapes - Train: (812, 116), Test: (348, 116)
2025-12-11 19:40:07,771 - __main__ - INFO -   Training multinomial logistic regression...
2025-12-11 19:40:07,870 - __main__ - INFO -   Hyperparameter tuning ENABLED (method: optuna)
2025-12-11 19:40:07,871 - __main__ - INFO -   Running Optuna optimization (3 trials)...
2025-12-11 19:42:53,803 - __main__ - INFO -   Best parameters: {'C': 2.9154431891537547, 'max_iter': 1000, 'solver': 'lbfgs'}
2025-12-11 19:42:53,803 - __main__ - INFO -   Best inner CV score: 0.6216
2025-12-11 19:43:08,716 - __main__ - INFO -   Predicting on test set...
2025-12-11 19:43:08,719 - __main__ - INFO -   Fold accuracy: 0.7414
2025-12-11 19:43:08,719 - __main__ - INFO -   Fold balanced accuracy: 0.7414
2025-12-11 19:43:08,719 - __main__ - INFO -   Fold time: 180.99s

2025-12-11 19:43:08,719 - __main__ - INFO - Cross-validation completed in 481.02s

2025-12-11 19:43:08,721 - __main__ - INFO - Computing overall metrics...
2025-12-11 19:43:08,721 - src.evaluation.hemisphere_metrics - INFO - Computing classification metrics...
2025-12-11 19:43:08,774 - src.evaluation.hemisphere_metrics - INFO -   Accuracy: 0.7000
2025-12-11 19:43:08,775 - src.evaluation.hemisphere_metrics - INFO -   Balanced Accuracy: 0.7000
2025-12-11 19:43:08,775 - src.evaluation.hemisphere_metrics - INFO -   F1 Score: 0.7119
2025-12-11 19:43:08,775 - __main__ - INFO - 
OVERALL RESULTS (LEFT HEMISPHERE):
2025-12-11 19:43:08,775 - __main__ - INFO -   Mean CV Accuracy: 0.7000
2025-12-11 19:43:08,775 - __main__ - INFO -   Mean CV Balanced Accuracy: 0.7000
2025-12-11 19:43:08,775 - __main__ - INFO -   Top-5 Accuracy: 0.9077586206896552
2025-12-11 19:43:08,775 - __main__ - INFO - 
============================================================
2025-12-11 19:43:08,776 - __main__ - INFO - HYPERPARAMETER TUNING SUMMARY
2025-12-11 19:43:08,776 - __main__ - INFO - ============================================================
2025-12-11 19:43:08,776 - __main__ - INFO - 
Best parameters selected from Fold 3 (accuracy: 0.7414):
2025-12-11 19:43:08,776 - __main__ - INFO -   C: 2.9154431891537547
2025-12-11 19:43:08,777 - __main__ - INFO -   max_iter: 1000
2025-12-11 19:43:08,777 - __main__ - INFO -   solver: lbfgs
2025-12-11 19:43:08,777 - __main__ - INFO - 
Parameter consistency across folds:
2025-12-11 19:43:08,777 - __main__ - INFO - 
  C:
2025-12-11 19:43:08,777 - __main__ - INFO -     2.9154431891537547: 3/3 folds
2025-12-11 19:43:08,777 - __main__ - INFO - 
  max_iter:
2025-12-11 19:43:08,778 - __main__ - INFO -     1000: 3/3 folds
2025-12-11 19:43:08,778 - __main__ - INFO - 
  solver:
2025-12-11 19:43:08,778 - __main__ - INFO -     lbfgs: 3/3 folds
2025-12-11 19:43:08,778 - __main__ - INFO - 
Fold-by-fold hyperparameter comparison:
2025-12-11 19:43:08,778 - __main__ - INFO - Fold | C | max_iter | solver | Accuracy
2025-12-11 19:43:08,779 - __main__ - INFO - --------------------------------------------------------------------------------
2025-12-11 19:43:08,779 - __main__ - INFO -    1 | 2.9154431891537547 | 1000 | lbfgs | 0.6703
2025-12-11 19:43:08,779 - __main__ - INFO -    2 | 2.9154431891537547 | 1000 | lbfgs | 0.6983
2025-12-11 19:43:08,779 - __main__ - INFO -    3 | 2.9154431891537547 | 1000 | lbfgs | 0.7414
2025-12-11 19:43:08,779 - __main__ - INFO - ============================================================

2025-12-11 19:43:08,779 - __main__ - INFO - 
Computing per-region metrics...
2025-12-11 19:43:08,780 - src.evaluation.hemisphere_metrics - INFO - Computing per-region metrics...
2025-12-11 19:43:08,780 - src.evaluation.hemisphere_metrics - INFO -   Computing metrics for 116 regions
2025-12-11 19:43:08,876 - src.evaluation.hemisphere_metrics - INFO -   Mean per-region accuracy: 0.7000
2025-12-11 19:43:08,876 - src.evaluation.hemisphere_metrics - INFO -   Std per-region accuracy: 0.2106
2025-12-11 19:43:08,877 - src.evaluation.hemisphere_metrics - INFO -   Min per-region accuracy: 0.2000
2025-12-11 19:43:08,877 - src.evaluation.hemisphere_metrics - INFO -   Max per-region accuracy: 1.0000
2025-12-11 19:43:08,877 - __main__ - INFO - Computing network-level metrics...
2025-12-11 19:43:08,877 - src.evaluation.hemisphere_metrics - INFO - Computing network-level metrics...
2025-12-11 19:43:08,878 - src.evaluation.hemisphere_metrics - INFO -   Computing metrics for 18 networks
2025-12-11 19:43:08,909 - src.evaluation.hemisphere_metrics - INFO -   Mean network accuracy: 0.6946
2025-12-11 19:43:08,909 - src.evaluation.hemisphere_metrics - INFO -   Best network: VisCent (accuracy=0.9167)
2025-12-11 19:43:08,910 - src.evaluation.hemisphere_metrics - INFO -   Worst network: TempPar (accuracy=0.3000)
2025-12-11 19:43:08,910 - __main__ - INFO - Creating confusion matrix...
2025-12-11 19:43:08,910 - src.evaluation.hemisphere_metrics - INFO - Creating confusion matrix...
2025-12-11 19:43:08,911 - src.evaluation.hemisphere_metrics - INFO -   Confusion matrix shape: (116, 116)
2025-12-11 19:43:08,911 - src.evaluation.hemisphere_metrics - INFO -   Total predictions: 1160
2025-12-11 19:43:08,911 - src.evaluation.hemisphere_metrics - INFO -   Correct predictions (diagonal): 812
2025-12-11 19:43:08,911 - __main__ - INFO - 
Saving results...
2025-12-11 19:43:08,930 - __main__ - INFO - 
Generating visualizations...
2025-12-11 19:43:08,930 - src.visualization.hemisphere_viz - INFO - Plotting confusion matrix: (116, 116)
2025-12-11 19:43:08,978 - src.visualization.hemisphere_viz - INFO -   Added 17 network boundaries
2025-12-11 19:43:10,082 - src.visualization.hemisphere_viz - INFO -   Saved: /home/sjoon/projects/brain_connectivity_classifier/data/results/hemisphere_analysis/left_hemisphere/multinomial/confusion_matrix.png
2025-12-11 19:43:10,083 - src.visualization.hemisphere_viz - INFO - Plotting per-region accuracy for 116 regions
2025-12-11 19:43:11,190 - src.visualization.hemisphere_viz - INFO -   Saved: /home/sjoon/projects/brain_connectivity_classifier/data/results/hemisphere_analysis/left_hemisphere/multinomial/per_region_accuracy.png
2025-12-11 19:43:11,190 - src.visualization.hemisphere_viz - INFO - Plotting network accuracy for 18 networks
2025-12-11 19:43:11,627 - src.visualization.hemisphere_viz - INFO -   Saved: /home/sjoon/projects/brain_connectivity_classifier/data/results/hemisphere_analysis/left_hemisphere/multinomial/network_accuracy.png
2025-12-11 19:43:11,628 - __main__ - INFO - All results saved to: /home/sjoon/projects/brain_connectivity_classifier/data/results/hemisphere_analysis/left_hemisphere/multinomial
2025-12-11 19:43:11,628 - __main__ - INFO - 
================================================================================
2025-12-11 19:43:11,629 - __main__ - INFO - TRAINING COMPLETED SUCCESSFULLY
2025-12-11 19:43:11,629 - __main__ - INFO - (TESTING MODE: Used 10 subjects only)
2025-12-11 19:43:11,629 - __main__ - INFO - ================================================================================
