000 (10100974.000.000) 2025-11-10 11:40:15 Job submitted from host: <10.0.8.14:9618?addrs=10.0.8.14-9618&alias=head2.htc.inm7.de&noUDP&sock=schedd_317342_cb8b>
...
001 (10100974.000.000) 2025-11-10 11:40:15 Job executing on host: <10.0.9.43:9618?addrs=10.0.9.43-9618&alias=cpu43.htc.inm7.de&noUDP&sock=startd_4240_dda5>
...
006 (10100974.000.000) 2025-11-10 11:40:24 Image size of job updated: 877316
	462  -  MemoryUsage of job (MB)
	472680  -  ResidentSetSize of job (KB)
...
006 (10100974.000.000) 2025-11-10 11:45:25 Image size of job updated: 1275444
	578  -  MemoryUsage of job (MB)
	591848  -  ResidentSetSize of job (KB)
...
006 (10100974.000.000) 2025-11-10 11:50:26 Image size of job updated: 1275444
	710  -  MemoryUsage of job (MB)
	726040  -  ResidentSetSize of job (KB)
...
006 (10100974.000.000) 2025-11-10 11:55:26 Image size of job updated: 1275444
	748  -  MemoryUsage of job (MB)
	765396  -  ResidentSetSize of job (KB)
...
006 (10100974.000.000) 2025-11-10 12:00:27 Image size of job updated: 4325860
	2149  -  MemoryUsage of job (MB)
	2199772  -  ResidentSetSize of job (KB)
...
006 (10100974.000.000) 2025-11-10 12:02:07 Image size of job updated: 4452948
	2149  -  MemoryUsage of job (MB)
	2199772  -  ResidentSetSize of job (KB)
...
005 (10100974.000.000) 2025-11-10 12:02:07 Job terminated.
	(1) Normal termination (return value 0)
		Usr 0 00:28:24, Sys 0 00:04:36  -  Run Remote Usage
		Usr 0 00:00:00, Sys 0 00:00:00  -  Run Local Usage
		Usr 0 00:28:24, Sys 0 00:04:36  -  Total Remote Usage
		Usr 0 00:00:00, Sys 0 00:00:00  -  Total Local Usage
	0  -  Run Bytes Sent By Job
	0  -  Run Bytes Received By Job
	0  -  Total Bytes Sent By Job
	0  -  Total Bytes Received By Job
	Partitionable Resources :    Usage  Request Allocated 
	   Cpus                 :     3.65        4         4 
	   Disk (KB)            :     2    20971520  49659019 
	   Memory (MB)          :  2149       12288     12288 

	Job terminated of its own accord at 2025-11-10T11:02:07Z with exit-code 0.
...
