000 (10116222.000.000) 2025-11-26 18:37:21 Job submitted from host: <10.0.8.14:9618?addrs=10.0.8.14-9618&alias=head2.htc.inm7.de&noUDP&sock=schedd_317342_cb8b>
...
001 (10116222.000.000) 2025-11-26 18:37:34 Job executing on host: <10.0.9.43:9618?addrs=10.0.9.43-9618&alias=cpu43.htc.inm7.de&noUDP&sock=startd_4240_dda5>
...
006 (10116222.000.000) 2025-11-26 18:37:42 Image size of job updated: 696344
	244  -  MemoryUsage of job (MB)
	248940  -  ResidentSetSize of job (KB)
...
006 (10116222.000.000) 2025-11-26 18:38:08 Image size of job updated: 696344
	252  -  MemoryUsage of job (MB)
	257240  -  ResidentSetSize of job (KB)
...
005 (10116222.000.000) 2025-11-26 18:38:08 Job terminated.
	(1) Normal termination (return value 0)
		Usr 0 00:01:15, Sys 0 00:00:00  -  Run Remote Usage
		Usr 0 00:00:00, Sys 0 00:00:00  -  Run Local Usage
		Usr 0 00:01:15, Sys 0 00:00:00  -  Total Remote Usage
		Usr 0 00:00:00, Sys 0 00:00:00  -  Total Local Usage
	0  -  Run Bytes Sent By Job
	0  -  Run Bytes Received By Job
	0  -  Total Bytes Sent By Job
	0  -  Total Bytes Received By Job
	Partitionable Resources :    Usage  Request Allocated 
	   Cpus                 :                 4         4 
	   Disk (KB)            :        2 20971520  49659019 
	   Memory (MB)          :      252    12288     12288 

	Job terminated of its own accord at 2025-11-26T17:38:08Z with exit-code 0.
...
