000 (10111515.000.000) 2025-11-21 22:25:15 Job submitted from host: <10.0.8.14:9618?addrs=10.0.8.14-9618&alias=head2.htc.inm7.de&noUDP&sock=schedd_317342_cb8b>
...
001 (10111515.000.000) 2025-11-21 22:25:21 Job executing on host: <10.0.9.43:9618?addrs=10.0.9.43-9618&alias=cpu43.htc.inm7.de&noUDP&sock=startd_4240_dda5>
...
006 (10111515.000.000) 2025-11-21 22:25:30 Image size of job updated: 860432
	418  -  MemoryUsage of job (MB)
	427352  -  ResidentSetSize of job (KB)
...
006 (10111515.000.000) 2025-11-21 22:27:44 Image size of job updated: 4129128
	1800  -  MemoryUsage of job (MB)
	1843016  -  ResidentSetSize of job (KB)
...
005 (10111515.000.000) 2025-11-21 22:27:44 Job terminated.
	(1) Normal termination (return value 0)
		Usr 0 00:06:41, Sys 0 00:00:09  -  Run Remote Usage
		Usr 0 00:00:00, Sys 0 00:00:00  -  Run Local Usage
		Usr 0 00:06:41, Sys 0 00:00:09  -  Total Remote Usage
		Usr 0 00:00:00, Sys 0 00:00:00  -  Total Local Usage
	0  -  Run Bytes Sent By Job
	0  -  Run Bytes Received By Job
	0  -  Total Bytes Sent By Job
	0  -  Total Bytes Received By Job
	Partitionable Resources :    Usage  Request Allocated 
	   Cpus                 :                 4         4 
	   Disk (KB)            :        2 20971520  49659019 
	   Memory (MB)          :     1800    12288     12288 

	Job terminated of its own accord at 2025-11-21T21:27:44Z with exit-code 0.
...
