===========================================
Starting Brain Connectivity Classification
===========================================
Current directory: /home/sjoon/projects/brain_connectivity_classifier
Running on host: cpu43
Start time: Mon Nov 17 06:32:24 PM CET 2025
===========================================

======================================================================
  LEAK-FREE BRAIN CONNECTIVITY CLASSIFICATION
======================================================================

Mode: FULL DATA
Config: config.yaml
Start: 2025-11-17 18:32:25

Configuration:
  Diagonal strategy: sample_from_matrix
  C (regularization): 0.01
  CV folds: 3
  Random seed: 54

======================================================================
  STEP 1: Load Training Data (PIOP-2 Resting State)
======================================================================

✓ Loaded 224 subjects from PIOP2_restingstate.csv
  Subjects: 224
  Connections: 26796

======================================================================
  STEP 2: Train Classifier (Leak-Free Cross-Validation)
======================================================================

⚠️  IMPORTANT: Preprocessing happens INSIDE each CV fold
   → Statistics computed only on training fold
   → No information leakage to validation fold


============================================================
LEAK-FREE 3-FOLD CROSS-VALIDATION
============================================================
Total subjects: 224
Preprocessing: sample_from_matrix

Fold 1/3:
  Train subjects: 149
  Val subjects: 75
    Train acc: 0.9093
    Val acc:   0.8467

Fold 2/3:
  Train subjects: 149
  Val subjects: 75
    Train acc: 0.9132
    Val acc:   0.8372

Fold 3/3:
  Train subjects: 150
  Val subjects: 74
    Train acc: 0.9126
    Val acc:   0.8387

============================================================
CV RESULTS:
  Train: 0.9117 ± 0.0017
  Val:   0.8409 ± 0.0042
============================================================


Training final model on all training data...
Final training accuracy: 0.9143
Trained on 51968 samples
Region list saved to data/processed/region_list.csv
✓ Model saved to models

======================================================================
  STEP 3: Evaluate on Training Data
======================================================================

Training accuracy: 0.9143
Total samples: 51968
✓ Saved: reports/tables/basic_analysis/error_map_rest.csv
✓ Saved: reports/tables/confusion_matrix/rest_sample_from_matrix_raw.csv
✓ Saved: reports/tables/confusion_matrix/rest_sample_from_matrix_normalized.csv
✓ Confusion matrices saved for rest_sample_from_matrix set (raw & normalized)

======================================================================
  STEP 4: Apply to Task Data (PIOP-1 Gender Stroop)
======================================================================

✓ Loaded 200 subjects from PIOP1_gstroop.csv
Task prediction accuracy: 0.8221
Test subjects: 200
Test samples: 46400
✓ Saved: reports/tables/basic_analysis/error_map_task.csv
✓ Saved: reports/tables/confusion_matrix/task_sample_from_matrix_raw.csv
✓ Saved: reports/tables/confusion_matrix/task_sample_from_matrix_normalized.csv
✓ Confusion matrices saved for task_sample_from_matrix set (raw & normalized)
✓ Saved: reports/tables/basic_analysis/comparison_rest_vs_task.csv

======================================================================
  STEP 5: Generate Visualizations
======================================================================

✓ Saved figure: reports/figures/basic_analysis/error_map_rest.png
✓ Generated: error_map_rest.png
✓ Saved figure: reports/figures/basic_analysis/error_map_task.png
✓ Generated: error_map_task.png
✓ Saved figure: reports/figures/basic_analysis/comparison_rest_vs_task.png
✓ Generated: comparison_rest_vs_task.png

Total figures: 3

======================================================================
  PIPELINE COMPLETE!
======================================================================


RESULTS SUMMARY
======================================================================

Data:
  Training subjects: 224
  Brain regions: 232
  Chance level: 0.0043

Model Configuration:
  Diagonal strategy: sample_from_matrix
  Regularization (C): 0.01
  CV folds: 3
  max_iter: 1000
  

Cross-Validation Results (LEAK-FREE):
  Validation accuracy: 0.8409 ± 0.0042
  Training accuracy: 0.9117 ± 0.0017
  Improvement over chance: 195.1x

Final Training Accuracy: 0.9143

Task Data (Gender Stroop):
  Test subjects: 200
  Test accuracy: 0.8221

======================================================================

Output Locations:
  Models: models
  Tables: reports/tables/basic_analysis
  Figures: reports/figures/basic_analysis
  Predictions: data/processed

Execution Time: 1.8m
Completed: 2025-11-17 18:34:12

======================================================================

✅ Pipeline completed successfully!


===========================================
Pipeline finished!
End time: Mon Nov 17 06:34:12 PM CET 2025
Exit code: 0
===========================================
