000 (10101377.000.000) 2025-11-15 11:41:39 Job submitted from host: <10.0.8.14:9618?addrs=10.0.8.14-9618&alias=head2.htc.inm7.de&noUDP&sock=schedd_317342_cb8b>
...
001 (10101377.000.000) 2025-11-15 11:41:39 Job executing on host: <10.0.9.43:9618?addrs=10.0.9.43-9618&alias=cpu43.htc.inm7.de&noUDP&sock=startd_4240_dda5>
...
006 (10101377.000.000) 2025-11-15 11:41:48 Image size of job updated: 2
	6  -  MemoryUsage of job (MB)
	5352  -  ResidentSetSize of job (KB)
...
006 (10101377.000.000) 2025-11-15 11:43:23 Image size of job updated: 4031368
	1792  -  MemoryUsage of job (MB)
	1834240  -  ResidentSetSize of job (KB)
...
005 (10101377.000.000) 2025-11-15 11:43:23 Job terminated.
	(1) Normal termination (return value 0)
		Usr 0 00:04:34, Sys 0 00:00:05  -  Run Remote Usage
		Usr 0 00:00:00, Sys 0 00:00:00  -  Run Local Usage
		Usr 0 00:04:34, Sys 0 00:00:05  -  Total Remote Usage
		Usr 0 00:00:00, Sys 0 00:00:00  -  Total Local Usage
	0  -  Run Bytes Sent By Job
	0  -  Run Bytes Received By Job
	0  -  Total Bytes Sent By Job
	0  -  Total Bytes Received By Job
	Partitionable Resources :    Usage  Request Allocated 
	   Cpus                 :                 4         4 
	   Disk (KB)            :        2 20971520  49659019 
	   Memory (MB)          :     1792    12288     12288 

	Job terminated of its own accord at 2025-11-15T10:43:23Z with exit-code 0.
...
