000 (10100943.000.000) 2025-11-09 14:59:42 Job submitted from host: <10.0.8.14:9618?addrs=10.0.8.14-9618&alias=head2.htc.inm7.de&noUDP&sock=schedd_317342_cb8b>
...
001 (10100943.000.000) 2025-11-09 14:59:42 Job executing on host: <10.0.9.43:9618?addrs=10.0.9.43-9618&alias=cpu43.htc.inm7.de&noUDP&sock=startd_4240_dda5>
...
006 (10100943.000.000) 2025-11-09 14:59:51 Image size of job updated: 703276
	261  -  MemoryUsage of job (MB)
	266920  -  ResidentSetSize of job (KB)
...
006 (10100943.000.000) 2025-11-09 15:04:52 Image size of job updated: 1044600
	571  -  MemoryUsage of job (MB)
	583700  -  ResidentSetSize of job (KB)
...
006 (10100943.000.000) 2025-11-09 15:09:52 Image size of job updated: 1247960
	620  -  MemoryUsage of job (MB)
	634264  -  ResidentSetSize of job (KB)
...
006 (10100943.000.000) 2025-11-09 15:14:52 Image size of job updated: 3163480
	1446  -  MemoryUsage of job (MB)
	1480372  -  ResidentSetSize of job (KB)
...
006 (10100943.000.000) 2025-11-09 15:17:20 Image size of job updated: 4454004
	2141  -  MemoryUsage of job (MB)
	2192372  -  ResidentSetSize of job (KB)
...
005 (10100943.000.000) 2025-11-09 15:17:20 Job terminated.
	(1) Normal termination (return value 0)
		Usr 0 00:25:20, Sys 0 00:00:30  -  Run Remote Usage
		Usr 0 00:00:00, Sys 0 00:00:00  -  Run Local Usage
		Usr 0 00:25:20, Sys 0 00:00:30  -  Total Remote Usage
		Usr 0 00:00:00, Sys 0 00:00:00  -  Total Local Usage
	0  -  Run Bytes Sent By Job
	0  -  Run Bytes Received By Job
	0  -  Total Bytes Sent By Job
	0  -  Total Bytes Received By Job
	Partitionable Resources :    Usage  Request Allocated 
	   Cpus                 :     3.90        4         4 
	   Disk (KB)            :     2    20971520  49659019 
	   Memory (MB)          :  2141       12288     12288 

	Job terminated of its own accord at 2025-11-09T14:17:20Z with exit-code 0.
...
