000 (10111513.000.000) 2025-11-21 21:33:31 Job submitted from host: <10.0.8.14:9618?addrs=10.0.8.14-9618&alias=head2.htc.inm7.de&noUDP&sock=schedd_317342_cb8b>
...
001 (10111513.000.000) 2025-11-21 21:33:41 Job executing on host: <10.0.9.43:9618?addrs=10.0.9.43-9618&alias=cpu43.htc.inm7.de&noUDP&sock=startd_4240_dda5>
...
006 (10111513.000.000) 2025-11-21 21:33:50 Image size of job updated: 860188
	432  -  MemoryUsage of job (MB)
	441464  -  ResidentSetSize of job (KB)
...
006 (10111513.000.000) 2025-11-21 21:36:04 Image size of job updated: 4128880
	1866  -  MemoryUsage of job (MB)
	1910456  -  ResidentSetSize of job (KB)
...
005 (10111513.000.000) 2025-11-21 21:36:04 Job terminated.
	(1) Normal termination (return value 0)
		Usr 0 00:06:44, Sys 0 00:00:09  -  Run Remote Usage
		Usr 0 00:00:00, Sys 0 00:00:00  -  Run Local Usage
		Usr 0 00:06:44, Sys 0 00:00:09  -  Total Remote Usage
		Usr 0 00:00:00, Sys 0 00:00:00  -  Total Local Usage
	0  -  Run Bytes Sent By Job
	0  -  Run Bytes Received By Job
	0  -  Total Bytes Sent By Job
	0  -  Total Bytes Received By Job
	Partitionable Resources :    Usage  Request Allocated 
	   Cpus                 :                 4         4 
	   Disk (KB)            :        2 20971520  49659019 
	   Memory (MB)          :     1866    12288     12288 

	Job terminated of its own accord at 2025-11-21T20:36:04Z with exit-code 0.
...
