Experiment: Exp_LogReg_Diagonalzero_NoReg
Stage:      1

STAGE 1: run.py

======================================================================
  BRAIN CONNECTIVITY CLASSIFICATION - PHASE 2
======================================================================

Mode: FULL DATA
Config: configs/config.yaml
Model: logistic_regression
Diagnostics: Disabled
Experiment Tracking: ENABLED
Start: 2025-11-30 19:04:25

Created experiment: Exp_LogReg_Diagonalzero_NoReg
  Location: results/experiments/Exp_LogReg_Diagonalzero_NoReg
Configuration:
  Model: logistic_regression
  Diagonal strategy: zero
    Deterministic strategy
  CV folds: 3
  Random seed: 42
  Fisher Z transform: Enabled

======================================================================
  STEP 1: Load Training Data (PIOP-2 Resting State)
======================================================================

Loaded 224 subjects from PIOP2_restingstate.csv
  Subjects: 224
  Connections: 26796

======================================================================
  STEP 2: Load Model & Create Classifier
======================================================================

Loaded LogisticRegression ← logistic_regression.yaml
   Params: {'C': 1000000000000000000, 'penalty': 'l2', 'solver': 'lbfgs', 'multi_class': 'multinomial', 'max_iter': 1000}
Loaded model: LogisticRegression
Created classifier
  Preprocessor: BrainConnectivityPreprocessor
  Model: LogisticRegression
  Cross-validation: 3-fold GroupKFold

======================================================================
  STEP 3: Train with Leak-Free Cross-Validation
======================================================================

Preprocessing happens inside each CV fold (no leakage)
Fisher Z applied before scaling


============================================================
Leak-Free Cross-Validation with 3 Folds
============================================================

Total number of subjects: 224
Total number of samples: 224

Preprocessing: zero
Deterministic diagonal imputation strategy: zero, diagonal values are constant per subject.

Fold 1/3:
  Training subjects: 149, Validation subjects: 75
  Training Accuracy: 1.0000
  Validation Accuracy: 0.9169

Fold 2/3:
  Training subjects: 149, Validation subjects: 75
  Training Accuracy: 1.0000
  Validation Accuracy: 0.9090

Fold 3/3:
  Training subjects: 150, Validation subjects: 74
  Training Accuracy: 1.0000
  Validation Accuracy: 0.9055

============================================================
Cross-Validation Results:
  Mean Training Accuracy: 1.0000 ± 0.0000
  Mean Validation Accuracy: 0.9105 ± 0.0048
============================================================


Training final model on all training data...
============================================================
Final Model Results:
  Training Accuracy: 0.9983
  Trained on 51968 samples.

============================================================


============================================================
Cross-Validation Summary:
  Training Accuracy:   1.0000 ± 0.0000
  Validation Accuracy: 0.9105 ± 0.0048
============================================================

✓ Saved: cv_fold_results.csv
✓ Saved: error_map_cv_validation.csv
✓ Saved confusion matrix: confusion_matrix_cv_validation.csv

======================================================================
  STEP 3.5: Evaluate on Training Data (for reference)
======================================================================

Training accuracy: 0.9983
Note: Overfitted; use CV validation for unbiased estimate
✓ Saved: error_map_train.csv
✓ Saved confusion matrix: confusion_matrix_train.csv

======================================================================
  STEP 4: Save Trained Model & Region List
======================================================================

✓ Model saved to results/experiments/Exp_LogReg_Diagonalzero_NoReg/models
  - Pipeline: pipeline_logistic_regression_zero.pkl
  - Preprocessor: preprocessor_zero.pkl
  - Metadata: metadata_logistic_regression_zero.json
Model saved to: results/experiments/Exp_LogReg_Diagonalzero_NoReg/models
Region list saved to data/processed: data/processed/region_list.csv

======================================================================
  STEP 5: Evaluate on Task Data (PIOP-1 Gender Stroop)
======================================================================

Loaded 200 subjects from PIOP1_gstroop.csv
  Test subjects: 200

Test Results:
  Test Accuracy: 0.8809
  CV Validation → Test drop: 0.0296
✓ Saved: error_map_test.csv
✓ Saved confusion matrix: confusion_matrix_test.csv
✓ Saved: comparison_cv_validation_vs_task.csv
✓ Saved: comparison_train_vs_task.csv

======================================================================
  STEP 6: Generate Visualizations
======================================================================

Figure saved: error_map_cv_validation.png
Figure saved: error_map_train.png
Figure saved: error_map_task.png
Figure saved: comparison_cv_validation_vs_task.png
Figure saved: comparison_train_vs_task.png

Total figures: 5
Saved metadata to: metadata.json

======================================================================
  PIPELINE COMPLETE!
======================================================================


RESULTS SUMMARY
======================================================================

Experiment: logistic_regression_zero
Model: LogisticRegression

Data:
  Training subjects: 224
  Brain regions: 232
  Chance level: 0.0043

Configuration:
  Diagonal strategy: zero
  CV folds: 3
  Fisher Z transform: Enabled
  Random seed: 42

Cross-Validation Results (LEAK-FREE):
  Validation accuracy: 0.9105 ± 0.0048
  Training accuracy: 1.0000 ± 0.0000
  Full Training Accuracy: 0.9983 (overfitted)
  Improvement over chance: 211.2x

Task Data (Gender Stroop):
  Test subjects: 200
  Test accuracy: 0.8809
  CV validation → Task drop: 0.0296

======================================================================

Output Locations:
  Experiment: results/experiments/Exp_LogReg_Diagonalzero_NoReg
  Models: results/experiments/Exp_LogReg_Diagonalzero_NoReg/models
  Metrics: results/experiments/Exp_LogReg_Diagonalzero_NoReg/metrics
  Figures: results/experiments/Exp_LogReg_Diagonalzero_NoReg/figures
  Predictions: results/experiments/Exp_LogReg_Diagonalzero_NoReg/predictions

Execution Time: 1.5m
Completed: 2025-11-30 19:05:54

======================================================================

Pipeline completed successfully.

