000 (10163960.000.000) 2025-11-30 17:28:36 Job submitted from host: <10.0.8.14:9618?addrs=10.0.8.14-9618&alias=head2.htc.inm7.de&noUDP&sock=schedd_317342_cb8b>
...
001 (10163960.000.000) 2025-11-30 17:28:36 Job executing on host: <10.0.9.29:9618?addrs=10.0.9.29-9618&alias=cpu29.htc.inm7.de&noUDP&sock=startd_3130_7f85>
...
006 (10163960.000.000) 2025-11-30 17:28:45 Image size of job updated: 669880
	238  -  MemoryUsage of job (MB)
	243640  -  ResidentSetSize of job (KB)
...
006 (10163960.000.000) 2025-11-30 17:30:12 Image size of job updated: 1322312
	579  -  MemoryUsage of job (MB)
	592596  -  ResidentSetSize of job (KB)
...
005 (10163960.000.000) 2025-11-30 17:30:12 Job terminated.
	(1) Normal termination (return value 127)
		Usr 0 00:04:14, Sys 0 00:00:05  -  Run Remote Usage
		Usr 0 00:00:00, Sys 0 00:00:00  -  Run Local Usage
		Usr 0 00:04:14, Sys 0 00:00:05  -  Total Remote Usage
		Usr 0 00:00:00, Sys 0 00:00:00  -  Total Local Usage
	0  -  Run Bytes Sent By Job
	0  -  Run Bytes Received By Job
	0  -  Total Bytes Sent By Job
	0  -  Total Bytes Received By Job
	Partitionable Resources :    Usage  Request Allocated 
	   Cpus                 :                 4         4 
	   Disk (KB)            :        2 20971520  23214654 
	   Memory (MB)          :      579    12288     12288 

	Job terminated of its own accord at 2025-11-30T16:30:12Z with exit-code 127.
...
