000 (10101429.000.000) 2025-11-18 10:10:20 Job submitted from host: <10.0.8.14:9618?addrs=10.0.8.14-9618&alias=head2.htc.inm7.de&noUDP&sock=schedd_317342_cb8b>
...
001 (10101429.000.000) 2025-11-18 10:10:20 Job executing on host: <10.0.9.43:9618?addrs=10.0.9.43-9618&alias=cpu43.htc.inm7.de&noUDP&sock=startd_4240_dda5>
...
006 (10101429.000.000) 2025-11-18 10:10:29 Image size of job updated: 856928
	401  -  MemoryUsage of job (MB)
	410148  -  ResidentSetSize of job (KB)
...
006 (10101429.000.000) 2025-11-18 10:12:44 Image size of job updated: 3851432
	1573  -  MemoryUsage of job (MB)
	1610184  -  ResidentSetSize of job (KB)
...
005 (10101429.000.000) 2025-11-18 10:12:44 Job terminated.
	(1) Normal termination (return value 0)
		Usr 0 00:06:52, Sys 0 00:00:06  -  Run Remote Usage
		Usr 0 00:00:00, Sys 0 00:00:00  -  Run Local Usage
		Usr 0 00:06:52, Sys 0 00:00:06  -  Total Remote Usage
		Usr 0 00:00:00, Sys 0 00:00:00  -  Total Local Usage
	0  -  Run Bytes Sent By Job
	0  -  Run Bytes Received By Job
	0  -  Total Bytes Sent By Job
	0  -  Total Bytes Received By Job
	Partitionable Resources :    Usage  Request Allocated 
	   Cpus                 :     3.70        4         4 
	   Disk (KB)            :     2    20971520  49659019 
	   Memory (MB)          :  1573       12288     12288 

	Job terminated of its own accord at 2025-11-18T09:12:44Z with exit-code 0.
...
