000 (10163966.000.000) 2025-11-30 19:04:23 Job submitted from host: <10.0.8.14:9618?addrs=10.0.8.14-9618&alias=head2.htc.inm7.de&noUDP&sock=schedd_317342_cb8b>
...
001 (10163966.000.000) 2025-11-30 19:04:23 Job executing on host: <10.0.9.29:9618?addrs=10.0.9.29-9618&alias=cpu29.htc.inm7.de&noUDP&sock=startd_3130_7f85>
...
006 (10163966.000.000) 2025-11-30 19:04:31 Image size of job updated: 3
	6  -  MemoryUsage of job (MB)
	5388  -  ResidentSetSize of job (KB)
...
006 (10163966.000.000) 2025-11-30 19:05:55 Image size of job updated: 1258920
	642  -  MemoryUsage of job (MB)
	656892  -  ResidentSetSize of job (KB)
...
005 (10163966.000.000) 2025-11-30 19:05:55 Job terminated.
	(1) Normal termination (return value 0)
		Usr 0 00:03:55, Sys 0 00:00:04  -  Run Remote Usage
		Usr 0 00:00:00, Sys 0 00:00:00  -  Run Local Usage
		Usr 0 00:03:55, Sys 0 00:00:04  -  Total Remote Usage
		Usr 0 00:00:00, Sys 0 00:00:00  -  Total Local Usage
	0  -  Run Bytes Sent By Job
	0  -  Run Bytes Received By Job
	0  -  Total Bytes Sent By Job
	0  -  Total Bytes Received By Job
	Partitionable Resources :    Usage  Request Allocated 
	   Cpus                 :                 4         4 
	   Disk (KB)            :        3 20971520  23214654 
	   Memory (MB)          :      642    12288     12288 

	Job terminated of its own accord at 2025-11-30T18:05:55Z with exit-code 0.
...
