000 (10101433.000.000) 2025-11-18 10:25:26 Job submitted from host: <10.0.8.14:9618?addrs=10.0.8.14-9618&alias=head2.htc.inm7.de&noUDP&sock=schedd_317342_cb8b>
...
001 (10101433.000.000) 2025-11-18 10:25:27 Job executing on host: <10.0.9.43:9618?addrs=10.0.9.43-9618&alias=cpu43.htc.inm7.de&noUDP&sock=startd_4240_dda5>
...
006 (10101433.000.000) 2025-11-18 10:25:35 Image size of job updated: 537584
	142  -  MemoryUsage of job (MB)
	144768  -  ResidentSetSize of job (KB)
...
006 (10101433.000.000) 2025-11-18 10:26:29 Image size of job updated: 3838228
	1626  -  MemoryUsage of job (MB)
	1664048  -  ResidentSetSize of job (KB)
...
005 (10101433.000.000) 2025-11-18 10:26:29 Job terminated.
	(1) Normal termination (return value 0)
		Usr 0 00:02:02, Sys 0 00:00:01  -  Run Remote Usage
		Usr 0 00:00:00, Sys 0 00:00:00  -  Run Local Usage
		Usr 0 00:02:02, Sys 0 00:00:01  -  Total Remote Usage
		Usr 0 00:00:00, Sys 0 00:00:00  -  Total Local Usage
	0  -  Run Bytes Sent By Job
	0  -  Run Bytes Received By Job
	0  -  Total Bytes Sent By Job
	0  -  Total Bytes Received By Job
	Partitionable Resources :    Usage  Request Allocated 
	   Cpus                 :     1.00        4         4 
	   Disk (KB)            :     2    20971520  49659019 
	   Memory (MB)          :  1626       12288     12288 

	Job terminated of its own accord at 2025-11-18T09:26:29Z with exit-code 0.
...
