===========================================
Starting Brain Connectivity Classification
===========================================
Current directory: /home/sjoon/projects/brain_connectivity_classifier
Running on host: cpu43
Start time: Sun Nov 16 09:27:22 AM CET 2025
===========================================

======================================================================
  LEAK-FREE BRAIN CONNECTIVITY CLASSIFICATION
======================================================================

Mode: FULL DATA
Config: config.yaml
Start: 2025-11-16 09:27:23

Configuration:
  Diagonal strategy: random
  C (regularization): 0.01
  CV folds: 3
  Random seed: 123

======================================================================
  STEP 1: Load Training Data (PIOP-2 Resting State)
======================================================================

✓ Loaded 224 subjects from PIOP2_restingstate.csv
  Subjects: 224
  Connections: 26796

======================================================================
  STEP 2: Train Classifier (Leak-Free Cross-Validation)
======================================================================

⚠️  IMPORTANT: Preprocessing happens INSIDE each CV fold
   → Statistics computed only on training fold
   → No information leakage to validation fold


============================================================
LEAK-FREE 3-FOLD CROSS-VALIDATION
============================================================
Total subjects: 224
Preprocessing: random

Fold 1/3:
  Train subjects: 149
  Val subjects: 75
    Train acc: 0.8147
    Val acc:   0.7361

Fold 2/3:
  Train subjects: 149
  Val subjects: 75
    Train acc: 0.8166
    Val acc:   0.7209

Fold 3/3:
  Train subjects: 150
  Val subjects: 74
    Train acc: 0.8167
    Val acc:   0.7255

============================================================
CV RESULTS:
  Train: 0.8160 ± 0.0009
  Val:   0.7275 ± 0.0064
============================================================


Training final model on all training data...
Final training accuracy: 0.8121
Trained on 51968 samples
Region list saved to data/processed/region_list.csv
✓ Model saved to models

======================================================================
  STEP 3: Evaluate on Training Data
======================================================================

Training accuracy: 0.8121
Total samples: 51968
✓ Saved: reports/tables/basic_analysis/error_map_rest.csv
✓ Saved: reports/tables/confusion_matrix/rest_random_raw.csv
✓ Saved: reports/tables/confusion_matrix/rest_random_normalized.csv
✓ Confusion matrices saved for rest_random set (raw & normalized)

======================================================================
  STEP 4: Apply to Task Data (PIOP-1 Gender Stroop)
======================================================================

✓ Loaded 200 subjects from PIOP1_gstroop.csv
Task prediction accuracy: 0.7048
Test subjects: 200
Test samples: 46400
✓ Saved: reports/tables/basic_analysis/error_map_task.csv
✓ Saved: reports/tables/confusion_matrix/task_random_raw.csv
✓ Saved: reports/tables/confusion_matrix/task_random_normalized.csv
✓ Confusion matrices saved for task_random set (raw & normalized)
✓ Saved: reports/tables/basic_analysis/comparison_rest_vs_task.csv

======================================================================
  STEP 5: Generate Visualizations
======================================================================

✓ Saved figure: reports/figures/basic_analysis/error_map_rest.png
✓ Generated: error_map_rest.png
✓ Saved figure: reports/figures/basic_analysis/error_map_task.png
✓ Generated: error_map_task.png
✓ Saved figure: reports/figures/basic_analysis/comparison_rest_vs_task.png
✓ Generated: comparison_rest_vs_task.png

Total figures: 3

======================================================================
  PIPELINE COMPLETE!
======================================================================


RESULTS SUMMARY
======================================================================

Data:
  Training subjects: 224
  Brain regions: 232
  Chance level: 0.0043

Model Configuration:
  Diagonal strategy: random
  Regularization (C): 0.01
  CV folds: 3
  max_iter: 1000
  

Cross-Validation Results (LEAK-FREE):
  Validation accuracy: 0.7275 ± 0.0064
  Training accuracy: 0.8160 ± 0.0009
  Improvement over chance: 168.8x

Final Training Accuracy: 0.8121

Task Data (Gender Stroop):
  Test subjects: 200
  Test accuracy: 0.7048

======================================================================

Output Locations:
  Models: models
  Tables: reports/tables/basic_analysis
  Figures: reports/figures/basic_analysis
  Predictions: data/processed

Execution Time: 1.7m
Completed: 2025-11-16 09:29:07

======================================================================

✅ Pipeline completed successfully!


===========================================
Pipeline finished!
End time: Sun Nov 16 09:29:07 AM CET 2025
Exit code: 0
===========================================
