000 (10175853.000.000) 2025-12-08 09:59:10 Job submitted from host: <10.0.8.14:9618?addrs=10.0.8.14-9618&alias=head2.htc.inm7.de&noUDP&sock=schedd_317342_cb8b>
...
001 (10175853.000.000) 2025-12-08 09:59:15 Job executing on host: <10.0.9.43:9618?addrs=10.0.9.43-9618&alias=cpu43.htc.inm7.de&noUDP&sock=startd_4240_dda5>
...
006 (10175853.000.000) 2025-12-08 09:59:24 Image size of job updated: 5
	6  -  MemoryUsage of job (MB)
	5536  -  ResidentSetSize of job (KB)
...
006 (10175853.000.000) 2025-12-08 10:04:25 Image size of job updated: 999808
	589  -  MemoryUsage of job (MB)
	602256  -  ResidentSetSize of job (KB)
...
006 (10175853.000.000) 2025-12-08 10:14:25 Image size of job updated: 1064876
	693  -  MemoryUsage of job (MB)
	708940  -  ResidentSetSize of job (KB)
...
006 (10175853.000.000) 2025-12-08 10:24:27 Image size of job updated: 1127396
	754  -  MemoryUsage of job (MB)
	771616  -  ResidentSetSize of job (KB)
...
005 (10175853.000.000) 2025-12-08 10:34:48 Job terminated.
	(1) Normal termination (return value 0)
		Usr 0 00:35:31, Sys 0 00:00:01  -  Run Remote Usage
		Usr 0 00:00:00, Sys 0 00:00:00  -  Run Local Usage
		Usr 0 00:35:31, Sys 0 00:00:01  -  Total Remote Usage
		Usr 0 00:00:00, Sys 0 00:00:00  -  Total Local Usage
	0  -  Run Bytes Sent By Job
	0  -  Run Bytes Received By Job
	0  -  Total Bytes Sent By Job
	0  -  Total Bytes Received By Job
	Partitionable Resources :    Usage  Request Allocated 
	   Cpus                 :     1.00        4         4 
	   Disk (KB)            :     5    20971520  49659019 
	   Memory (MB)          :   754       12288     12288 

	Job terminated of its own accord at 2025-12-08T09:34:47Z with exit-code 0.
...
