===========================================
Starting Brain Connectivity Classification
===========================================
Current directory: /home/sjoon/projects/brain_connectivity_classifier
Running on host: cpu43
Start time: Wed Nov 19 04:17:54 PM CET 2025
===========================================

======================================================================
  LEAK-FREE BRAIN CONNECTIVITY CLASSIFICATION
======================================================================

Mode: FULL DATA
Config: config.yaml
Start: 2025-11-19 16:17:55

Configuration:
  Diagonal strategy: sample_from_matrix
  C (regularization): 0.003
  CV folds: 3
  Random seed: 42
  Fisher Z transform: Enabled

======================================================================
  STEP 1: Load Training Data (PIOP-2 Resting State)
======================================================================

✓ Loaded 224 subjects from PIOP2_restingstate.csv
  Subjects: 224
  Connections: 26796

======================================================================
  STEP 2: Train Classifier (Leak-Free Cross-Validation)
======================================================================

⚠️  IMPORTANT: Preprocessing happens INSIDE each CV fold
   → Statistics computed only on training fold
   → No information leakage to validation fold
   → Fisher Z applied to correlation values (before scaling)


============================================================
LEAK-FREE 3-FOLD CROSS-VALIDATION
============================================================
Total subjects: 224
Preprocessing: sample_from_matrix

Fold 1/3:
  Train subjects: 149
  Val subjects: 75
    Train acc: 0.7502
    Val acc:   0.7036

Fold 2/3:
  Train subjects: 149
  Val subjects: 75
    Train acc: 0.7577
    Val acc:   0.6866

Fold 3/3:
  Train subjects: 150
  Val subjects: 74
    Train acc: 0.7532
    Val acc:   0.6951

============================================================
CV RESULTS:
  Train: 0.7537 ± 0.0031
  Val:   0.6951 ± 0.0069
============================================================


Training final model on all training data...
Final training accuracy: 0.7677
Trained on 51968 samples
Region list saved to data/processed/region_list.csv
✓ Model saved to models

======================================================================
  STEP 3: Evaluate on Training Data
======================================================================

Training accuracy: 0.7677
Total samples: 51968

⚠️  NOTE: Training accuracy (0.7677) >> CV validation accuracy (0.6951)
✓ Saved: reports/tables/basic_analysis/error_map_rest.csv
✓ Saved: reports/tables/confusion_matrix/rest_sample_from_matrix_raw.csv
✓ Saved: reports/tables/confusion_matrix/rest_sample_from_matrix_normalized.csv
✓ Confusion matrices saved for rest_sample_from_matrix set (raw & normalized)

======================================================================
  STEP 4: Apply to Task Data (PIOP-1 Gender Stroop)
======================================================================

✓ Loaded 200 subjects from PIOP1_gstroop.csv
Task prediction accuracy: 0.6757
Test subjects: 200
Test samples: 46400
✓ Saved: reports/tables/basic_analysis/error_map_task.csv
✓ Saved: reports/tables/confusion_matrix/task_sample_from_matrix_raw.csv
✓ Saved: reports/tables/confusion_matrix/task_sample_from_matrix_normalized.csv
✓ Confusion matrices saved for task_sample_from_matrix set (raw & normalized)
✓ Saved: reports/tables/basic_analysis/comparison_rest_vs_task.csv

======================================================================
  STEP 5: Generate Visualizations
======================================================================

✓ Saved figure: reports/figures/basic_analysis/error_map_rest.png
✓ Generated: error_map_rest.png
✓ Saved figure: reports/figures/basic_analysis/error_map_task.png
✓ Generated: error_map_task.png
✓ Saved figure: reports/figures/basic_analysis/comparison_rest_vs_task.png
✓ Generated: comparison_rest_vs_task.png

Total figures: 3

======================================================================
  PIPELINE COMPLETE!
======================================================================


RESULTS SUMMARY
======================================================================

Data:
  Training subjects: 224
  Brain regions: 232
  Chance level: 0.0043

Model Configuration:
  Diagonal strategy: sample_from_matrix
  Regularization (C): 0.003
  CV folds: 3
  Max iterations: 1000
  Fisher Z transform: Enabled
  

Cross-Validation Results (LEAK-FREE):
  Validation accuracy: 0.6951 ± 0.0069  
  Training accuracy: 0.7537 ± 0.0031  
  Improvement over chance: 161.3x

Final Training Accuracy: 0.7677  

Task Data (Gender Stroop):
  Test subjects: 200
  Test accuracy: 0.6757

======================================================================

Output Locations:
  Models: models
  Tables: reports/tables/basic_analysis
  Figures: reports/figures/basic_analysis
  Predictions: data/processed

Execution Time: 2.0m
Completed: 2025-11-19 16:19:57

======================================================================

✅ Pipeline completed successfully!

IMPORTANT NOTES:
• Training accuracy is higher due to overfitting - this is expected
• Fisher Z transformation was applied to correlation values


===========================================
Pipeline finished!
End time: Wed Nov 19 04:19:58 PM CET 2025
Exit code: 0
===========================================
