000 (10105270.000.000) 2025-11-19 11:17:56 Job submitted from host: <10.0.8.14:9618?addrs=10.0.8.14-9618&alias=head2.htc.inm7.de&noUDP&sock=schedd_317342_cb8b>
...
001 (10105270.000.000) 2025-11-19 11:17:56 Job executing on host: <10.0.9.43:9618?addrs=10.0.9.43-9618&alias=cpu43.htc.inm7.de&noUDP&sock=startd_4240_dda5>
...
006 (10105270.000.000) 2025-11-19 11:18:04 Image size of job updated: 2
	6  -  MemoryUsage of job (MB)
	5500  -  ResidentSetSize of job (KB)
...
006 (10105270.000.000) 2025-11-19 11:20:28 Image size of job updated: 4039612
	1697  -  MemoryUsage of job (MB)
	1736864  -  ResidentSetSize of job (KB)
...
005 (10105270.000.000) 2025-11-19 11:20:28 Job terminated.
	(1) Normal termination (return value 0)
		Usr 0 00:07:04, Sys 0 00:00:06  -  Run Remote Usage
		Usr 0 00:00:00, Sys 0 00:00:00  -  Run Local Usage
		Usr 0 00:07:04, Sys 0 00:00:06  -  Total Remote Usage
		Usr 0 00:00:00, Sys 0 00:00:00  -  Total Local Usage
	0  -  Run Bytes Sent By Job
	0  -  Run Bytes Received By Job
	0  -  Total Bytes Sent By Job
	0  -  Total Bytes Received By Job
	Partitionable Resources :    Usage  Request Allocated 
	   Cpus                 :     3.63        4         4 
	   Disk (KB)            :     2    20971520  49659019 
	   Memory (MB)          :  1697       12288     12288 

	Job terminated of its own accord at 2025-11-19T10:20:28Z with exit-code 0.
...
