000 (10101299.000.000) 2025-11-13 10:28:47 Job submitted from host: <10.0.8.14:9618?addrs=10.0.8.14-9618&alias=head2.htc.inm7.de&noUDP&sock=schedd_317342_cb8b>
...
001 (10101299.000.000) 2025-11-13 10:29:00 Job executing on host: <10.0.9.43:9618?addrs=10.0.9.43-9618&alias=cpu43.htc.inm7.de&noUDP&sock=startd_4240_dda5>
...
006 (10101299.000.000) 2025-11-13 10:29:08 Image size of job updated: 602544
	185  -  MemoryUsage of job (MB)
	188892  -  ResidentSetSize of job (KB)
...
006 (10101299.000.000) 2025-11-13 10:31:58 Image size of job updated: 4031508
	1471  -  MemoryUsage of job (MB)
	1505760  -  ResidentSetSize of job (KB)
...
005 (10101299.000.000) 2025-11-13 10:31:58 Job terminated.
	(1) Normal termination (return value 2)
		Usr 0 00:07:32, Sys 0 00:00:06  -  Run Remote Usage
		Usr 0 00:00:00, Sys 0 00:00:00  -  Run Local Usage
		Usr 0 00:07:32, Sys 0 00:00:06  -  Total Remote Usage
		Usr 0 00:00:00, Sys 0 00:00:00  -  Total Local Usage
	0  -  Run Bytes Sent By Job
	0  -  Run Bytes Received By Job
	0  -  Total Bytes Sent By Job
	0  -  Total Bytes Received By Job
	Partitionable Resources :    Usage  Request Allocated 
	   Cpus                 :     2.25        4         4 
	   Disk (KB)            :     2    20971520  49659019 
	   Memory (MB)          :  1471       12288     12288 

	Job terminated of its own accord at 2025-11-13T09:31:58Z with exit-code 2.
...
