===========================================
Starting Brain Connectivity Classification
===========================================
Current directory: /home/sjoon/projects/brain_connectivity_classifier
Running on host: cpu43
Start time: Fri Nov 21 10:25:22 PM CET 2025
===========================================

======================================================================
  LEAK-FREE BRAIN CONNECTIVITY CLASSIFICATION
======================================================================

Mode: FULL DATA
Config: config.yaml
Start: 2025-11-21 22:25:23

Configuration:
  Diagonal strategy: sample_from_matrix
  C (regularization): 0.002
  CV folds: 5
  Random seed: 42
  Fisher Z transform: Enabled

======================================================================
  STEP 1: Load Training Data (PIOP-2 Resting State)
======================================================================

✓ Loaded 224 subjects from PIOP2_restingstate.csv
  Subjects: 224
  Connections: 26796

======================================================================
  STEP 2: Train Classifier (Leak-Free Cross-Validation)
======================================================================

⚠️  IMPORTANT: Preprocessing happens INSIDE each CV fold
   → Statistics computed only on training fold
   → No information leakage to validation fold
   → Fisher Z applied to correlation values (before scaling)


============================================================
LEAK-FREE 5-FOLD CROSS-VALIDATION
============================================================
Total subjects: 224
Preprocessing: sample_from_matrix

Fold 1/5:
  Train subjects: 179
  Val subjects: 45
    Train acc: 0.7289
    Val acc:   0.6883

Fold 2/5:
  Train subjects: 179
  Val subjects: 45
    Train acc: 0.7295
    Val acc:   0.6937

Fold 3/5:
  Train subjects: 179
  Val subjects: 45
    Train acc: 0.7299
    Val acc:   0.6845

Fold 4/5:
  Train subjects: 179
  Val subjects: 45
    Train acc: 0.7302
    Val acc:   0.6897

Fold 5/5:
  Train subjects: 180
  Val subjects: 44
    Train acc: 0.7322
    Val acc:   0.6770

============================================================
CV RESULTS:
  Train: 0.7301 ± 0.0011
  Val:   0.6866 ± 0.0056
============================================================
✅ Collected 51968 validation predictions
   (Use these for unbiased rest vs task comparison)


Training final model on all training data...
Final training accuracy: 0.7404
Trained on 51968 samples

======================================================================
  STEP 2.5: Save CV Validation Predictions
======================================================================

CV validation accuracy (check): 0.6867
Expected from CV results: 0.6866
Match: True
✓ Saved CV validation predictions: 51968 samples
   File: data/processed/predictions_cv_validation.csv

⚠️  IMPORTANT: Use these predictions (not training predictions)
   as your resting-state baseline for rest vs task comparison!
✓ Saved: reports/tables/basic_analysis/error_map_cv_validation.csv
✓ Saved CV validation error map
   File: reports/tables/basic_analysis/error_map_cv_validation.csv
Region list saved to data/processed/region_list.csv
✓ Model saved to models

======================================================================
  STEP 3: Evaluate on Training Data
======================================================================

Training accuracy: 0.7404
Total samples: 51968

⚠️  NOTE: Training accuracy (0.7404) >> CV validation accuracy (0.6866)
✓ Saved: reports/tables/basic_analysis/error_map_rest.csv
✓ Saved: reports/tables/confusion_matrix/rest_sample_from_matrix_raw.csv
✓ Saved: reports/tables/confusion_matrix/rest_sample_from_matrix_normalized.csv
✓ Confusion matrices saved for rest_sample_from_matrix set (raw & normalized)

======================================================================
  STEP 4: Apply to Task Data (PIOP-1 Gender Stroop)
======================================================================

✓ Loaded 200 subjects from PIOP1_gstroop.csv
Task prediction accuracy: 0.6566
Test subjects: 200
Test samples: 46400
✓ Saved: reports/tables/basic_analysis/error_map_task.csv
✓ Saved: reports/tables/confusion_matrix/task_sample_from_matrix_raw.csv
✓ Saved: reports/tables/confusion_matrix/task_sample_from_matrix_normalized.csv
✓ Confusion matrices saved for task_sample_from_matrix set (raw & normalized)

⚠️  Using CV validation (not training) as rest baseline
✓ Saved: reports/tables/basic_analysis/comparison_cv_validation_vs_task.csv
✓ Saved: reports/tables/basic_analysis/comparison_training_vs_task.csv

======================================================================
  STEP 5: Generate Visualizations
======================================================================

✓ Saved figure: reports/figures/basic_analysis/error_map_rest.png
✓ Generated: error_map_rest.png
✓ Saved figure: reports/figures/basic_analysis/error_map_task.png
✓ Generated: error_map_task.png
✓ Saved figure: reports/figures/basic_analysis/comparison_cv_validation_vs_task.png
✓ Generated: comparison_cv_validation_vs_task.png
✓ Saved figure: reports/figures/basic_analysis/comparison_training_vs_task.png
✓ Generated: comparison_training_vs_task.png

Total figures: 4

======================================================================
  PIPELINE COMPLETE!
======================================================================


RESULTS SUMMARY
======================================================================

Data:
  Training subjects: 224
  Brain regions: 232
  Chance level: 0.0043

Model Configuration:
  Diagonal strategy: sample_from_matrix
  Regularization (C): 0.002
  CV folds: 5
  Max iterations: 1000
  Fisher Z transform: Enabled
  

Cross-Validation Results (LEAK-FREE):
  Validation accuracy: 0.6866 ± 0.0056  
  Training accuracy: 0.7301 ± 0.0011  
  Improvement over chance: 159.3x

Final Training Accuracy: 0.7404  

Task Data (Gender Stroop):
  Test subjects: 200
  Test accuracy: 0.6566

======================================================================

Output Locations:
  Models: models
  Tables: reports/tables/basic_analysis
  Figures: reports/figures/basic_analysis
  Predictions: data/processed

Execution Time: 2.3m
Completed: 2025-11-21 22:27:44

======================================================================

✅ Pipeline completed successfully!

IMPORTANT NOTES:
• Training accuracy is higher due to overfitting - this is expected
• Fisher Z transformation was applied to correlation values


===========================================
Pipeline finished!
End time: Fri Nov 21 10:27:44 PM CET 2025
Exit code: 0
===========================================
