=== FC Training | Host: cpu43 | Sat Jan 17 02:48:43 PM CET 2026 | CPUs: 32 ===
✓ Environment ready. Starting training...
2026-01-17 14:48:44,359 - __main__ - INFO - ================================================================================
2026-01-17 14:48:44,359 - __main__ - INFO - FULL CONNECTIVITY MULTINOMIAL CLASSIFICATION
2026-01-17 14:48:44,359 - __main__ - INFO - ================================================================================
2026-01-17 14:48:44,359 - __main__ - INFO - Optuna: 50 trials/fold, 100 for task
2026-01-17 14:48:44,359 - __main__ - INFO - ================================================================================
2026-01-17 14:48:44,359 - __main__ - INFO - 
================================================================================
2026-01-17 14:48:44,359 - __main__ - INFO - TRAINING FULL CONNECTIVITY
2026-01-17 14:48:44,359 - __main__ - INFO - ================================================================================

2026-01-17 14:48:44,359 - __main__ - INFO - Loading data...
✓ Schema valid: 224 subjects, 26796 connections
2026-01-17 14:48:48,540 - __main__ - INFO - Data: 224 subjects, 232 regions, shape=(224, 232, 232)
2026-01-17 14:48:48,541 - __main__ - INFO - 
================================================================================
2026-01-17 14:48:48,541 - __main__ - INFO - GLOBAL PREPROCESSING
2026-01-17 14:48:48,541 - __main__ - INFO - ================================================================================
2026-01-17 14:48:48,541 - __main__ - INFO - 
Applying diagonal imputation: region_mean
2026-01-17 14:48:48,554 - __main__ - INFO -   Original diagonal: [1.0000, 1.0000], mean=1.0000
2026-01-17 14:48:48,859 - __main__ - INFO -   New diagonal: [-0.1471, 0.2325], mean=0.0165
2026-01-17 14:48:48,859 - __main__ - INFO - 
Applying Fisher Z-transformation...
2026-01-17 14:48:49,115 - __main__ - INFO -   Range: [-1.3984, 2.0494], mean=0.0204, std=0.2909
2026-01-17 14:48:49,116 - __main__ - INFO - 
Preparing classification data...
2026-01-17 14:48:49,116 - __main__ - INFO - Samples: (51968, 232), Labels: (51968,), Classes: 232
2026-01-17 14:48:49,116 - __main__ - INFO - ✓ Preprocessing complete
2026-01-17 14:48:49,117 - __main__ - INFO - ================================================================================
2026-01-17 14:48:49,117 - __main__ - INFO - 
================================================================================
2026-01-17 14:48:49,117 - __main__ - INFO - CROSS-VALIDATION (5 folds)
2026-01-17 14:48:49,117 - __main__ - INFO - ================================================================================
2026-01-17 14:48:49,117 - __main__ - INFO - Optuna: 50 trials per fold (leak-free)
2026-01-17 14:48:49,131 - __main__ - INFO - 
================================================================================
2026-01-17 14:48:49,131 - __main__ - INFO - Fold 1/5
2026-01-17 14:48:49,131 - __main__ - INFO - ================================================================================
2026-01-17 14:48:49,147 - __main__ - INFO -   Train: 41528 samples (179 subjects)
2026-01-17 14:48:49,147 - __main__ - INFO -   Test: 10440 samples (45 subjects)
2026-01-17 14:48:49,147 - __main__ - INFO - 
  FOLD 1 - Hyperparameter Optimization (50 trials)
2026-01-17 14:48:49,147 - __main__ - INFO -   Samples: 41528, Features: 232, Classes: 232
2026-01-17 14:49:03,567 - __main__ - INFO -     Trial 1: C=0.0029 newton-cg -> 0.8591 (New Best)
2026-01-17 14:49:36,335 - __main__ - INFO -     Trial 2: C=0.0203 lbfgs -> 0.9107 (New Best)
2026-01-17 14:50:40,547 - __main__ - INFO -     Trial 5: C=0.0417 newton-cg -> 0.9195 (New Best)
2026-01-17 14:51:47,195 - __main__ - INFO -     Trial 9: C=0.0799 lbfgs -> 0.9218 (New Best)
2026-01-17 14:57:34,771 - __main__ - INFO -     Trial 24: C=0.3767 lbfgs -> 0.9247 (New Best)
2026-01-17 15:03:21,686 - __main__ - INFO -     Trial 38: C=0.3403 lbfgs -> 0.9339 (New Best)
2026-01-17 15:06:09,270 - __main__ - INFO -   Scaling & training (C=0.340307, lbfgs, max_iter=163)...
2026-01-17 15:06:09,271 - __main__ - INFO -   Scaling: Train (41528, 232), Test (10440, 232)
2026-01-17 15:06:09,438 - __main__ - INFO -   Train mean=-0.0000, Test mean=0.0020
2026-01-17 15:06:31,348 - __main__ - INFO -   ✓ Fold 1: Acc=0.9218, Time=1062.22s

2026-01-17 15:06:31,350 - __main__ - INFO - 
================================================================================
2026-01-17 15:06:31,350 - __main__ - INFO - Fold 2/5
2026-01-17 15:06:31,350 - __main__ - INFO - ================================================================================
2026-01-17 15:06:31,384 - __main__ - INFO -   Train: 41528 samples (179 subjects)
2026-01-17 15:06:31,384 - __main__ - INFO -   Test: 10440 samples (45 subjects)
2026-01-17 15:06:31,384 - __main__ - INFO - 
  FOLD 2 - Hyperparameter Optimization (50 trials)
2026-01-17 15:06:31,384 - __main__ - INFO -   Samples: 41528, Features: 232, Classes: 232
2026-01-17 15:06:48,181 - __main__ - INFO -     Trial 1: C=2.1846 lbfgs -> 0.9066 (New Best)
2026-01-17 15:07:02,358 - __main__ - INFO -     Trial 2: C=0.0274 newton-cg -> 0.9132 (New Best)
2026-01-17 15:07:23,970 - __main__ - INFO -     Trial 3: C=0.1095 lbfgs -> 0.9155 (New Best)
2026-01-17 15:07:36,726 - __main__ - INFO -     Trial 4: C=0.0514 newton-cg -> 0.9159 (New Best)
2026-01-17 15:08:07,720 - __main__ - INFO -     Trial 6: C=0.3526 newton-cg -> 0.9195 (New Best)
2026-01-17 15:09:03,812 - __main__ - INFO -     Trial 8: C=0.1786 lbfgs -> 0.9227 (New Best)
2026-01-17 15:13:12,189 - __main__ - INFO -     Trial 22: C=0.1424 newton-cg -> 0.9273 (New Best)
2026-01-17 15:20:41,732 - __main__ - INFO -   Scaling & training (C=0.142394, newton-cg, max_iter=156)...
2026-01-17 15:20:41,738 - __main__ - INFO -   Scaling: Train (41528, 232), Test (10440, 232)
2026-01-17 15:20:41,906 - __main__ - INFO -   Train mean=0.0000, Test mean=0.0136
2026-01-17 15:20:58,991 - __main__ - INFO -   ✓ Fold 2: Acc=0.9271, Time=867.64s

2026-01-17 15:20:58,994 - __main__ - INFO - 
================================================================================
2026-01-17 15:20:58,994 - __main__ - INFO - Fold 3/5
2026-01-17 15:20:58,994 - __main__ - INFO - ================================================================================
2026-01-17 15:20:59,049 - __main__ - INFO -   Train: 41528 samples (179 subjects)
2026-01-17 15:20:59,049 - __main__ - INFO -   Test: 10440 samples (45 subjects)
2026-01-17 15:20:59,049 - __main__ - INFO - 
  FOLD 3 - Hyperparameter Optimization (50 trials)
2026-01-17 15:20:59,049 - __main__ - INFO -   Samples: 41528, Features: 232, Classes: 232
2026-01-17 15:21:20,019 - __main__ - INFO -     Trial 1: C=9.0375 lbfgs -> 0.9109 (New Best)
2026-01-17 15:21:34,991 - __main__ - INFO -     Trial 2: C=0.0600 newton-cg -> 0.9193 (New Best)
2026-01-17 15:25:46,926 - __main__ - INFO -     Trial 15: C=0.1539 newton-cg -> 0.9198 (New Best)
Newton-CG iter = 0
  Check Convergence
    max |gradient| <= tol: 0.020075123205152933 <= 0.0001 False
Newton-CG iter = 1
  Check Convergence
    max |gradient| <= tol: 0.01696565126252822 <= 0.0001 False
Newton-CG iter = 2
  Check Convergence
    max |gradient| <= tol: 0.02503330763348383 <= 0.0001 False
Newton-CG iter = 3
  Check Convergence
    max |gradient| <= tol: 0.006386450149759083 <= 0.0001 False
Newton-CG iter = 4
  Check Convergence
    max |gradient| <= tol: 0.00509395270970594 <= 0.0001 False
Newton-CG iter = 5
  Check Convergence
    max |gradient| <= tol: 0.0028161130037682703 <= 0.0001 False
Newton-CG iter = 6
  Check Convergence
    max |gradient| <= tol: 0.0012008037952320365 <= 0.0001 False
Newton-CG iter = 7
  Check Convergence
    max |gradient| <= tol: 0.0005396309523509038 <= 0.0001 False
Newton-CG iter = 8
  Check Convergence
    max |gradient| <= tol: 0.00034228430930231476 <= 0.0001 False
Newton-CG iter = 9
  Check Convergence
    max |gradient| <= tol: 0.00015341760675151054 <= 0.0001 False
Newton-CG iter = 10
  Check Convergence
    max |gradient| <= tol: 4.948746472913032e-05 <= 0.0001 True
  Solver did converge at loss = 0.31583896163165937.
2026-01-17 15:26:24,167 - __main__ - INFO -     Trial 18: C=0.1760 newton-cg -> 0.9223 (New Best)
2026-01-17 15:28:23,781 - __main__ - INFO -     Trial 27: C=0.0335 newton-cg -> 0.9276 (New Best)
2026-01-17 15:37:10,628 - __main__ - INFO -   Scaling & training (C=0.033523, newton-cg, max_iter=495)...
2026-01-17 15:37:10,634 - __main__ - INFO -   Scaling: Train (41528, 232), Test (10440, 232)
2026-01-17 15:37:10,796 - __main__ - INFO -   Train mean=0.0000, Test mean=-0.0087
2026-01-17 15:37:31,567 - __main__ - INFO -   ✓ Fold 3: Acc=0.9211, Time=992.57s

2026-01-17 15:37:31,569 - __main__ - INFO - 
================================================================================
2026-01-17 15:37:31,569 - __main__ - INFO - Fold 4/5
2026-01-17 15:37:31,569 - __main__ - INFO - ================================================================================
2026-01-17 15:37:31,624 - __main__ - INFO -   Train: 41528 samples (179 subjects)
2026-01-17 15:37:31,624 - __main__ - INFO -   Test: 10440 samples (45 subjects)
2026-01-17 15:37:31,624 - __main__ - INFO - 
  FOLD 4 - Hyperparameter Optimization (50 trials)
2026-01-17 15:37:31,624 - __main__ - INFO -   Samples: 41528, Features: 232, Classes: 232
2026-01-17 15:37:44,437 - __main__ - INFO -     Trial 1: C=1.3656 newton-cg -> 0.9061 (New Best)
2026-01-17 15:37:59,542 - __main__ - INFO -     Trial 2: C=0.0179 newton-cg -> 0.9080 (New Best)
2026-01-17 15:38:19,420 - __main__ - INFO -     Trial 3: C=4.4760 lbfgs -> 0.9124 (New Best)
2026-01-17 15:41:01,391 - __main__ - INFO -     Trial 11: C=9.0968 lbfgs -> 0.9164 (New Best)
2026-01-17 15:42:21,176 - __main__ - INFO -     Trial 15: C=0.4667 lbfgs -> 0.9186 (New Best)
Newton-CG iter = 0
  Check Convergence
    max |gradient| <= tol: 0.019828851557624604 <= 0.0001 False
Newton-CG iter = 1
  Check Convergence
    max |gradient| <= tol: 0.022270658640527883 <= 0.0001 False
Newton-CG iter = 2
  Check Convergence
    max |gradient| <= tol: 0.025683702901152003 <= 0.0001 False
Newton-CG iter = 3
  Check Convergence
    max |gradient| <= tol: 0.013201540558262979 <= 0.0001 False
Newton-CG iter = 4
  Check Convergence
    max |gradient| <= tol: 0.0070666090377193465 <= 0.0001 False
Newton-CG iter = 5
  Check Convergence
    max |gradient| <= tol: 0.002553347639990439 <= 0.0001 False
Newton-CG iter = 6
  Check Convergence
    max |gradient| <= tol: 0.0009489648583797864 <= 0.0001 False
Newton-CG iter = 7
  Check Convergence
    max |gradient| <= tol: 0.0006204497535868428 <= 0.0001 False
Newton-CG iter = 8
  Check Convergence
    max |gradient| <= tol: 0.0003468094662967792 <= 0.0001 False
Newton-CG iter = 9
  Check Convergence
    max |gradient| <= tol: 0.00017180502268844376 <= 0.0001 False
Newton-CG iter = 10
  Check Convergence
    max |gradient| <= tol: 3.798977632832323e-05 <= 0.0001 True
  Solver did converge at loss = 0.7199575046703139.
2026-01-17 15:42:45,651 - __main__ - INFO -     Trial 16: C=0.2485 lbfgs -> 0.9221 (New Best)
2026-01-17 15:50:01,478 - __main__ - INFO -     Trial 36: C=0.0998 newton-cg -> 0.9234 (New Best)
2026-01-17 15:52:39,672 - __main__ - INFO -     Trial 46: C=0.1501 newton-cg -> 0.9249 (New Best)
2026-01-17 15:53:22,929 - __main__ - INFO -   Scaling & training (C=0.150112, newton-cg, max_iter=155)...
2026-01-17 15:53:22,929 - __main__ - INFO -   Scaling: Train (41528, 232), Test (10440, 232)
2026-01-17 15:53:23,071 - __main__ - INFO -   Train mean=0.0000, Test mean=-0.0023
2026-01-17 15:53:45,213 - __main__ - INFO -   ✓ Fold 4: Acc=0.9242, Time=973.64s

2026-01-17 15:53:45,219 - __main__ - INFO - 
================================================================================
2026-01-17 15:53:45,219 - __main__ - INFO - Fold 5/5
2026-01-17 15:53:45,219 - __main__ - INFO - ================================================================================
2026-01-17 15:53:45,274 - __main__ - INFO -   Train: 41760 samples (180 subjects)
2026-01-17 15:53:45,274 - __main__ - INFO -   Test: 10208 samples (44 subjects)
2026-01-17 15:53:45,274 - __main__ - INFO - 
  FOLD 5 - Hyperparameter Optimization (50 trials)
2026-01-17 15:53:45,275 - __main__ - INFO -   Samples: 41760, Features: 232, Classes: 232
2026-01-17 15:54:17,215 - __main__ - INFO -     Trial 1: C=0.0028 lbfgs -> 0.8484 (New Best)
2026-01-17 15:54:38,192 - __main__ - INFO -     Trial 2: C=0.6767 lbfgs -> 0.9028 (New Best)
2026-01-17 15:55:01,724 - __main__ - INFO -     Trial 3: C=0.6670 lbfgs -> 0.9119 (New Best)
2026-01-17 15:56:14,093 - __main__ - INFO -     Trial 6: C=6.5713 lbfgs -> 0.9183 (New Best)
2026-01-17 15:58:07,783 - __main__ - INFO -     Trial 12: C=0.0400 lbfgs -> 0.9285 (New Best)
Newton-CG iter = 0
  Check Convergence
    max |gradient| <= tol: 0.020068892480196568 <= 0.0001 False
Newton-CG iter = 1
  Check Convergence
    max |gradient| <= tol: 0.01594499604159672 <= 0.0001 False
Newton-CG iter = 2
  Check Convergence
    max |gradient| <= tol: 0.008508092211803939 <= 0.0001 False
Newton-CG iter = 3
  Check Convergence
    max |gradient| <= tol: 0.008095585051781437 <= 0.0001 False
Newton-CG iter = 4
  Check Convergence
    max |gradient| <= tol: 0.0029785120203751425 <= 0.0001 False
Newton-CG iter = 5
  Check Convergence
    max |gradient| <= tol: 0.0026852000839495778 <= 0.0001 False
Newton-CG iter = 6
  Check Convergence
    max |gradient| <= tol: 0.0008819393813009443 <= 0.0001 False
Newton-CG iter = 7
  Check Convergence
    max |gradient| <= tol: 0.0005583013605272613 <= 0.0001 False
Newton-CG iter = 8
  Check Convergence
    max |gradient| <= tol: 0.0001504273717304122 <= 0.0001 False
Newton-CG iter = 9
  Check Convergence
    max |gradient| <= tol: 0.00010603048798651373 <= 0.0001 False
Newton-CG iter = 10
  Check Convergence
    max |gradient| <= tol: 2.4125862619166856e-05 <= 0.0001 True
  Solver did converge at loss = 0.30510317235161033.
2026-01-17 16:12:22,571 - __main__ - INFO -   Scaling & training (C=0.039978, lbfgs, max_iter=102)...
2026-01-17 16:12:22,571 - __main__ - INFO -   Scaling: Train (41760, 232), Test (10208, 232)
2026-01-17 16:12:22,727 - __main__ - INFO -   Train mean=0.0000, Test mean=-0.0046
2026-01-17 16:12:55,196 - __main__ - INFO -   ✓ Fold 5: Acc=0.9179, Time=1149.98s

2026-01-17 16:12:55,202 - __main__ - INFO - ================================================================================
2026-01-17 16:12:55,202 - __main__ - INFO - CV completed in 5046.09s
2026-01-17 16:12:55,202 - __main__ - INFO - ================================================================================

2026-01-17 16:12:55,254 - __main__ - INFO - Computing metrics...
2026-01-17 16:12:55,958 - __main__ - INFO - 
================================================================================
2026-01-17 16:12:55,958 - __main__ - INFO - HYPERPARAMETER SUMMARY
2026-01-17 16:12:55,958 - __main__ - INFO - ================================================================================
2026-01-17 16:12:55,958 - __main__ - INFO -   Fold 1: C=0.340307, lbfgs, max_iter=163, val_acc=0.9339
2026-01-17 16:12:55,958 - __main__ - INFO -   Fold 2: C=0.142394, newton-cg, max_iter=156, val_acc=0.9273
2026-01-17 16:12:55,958 - __main__ - INFO -   Fold 3: C=0.033523, newton-cg, max_iter=495, val_acc=0.9276
2026-01-17 16:12:55,958 - __main__ - INFO -   Fold 4: C=0.150112, newton-cg, max_iter=155, val_acc=0.9249
2026-01-17 16:12:55,958 - __main__ - INFO -   Fold 5: C=0.039978, lbfgs, max_iter=102, val_acc=0.9285
2026-01-17 16:12:55,959 - __main__ - INFO - 
Aggregated: C=0.142394 (median), newton-cg (mode)
2026-01-17 16:12:55,959 - __main__ - INFO -   C range: [0.033523, 0.340307]
2026-01-17 16:12:55,959 - __main__ - INFO -   C mean±std: 0.141263 ± 0.110964
2026-01-17 16:12:55,959 - __main__ - INFO - ================================================================================

2026-01-17 16:12:55,959 - __main__ - INFO - 
================================================================================
2026-01-17 16:12:55,959 - __main__ - INFO - OVERALL CV RESULTS
2026-01-17 16:12:55,959 - __main__ - INFO - ================================================================================
2026-01-17 16:12:55,959 - __main__ - INFO - Accuracy: 0.9225
2026-01-17 16:12:55,959 - __main__ - INFO - Top-3/5/10: 0.9714632081280788 / 0.9823352832512315 / 0.9911483990147784
2026-01-17 16:12:55,959 - __main__ - INFO - 
Hyperparams: C=0.142394, newton-cg, max_iter=163
2026-01-17 16:12:55,959 - __main__ - INFO - ================================================================================

2026-01-17 16:12:55,959 - __main__ - INFO - Computing per-region & network metrics...
2026-01-17 16:12:56,019 - __main__ - INFO - Saving results...
2026-01-17 16:12:56,234 - __main__ - INFO - Results saved to: /home/sjoon/projects/brain_connectivity_classifier/data/results/full_connectivity_analysis/multinomial
2026-01-17 16:12:56,234 - __main__ - INFO - 
================================================================================
2026-01-17 16:12:56,234 - __main__ - INFO - FINAL OPTUNA OPTIMIZATION ON FULL REST DATA
2026-01-17 16:12:56,234 - __main__ - INFO - ================================================================================
2026-01-17 16:12:56,234 - __main__ - INFO - Running 100 trials for task testing parameters...
2026-01-17 16:52:36,069 - __main__ - INFO - 
Best: C=0.162364, lbfgs, max_iter=110
2026-01-17 16:52:36,086 - __main__ - INFO - Validation accuracy: 0.9347, Time: 2379.83s
2026-01-17 16:52:36,086 - __main__ - INFO - ================================================================================

2026-01-17 16:52:36,087 - __main__ - INFO - 
================================================================================
2026-01-17 16:52:36,087 - __main__ - INFO - TESTING ON TASK DATA (GENDER STROOP)
2026-01-17 16:52:36,087 - __main__ - INFO - ================================================================================
2026-01-17 16:52:36,087 - __main__ - INFO - Training on ALL rest data: C=0.1624, lbfgs, max_iter=110

2026-01-17 16:52:36,087 - __main__ - INFO - Loading task data...
✓ Schema valid: 200 subjects, 26796 connections
2026-01-17 16:52:37,903 - __main__ - INFO -   Task: 200 subjects
2026-01-17 16:52:40,107 - __main__ - INFO - 
Applying diagonal imputation: region_mean
2026-01-17 16:52:40,122 - __main__ - INFO -   Original diagonal: [1.0000, 1.0000], mean=1.0000
2026-01-17 16:52:40,394 - __main__ - INFO -   New diagonal: [-0.1952, 0.3499], mean=0.0157
2026-01-17 16:52:40,395 - __main__ - INFO - 
Applying Fisher Z-transformation...
2026-01-17 16:52:40,627 - __main__ - INFO -   Range: [-1.3363, 1.9912], mean=0.0189, std=0.2751
2026-01-17 16:52:40,629 - __main__ - INFO - 
Training final model...
2026-01-17 16:53:02,467 - __main__ - INFO -   Trained in 21.73s
2026-01-17 16:53:03,369 - __main__ - INFO -   Rest accuracy: 0.9918
2026-01-17 16:53:03,369 - __main__ - INFO - 
Testing on task data...
2026-01-17 16:53:04,290 - __main__ - INFO - 
================================================================================
2026-01-17 16:53:04,290 - __main__ - INFO - TASK TESTING RESULTS
2026-01-17 16:53:04,290 - __main__ - INFO - ================================================================================
2026-01-17 16:53:04,290 - __main__ - INFO - Rest accuracy: 0.9918
2026-01-17 16:53:04,290 - __main__ - INFO - Task accuracy: 0.8915
2026-01-17 16:53:04,290 - __main__ - INFO - Accuracy drop: 0.1003 (10.1%)
2026-01-17 16:53:04,290 - __main__ - INFO - Task top-3/5/10: 0.9575 / 0.9725 / 0.9853
2026-01-17 16:53:04,291 - __main__ - INFO - Best network: DefaultC (0.9597)
2026-01-17 16:53:04,291 - __main__ - INFO - ================================================================================

2026-01-17 16:53:04,299 - __main__ - INFO - 
================================================================================
2026-01-17 16:53:04,299 - __main__ - INFO - COMPLETED
2026-01-17 16:53:04,299 - __main__ - INFO - ================================================================================
2026-01-17 16:53:04,300 - __main__ - INFO - CV Acc: 0.9225
2026-01-17 16:53:04,300 - __main__ - INFO - Top-3/5/10: 0.9714632081280788 / 0.9823352832512315 / 0.9911483990147784
2026-01-17 16:53:04,300 - __main__ - INFO - Ref params: C=0.1424, newton-cg, max_iter=163
2026-01-17 16:53:04,300 - __main__ - INFO - 
Task: 0.8915 (drop=0.1003)
2026-01-17 16:53:04,300 - __main__ - INFO - Top-5: 0.9725
2026-01-17 16:53:04,300 - __main__ - INFO - 
Saved: /home/sjoon/projects/brain_connectivity_classifier/data/results/full_connectivity_analysis/multinomial
2026-01-17 16:53:04,300 - __main__ - INFO - ================================================================================

==========================================
✓ Training completed successfully

Duration: 7461 seconds (124 minutes)
Completed: Sat Jan 17 04:53:04 PM CET 2026
==========================================
