000 (10224619.000.000) 2026-01-04 17:46:58 Job submitted from host: <10.0.8.14:9618?addrs=10.0.8.14-9618&alias=head2.htc.inm7.de&noUDP&sock=schedd_317342_cb8b>
...
001 (10224619.000.000) 2026-01-04 17:46:58 Job executing on host: <10.0.9.43:9618?addrs=10.0.9.43-9618&alias=cpu43.htc.inm7.de&noUDP&sock=startd_4240_dda5>
...
006 (10224619.000.000) 2026-01-04 17:47:07 Image size of job updated: 2719832
	383  -  MemoryUsage of job (MB)
	391948  -  ResidentSetSize of job (KB)
...
006 (10224619.000.000) 2026-01-04 17:50:24 Image size of job updated: 5324020
	622  -  MemoryUsage of job (MB)
	635964  -  ResidentSetSize of job (KB)
...
005 (10224619.000.000) 2026-01-04 17:50:24 Job terminated.
	(1) Normal termination (return value 0)
		Usr 0 00:15:00, Sys 0 00:00:02  -  Run Remote Usage
		Usr 0 00:00:00, Sys 0 00:00:00  -  Run Local Usage
		Usr 0 00:15:00, Sys 0 00:00:02  -  Total Remote Usage
		Usr 0 00:00:00, Sys 0 00:00:00  -  Total Local Usage
	0  -  Run Bytes Sent By Job
	0  -  Run Bytes Received By Job
	0  -  Total Bytes Sent By Job
	0  -  Total Bytes Received By Job
	Partitionable Resources :    Usage  Request Allocated 
	   Cpus                 :     1.00       32        32 
	   Disk (KB)            :     2     5242880  24829510 
	   Memory (MB)          :   622      131072    131072 

	Job terminated of its own accord at 2026-01-04T16:50:24Z with exit-code 0.
...
000 (10224650.000.000) 2026-01-04 23:51:34 Job submitted from host: <10.0.8.14:9618?addrs=10.0.8.14-9618&alias=head2.htc.inm7.de&noUDP&sock=schedd_317342_cb8b>
...
001 (10224650.000.000) 2026-01-04 23:51:48 Job executing on host: <10.0.9.43:9618?addrs=10.0.9.43-9618&alias=cpu43.htc.inm7.de&noUDP&sock=startd_4240_dda5>
...
006 (10224650.000.000) 2026-01-04 23:51:56 Image size of job updated: 2705016
	313  -  MemoryUsage of job (MB)
	319600  -  ResidentSetSize of job (KB)
...
006 (10224650.000.000) 2026-01-04 23:56:56 Image size of job updated: 3201444
	906  -  MemoryUsage of job (MB)
	926800  -  ResidentSetSize of job (KB)
...
006 (10224650.000.000) 2026-01-05 00:01:56 Image size of job updated: 3201444
	906  -  MemoryUsage of job (MB)
	926896  -  ResidentSetSize of job (KB)
...
006 (10224650.000.000) 2026-01-05 00:26:59 Image size of job updated: 3275592
	979  -  MemoryUsage of job (MB)
	1001932  -  ResidentSetSize of job (KB)
...
006 (10224650.000.000) 2026-01-05 00:42:01 Image size of job updated: 3340380
	981  -  MemoryUsage of job (MB)
	1003684  -  ResidentSetSize of job (KB)
...
006 (10224650.000.000) 2026-01-05 00:47:01 Image size of job updated: 3340380
	1052  -  MemoryUsage of job (MB)
	1077028  -  ResidentSetSize of job (KB)
...
006 (10224650.000.000) 2026-01-05 03:22:19 Image size of job updated: 3652372
	1052  -  MemoryUsage of job (MB)
	1077028  -  ResidentSetSize of job (KB)
...
006 (10224650.000.000) 2026-01-05 03:27:20 Image size of job updated: 48610092
	3412  -  MemoryUsage of job (MB)
	3493080  -  ResidentSetSize of job (KB)
...
006 (10224650.000.000) 2026-01-05 03:28:19 Image size of job updated: 52015744
	4663  -  MemoryUsage of job (MB)
	4774852  -  ResidentSetSize of job (KB)
...
005 (10224650.000.000) 2026-01-05 03:28:19 Job terminated.
	(1) Normal termination (return value 0)
		Usr 0 09:15:04, Sys 0 00:02:05  -  Run Remote Usage
		Usr 0 00:00:00, Sys 0 00:00:00  -  Run Local Usage
		Usr 0 09:15:04, Sys 0 00:02:05  -  Total Remote Usage
		Usr 0 00:00:00, Sys 0 00:00:00  -  Total Local Usage
	0  -  Run Bytes Sent By Job
	0  -  Run Bytes Received By Job
	0  -  Total Bytes Sent By Job
	0  -  Total Bytes Received By Job
	Partitionable Resources :    Usage  Request Allocated 
	   Cpus                 :    26.87       32        32 
	   Disk (KB)            :     2     5242880  24829510 
	   Memory (MB)          :  4663      131072    131072 

	Job terminated of its own accord at 2026-01-05T02:28:19Z with exit-code 0.
...
