000 (10224103.000.000) 2025-12-20 00:28:25 Job submitted from host: <10.0.8.14:9618?addrs=10.0.8.14-9618&alias=head2.htc.inm7.de&noUDP&sock=schedd_317342_cb8b>
...
001 (10224103.000.000) 2025-12-20 00:28:25 Job executing on host: <10.0.9.43:9618?addrs=10.0.9.43-9618&alias=cpu43.htc.inm7.de&noUDP&sock=startd_4240_dda5>
...
006 (10224103.000.000) 2025-12-20 00:28:33 Image size of job updated: 2
	6  -  MemoryUsage of job (MB)
	5536  -  ResidentSetSize of job (KB)
...
006 (10224103.000.000) 2025-12-20 00:33:33 Image size of job updated: 2502668
	2228  -  MemoryUsage of job (MB)
	2280932  -  ResidentSetSize of job (KB)
...
006 (10224103.000.000) 2025-12-20 00:38:34 Image size of job updated: 2507788
	2233  -  MemoryUsage of job (MB)
	2285924  -  ResidentSetSize of job (KB)
...
006 (10224103.000.000) 2025-12-20 00:43:35 Image size of job updated: 2512908
	2238  -  MemoryUsage of job (MB)
	2290916  -  ResidentSetSize of job (KB)
...
006 (10224103.000.000) 2025-12-20 00:48:35 Image size of job updated: 2518028
	2243  -  MemoryUsage of job (MB)
	2295908  -  ResidentSetSize of job (KB)
...
006 (10224103.000.000) 2025-12-20 00:53:35 Image size of job updated: 2523148
	2248  -  MemoryUsage of job (MB)
	2301284  -  ResidentSetSize of job (KB)
...
006 (10224103.000.000) 2025-12-20 00:58:36 Image size of job updated: 2528268
	2252  -  MemoryUsage of job (MB)
	2305892  -  ResidentSetSize of job (KB)
...
006 (10224103.000.000) 2025-12-20 01:03:36 Image size of job updated: 2533388
	2257  -  MemoryUsage of job (MB)
	2310884  -  ResidentSetSize of job (KB)
...
006 (10224103.000.000) 2025-12-20 01:08:36 Image size of job updated: 2538508
	2262  -  MemoryUsage of job (MB)
	2315876  -  ResidentSetSize of job (KB)
...
006 (10224103.000.000) 2025-12-20 01:13:37 Image size of job updated: 2543628
	2267  -  MemoryUsage of job (MB)
	2321252  -  ResidentSetSize of job (KB)
...
006 (10224103.000.000) 2025-12-20 01:18:38 Image size of job updated: 2545676
	2267  -  MemoryUsage of job (MB)
	2321252  -  ResidentSetSize of job (KB)
...
006 (10224103.000.000) 2025-12-20 02:03:42 Image size of job updated: 3101064
	2267  -  MemoryUsage of job (MB)
	2321252  -  ResidentSetSize of job (KB)
...
005 (10224103.000.000) 2025-12-20 03:17:50 Job terminated.
	(1) Normal termination (return value 0)
		Usr 0 02:49:18, Sys 0 00:00:04  -  Run Remote Usage
		Usr 0 00:00:00, Sys 0 00:00:00  -  Run Local Usage
		Usr 0 02:49:18, Sys 0 00:00:04  -  Total Remote Usage
		Usr 0 00:00:00, Sys 0 00:00:00  -  Total Local Usage
	0  -  Run Bytes Sent By Job
	0  -  Run Bytes Received By Job
	0  -  Total Bytes Sent By Job
	0  -  Total Bytes Received By Job
	Partitionable Resources :    Usage  Request Allocated 
	   Cpus                 :     1.00        4         4 
	   Disk (KB)            :     2     5242880  24829510 
	   Memory (MB)          :  2267       16384     16384 

	Job terminated of its own accord at 2025-12-20T02:17:50Z with exit-code 0.
...
