=== FC Training | Host: cpu30 | Fri Jan 23 05:13:24 PM CET 2026 | CPUs: 8 ===
✓ Environment ready. Starting training...
2026-01-23 17:13:25,829 - __main__ - INFO - ================================================================================
2026-01-23 17:13:25,829 - __main__ - INFO - CONFIGURATION
2026-01-23 17:13:25,829 - __main__ - INFO - ================================================================================
2026-01-23 17:13:25,829 - __main__ - INFO -   Rest data: /home/sjoon/projects/brain_connectivity_classifier/data/raw/PIOP2_restingstate.csv
2026-01-23 17:13:25,829 - __main__ - INFO -   Task data: /home/sjoon/projects/brain_connectivity_classifier/data/raw/PIOP1_gstroop.csv
2026-01-23 17:13:25,829 - __main__ - INFO -   Output dir: /home/sjoon/projects/brain_connectivity_classifier/data/results/full_connectivity_analysis
2026-01-23 17:13:25,829 - __main__ - INFO -   Diagonal strategy: random
2026-01-23 17:13:25,829 - __main__ - INFO -   N folds: 5
2026-01-23 17:13:25,829 - __main__ - INFO -   Tune hyperparams: True
2026-01-23 17:13:25,829 - __main__ - INFO -   Test on task: True
2026-01-23 17:13:25,829 - __main__ - INFO -   N jobs: 8
2026-01-23 17:13:25,829 - __main__ - INFO -   Optuna N jobs: 1
2026-01-23 17:13:25,829 - __main__ - INFO - ================================================================================

2026-01-23 17:13:25,830 - __main__ - INFO - 
================================================================================
2026-01-23 17:13:25,830 - __main__ - INFO - TRAINING FULL CONNECTIVITY - ONE-VS-REST
2026-01-23 17:13:25,830 - __main__ - INFO - ================================================================================

2026-01-23 17:13:25,830 - __main__ - INFO - Loading resting-state data...
✓ Schema valid: 224 subjects, 26796 connections
2026-01-23 17:13:31,511 - __main__ - INFO - 
Clipping off-diagonal values to [-0.999, 0.999]
2026-01-23 17:13:31,542 - __main__ - INFO - Data: 224 subjects, 232 regions
2026-01-23 17:13:31,542 - __main__ - INFO - Diagonal strategy: random
2026-01-23 17:13:31,543 - __main__ - INFO - 
================================================================================
2026-01-23 17:13:31,543 - __main__ - INFO - CROSS-VALIDATION (5 folds)
2026-01-23 17:13:31,543 - __main__ - INFO - ================================================================================
2026-01-23 17:13:31,560 - __main__ - INFO - 
================================================================================
2026-01-23 17:13:31,560 - __main__ - INFO - Fold 1/5
2026-01-23 17:13:31,560 - __main__ - INFO - ================================================================================
2026-01-23 17:13:31,574 - __main__ - INFO -   Train: 179 subjects
2026-01-23 17:13:31,574 - __main__ - INFO -   Test:  45 subjects
2026-01-23 17:13:31,618 - __main__ - INFO -   Random imputation seeds: train=1042, test=2042
2026-01-23 17:13:32,044 - __main__ - INFO - 
  Hyperparameter optimization for Fold 1
2026-01-23 17:13:32,044 - __main__ - INFO -     40 trials, each training 232 classifiers
2026-01-23 17:25:24,611 - __main__ - INFO -       Trial 1/40: C=0.004328, sag → 0.7460 ⭐ New Best!
2026-01-23 17:28:09,123 - __main__ - INFO -       Trial 2/40: C=0.001841, saga → 0.7233
2026-01-23 17:35:46,621 - __main__ - INFO -       Trial 3/40: C=0.001084, sag → 0.6613
2026-01-23 17:47:39,243 - __main__ - INFO -       Trial 4/40: C=0.002049, saga → 0.7196
2026-01-23 17:56:27,028 - __main__ - INFO -       Trial 5/40: C=0.010953, saga → 0.7646 ⭐ New Best!
2026-01-23 18:38:48,585 - __main__ - INFO -       Trial 6/40: C=0.021577, saga → 0.7603
2026-01-23 18:40:06,111 - __main__ - INFO -       Trial 7/40: C=0.010770, sag → 0.7271
2026-01-23 18:47:10,522 - __main__ - INFO -       Trial 8/40: C=0.023629, sag → 0.7567
2026-01-23 18:55:30,007 - __main__ - INFO -       Trial 9/40: C=0.001612, sag → 0.6800
2026-01-23 19:20:38,668 - __main__ - INFO -       Trial 10/40: C=0.013354, saga → 0.7550
2026-01-23 19:26:55,778 - __main__ - INFO -       Trial 11/40: C=0.042042, saga → 0.7511
2026-01-23 19:56:43,119 - __main__ - INFO -       Trial 12/40: C=0.005398, saga → 0.7421
2026-01-23 20:05:47,226 - __main__ - INFO -       Trial 13/40: C=0.021447, saga → 0.7647 ⭐ New Best!
2026-01-23 20:12:54,433 - __main__ - INFO -       Trial 14/40: C=0.009904, saga → 0.7654 ⭐ New Best!
2026-01-23 20:19:19,276 - __main__ - INFO -       Trial 15/40: C=0.044164, saga → 0.7534
2026-01-23 20:22:15,625 - __main__ - INFO -       Trial 16/40: C=0.021130, saga → 0.7687 ⭐ New Best!
2026-01-23 20:23:38,510 - __main__ - INFO -       Trial 17/40: C=0.003724, saga → 0.7451
2026-01-23 20:25:47,170 - __main__ - INFO -       Trial 18/40: C=0.007587, saga → 0.7459
2026-01-23 20:28:37,022 - __main__ - INFO -       Trial 19/40: C=0.015146, saga → 0.7638
2026-01-23 20:36:16,278 - __main__ - INFO -       Trial 20/40: C=0.030804, saga → 0.7615
