000 (10214525.000.000) 2025-12-14 02:18:47 Job submitted from host: <10.0.8.14:9618?addrs=10.0.8.14-9618&alias=head2.htc.inm7.de&noUDP&sock=schedd_317342_cb8b>
...
001 (10214525.000.000) 2025-12-14 02:18:48 Job executing on host: <10.0.9.44:9618?addrs=10.0.9.44-9618&alias=cpu44.htc.inm7.de&noUDP&sock=startd_4087_eba8>
...
006 (10214525.000.000) 2025-12-14 02:18:48 Image size of job updated: 2
	6  -  MemoryUsage of job (MB)
	5424  -  ResidentSetSize of job (KB)
...
005 (10214525.000.000) 2025-12-14 02:18:48 Job terminated.
	(1) Normal termination (return value 1)
		Usr 0 00:00:00, Sys 0 00:00:00  -  Run Remote Usage
		Usr 0 00:00:00, Sys 0 00:00:00  -  Run Local Usage
		Usr 0 00:00:00, Sys 0 00:00:00  -  Total Remote Usage
		Usr 0 00:00:00, Sys 0 00:00:00  -  Total Local Usage
	0  -  Run Bytes Sent By Job
	0  -  Run Bytes Received By Job
	0  -  Total Bytes Sent By Job
	0  -  Total Bytes Received By Job
	Partitionable Resources :    Usage  Request Allocated 
	   Cpus                 :                32        32 
	   Disk (KB)            :        2  5242880  24829514 
	   Memory (MB)          :        6   131072    131072 

	Job terminated of its own accord at 2025-12-14T01:18:48Z with exit-code 1.
...
000 (10214526.000.000) 2025-12-14 02:21:05 Job submitted from host: <10.0.8.14:9618?addrs=10.0.8.14-9618&alias=head2.htc.inm7.de&noUDP&sock=schedd_317342_cb8b>
...
001 (10214526.000.000) 2025-12-14 02:21:07 Job executing on host: <10.0.9.44:9618?addrs=10.0.9.44-9618&alias=cpu44.htc.inm7.de&noUDP&sock=startd_4087_eba8>
...
006 (10214526.000.000) 2025-12-14 02:21:09 Image size of job updated: 2
	6  -  MemoryUsage of job (MB)
	5552  -  ResidentSetSize of job (KB)
...
005 (10214526.000.000) 2025-12-14 02:21:09 Job terminated.
	(1) Normal termination (return value 2)
		Usr 0 00:00:00, Sys 0 00:00:00  -  Run Remote Usage
		Usr 0 00:00:00, Sys 0 00:00:00  -  Run Local Usage
		Usr 0 00:00:00, Sys 0 00:00:00  -  Total Remote Usage
		Usr 0 00:00:00, Sys 0 00:00:00  -  Total Local Usage
	0  -  Run Bytes Sent By Job
	0  -  Run Bytes Received By Job
	0  -  Total Bytes Sent By Job
	0  -  Total Bytes Received By Job
	Partitionable Resources :    Usage  Request Allocated 
	   Cpus                 :                32        32 
	   Disk (KB)            :        2  5242880  24829514 
	   Memory (MB)          :        6   131072    131072 

	Job terminated of its own accord at 2025-12-14T01:21:09Z with exit-code 2.
...
000 (10214527.000.000) 2025-12-14 02:22:10 Job submitted from host: <10.0.8.14:9618?addrs=10.0.8.14-9618&alias=head2.htc.inm7.de&noUDP&sock=schedd_317342_cb8b>
...
001 (10214527.000.000) 2025-12-14 02:22:28 Job executing on host: <10.0.9.44:9618?addrs=10.0.9.44-9618&alias=cpu44.htc.inm7.de&noUDP&sock=startd_4087_eba8>
...
006 (10214527.000.000) 2025-12-14 02:22:37 Image size of job updated: 1194716
	31  -  MemoryUsage of job (MB)
	30948  -  ResidentSetSize of job (KB)
...
006 (10214527.000.000) 2025-12-14 02:27:38 Image size of job updated: 2560876
	200  -  MemoryUsage of job (MB)
	203784  -  ResidentSetSize of job (KB)
...
006 (10214527.000.000) 2025-12-14 02:31:40 Image size of job updated: 5219268
	200  -  MemoryUsage of job (MB)
	203784  -  ResidentSetSize of job (KB)
...
005 (10214527.000.000) 2025-12-14 02:31:40 Job terminated.
	(1) Normal termination (return value 0)
		Usr 0 00:14:35, Sys 0 00:00:04  -  Run Remote Usage
		Usr 0 00:00:00, Sys 0 00:00:00  -  Run Local Usage
		Usr 0 00:14:35, Sys 0 00:00:04  -  Total Remote Usage
		Usr 0 00:00:00, Sys 0 00:00:00  -  Total Local Usage
	0  -  Run Bytes Sent By Job
	0  -  Run Bytes Received By Job
	0  -  Total Bytes Sent By Job
	0  -  Total Bytes Received By Job
	Partitionable Resources :    Usage  Request Allocated 
	   Cpus                 :     0.01       32        32 
	   Disk (KB)            :     2     5242880  24829514 
	   Memory (MB)          :   200      131072    131072 

	Job terminated of its own accord at 2025-12-14T01:31:40Z with exit-code 0.
...
000 (10214528.000.000) 2025-12-14 02:32:57 Job submitted from host: <10.0.8.14:9618?addrs=10.0.8.14-9618&alias=head2.htc.inm7.de&noUDP&sock=schedd_317342_cb8b>
...
001 (10214528.000.000) 2025-12-14 02:32:58 Job executing on host: <10.0.9.44:9618?addrs=10.0.9.44-9618&alias=cpu44.htc.inm7.de&noUDP&sock=startd_4087_eba8>
...
006 (10214528.000.000) 2025-12-14 02:33:07 Image size of job updated: 1194892
	32  -  MemoryUsage of job (MB)
	31856  -  ResidentSetSize of job (KB)
...
006 (10214528.000.000) 2025-12-14 02:38:08 Image size of job updated: 2557396
	196  -  MemoryUsage of job (MB)
	200140  -  ResidentSetSize of job (KB)
...
006 (10214528.000.000) 2025-12-14 02:43:09 Image size of job updated: 3200224
	902  -  MemoryUsage of job (MB)
	923364  -  ResidentSetSize of job (KB)
...
006 (10214528.000.000) 2025-12-14 02:48:09 Image size of job updated: 3200224
	903  -  MemoryUsage of job (MB)
	923748  -  ResidentSetSize of job (KB)
...
006 (10214528.000.000) 2025-12-14 03:13:12 Image size of job updated: 3263804
	977  -  MemoryUsage of job (MB)
	1000344  -  ResidentSetSize of job (KB)
...
006 (10214528.000.000) 2025-12-14 03:28:13 Image size of job updated: 3349728
	1027  -  MemoryUsage of job (MB)
	1051152  -  ResidentSetSize of job (KB)
...
006 (10214528.000.000) 2025-12-14 03:33:14 Image size of job updated: 3349728
	1050  -  MemoryUsage of job (MB)
	1075160  -  ResidentSetSize of job (KB)
...
006 (10214528.000.000) 2025-12-14 06:08:29 Image size of job updated: 3726508
	1050  -  MemoryUsage of job (MB)
	1075160  -  ResidentSetSize of job (KB)
...
006 (10214528.000.000) 2025-12-14 06:13:30 Image size of job updated: 42942336
	1962  -  MemoryUsage of job (MB)
	2008560  -  ResidentSetSize of job (KB)
...
006 (10214528.000.000) 2025-12-14 06:18:31 Image size of job updated: 45492296
	1962  -  MemoryUsage of job (MB)
	2008560  -  ResidentSetSize of job (KB)
...
006 (10214528.000.000) 2025-12-14 06:23:31 Image size of job updated: 47040524
	2687  -  MemoryUsage of job (MB)
	2750844  -  ResidentSetSize of job (KB)
...
006 (10214528.000.000) 2025-12-14 06:27:51 Image size of job updated: 47465344
	2687  -  MemoryUsage of job (MB)
	2750844  -  ResidentSetSize of job (KB)
...
005 (10214528.000.000) 2025-12-14 06:27:51 Job terminated.
	(1) Normal termination (return value 0)
		Usr 0 09:39:59, Sys 0 00:02:23  -  Run Remote Usage
		Usr 0 00:00:00, Sys 0 00:00:00  -  Run Local Usage
		Usr 0 09:39:59, Sys 0 00:02:23  -  Total Remote Usage
		Usr 0 00:00:00, Sys 0 00:00:00  -  Total Local Usage
	0  -  Run Bytes Sent By Job
	0  -  Run Bytes Received By Job
	0  -  Total Bytes Sent By Job
	0  -  Total Bytes Received By Job
	Partitionable Resources :    Usage  Request Allocated 
	   Cpus                 :    26.46       32        32 
	   Disk (KB)            :     2     5242880  24829514 
	   Memory (MB)          :  2687      131072    131072 

	Job terminated of its own accord at 2025-12-14T05:27:51Z with exit-code 0.
...
