000 (10214530.000.000) 2025-12-14 02:38:33 Job submitted from host: <10.0.8.14:9618?addrs=10.0.8.14-9618&alias=head2.htc.inm7.de&noUDP&sock=schedd_317342_cb8b>
...
001 (10214530.000.000) 2025-12-14 02:38:37 Job executing on host: <10.0.9.47:9618?addrs=10.0.9.47-9618&alias=cpu47.htc.inm7.de&noUDP&sock=startd_3371_cdd8>
...
006 (10214530.000.000) 2025-12-14 02:38:46 Image size of job updated: 2
	6  -  MemoryUsage of job (MB)
	5512  -  ResidentSetSize of job (KB)
...
006 (10214530.000.000) 2025-12-14 02:43:47 Image size of job updated: 89366532
	7580  -  MemoryUsage of job (MB)
	7761676  -  ResidentSetSize of job (KB)
...
006 (10214530.000.000) 2025-12-14 02:48:48 Image size of job updated: 89482716
	7797  -  MemoryUsage of job (MB)
	7984100  -  ResidentSetSize of job (KB)
...
006 (10214530.000.000) 2025-12-14 02:53:48 Image size of job updated: 94025784
	11627  -  MemoryUsage of job (MB)
	11905108  -  ResidentSetSize of job (KB)
...
006 (10214530.000.000) 2025-12-14 02:58:49 Image size of job updated: 94025784
	11654  -  MemoryUsage of job (MB)
	11933128  -  ResidentSetSize of job (KB)
...
006 (10214530.000.000) 2025-12-14 03:18:52 Image size of job updated: 94109732
	11654  -  MemoryUsage of job (MB)
	11933128  -  ResidentSetSize of job (KB)
...
006 (10214530.000.000) 2025-12-14 03:33:54 Image size of job updated: 94121148
	11654  -  MemoryUsage of job (MB)
	11933128  -  ResidentSetSize of job (KB)
...
006 (10214530.000.000) 2025-12-14 03:53:56 Image size of job updated: 94121148
	11748  -  MemoryUsage of job (MB)
	12028968  -  ResidentSetSize of job (KB)
...
006 (10214530.000.000) 2025-12-14 05:19:05 Image size of job updated: 94121148
	11748  -  MemoryUsage of job (MB)
	12029436  -  ResidentSetSize of job (KB)
...
006 (10214530.000.000) 2025-12-14 05:54:08 Image size of job updated: 94121148
	11751  -  MemoryUsage of job (MB)
	12033004  -  ResidentSetSize of job (KB)
...
006 (10214530.000.000) 2025-12-14 06:14:09 Image size of job updated: 94121148
	11798  -  MemoryUsage of job (MB)
	12080928  -  ResidentSetSize of job (KB)
...
006 (10214530.000.000) 2025-12-14 06:29:11 Image size of job updated: 94171052
	11798  -  MemoryUsage of job (MB)
	12080928  -  ResidentSetSize of job (KB)
...
006 (10214530.000.000) 2025-12-14 06:44:12 Image size of job updated: 94182112
	11798  -  MemoryUsage of job (MB)
	12080928  -  ResidentSetSize of job (KB)
...
006 (10214530.000.000) 2025-12-14 07:09:14 Image size of job updated: 94200284
	11798  -  MemoryUsage of job (MB)
	12080928  -  ResidentSetSize of job (KB)
...
006 (10214530.000.000) 2025-12-14 07:49:19 Image size of job updated: 94217204
	11798  -  MemoryUsage of job (MB)
	12080928  -  ResidentSetSize of job (KB)
...
006 (10214530.000.000) 2025-12-14 08:14:22 Image size of job updated: 94228248
	11798  -  MemoryUsage of job (MB)
	12080928  -  ResidentSetSize of job (KB)
...
006 (10214530.000.000) 2025-12-14 08:24:23 Image size of job updated: 94238000
	11798  -  MemoryUsage of job (MB)
	12080928  -  ResidentSetSize of job (KB)
...
006 (10214530.000.000) 2025-12-14 08:44:25 Image size of job updated: 94241272
	11798  -  MemoryUsage of job (MB)
	12080928  -  ResidentSetSize of job (KB)
...
006 (10214530.000.000) 2025-12-14 08:54:26 Image size of job updated: 94241272
	11915  -  MemoryUsage of job (MB)
	12200020  -  ResidentSetSize of job (KB)
...
006 (10214530.000.000) 2025-12-14 08:59:26 Image size of job updated: 94248416
	11915  -  MemoryUsage of job (MB)
	12200020  -  ResidentSetSize of job (KB)
...
006 (10214530.000.000) 2025-12-14 09:09:28 Image size of job updated: 94264656
	11915  -  MemoryUsage of job (MB)
	12200020  -  ResidentSetSize of job (KB)
...
006 (10214530.000.000) 2025-12-14 09:29:30 Image size of job updated: 94266356
	11915  -  MemoryUsage of job (MB)
	12200020  -  ResidentSetSize of job (KB)
...
006 (10214530.000.000) 2025-12-14 09:39:32 Image size of job updated: 94268568
	11915  -  MemoryUsage of job (MB)
	12200020  -  ResidentSetSize of job (KB)
...
006 (10214530.000.000) 2025-12-14 09:54:33 Image size of job updated: 94274160
	11915  -  MemoryUsage of job (MB)
	12200020  -  ResidentSetSize of job (KB)
...
006 (10214530.000.000) 2025-12-14 10:04:33 Image size of job updated: 94282252
	11915  -  MemoryUsage of job (MB)
	12200020  -  ResidentSetSize of job (KB)
...
006 (10214530.000.000) 2025-12-14 10:14:34 Image size of job updated: 94282252
	11951  -  MemoryUsage of job (MB)
	12236844  -  ResidentSetSize of job (KB)
...
006 (10214530.000.000) 2025-12-14 10:24:36 Image size of job updated: 94282252
	11959  -  MemoryUsage of job (MB)
	12245484  -  ResidentSetSize of job (KB)
...
006 (10214530.000.000) 2025-12-14 10:39:36 Image size of job updated: 94287984
	11959  -  MemoryUsage of job (MB)
	12245484  -  ResidentSetSize of job (KB)
...
006 (10214530.000.000) 2025-12-14 10:54:38 Image size of job updated: 94288280
	11959  -  MemoryUsage of job (MB)
	12245484  -  ResidentSetSize of job (KB)
...
006 (10214530.000.000) 2025-12-14 11:04:39 Image size of job updated: 94413420
	11959  -  MemoryUsage of job (MB)
	12245484  -  ResidentSetSize of job (KB)
...
006 (10214530.000.000) 2025-12-14 11:19:41 Image size of job updated: 94433520
	11959  -  MemoryUsage of job (MB)
	12245484  -  ResidentSetSize of job (KB)
...
006 (10214530.000.000) 2025-12-14 12:09:44 Image size of job updated: 101338828
	15914  -  MemoryUsage of job (MB)
	16295248  -  ResidentSetSize of job (KB)
...
006 (10214530.000.000) 2025-12-14 12:19:46 Image size of job updated: 101338828
	17285  -  MemoryUsage of job (MB)
	17699460  -  ResidentSetSize of job (KB)
...
006 (10214530.000.000) 2025-12-14 12:29:47 Image size of job updated: 101338828
	22365  -  MemoryUsage of job (MB)
	22901112  -  ResidentSetSize of job (KB)
...
005 (10214530.000.000) 2025-12-14 12:29:59 Job terminated.
	(1) Normal termination (return value 0)
		Usr 12 19:36:42, Sys 0 00:30:02  -  Run Remote Usage
		Usr 0 00:00:00, Sys 0 00:00:00  -  Run Local Usage
		Usr 12 19:36:42, Sys 0 00:30:02  -  Total Remote Usage
		Usr 0 00:00:00, Sys 0 00:00:00  -  Total Local Usage
	0  -  Run Bytes Sent By Job
	0  -  Run Bytes Received By Job
	0  -  Total Bytes Sent By Job
	0  -  Total Bytes Received By Job
	Partitionable Resources :    Usage  Request Allocated 
	   Cpus                 :    30.42       32        32 
	   Disk (KB)            :     2     5242880  14864131 
	   Memory (MB)          : 22365      131072    131072 

	Job terminated of its own accord at 2025-12-14T11:29:59Z with exit-code 0.
...
