000 (10224621.000.000) 2026-01-04 17:58:39 Job submitted from host: <10.0.8.14:9618?addrs=10.0.8.14-9618&alias=head2.htc.inm7.de&noUDP&sock=schedd_317342_cb8b>
...
001 (10224621.000.000) 2026-01-04 17:58:40 Job executing on host: <10.0.9.43:9618?addrs=10.0.9.43-9618&alias=cpu43.htc.inm7.de&noUDP&sock=startd_4240_dda5>
...
006 (10224621.000.000) 2026-01-04 17:58:48 Image size of job updated: 2
	6  -  MemoryUsage of job (MB)
	5532  -  ResidentSetSize of job (KB)
...
006 (10224621.000.000) 2026-01-04 17:59:46 Image size of job updated: 87091700
	6468  -  MemoryUsage of job (MB)
	6622808  -  ResidentSetSize of job (KB)
...
005 (10224621.000.000) 2026-01-04 17:59:46 Job terminated.
	(1) Normal termination (return value 0)
		Usr 0 00:21:04, Sys 0 00:00:02  -  Run Remote Usage
		Usr 0 00:00:00, Sys 0 00:00:00  -  Run Local Usage
		Usr 0 00:21:04, Sys 0 00:00:02  -  Total Remote Usage
		Usr 0 00:00:00, Sys 0 00:00:00  -  Total Local Usage
	0  -  Run Bytes Sent By Job
	0  -  Run Bytes Received By Job
	0  -  Total Bytes Sent By Job
	0  -  Total Bytes Received By Job
	Partitionable Resources :    Usage  Request Allocated 
	   Cpus                 :                32        32 
	   Disk (KB)            :        2  5242880  24829510 
	   Memory (MB)          :     6468   131072    131072 

	Job terminated of its own accord at 2026-01-04T16:59:46Z with exit-code 0.
...
000 (10224632.000.000) 2026-01-04 18:12:16 Job submitted from host: <10.0.8.14:9618?addrs=10.0.8.14-9618&alias=head2.htc.inm7.de&noUDP&sock=schedd_317342_cb8b>
...
001 (10224632.000.000) 2026-01-04 18:12:17 Job executing on host: <10.0.9.43:9618?addrs=10.0.9.43-9618&alias=cpu43.htc.inm7.de&noUDP&sock=startd_4240_dda5>
...
006 (10224632.000.000) 2026-01-04 18:12:25 Image size of job updated: 2
	6  -  MemoryUsage of job (MB)
	5500  -  ResidentSetSize of job (KB)
...
006 (10224632.000.000) 2026-01-04 18:13:20 Image size of job updated: 86763012
	6489  -  MemoryUsage of job (MB)
	6644172  -  ResidentSetSize of job (KB)
...
005 (10224632.000.000) 2026-01-04 18:13:20 Job terminated.
	(1) Normal termination (return value 0)
		Usr 0 00:19:55, Sys 0 00:00:01  -  Run Remote Usage
		Usr 0 00:00:00, Sys 0 00:00:00  -  Run Local Usage
		Usr 0 00:19:55, Sys 0 00:00:01  -  Total Remote Usage
		Usr 0 00:00:00, Sys 0 00:00:00  -  Total Local Usage
	0  -  Run Bytes Sent By Job
	0  -  Run Bytes Received By Job
	0  -  Total Bytes Sent By Job
	0  -  Total Bytes Received By Job
	Partitionable Resources :    Usage  Request Allocated 
	   Cpus                 :                32        32 
	   Disk (KB)            :        2  5242880  24829510 
	   Memory (MB)          :     6489   131072    131072 

	Job terminated of its own accord at 2026-01-04T17:13:20Z with exit-code 0.
...
000 (10224633.000.000) 2026-01-04 18:19:29 Job submitted from host: <10.0.8.14:9618?addrs=10.0.8.14-9618&alias=head2.htc.inm7.de&noUDP&sock=schedd_317342_cb8b>
...
001 (10224633.000.000) 2026-01-04 18:19:36 Job executing on host: <10.0.9.43:9618?addrs=10.0.9.43-9618&alias=cpu43.htc.inm7.de&noUDP&sock=startd_4240_dda5>
...
006 (10224633.000.000) 2026-01-04 18:19:45 Image size of job updated: 85326308
	5771  -  MemoryUsage of job (MB)
	5909492  -  ResidentSetSize of job (KB)
...
006 (10224633.000.000) 2026-01-04 18:20:41 Image size of job updated: 86765052
	6478  -  MemoryUsage of job (MB)
	6633360  -  ResidentSetSize of job (KB)
...
005 (10224633.000.000) 2026-01-04 18:20:41 Job terminated.
	(1) Normal termination (return value 0)
		Usr 0 00:18:31, Sys 0 00:00:01  -  Run Remote Usage
		Usr 0 00:00:00, Sys 0 00:00:00  -  Run Local Usage
		Usr 0 00:18:31, Sys 0 00:00:01  -  Total Remote Usage
		Usr 0 00:00:00, Sys 0 00:00:00  -  Total Local Usage
	0  -  Run Bytes Sent By Job
	0  -  Run Bytes Received By Job
	0  -  Total Bytes Sent By Job
	0  -  Total Bytes Received By Job
	Partitionable Resources :    Usage  Request Allocated 
	   Cpus                 :    27.31       32        32 
	   Disk (KB)            :     2     5242880  24829510 
	   Memory (MB)          :  6478      131072    131072 

	Job terminated of its own accord at 2026-01-04T17:20:41Z with exit-code 0.
...
000 (10224651.000.000) 2026-01-04 23:51:50 Job submitted from host: <10.0.8.14:9618?addrs=10.0.8.14-9618&alias=head2.htc.inm7.de&noUDP&sock=schedd_317342_cb8b>
...
001 (10224651.000.000) 2026-01-04 23:52:08 Job executing on host: <10.0.9.44:9618?addrs=10.0.9.44-9618&alias=cpu44.htc.inm7.de&noUDP&sock=startd_4087_eba8>
...
006 (10224651.000.000) 2026-01-04 23:52:16 Image size of job updated: 2831836
	460  -  MemoryUsage of job (MB)
	470364  -  ResidentSetSize of job (KB)
...
006 (10224651.000.000) 2026-01-04 23:57:16 Image size of job updated: 94439800
	11090  -  MemoryUsage of job (MB)
	11355912  -  ResidentSetSize of job (KB)
...
006 (10224651.000.000) 2026-01-05 00:02:17 Image size of job updated: 94439800
	14287  -  MemoryUsage of job (MB)
	14629520  -  ResidentSetSize of job (KB)
...
006 (10224651.000.000) 2026-01-05 00:07:18 Image size of job updated: 94439800
	14653  -  MemoryUsage of job (MB)
	15003916  -  ResidentSetSize of job (KB)
...
006 (10224651.000.000) 2026-01-05 00:12:18 Image size of job updated: 94439800
	14788  -  MemoryUsage of job (MB)
	15142100  -  ResidentSetSize of job (KB)
...
006 (10224651.000.000) 2026-01-05 00:47:22 Image size of job updated: 94974992
	15148  -  MemoryUsage of job (MB)
	15510676  -  ResidentSetSize of job (KB)
...
006 (10224651.000.000) 2026-01-05 01:12:25 Image size of job updated: 94974992
	15910  -  MemoryUsage of job (MB)
	16290912  -  ResidentSetSize of job (KB)
...
006 (10224651.000.000) 2026-01-05 01:17:25 Image size of job updated: 94974992
	16125  -  MemoryUsage of job (MB)
	16511076  -  ResidentSetSize of job (KB)
...
005 (10224651.000.000) 2026-01-05 02:27:13 Job terminated.
	(1) Normal termination (return value 0)
		Usr 3 03:46:47, Sys 0 00:02:14  -  Run Remote Usage
		Usr 0 00:00:00, Sys 0 00:00:00  -  Run Local Usage
		Usr 3 03:46:47, Sys 0 00:02:14  -  Total Remote Usage
		Usr 0 00:00:00, Sys 0 00:00:00  -  Total Local Usage
	0  -  Run Bytes Sent By Job
	0  -  Run Bytes Received By Job
	0  -  Total Bytes Sent By Job
	0  -  Total Bytes Received By Job
	Partitionable Resources :    Usage  Request Allocated 
	   Cpus                 :    31.71       32        32 
	   Disk (KB)            :     2     5242880  24829514 
	   Memory (MB)          : 16125      131072    131072 

	Job terminated of its own accord at 2026-01-05T01:27:13Z with exit-code 0.
...
