=== FC Training | Host: cpu44 | Sun Dec 14 02:32:58 AM CET 2025 | CPUs: 32 ===
✓ Environment ready. Starting training...
2025-12-14 02:38:38,513 - __main__ - INFO - ================================================================================
2025-12-14 02:38:38,604 - __main__ - INFO - FULL BRAIN CONNECTIVITY CLASSIFICATION
2025-12-14 02:38:38,604 - __main__ - INFO - 232 Regions | 224 Subjects (PIOP2 Rest)
2025-12-14 02:38:38,604 - __main__ - INFO - ================================================================================
2025-12-14 02:38:38,604 - __main__ - INFO - Preprocessing: Diagonal imputation + Fisher Z → StandardScaler
2025-12-14 02:38:38,604 - __main__ - INFO - Optuna: Runs on scaled full dataset
2025-12-14 02:38:38,604 - __main__ - INFO - CV: Independent scaling per fold
2025-12-14 02:38:38,604 - __main__ - INFO - Task Testing: Enabled (train on rest, test on task)
2025-12-14 02:38:38,604 - __main__ - INFO - ================================================================================
2025-12-14 02:38:38,604 - __main__ - INFO - 
================================================================================
2025-12-14 02:38:38,604 - __main__ - INFO - TRAINING FULL BRAIN CONNECTIVITY (232 REGIONS)
2025-12-14 02:38:38,604 - __main__ - INFO - ================================================================================

2025-12-14 02:38:38,605 - __main__ - INFO - Loading full connectivity data...
✓ Schema valid: 224 subjects, 26796 connections
2025-12-14 02:38:40,473 - __main__ - INFO - Data loaded:
2025-12-14 02:38:40,473 - __main__ - INFO -   Subjects: 224
2025-12-14 02:38:40,473 - __main__ - INFO -   Regions: 232
2025-12-14 02:38:40,473 - __main__ - INFO -   Connections: 26796
2025-12-14 02:38:40,473 - __main__ - INFO - 
Reconstructing connectivity matrices...
2025-12-14 02:38:43,033 - __main__ - INFO -   Connectivity shape: (224, 232, 232)
2025-12-14 02:38:43,035 - __main__ - INFO -   Networks found: ['VisCent', 'VisPeri', 'SomMotA', 'SomMotB', 'DorsAttnA', 'DorsAttnB', 'SalVentAttnA', 'SalVentAttnB', 'LimbicB', 'LimbicA', 'ContA', 'ContB', 'ContC', 'DefaultA', 'DefaultB', 'DefaultC', 'TempPar', 'Hippocampus_ant', 'Hippocampus_post', 'Amygdala_lat', 'Amygdala_med', 'Thalamus_DP', 'Thalamus_VP', 'Thalamus_VA', 'Thalamus_DA', 'Accumbens_shell', 'Accumbens_core', 'Pallidum_post', 'Pallidum_ant', 'Putamen_ant', 'Putamen_post', 'Caudate_ant', 'Caudate_post']
2025-12-14 02:38:43,036 - __main__ - INFO - 
================================================================================
2025-12-14 02:38:43,036 - __main__ - INFO - PREPROCESSING (BEFORE CROSS-VALIDATION)
2025-12-14 02:38:43,036 - __main__ - INFO - ================================================================================
2025-12-14 02:38:43,036 - __main__ - INFO - 
Applying diagonal imputation (strategy: region_mean)...
2025-12-14 02:38:43,055 - __main__ - INFO -   Original diagonal range: [1.0000, 1.0000]
2025-12-14 02:38:43,055 - __main__ - INFO -   Original diagonal mean: 1.0000
2025-12-14 02:38:43,306 - __main__ - INFO -   Replaced diagonal with row means
2025-12-14 02:38:43,307 - __main__ - INFO -   New diagonal range: [-0.1471, 0.2325]
2025-12-14 02:38:43,307 - __main__ - INFO -   New diagonal mean: 0.0165
2025-12-14 02:38:43,308 - __main__ - INFO - 
Applying Fisher Z-transformation...
2025-12-14 02:38:43,560 - __main__ - INFO -   Value range after Fisher Z: [-1.3984, 2.0494]
2025-12-14 02:38:43,611 - __main__ - INFO -   Mean: 0.0204, Std: 0.2909
2025-12-14 02:38:43,674 - __main__ - INFO - 
Preparing classification data (flattening to features)...
2025-12-14 02:38:43,675 - __main__ - INFO - Classification data prepared:
2025-12-14 02:38:43,675 - __main__ - INFO -   Samples (X): (51968, 232)
2025-12-14 02:38:43,675 - __main__ - INFO -   Labels (y): (51968,)
2025-12-14 02:38:43,675 - __main__ - INFO -   Classes: 232
2025-12-14 02:38:43,675 - __main__ - INFO -   Samples per subject: 232
2025-12-14 02:38:43,675 - __main__ - INFO - 
✓ Preprocessing completed
2025-12-14 02:38:43,675 - __main__ - INFO - ================================================================================
2025-12-14 02:38:43,675 - __main__ - INFO - 
Scaling full dataset for Optuna optimization...
2025-12-14 02:38:43,842 - __main__ - INFO -   Scaled data - mean: 0.0000, std: 1.0000
2025-12-14 02:38:43,842 - __main__ - INFO - 
================================================================================
2025-12-14 02:38:43,842 - __main__ - INFO - HYPERPARAMETER OPTIMIZATION WITH OPTUNA
2025-12-14 02:38:43,842 - __main__ - INFO - ================================================================================
2025-12-14 02:38:43,842 - __main__ - INFO - Running Optuna on SCALED full dataset
2025-12-14 02:38:43,842 - __main__ - INFO -   Trials: 50
2025-12-14 02:38:43,842 - __main__ - INFO -   Samples: 51968
2025-12-14 02:38:43,842 - __main__ - INFO -   Features: 232
2025-12-14 02:38:43,842 - __main__ - INFO -   Classes: 232
2025-12-14 02:38:43,842 - __main__ - INFO -   NOTE: Data already scaled, using simple train/val split
2025-12-14 02:38:43,842 - __main__ - INFO - 
Starting Optuna optimization...
2025-12-14 06:12:55,110 - __main__ - INFO - 
Optuna optimization completed in 12851.27s
2025-12-14 06:12:55,162 - __main__ - INFO - 
✓ Best hyperparameters found:
2025-12-14 06:12:55,162 - __main__ - INFO -   • C: 0.121104
2025-12-14 06:12:55,162 - __main__ - INFO -   • max_iter: 200
2025-12-14 06:12:55,162 - __main__ - INFO -   • solver: lbfgs
2025-12-14 06:12:55,162 - __main__ - INFO -   • Best validation score: 0.9389
2025-12-14 06:12:55,162 - __main__ - INFO - 
Top 5 trials:
2025-12-14 06:12:55,538 - __main__ - INFO -   1. Trial 42: score=0.9389, C=0.1211, solver=lbfgs, max_iter=200
2025-12-14 06:12:55,538 - __main__ - INFO -   2. Trial 8: score=0.9388, C=0.1538, solver=lbfgs, max_iter=500
2025-12-14 06:12:55,539 - __main__ - INFO -   3. Trial 41: score=0.9388, C=0.1313, solver=lbfgs, max_iter=200
2025-12-14 06:12:55,539 - __main__ - INFO -   4. Trial 39: score=0.9388, C=0.1314, solver=lbfgs, max_iter=200
2025-12-14 06:12:55,539 - __main__ - INFO -   5. Trial 43: score=0.9387, C=0.1578, solver=lbfgs, max_iter=200
2025-12-14 06:12:55,539 - __main__ - INFO - ================================================================================

2025-12-14 06:12:55,540 - __main__ - INFO - 
================================================================================
2025-12-14 06:12:55,540 - __main__ - INFO - CROSS-VALIDATION WITH FOLD-WISE SCALING
2025-12-14 06:12:55,540 - __main__ - INFO - ================================================================================
2025-12-14 06:12:55,540 - __main__ - INFO - Using hyperparameters: C=0.121104, solver=lbfgs, max_iter=200
2025-12-14 06:12:55,540 - __main__ - INFO - Running 5-fold GroupKFold cross-validation...
2025-12-14 06:12:55,540 - __main__ - INFO - Note: StandardScaler fit independently on each fold's training data

2025-12-14 06:12:55,568 - __main__ - INFO - Fold 1/5
2025-12-14 06:12:55,569 - __main__ - INFO -   Train samples: 41528, Test samples: 10440
2025-12-14 06:12:55,620 - __main__ - INFO -   Train subjects: 179, Test subjects: 45
2025-12-14 06:12:55,620 - __main__ - INFO -   Preprocessing fold data (StandardScaler only)...
2025-12-14 06:12:55,620 - __main__ - INFO -   Input shapes - Train: (41528, 232), Test: (10440, 232)
2025-12-14 06:12:55,699 - __main__ - INFO -   Scaled shapes - Train: (41528, 232), Test: (10440, 232)
2025-12-14 06:12:55,699 - __main__ - INFO -   Training with C=0.121104, solver=lbfgs...
2025-12-14 06:17:27,282 - __main__ - INFO -   Predicting on test set...
2025-12-14 06:17:27,399 - __main__ - INFO -   Fold accuracy: 0.9240
2025-12-14 06:17:27,399 - __main__ - INFO -   Fold balanced accuracy: 0.9240
2025-12-14 06:17:27,399 - __main__ - INFO -   Fold time: 271.83s

2025-12-14 06:17:27,400 - __main__ - INFO - Fold 2/5
2025-12-14 06:17:27,400 - __main__ - INFO -   Train samples: 41528, Test samples: 10440
2025-12-14 06:17:27,419 - __main__ - INFO -   Train subjects: 179, Test subjects: 45
2025-12-14 06:17:27,419 - __main__ - INFO -   Preprocessing fold data (StandardScaler only)...
2025-12-14 06:17:27,419 - __main__ - INFO -   Input shapes - Train: (41528, 232), Test: (10440, 232)
2025-12-14 06:17:27,498 - __main__ - INFO -   Scaled shapes - Train: (41528, 232), Test: (10440, 232)
2025-12-14 06:17:27,499 - __main__ - INFO -   Training with C=0.121104, solver=lbfgs...
2025-12-14 06:21:42,038 - __main__ - INFO -   Predicting on test set...
2025-12-14 06:21:42,165 - __main__ - INFO -   Fold accuracy: 0.9283
2025-12-14 06:21:42,165 - __main__ - INFO -   Fold balanced accuracy: 0.9283
2025-12-14 06:21:42,165 - __main__ - INFO -   Fold time: 254.76s

2025-12-14 06:21:42,166 - __main__ - INFO - Fold 3/5
2025-12-14 06:21:42,166 - __main__ - INFO -   Train samples: 41528, Test samples: 10440
2025-12-14 06:21:42,182 - __main__ - INFO -   Train subjects: 179, Test subjects: 45
2025-12-14 06:21:42,182 - __main__ - INFO -   Preprocessing fold data (StandardScaler only)...
2025-12-14 06:21:42,182 - __main__ - INFO -   Input shapes - Train: (41528, 232), Test: (10440, 232)
2025-12-14 06:21:42,267 - __main__ - INFO -   Scaled shapes - Train: (41528, 232), Test: (10440, 232)
2025-12-14 06:21:42,268 - __main__ - INFO -   Training with C=0.121104, solver=lbfgs...
2025-12-14 06:22:01,034 - __main__ - INFO -   Predicting on test set...
2025-12-14 06:22:01,110 - __main__ - INFO -   Fold accuracy: 0.9214
2025-12-14 06:22:01,110 - __main__ - INFO -   Fold balanced accuracy: 0.9214
2025-12-14 06:22:01,110 - __main__ - INFO -   Fold time: 18.94s

2025-12-14 06:22:01,115 - __main__ - INFO - Fold 4/5
2025-12-14 06:22:01,115 - __main__ - INFO -   Train samples: 41528, Test samples: 10440
2025-12-14 06:22:01,137 - __main__ - INFO -   Train subjects: 179, Test subjects: 45
2025-12-14 06:22:01,137 - __main__ - INFO -   Preprocessing fold data (StandardScaler only)...
2025-12-14 06:22:01,137 - __main__ - INFO -   Input shapes - Train: (41528, 232), Test: (10440, 232)
2025-12-14 06:22:01,227 - __main__ - INFO -   Scaled shapes - Train: (41528, 232), Test: (10440, 232)
2025-12-14 06:22:01,227 - __main__ - INFO -   Training with C=0.121104, solver=lbfgs...
2025-12-14 06:26:31,021 - __main__ - INFO -   Predicting on test set...
2025-12-14 06:26:31,128 - __main__ - INFO -   Fold accuracy: 0.9249
2025-12-14 06:26:31,128 - __main__ - INFO -   Fold balanced accuracy: 0.9249
2025-12-14 06:26:31,129 - __main__ - INFO -   Fold time: 270.01s

2025-12-14 06:26:31,130 - __main__ - INFO - Fold 5/5
2025-12-14 06:26:31,130 - __main__ - INFO -   Train samples: 41760, Test samples: 10208
2025-12-14 06:26:31,146 - __main__ - INFO -   Train subjects: 180, Test subjects: 44
2025-12-14 06:26:31,146 - __main__ - INFO -   Preprocessing fold data (StandardScaler only)...
2025-12-14 06:26:31,146 - __main__ - INFO -   Input shapes - Train: (41760, 232), Test: (10208, 232)
2025-12-14 06:26:31,225 - __main__ - INFO -   Scaled shapes - Train: (41760, 232), Test: (10208, 232)
2025-12-14 06:26:31,226 - __main__ - INFO -   Training with C=0.121104, solver=lbfgs...
2025-12-14 06:26:50,859 - __main__ - INFO -   Predicting on test set...
2025-12-14 06:26:50,900 - __main__ - INFO -   Fold accuracy: 0.9220
2025-12-14 06:26:50,900 - __main__ - INFO -   Fold balanced accuracy: 0.9220
2025-12-14 06:26:50,900 - __main__ - INFO -   Fold time: 19.77s

2025-12-14 06:26:50,901 - __main__ - INFO - Cross-validation completed in 835.36s

2025-12-14 06:26:50,923 - __main__ - INFO - Computing overall metrics...
2025-12-14 06:26:51,592 - __main__ - INFO - 
OVERALL RESULTS (FULL CONNECTIVITY - 232 REGIONS):
2025-12-14 06:26:51,592 - __main__ - INFO -   Mean CV Accuracy: 0.9241
2025-12-14 06:26:51,592 - __main__ - INFO -   Mean CV Balanced Accuracy: 0.9241
2025-12-14 06:26:51,592 - __main__ - INFO -   Top-5 Accuracy: 0.9833358990147784
2025-12-14 06:26:51,592 - __main__ - INFO - 
  Hyperparameters (from Optuna):
2025-12-14 06:26:51,592 - __main__ - INFO -     C: 0.121104, solver: lbfgs, max_iter: 200
2025-12-14 06:26:51,592 - __main__ - INFO -     Optuna validation score: 0.9389
2025-12-14 06:26:51,592 - __main__ - INFO - 
Computing per-region metrics...
2025-12-14 06:26:51,625 - __main__ - INFO - Computing network-level metrics...
2025-12-14 06:26:51,639 - __main__ - INFO - Creating confusion matrix...
2025-12-14 06:26:51,654 - __main__ - INFO - 
Saving results...
2025-12-14 06:26:55,709 - __main__ - INFO - 
Generating visualizations...
2025-12-14 06:27:02,306 - __main__ - INFO - All results saved to: /home/sjoon/projects/brain_connectivity_classifier/data/results/full_connectivity_analysis/multinomial
2025-12-14 06:27:02,306 - __main__ - INFO - 
================================================================================
2025-12-14 06:27:02,306 - __main__ - INFO - TESTING ON TASK DATA (GENDER STROOP)
2025-12-14 06:27:02,306 - __main__ - INFO - ================================================================================
2025-12-14 06:27:02,306 - __main__ - INFO - Training final model on ALL resting-state data
2025-12-14 06:27:02,306 - __main__ - INFO - Then testing on task data to measure generalization

2025-12-14 06:27:02,306 - __main__ - INFO - Step 1: Loading resting-state data (TRAINING)...
✓ Schema valid: 224 subjects, 26796 connections
2025-12-14 06:27:04,262 - __main__ - INFO -   Rest data: 224 subjects, 232 regions
2025-12-14 06:27:06,633 - __main__ - INFO - 
Applying diagonal imputation (strategy: region_mean)...
2025-12-14 06:27:06,646 - __main__ - INFO -   Original diagonal range: [1.0000, 1.0000]
2025-12-14 06:27:06,647 - __main__ - INFO -   Original diagonal mean: 1.0000
2025-12-14 06:27:06,891 - __main__ - INFO -   Replaced diagonal with row means
2025-12-14 06:27:06,893 - __main__ - INFO -   New diagonal range: [-0.1471, 0.2325]
2025-12-14 06:27:06,893 - __main__ - INFO -   New diagonal mean: 0.0165
2025-12-14 06:27:06,893 - __main__ - INFO - 
Applying Fisher Z-transformation...
2025-12-14 06:27:07,119 - __main__ - INFO -   Value range after Fisher Z: [-1.3984, 2.0494]
2025-12-14 06:27:07,149 - __main__ - INFO -   Mean: 0.0204, Std: 0.2909
2025-12-14 06:27:07,151 - __main__ - INFO -   Rest features: (51968, 232)
2025-12-14 06:27:07,151 - __main__ - INFO - 
Step 2: Loading task data (TESTING)...
✓ Schema valid: 200 subjects, 26796 connections
2025-12-14 06:27:08,769 - __main__ - INFO -   Task data: 200 subjects
2025-12-14 06:27:10,747 - __main__ - INFO - 
Applying diagonal imputation (strategy: region_mean)...
2025-12-14 06:27:10,760 - __main__ - INFO -   Original diagonal range: [1.0000, 1.0000]
2025-12-14 06:27:10,760 - __main__ - INFO -   Original diagonal mean: 1.0000
2025-12-14 06:27:10,974 - __main__ - INFO -   Replaced diagonal with row means
2025-12-14 06:27:10,974 - __main__ - INFO -   New diagonal range: [-0.1952, 0.3499]
2025-12-14 06:27:10,974 - __main__ - INFO -   New diagonal mean: 0.0157
2025-12-14 06:27:10,974 - __main__ - INFO - 
Applying Fisher Z-transformation...
2025-12-14 06:27:11,172 - __main__ - INFO -   Value range after Fisher Z: [-1.3363, 1.9912]
2025-12-14 06:27:11,199 - __main__ - INFO -   Mean: 0.0189, Std: 0.2751
2025-12-14 06:27:11,201 - __main__ - INFO -   Task features: (46400, 232)
2025-12-14 06:27:11,201 - __main__ - INFO - 
Step 3: Training final model on ALL resting-state data...
2025-12-14 06:27:11,308 - __main__ - INFO -   Scaled rest data: mean=0.0000, std=1.0000
2025-12-14 06:27:33,677 - __main__ - INFO -   Model trained in 22.37s
2025-12-14 06:27:33,731 - __main__ - INFO -   Rest data accuracy (training set): 0.9902
2025-12-14 06:27:33,731 - __main__ - INFO - 
Step 4: Testing on task data...
2025-12-14 06:27:33,784 - __main__ - INFO -   Scaled task data: mean=-0.0059, std=0.9481
2025-12-14 06:27:33,918 - __main__ - INFO - 
Step 5: Computing task metrics...
2025-12-14 06:27:34,656 - __main__ - INFO - 
Saving task testing results to: /home/sjoon/projects/brain_connectivity_classifier/data/results/full_connectivity_analysis/task_testing
2025-12-14 06:27:36,457 - __main__ - INFO - 
Generating task testing visualizations...
2025-12-14 06:27:40,472 - __main__ - INFO - 
================================================================================
2025-12-14 06:27:40,472 - __main__ - INFO - TASK TESTING RESULTS
2025-12-14 06:27:40,472 - __main__ - INFO - ================================================================================
2025-12-14 06:27:40,472 - __main__ - INFO - Rest (training) accuracy: 0.9902
2025-12-14 06:27:40,472 - __main__ - INFO - Task (testing) accuracy:  0.8924
2025-12-14 06:27:40,472 - __main__ - INFO - Accuracy drop:            0.0978 (9.9%)
2025-12-14 06:27:40,472 - __main__ - INFO - Task top-5 accuracy:      0.9726
2025-12-14 06:27:40,472 - __main__ - INFO - 
Best task network: DefaultC (0.9605)
2025-12-14 06:27:40,472 - __main__ - INFO - Worst task network: Amygdala_lat (0.2525)
2025-12-14 06:27:40,472 - __main__ - INFO - ================================================================================

2025-12-14 06:27:40,483 - __main__ - INFO - 
================================================================================
2025-12-14 06:27:40,483 - __main__ - INFO - TRAINING COMPLETED SUCCESSFULLY
2025-12-14 06:27:40,483 - __main__ - INFO - ================================================================================
2025-12-14 06:27:40,483 - __main__ - INFO - 
Final Results:
2025-12-14 06:27:40,483 - __main__ - INFO -   • CV Accuracy: 0.9241
2025-12-14 06:27:40,483 - __main__ - INFO -   • CV Balanced Accuracy: 0.9241
2025-12-14 06:27:40,483 - __main__ - INFO -   • Top-5 Accuracy: 0.9833358990147784
2025-12-14 06:27:40,483 - __main__ - INFO - 
Task Testing:
2025-12-14 06:27:40,483 - __main__ - INFO -   • Rest (train) accuracy: 0.9902
2025-12-14 06:27:40,483 - __main__ - INFO -   • Task (test) accuracy: 0.8924
2025-12-14 06:27:40,483 - __main__ - INFO -   • Accuracy drop: 0.0978 (9.9%)
2025-12-14 06:27:40,483 - __main__ - INFO - 
Results saved to: /home/sjoon/projects/brain_connectivity_classifier/data/results/full_connectivity_analysis/multinomial

==========================================
✓ Training completed successfully
Results: data/results/FC_analysis/multinomial_FC/multinomial

Duration: 14093 seconds (234 minutes)
Completed: Sun Dec 14 06:27:51 AM CET 2025
==========================================
