=== Hemisphere Training | Host: cpu44 | Sun Dec 14 02:37:07 PM CET 2025 | CPUs: 32 ===
✓ Environment ready. Starting training...
2025-12-14 14:42:44,794 - __main__ - INFO - ================================================================================
2025-12-14 14:42:44,874 - __main__ - INFO - HEMISPHERE-SPECIFIC CLASSIFICATION
2025-12-14 14:42:44,874 - __main__ - INFO - Preprocessing: Diagonal imputation + Fisher Z → StandardScaler
2025-12-14 14:42:44,874 - __main__ - INFO - Optuna: Runs on scaled full dataset
2025-12-14 14:42:44,874 - __main__ - INFO - CV: Independent scaling per fold
2025-12-14 14:42:44,874 - __main__ - INFO - Task Testing: Enabled (train on rest, test on task)
2025-12-14 14:42:44,875 - __main__ - INFO - ================================================================================
2025-12-14 14:42:44,875 - __main__ - INFO - 
================================================================================
2025-12-14 14:42:44,875 - __main__ - INFO - TRAINING LEFT HEMISPHERE
2025-12-14 14:42:44,875 - __main__ - INFO - ================================================================================

2025-12-14 14:42:44,955 - __main__ - INFO - Loading hemisphere-specific data...
2025-12-14 14:42:45,185 - src.hemisphere.hemisphere_utils - INFO - Loading left hemisphere data from: /home/sjoon/projects/brain_connectivity_classifier/data/processed/hemispheres/LH_PIOP2_Restingstate.csv
2025-12-14 14:42:45,586 - src.hemisphere.hemisphere_utils - INFO -   Subjects: 224
2025-12-14 14:42:45,586 - src.hemisphere.hemisphere_utils - INFO -   Connections: 6670
2025-12-14 14:42:45,591 - src.hemisphere.hemisphere_utils - INFO - Extracting region info from: /home/sjoon/projects/brain_connectivity_classifier/data/processed/hemispheres/LH_PIOP2_Restingstate.csv
2025-12-14 14:42:46,047 - src.hemisphere.hemisphere_utils - INFO - Extracted 116 regions for left hemisphere
2025-12-14 14:42:46,047 - src.hemisphere.hemisphere_utils - INFO -   Regions: 116
2025-12-14 14:42:46,047 - src.hemisphere.hemisphere_utils - INFO - Converting to full connectivity matrices...
2025-12-14 14:42:46,066 - src.hemisphere.hemisphere_utils - INFO -   Matrix shape: (224, 116, 116)
2025-12-14 14:42:46,099 - src.hemisphere.hemisphere_utils - INFO - Connectivity validation completed
2025-12-14 14:42:46,099 - src.hemisphere.hemisphere_utils - INFO - Successfully loaded left hemisphere data
2025-12-14 14:42:46,100 - __main__ - INFO - Data loaded:
2025-12-14 14:42:46,100 - __main__ - INFO -   Subjects: 224
2025-12-14 14:42:46,100 - __main__ - INFO -   Regions: 116
2025-12-14 14:42:46,100 - __main__ - INFO -   Connectivity shape: (224, 116, 116)
2025-12-14 14:42:46,100 - __main__ - INFO - 
================================================================================
2025-12-14 14:42:46,100 - __main__ - INFO - PREPROCESSING (BEFORE CROSS-VALIDATION)
2025-12-14 14:42:46,100 - __main__ - INFO - ================================================================================
2025-12-14 14:42:46,101 - __main__ - INFO - 
Applying diagonal imputation (strategy: region_mean)...
2025-12-14 14:42:46,106 - __main__ - INFO -   Original diagonal range: [1.0000, 1.0000]
2025-12-14 14:42:46,106 - __main__ - INFO -   Original diagonal mean: 1.0000
2025-12-14 14:42:46,220 - __main__ - INFO -   Replaced diagonal with row means
2025-12-14 14:42:46,220 - __main__ - INFO -   New diagonal range: [-0.1899, 0.2207]
2025-12-14 14:42:46,221 - __main__ - INFO -   New diagonal mean: 0.0284
2025-12-14 14:42:46,221 - __main__ - INFO - 
Applying Fisher Z-transformation...
2025-12-14 14:42:46,284 - __main__ - INFO -   Value range after Fisher Z: [-1.2500, 1.8154]
2025-12-14 14:42:46,293 - __main__ - INFO -   Mean: 0.0332, Std: 0.2914
2025-12-14 14:42:46,294 - __main__ - INFO - 
Preparing classification data (flattening to features)...
2025-12-14 14:42:46,294 - src.hemisphere.hemisphere_utils - INFO -   Removing diagonal values (self-connections) before classification
2025-12-14 14:42:46,294 - src.hemisphere.hemisphere_utils - INFO -   Original diagonal values (first subject, first 5 regions): [np.float64(-0.008901612424537042), np.float64(0.027939234799402014), np.float64(0.009805427197523572), np.float64(-0.0315809333362432), np.float64(-0.008620041552882787)]
2025-12-14 14:42:46,298 - src.hemisphere.hemisphere_utils - INFO -   After removal (should be all zeros): [np.float64(0.0), np.float64(0.0), np.float64(0.0), np.float64(0.0), np.float64(0.0)]
2025-12-14 14:42:46,329 - src.hemisphere.hemisphere_utils - INFO -   ✅ Diagonal removal verified - no features constant at 1.0
2025-12-14 14:42:46,329 - src.hemisphere.hemisphere_utils - INFO - Prepared classification data:
2025-12-14 14:42:46,329 - src.hemisphere.hemisphere_utils - INFO -   Features (X): (25984, 116)
2025-12-14 14:42:46,329 - src.hemisphere.hemisphere_utils - INFO -   Labels (y): (25984,)
2025-12-14 14:42:46,329 - src.hemisphere.hemisphere_utils - INFO -   Groups: (25984,)
2025-12-14 14:42:46,330 - src.hemisphere.hemisphere_utils - INFO -   Unique labels: 116
2025-12-14 14:42:46,335 - src.hemisphere.hemisphere_utils - INFO -   Unique subjects: 224
2025-12-14 14:42:46,336 - src.hemisphere.hemisphere_utils - INFO -   Feature range: [-1.250, 1.815]
2025-12-14 14:42:46,344 - src.hemisphere.hemisphere_utils - INFO -   Feature mean: 0.033, std: 0.291
2025-12-14 14:42:46,344 - __main__ - INFO - Classification data prepared:
2025-12-14 14:42:46,344 - __main__ - INFO -   Samples (X): (25984, 116)
2025-12-14 14:42:46,344 - __main__ - INFO -   Labels (y): (25984,)
2025-12-14 14:42:46,344 - __main__ - INFO -   Classes: 116
2025-12-14 14:42:46,344 - __main__ - INFO - 
✓ Preprocessing completed
2025-12-14 14:42:46,344 - __main__ - INFO - ================================================================================
2025-12-14 14:42:46,344 - __main__ - INFO - 
Scaling full dataset for Optuna optimization...
2025-12-14 14:42:46,378 - __main__ - INFO -   Scaled data - mean: -0.0000, std: 1.0000
2025-12-14 14:42:46,378 - __main__ - INFO - 
================================================================================
2025-12-14 14:42:46,378 - __main__ - INFO - HYPERPARAMETER OPTIMIZATION WITH OPTUNA
2025-12-14 14:42:46,378 - __main__ - INFO - ================================================================================
2025-12-14 14:42:46,378 - __main__ - INFO - Running Optuna on SCALED full dataset
2025-12-14 14:42:46,378 - __main__ - INFO -   Trials: 50
2025-12-14 14:42:46,378 - __main__ - INFO -   Samples: 25984
2025-12-14 14:42:46,379 - __main__ - INFO -   Features: 116
2025-12-14 14:42:46,379 - __main__ - INFO -   Classes: 116
2025-12-14 14:42:46,379 - __main__ - INFO -   NOTE: Data already scaled, using simple train/val split
2025-12-14 14:42:46,379 - __main__ - INFO - 
Starting Optuna optimization...
2025-12-14 15:27:01,598 - __main__ - INFO - 
Optuna optimization completed in 2655.22s
2025-12-14 15:27:01,642 - __main__ - INFO - 
✓ Best hyperparameters found:
2025-12-14 15:27:01,642 - __main__ - INFO -   • C: 0.246377
2025-12-14 15:27:01,642 - __main__ - INFO -   • max_iter: 200
2025-12-14 15:27:01,642 - __main__ - INFO -   • solver: saga
2025-12-14 15:27:01,642 - __main__ - INFO -   • Best validation score: 0.9303
2025-12-14 15:27:01,642 - __main__ - INFO - 
Top 5 trials:
2025-12-14 15:27:02,024 - __main__ - INFO -   1. Trial 9: score=0.9303, C=0.2464, solver=saga, max_iter=200
2025-12-14 15:27:02,024 - __main__ - INFO -   2. Trial 41: score=0.9303, C=0.2652, solver=saga, max_iter=500
2025-12-14 15:27:02,024 - __main__ - INFO -   3. Trial 35: score=0.9303, C=0.2302, solver=saga, max_iter=200
2025-12-14 15:27:02,024 - __main__ - INFO -   4. Trial 24: score=0.9302, C=0.1271, solver=lbfgs, max_iter=1000
2025-12-14 15:27:02,024 - __main__ - INFO -   5. Trial 45: score=0.9302, C=0.2731, solver=saga, max_iter=500
2025-12-14 15:27:02,024 - __main__ - INFO - ================================================================================

2025-12-14 15:27:02,024 - __main__ - INFO - 
================================================================================
2025-12-14 15:27:02,024 - __main__ - INFO - CROSS-VALIDATION WITH FOLD-WISE SCALING
2025-12-14 15:27:02,024 - __main__ - INFO - ================================================================================
2025-12-14 15:27:02,024 - __main__ - INFO - Using hyperparameters: C=0.246377, solver=saga, max_iter=200
2025-12-14 15:27:02,025 - __main__ - INFO - Running 5-fold GroupKFold cross-validation...
2025-12-14 15:27:02,025 - __main__ - INFO - Note: StandardScaler fit independently on each fold's training data

2025-12-14 15:27:02,038 - __main__ - INFO - Fold 1/5
2025-12-14 15:27:02,038 - __main__ - INFO -   Train samples: 20764, Test samples: 5220
2025-12-14 15:27:02,057 - __main__ - INFO -   Train subjects: 179, Test subjects: 45
2025-12-14 15:27:02,058 - __main__ - INFO -   Preprocessing fold data (StandardScaler only)...
2025-12-14 15:27:02,058 - __main__ - INFO -   Input shapes - Train: (20764, 116), Test: (5220, 116)
2025-12-14 15:27:02,084 - __main__ - INFO -   Scaled shapes - Train: (20764, 116), Test: (5220, 116)
2025-12-14 15:27:02,084 - __main__ - INFO -   Training with C=0.246377, solver=saga...
2025-12-14 15:28:30,536 - __main__ - INFO -   Predicting on test set...
2025-12-14 15:28:30,621 - __main__ - INFO -   Fold accuracy: 0.9136
2025-12-14 15:28:30,621 - __main__ - INFO -   Fold balanced accuracy: 0.9136
2025-12-14 15:28:30,621 - __main__ - INFO -   Fold time: 88.58s

2025-12-14 15:28:30,622 - __main__ - INFO - Fold 2/5
2025-12-14 15:28:30,622 - __main__ - INFO -   Train samples: 20764, Test samples: 5220
2025-12-14 15:28:30,627 - __main__ - INFO -   Train subjects: 179, Test subjects: 45
2025-12-14 15:28:30,627 - __main__ - INFO -   Preprocessing fold data (StandardScaler only)...
2025-12-14 15:28:30,627 - __main__ - INFO -   Input shapes - Train: (20764, 116), Test: (5220, 116)
2025-12-14 15:28:30,643 - __main__ - INFO -   Scaled shapes - Train: (20764, 116), Test: (5220, 116)
2025-12-14 15:28:30,643 - __main__ - INFO -   Training with C=0.246377, solver=saga...
2025-12-14 15:29:51,080 - __main__ - INFO -   Predicting on test set...
2025-12-14 15:29:51,152 - __main__ - INFO -   Fold accuracy: 0.9262
2025-12-14 15:29:51,152 - __main__ - INFO -   Fold balanced accuracy: 0.9262
2025-12-14 15:29:51,152 - __main__ - INFO -   Fold time: 80.53s

2025-12-14 15:29:51,153 - __main__ - INFO - Fold 3/5
2025-12-14 15:29:51,153 - __main__ - INFO -   Train samples: 20764, Test samples: 5220
2025-12-14 15:29:51,158 - __main__ - INFO -   Train subjects: 179, Test subjects: 45
2025-12-14 15:29:51,158 - __main__ - INFO -   Preprocessing fold data (StandardScaler only)...
2025-12-14 15:29:51,158 - __main__ - INFO -   Input shapes - Train: (20764, 116), Test: (5220, 116)
2025-12-14 15:29:51,175 - __main__ - INFO -   Scaled shapes - Train: (20764, 116), Test: (5220, 116)
2025-12-14 15:29:51,175 - __main__ - INFO -   Training with C=0.246377, solver=saga...
2025-12-14 15:31:09,165 - __main__ - INFO -   Predicting on test set...
2025-12-14 15:31:09,237 - __main__ - INFO -   Fold accuracy: 0.9169
2025-12-14 15:31:09,237 - __main__ - INFO -   Fold balanced accuracy: 0.9169
2025-12-14 15:31:09,237 - __main__ - INFO -   Fold time: 78.08s

2025-12-14 15:31:09,238 - __main__ - INFO - Fold 4/5
2025-12-14 15:31:09,238 - __main__ - INFO -   Train samples: 20764, Test samples: 5220
2025-12-14 15:31:09,246 - __main__ - INFO -   Train subjects: 179, Test subjects: 45
2025-12-14 15:31:09,246 - __main__ - INFO -   Preprocessing fold data (StandardScaler only)...
2025-12-14 15:31:09,246 - __main__ - INFO -   Input shapes - Train: (20764, 116), Test: (5220, 116)
2025-12-14 15:31:09,292 - __main__ - INFO -   Scaled shapes - Train: (20764, 116), Test: (5220, 116)
2025-12-14 15:31:09,292 - __main__ - INFO -   Training with C=0.246377, solver=saga...
2025-12-14 15:32:31,946 - __main__ - INFO -   Predicting on test set...
2025-12-14 15:32:32,018 - __main__ - INFO -   Fold accuracy: 0.9205
2025-12-14 15:32:32,018 - __main__ - INFO -   Fold balanced accuracy: 0.9205
2025-12-14 15:32:32,018 - __main__ - INFO -   Fold time: 82.78s

2025-12-14 15:32:32,019 - __main__ - INFO - Fold 5/5
2025-12-14 15:32:32,019 - __main__ - INFO -   Train samples: 20880, Test samples: 5104
2025-12-14 15:32:32,023 - __main__ - INFO -   Train subjects: 180, Test subjects: 44
2025-12-14 15:32:32,023 - __main__ - INFO -   Preprocessing fold data (StandardScaler only)...
2025-12-14 15:32:32,023 - __main__ - INFO -   Input shapes - Train: (20880, 116), Test: (5104, 116)
2025-12-14 15:32:32,039 - __main__ - INFO -   Scaled shapes - Train: (20880, 116), Test: (5104, 116)
2025-12-14 15:32:32,039 - __main__ - INFO -   Training with C=0.246377, solver=saga...
2025-12-14 15:33:59,430 - __main__ - INFO -   Predicting on test set...
2025-12-14 15:33:59,510 - __main__ - INFO -   Fold accuracy: 0.9136
2025-12-14 15:33:59,510 - __main__ - INFO -   Fold balanced accuracy: 0.9136
2025-12-14 15:33:59,510 - __main__ - INFO -   Fold time: 87.49s

2025-12-14 15:33:59,512 - __main__ - INFO - Cross-validation completed in 417.49s

2025-12-14 15:33:59,518 - __main__ - INFO - Computing overall metrics...
2025-12-14 15:33:59,518 - src.evaluation.hemisphere_metrics - INFO - Computing classification metrics...
2025-12-14 15:33:59,683 - src.evaluation.hemisphere_metrics - INFO -   Accuracy: 0.9182
2025-12-14 15:33:59,683 - src.evaluation.hemisphere_metrics - INFO -   Balanced Accuracy: 0.9182
2025-12-14 15:33:59,683 - src.evaluation.hemisphere_metrics - INFO -   F1 Score: 0.9190
2025-12-14 15:33:59,683 - __main__ - INFO - 
OVERALL RESULTS (LEFT HEMISPHERE):
2025-12-14 15:33:59,683 - __main__ - INFO -   Mean CV Accuracy: 0.9182
2025-12-14 15:33:59,683 - __main__ - INFO -   Mean CV Balanced Accuracy: 0.9182
2025-12-14 15:33:59,683 - __main__ - INFO -   Top-5 Accuracy: 0.9826816502463054
2025-12-14 15:33:59,683 - __main__ - INFO - 
  Hyperparameters (from Optuna):
2025-12-14 15:33:59,683 - __main__ - INFO -     C: 0.246377, solver: saga, max_iter: 200
2025-12-14 15:33:59,683 - __main__ - INFO -     Optuna validation score: 0.9303
2025-12-14 15:33:59,683 - __main__ - INFO - 
Computing per-region metrics...
2025-12-14 15:33:59,683 - src.evaluation.hemisphere_metrics - INFO - Computing per-region metrics...
2025-12-14 15:33:59,683 - src.evaluation.hemisphere_metrics - INFO -   Computing metrics for 116 regions
2025-12-14 15:33:59,692 - src.evaluation.hemisphere_metrics - INFO -   Mean per-region accuracy: 0.9182
2025-12-14 15:33:59,692 - src.evaluation.hemisphere_metrics - INFO -   Std per-region accuracy: 0.0764
2025-12-14 15:33:59,692 - src.evaluation.hemisphere_metrics - INFO -   Min per-region accuracy: 0.5580
2025-12-14 15:33:59,692 - src.evaluation.hemisphere_metrics - INFO -   Max per-region accuracy: 0.9955
2025-12-14 15:33:59,692 - __main__ - INFO - Computing network-level metrics...
2025-12-14 15:33:59,692 - src.evaluation.hemisphere_metrics - INFO - Computing network-level metrics...
2025-12-14 15:33:59,703 - src.evaluation.hemisphere_metrics - INFO -   Computing metrics for 18 networks
2025-12-14 15:33:59,734 - src.evaluation.hemisphere_metrics - INFO -   Mean network accuracy: 0.9219
2025-12-14 15:33:59,734 - src.evaluation.hemisphere_metrics - INFO -   Best network: VisCent (accuracy=0.9680)
2025-12-14 15:33:59,734 - src.evaluation.hemisphere_metrics - INFO -   Worst network: LimbicA (accuracy=0.7734)
2025-12-14 15:33:59,734 - __main__ - INFO - Creating confusion matrix...
2025-12-14 15:33:59,734 - src.evaluation.hemisphere_metrics - INFO - Creating confusion matrix...
2025-12-14 15:33:59,735 - src.evaluation.hemisphere_metrics - INFO -   Confusion matrix shape: (116, 116)
2025-12-14 15:33:59,735 - src.evaluation.hemisphere_metrics - INFO -   Total predictions: 25984
2025-12-14 15:33:59,735 - src.evaluation.hemisphere_metrics - INFO -   Correct predictions (diagonal): 23858
2025-12-14 15:33:59,735 - __main__ - INFO - 
Saving results...
2025-12-14 15:34:01,433 - __main__ - INFO - 
Generating visualizations...
2025-12-14 15:34:01,433 - src.visualization.hemisphere_viz - INFO - Plotting confusion matrix: (116, 116)
2025-12-14 15:34:01,817 - src.visualization.hemisphere_viz - INFO -   Added 17 network boundaries
2025-12-14 15:34:03,765 - src.visualization.hemisphere_viz - INFO -   Saved: /home/sjoon/projects/brain_connectivity_classifier/data/results/hemisphere_analysis/left_hemisphere/multinomial/confusion_matrix.png
2025-12-14 15:34:03,766 - src.visualization.hemisphere_viz - INFO - Plotting per-region accuracy for 116 regions
2025-12-14 15:34:04,976 - src.visualization.hemisphere_viz - INFO -   Saved: /home/sjoon/projects/brain_connectivity_classifier/data/results/hemisphere_analysis/left_hemisphere/multinomial/per_region_accuracy.png
2025-12-14 15:34:04,977 - src.visualization.hemisphere_viz - INFO - Plotting network accuracy for 18 networks
2025-12-14 15:34:05,549 - src.visualization.hemisphere_viz - INFO -   Saved: /home/sjoon/projects/brain_connectivity_classifier/data/results/hemisphere_analysis/left_hemisphere/multinomial/network_accuracy.png
2025-12-14 15:34:05,549 - __main__ - INFO - All results saved to: /home/sjoon/projects/brain_connectivity_classifier/data/results/hemisphere_analysis/left_hemisphere/multinomial
2025-12-14 15:34:05,550 - __main__ - INFO - 
================================================================================
2025-12-14 15:34:05,550 - __main__ - INFO - TESTING ON TASK DATA (GENDER STROOP)
2025-12-14 15:34:05,550 - __main__ - INFO - ================================================================================
2025-12-14 15:34:05,550 - __main__ - INFO - Training final model on ALL resting-state data
2025-12-14 15:34:05,550 - __main__ - INFO - Then testing on task data to measure generalization

2025-12-14 15:34:05,550 - __main__ - INFO - Step 1: Loading resting-state data (TRAINING)...
2025-12-14 15:34:05,667 - src.hemisphere.hemisphere_utils - INFO - Loading left hemisphere data from: /home/sjoon/projects/brain_connectivity_classifier/data/processed/hemispheres/LH_PIOP2_Restingstate.csv
2025-12-14 15:34:05,934 - src.hemisphere.hemisphere_utils - INFO -   Subjects: 224
2025-12-14 15:34:05,934 - src.hemisphere.hemisphere_utils - INFO -   Connections: 6670
2025-12-14 15:34:05,937 - src.hemisphere.hemisphere_utils - INFO - Extracting region info from: /home/sjoon/projects/brain_connectivity_classifier/data/processed/hemispheres/LH_PIOP2_Restingstate.csv
2025-12-14 15:34:06,346 - src.hemisphere.hemisphere_utils - INFO - Extracted 116 regions for left hemisphere
2025-12-14 15:34:06,346 - src.hemisphere.hemisphere_utils - INFO -   Regions: 116
2025-12-14 15:34:06,346 - src.hemisphere.hemisphere_utils - INFO - Converting to full connectivity matrices...
2025-12-14 15:34:06,365 - src.hemisphere.hemisphere_utils - INFO -   Matrix shape: (224, 116, 116)
2025-12-14 15:34:06,388 - src.hemisphere.hemisphere_utils - INFO - Connectivity validation completed
2025-12-14 15:34:06,388 - src.hemisphere.hemisphere_utils - INFO - Successfully loaded left hemisphere data
2025-12-14 15:34:06,388 - __main__ - INFO -   Rest data: 224 subjects, 116 regions
2025-12-14 15:34:06,388 - __main__ - INFO - 
Applying diagonal imputation (strategy: region_mean)...
2025-12-14 15:34:06,390 - __main__ - INFO -   Original diagonal range: [1.0000, 1.0000]
2025-12-14 15:34:06,391 - __main__ - INFO -   Original diagonal mean: 1.0000
2025-12-14 15:34:06,504 - __main__ - INFO -   Replaced diagonal with row means
2025-12-14 15:34:06,504 - __main__ - INFO -   New diagonal range: [-0.1899, 0.2207]
2025-12-14 15:34:06,504 - __main__ - INFO -   New diagonal mean: 0.0284
2025-12-14 15:34:06,505 - __main__ - INFO - 
Applying Fisher Z-transformation...
2025-12-14 15:34:06,561 - __main__ - INFO -   Value range after Fisher Z: [-1.2500, 1.8154]
2025-12-14 15:34:06,567 - __main__ - INFO -   Mean: 0.0332, Std: 0.2914
2025-12-14 15:34:06,567 - src.hemisphere.hemisphere_utils - INFO -   Removing diagonal values (self-connections) before classification
2025-12-14 15:34:06,567 - src.hemisphere.hemisphere_utils - INFO -   Original diagonal values (first subject, first 5 regions): [np.float64(-0.008901612424537042), np.float64(0.027939234799402014), np.float64(0.009805427197523572), np.float64(-0.0315809333362432), np.float64(-0.008620041552882787)]
2025-12-14 15:34:06,570 - src.hemisphere.hemisphere_utils - INFO -   After removal (should be all zeros): [np.float64(0.0), np.float64(0.0), np.float64(0.0), np.float64(0.0), np.float64(0.0)]
2025-12-14 15:34:06,598 - src.hemisphere.hemisphere_utils - INFO -   ✅ Diagonal removal verified - no features constant at 1.0
2025-12-14 15:34:06,599 - src.hemisphere.hemisphere_utils - INFO - Prepared classification data:
2025-12-14 15:34:06,599 - src.hemisphere.hemisphere_utils - INFO -   Features (X): (25984, 116)
2025-12-14 15:34:06,599 - src.hemisphere.hemisphere_utils - INFO -   Labels (y): (25984,)
2025-12-14 15:34:06,599 - src.hemisphere.hemisphere_utils - INFO -   Groups: (25984,)
2025-12-14 15:34:06,599 - src.hemisphere.hemisphere_utils - INFO -   Unique labels: 116
2025-12-14 15:34:06,604 - src.hemisphere.hemisphere_utils - INFO -   Unique subjects: 224
2025-12-14 15:34:06,605 - src.hemisphere.hemisphere_utils - INFO -   Feature range: [-1.250, 1.815]
2025-12-14 15:34:06,610 - src.hemisphere.hemisphere_utils - INFO -   Feature mean: 0.033, std: 0.291
2025-12-14 15:34:06,610 - __main__ - INFO -   Rest features: (25984, 116)
2025-12-14 15:34:06,610 - __main__ - INFO - 
Step 2: Loading task data (TESTING)...
2025-12-14 15:34:06,673 - src.hemisphere.hemisphere_utils - INFO - Loading left hemisphere data from: /home/sjoon/projects/brain_connectivity_classifier/data/processed/hemispheres/LH_PIOP1_Gstroop.csv
2025-12-14 15:34:06,971 - src.hemisphere.hemisphere_utils - INFO -   Subjects: 200
2025-12-14 15:34:06,972 - src.hemisphere.hemisphere_utils - INFO -   Connections: 6670
2025-12-14 15:34:06,974 - src.hemisphere.hemisphere_utils - INFO - Extracting region info from: /home/sjoon/projects/brain_connectivity_classifier/data/processed/hemispheres/LH_PIOP1_Gstroop.csv
2025-12-14 15:34:07,388 - src.hemisphere.hemisphere_utils - INFO - Extracted 116 regions for left hemisphere
2025-12-14 15:34:07,388 - src.hemisphere.hemisphere_utils - INFO -   Regions: 116
2025-12-14 15:34:07,388 - src.hemisphere.hemisphere_utils - INFO - Converting to full connectivity matrices...
2025-12-14 15:34:07,406 - src.hemisphere.hemisphere_utils - INFO -   Matrix shape: (200, 116, 116)
2025-12-14 15:34:07,425 - src.hemisphere.hemisphere_utils - INFO - Connectivity validation completed
2025-12-14 15:34:07,425 - src.hemisphere.hemisphere_utils - INFO - Successfully loaded left hemisphere data
2025-12-14 15:34:07,425 - __main__ - INFO -   Task data: 200 subjects, 116 regions
2025-12-14 15:34:07,425 - __main__ - INFO - 
Applying diagonal imputation (strategy: region_mean)...
2025-12-14 15:34:07,427 - __main__ - INFO -   Original diagonal range: [1.0000, 1.0000]
2025-12-14 15:34:07,427 - __main__ - INFO -   Original diagonal mean: 1.0000
2025-12-14 15:34:07,526 - __main__ - INFO -   Replaced diagonal with row means
2025-12-14 15:34:07,526 - __main__ - INFO -   New diagonal range: [-0.1799, 0.3280]
2025-12-14 15:34:07,526 - __main__ - INFO -   New diagonal mean: 0.0284
2025-12-14 15:34:07,526 - __main__ - INFO - 
Applying Fisher Z-transformation...
2025-12-14 15:34:07,577 - __main__ - INFO -   Value range after Fisher Z: [-1.2080, 1.8408]
2025-12-14 15:34:07,582 - __main__ - INFO -   Mean: 0.0329, Std: 0.2800
2025-12-14 15:34:07,582 - src.hemisphere.hemisphere_utils - INFO -   Removing diagonal values (self-connections) before classification
2025-12-14 15:34:07,582 - src.hemisphere.hemisphere_utils - INFO -   Original diagonal values (first subject, first 5 regions): [np.float64(0.03756400419430058), np.float64(-0.006281433432417364), np.float64(-0.04253120820455031), np.float64(0.021136027062215127), np.float64(0.022268923864492588)]
2025-12-14 15:34:07,585 - src.hemisphere.hemisphere_utils - INFO -   After removal (should be all zeros): [np.float64(0.0), np.float64(0.0), np.float64(0.0), np.float64(0.0), np.float64(0.0)]
2025-12-14 15:34:07,610 - src.hemisphere.hemisphere_utils - INFO -   ✅ Diagonal removal verified - no features constant at 1.0
2025-12-14 15:34:07,610 - src.hemisphere.hemisphere_utils - INFO - Prepared classification data:
2025-12-14 15:34:07,610 - src.hemisphere.hemisphere_utils - INFO -   Features (X): (23200, 116)
2025-12-14 15:34:07,610 - src.hemisphere.hemisphere_utils - INFO -   Labels (y): (23200,)
2025-12-14 15:34:07,610 - src.hemisphere.hemisphere_utils - INFO -   Groups: (23200,)
2025-12-14 15:34:07,610 - src.hemisphere.hemisphere_utils - INFO -   Unique labels: 116
2025-12-14 15:34:07,614 - src.hemisphere.hemisphere_utils - INFO -   Unique subjects: 200
2025-12-14 15:34:07,615 - src.hemisphere.hemisphere_utils - INFO -   Feature range: [-1.208, 1.841]
2025-12-14 15:34:07,619 - src.hemisphere.hemisphere_utils - INFO -   Feature mean: 0.033, std: 0.280
2025-12-14 15:34:07,619 - __main__ - INFO -   Task features: (23200, 116)
2025-12-14 15:34:07,619 - __main__ - INFO - 
Step 3: Training final model on ALL resting-state data...
2025-12-14 15:34:07,643 - __main__ - INFO -   Scaled rest data: mean=-0.0000, std=1.0000
2025-12-14 15:35:47,331 - __main__ - INFO -   Model trained in 99.69s
2025-12-14 15:35:47,407 - __main__ - INFO -   Rest data accuracy (training set): 0.9773
2025-12-14 15:35:47,407 - __main__ - INFO - 
Step 4: Testing on task data...
2025-12-14 15:35:47,419 - __main__ - INFO -   Scaled task data: mean=-0.0020, std=0.9630
2025-12-14 15:35:47,453 - __main__ - INFO - 
Step 5: Computing task metrics...
2025-12-14 15:35:47,453 - src.evaluation.hemisphere_metrics - INFO - Computing classification metrics...
2025-12-14 15:35:47,600 - src.evaluation.hemisphere_metrics - INFO -   Accuracy: 0.8693
2025-12-14 15:35:47,601 - src.evaluation.hemisphere_metrics - INFO -   Balanced Accuracy: 0.8693
2025-12-14 15:35:47,601 - src.evaluation.hemisphere_metrics - INFO -   F1 Score: 0.8722
2025-12-14 15:35:47,601 - src.evaluation.hemisphere_metrics - INFO - Computing per-region metrics...
2025-12-14 15:35:47,601 - src.evaluation.hemisphere_metrics - INFO -   Computing metrics for 116 regions
2025-12-14 15:35:47,607 - src.evaluation.hemisphere_metrics - INFO -   Mean per-region accuracy: 0.8693
2025-12-14 15:35:47,607 - src.evaluation.hemisphere_metrics - INFO -   Std per-region accuracy: 0.1168
2025-12-14 15:35:47,607 - src.evaluation.hemisphere_metrics - INFO -   Min per-region accuracy: 0.3100
2025-12-14 15:35:47,607 - src.evaluation.hemisphere_metrics - INFO -   Max per-region accuracy: 1.0000
2025-12-14 15:35:47,607 - src.evaluation.hemisphere_metrics - INFO - Computing network-level metrics...
2025-12-14 15:35:47,615 - src.evaluation.hemisphere_metrics - INFO -   Computing metrics for 18 networks
2025-12-14 15:35:47,645 - src.evaluation.hemisphere_metrics - INFO -   Mean network accuracy: 0.8795
2025-12-14 15:35:47,645 - src.evaluation.hemisphere_metrics - INFO -   Best network: SomMotA (accuracy=0.9613)
2025-12-14 15:35:47,645 - src.evaluation.hemisphere_metrics - INFO -   Worst network: Subcortical (accuracy=0.6825)
2025-12-14 15:35:47,645 - src.evaluation.hemisphere_metrics - INFO - Creating confusion matrix...
2025-12-14 15:35:47,646 - src.evaluation.hemisphere_metrics - INFO -   Confusion matrix shape: (116, 116)
2025-12-14 15:35:47,646 - src.evaluation.hemisphere_metrics - INFO -   Total predictions: 23200
2025-12-14 15:35:47,646 - src.evaluation.hemisphere_metrics - INFO -   Correct predictions (diagonal): 20168
2025-12-14 15:35:47,782 - __main__ - INFO - 
Saving task testing results to: /home/sjoon/projects/brain_connectivity_classifier/data/results/hemisphere_analysis/left_hemisphere/task_testing_multinomial
2025-12-14 15:35:48,775 - __main__ - INFO - 
Generating task testing visualizations...
2025-12-14 15:35:48,775 - src.visualization.hemisphere_viz - INFO - Plotting confusion matrix: (116, 116)
2025-12-14 15:35:48,826 - src.visualization.hemisphere_viz - INFO -   Added 17 network boundaries
2025-12-14 15:35:49,870 - src.visualization.hemisphere_viz - INFO -   Saved: /home/sjoon/projects/brain_connectivity_classifier/data/results/hemisphere_analysis/left_hemisphere/task_testing_multinomial/task_confusion_matrix.png
2025-12-14 15:35:49,870 - src.visualization.hemisphere_viz - INFO - Plotting per-region accuracy for 116 regions
2025-12-14 15:35:50,895 - src.visualization.hemisphere_viz - INFO -   Saved: /home/sjoon/projects/brain_connectivity_classifier/data/results/hemisphere_analysis/left_hemisphere/task_testing_multinomial/task_per_region_accuracy.png
2025-12-14 15:35:50,895 - src.visualization.hemisphere_viz - INFO - Plotting network accuracy for 18 networks
2025-12-14 15:35:51,417 - src.visualization.hemisphere_viz - INFO -   Saved: /home/sjoon/projects/brain_connectivity_classifier/data/results/hemisphere_analysis/left_hemisphere/task_testing_multinomial/task_network_accuracy.png
2025-12-14 15:35:51,417 - __main__ - INFO - 
================================================================================
2025-12-14 15:35:51,417 - __main__ - INFO - TASK TESTING RESULTS
2025-12-14 15:35:51,417 - __main__ - INFO - ================================================================================
2025-12-14 15:35:51,418 - __main__ - INFO - Rest (training) accuracy: 0.9773
2025-12-14 15:35:51,418 - __main__ - INFO - Task (testing) accuracy:  0.8693
2025-12-14 15:35:51,418 - __main__ - INFO - Accuracy drop:            0.1080 (11.1%)
2025-12-14 15:35:51,418 - __main__ - INFO - Task top-5 accuracy:      0.9704
2025-12-14 15:35:51,418 - __main__ - INFO - 
Best task network: VisCent (0.9613)
2025-12-14 15:35:51,418 - __main__ - INFO - Worst task network: Subcortical (0.6825)
2025-12-14 15:35:51,418 - __main__ - INFO - ================================================================================

2025-12-14 15:35:51,419 - __main__ - INFO - 
================================================================================
2025-12-14 15:35:51,419 - __main__ - INFO - TRAINING RIGHT HEMISPHERE
2025-12-14 15:35:51,419 - __main__ - INFO - ================================================================================

2025-12-14 15:35:51,485 - __main__ - INFO - Loading hemisphere-specific data...
2025-12-14 15:35:51,583 - src.hemisphere.hemisphere_utils - INFO - Loading right hemisphere data from: /home/sjoon/projects/brain_connectivity_classifier/data/processed/hemispheres/RH_PIOP2_Restingstate.csv
2025-12-14 15:35:51,930 - src.hemisphere.hemisphere_utils - INFO -   Subjects: 224
2025-12-14 15:35:51,930 - src.hemisphere.hemisphere_utils - INFO -   Connections: 6670
2025-12-14 15:35:51,933 - src.hemisphere.hemisphere_utils - INFO - Extracting region info from: /home/sjoon/projects/brain_connectivity_classifier/data/processed/hemispheres/RH_PIOP2_Restingstate.csv
2025-12-14 15:35:52,351 - src.hemisphere.hemisphere_utils - INFO - Extracted 116 regions for right hemisphere
2025-12-14 15:35:52,351 - src.hemisphere.hemisphere_utils - INFO -   Regions: 116
2025-12-14 15:35:52,351 - src.hemisphere.hemisphere_utils - INFO - Converting to full connectivity matrices...
2025-12-14 15:35:52,368 - src.hemisphere.hemisphere_utils - INFO -   Matrix shape: (224, 116, 116)
2025-12-14 15:35:52,387 - src.hemisphere.hemisphere_utils - INFO - Connectivity validation completed
2025-12-14 15:35:52,387 - src.hemisphere.hemisphere_utils - INFO - Successfully loaded right hemisphere data
2025-12-14 15:35:52,388 - __main__ - INFO - Data loaded:
2025-12-14 15:35:52,388 - __main__ - INFO -   Subjects: 224
2025-12-14 15:35:52,388 - __main__ - INFO -   Regions: 116
2025-12-14 15:35:52,388 - __main__ - INFO -   Connectivity shape: (224, 116, 116)
2025-12-14 15:35:52,388 - __main__ - INFO - 
================================================================================
2025-12-14 15:35:52,388 - __main__ - INFO - PREPROCESSING (BEFORE CROSS-VALIDATION)
2025-12-14 15:35:52,388 - __main__ - INFO - ================================================================================
2025-12-14 15:35:52,388 - __main__ - INFO - 
Applying diagonal imputation (strategy: region_mean)...
2025-12-14 15:35:52,390 - __main__ - INFO -   Original diagonal range: [1.0000, 1.0000]
2025-12-14 15:35:52,390 - __main__ - INFO -   Original diagonal mean: 1.0000
2025-12-14 15:35:52,501 - __main__ - INFO -   Replaced diagonal with row means
2025-12-14 15:35:52,501 - __main__ - INFO -   New diagonal range: [-0.1680, 0.2766]
2025-12-14 15:35:52,501 - __main__ - INFO -   New diagonal mean: 0.0287
2025-12-14 15:35:52,501 - __main__ - INFO - 
Applying Fisher Z-transformation...
2025-12-14 15:35:52,566 - __main__ - INFO -   Value range after Fisher Z: [-1.3984, 1.7455]
2025-12-14 15:35:52,572 - __main__ - INFO -   Mean: 0.0338, Std: 0.2966
2025-12-14 15:35:52,572 - __main__ - INFO - 
Preparing classification data (flattening to features)...
2025-12-14 15:35:52,572 - src.hemisphere.hemisphere_utils - INFO -   Removing diagonal values (self-connections) before classification
2025-12-14 15:35:52,572 - src.hemisphere.hemisphere_utils - INFO -   Original diagonal values (first subject, first 5 regions): [np.float64(0.021650803605147817), np.float64(0.04820149683505135), np.float64(0.045209753583810956), np.float64(0.028132438097084676), np.float64(0.017311009921030476)]
2025-12-14 15:35:52,575 - src.hemisphere.hemisphere_utils - INFO -   After removal (should be all zeros): [np.float64(0.0), np.float64(0.0), np.float64(0.0), np.float64(0.0), np.float64(0.0)]
2025-12-14 15:35:52,603 - src.hemisphere.hemisphere_utils - INFO -   ✅ Diagonal removal verified - no features constant at 1.0
2025-12-14 15:35:52,603 - src.hemisphere.hemisphere_utils - INFO - Prepared classification data:
2025-12-14 15:35:52,603 - src.hemisphere.hemisphere_utils - INFO -   Features (X): (25984, 116)
2025-12-14 15:35:52,603 - src.hemisphere.hemisphere_utils - INFO -   Labels (y): (25984,)
2025-12-14 15:35:52,603 - src.hemisphere.hemisphere_utils - INFO -   Groups: (25984,)
2025-12-14 15:35:52,603 - src.hemisphere.hemisphere_utils - INFO -   Unique labels: 116
2025-12-14 15:35:52,608 - src.hemisphere.hemisphere_utils - INFO -   Unique subjects: 224
2025-12-14 15:35:52,609 - src.hemisphere.hemisphere_utils - INFO -   Feature range: [-1.398, 1.745]
2025-12-14 15:35:52,614 - src.hemisphere.hemisphere_utils - INFO -   Feature mean: 0.034, std: 0.297
2025-12-14 15:35:52,614 - __main__ - INFO - Classification data prepared:
2025-12-14 15:35:52,614 - __main__ - INFO -   Samples (X): (25984, 116)
2025-12-14 15:35:52,614 - __main__ - INFO -   Labels (y): (25984,)
2025-12-14 15:35:52,614 - __main__ - INFO -   Classes: 116
2025-12-14 15:35:52,614 - __main__ - INFO - 
✓ Preprocessing completed
2025-12-14 15:35:52,614 - __main__ - INFO - ================================================================================
2025-12-14 15:35:52,614 - __main__ - INFO - 
Scaling full dataset for Optuna optimization...
2025-12-14 15:35:52,635 - __main__ - INFO -   Scaled data - mean: 0.0000, std: 1.0000
2025-12-14 15:35:52,636 - __main__ - INFO - 
================================================================================
2025-12-14 15:35:52,636 - __main__ - INFO - HYPERPARAMETER OPTIMIZATION WITH OPTUNA
2025-12-14 15:35:52,636 - __main__ - INFO - ================================================================================
2025-12-14 15:35:52,636 - __main__ - INFO - Running Optuna on SCALED full dataset
2025-12-14 15:35:52,636 - __main__ - INFO -   Trials: 50
2025-12-14 15:35:52,636 - __main__ - INFO -   Samples: 25984
2025-12-14 15:35:52,636 - __main__ - INFO -   Features: 116
2025-12-14 15:35:52,636 - __main__ - INFO -   Classes: 116
2025-12-14 15:35:52,636 - __main__ - INFO -   NOTE: Data already scaled, using simple train/val split
2025-12-14 15:35:52,636 - __main__ - INFO - 
Starting Optuna optimization...
2025-12-14 15:55:58,602 - __main__ - INFO - 
Optuna optimization completed in 1205.97s
2025-12-14 15:55:58,696 - __main__ - INFO - 
✓ Best hyperparameters found:
2025-12-14 15:55:58,696 - __main__ - INFO -   • C: 0.299351
2025-12-14 15:55:58,696 - __main__ - INFO -   • max_iter: 200
2025-12-14 15:55:58,696 - __main__ - INFO -   • solver: lbfgs
2025-12-14 15:55:58,696 - __main__ - INFO -   • Best validation score: 0.9290
2025-12-14 15:55:58,696 - __main__ - INFO - 
Top 5 trials:
2025-12-14 15:55:58,706 - __main__ - INFO -   1. Trial 39: score=0.9290, C=0.2994, solver=lbfgs, max_iter=200
2025-12-14 15:55:58,706 - __main__ - INFO -   2. Trial 27: score=0.9288, C=0.2179, solver=lbfgs, max_iter=200
2025-12-14 15:55:58,706 - __main__ - INFO -   3. Trial 41: score=0.9288, C=0.3022, solver=lbfgs, max_iter=200
2025-12-14 15:55:58,706 - __main__ - INFO -   4. Trial 31: score=0.9286, C=0.2344, solver=lbfgs, max_iter=200
2025-12-14 15:55:58,706 - __main__ - INFO -   5. Trial 9: score=0.9284, C=0.2464, solver=saga, max_iter=200
2025-12-14 15:55:58,706 - __main__ - INFO - ================================================================================

2025-12-14 15:55:58,706 - __main__ - INFO - 
================================================================================
2025-12-14 15:55:58,706 - __main__ - INFO - CROSS-VALIDATION WITH FOLD-WISE SCALING
2025-12-14 15:55:58,706 - __main__ - INFO - ================================================================================
2025-12-14 15:55:58,707 - __main__ - INFO - Using hyperparameters: C=0.299351, solver=lbfgs, max_iter=200
2025-12-14 15:55:58,707 - __main__ - INFO - Running 5-fold GroupKFold cross-validation...
2025-12-14 15:55:58,707 - __main__ - INFO - Note: StandardScaler fit independently on each fold's training data

2025-12-14 15:55:58,715 - __main__ - INFO - Fold 1/5
2025-12-14 15:55:58,715 - __main__ - INFO -   Train samples: 20764, Test samples: 5220
2025-12-14 15:55:58,741 - __main__ - INFO -   Train subjects: 179, Test subjects: 45
2025-12-14 15:55:58,741 - __main__ - INFO -   Preprocessing fold data (StandardScaler only)...
2025-12-14 15:55:58,741 - __main__ - INFO -   Input shapes - Train: (20764, 116), Test: (5220, 116)
2025-12-14 15:55:58,781 - __main__ - INFO -   Scaled shapes - Train: (20764, 116), Test: (5220, 116)
2025-12-14 15:55:58,781 - __main__ - INFO -   Training with C=0.299351, solver=lbfgs...
2025-12-14 16:01:40,721 - __main__ - INFO -   Predicting on test set...
2025-12-14 16:01:40,895 - __main__ - INFO -   Fold accuracy: 0.9159
2025-12-14 16:01:40,895 - __main__ - INFO -   Fold balanced accuracy: 0.9159
2025-12-14 16:01:40,895 - __main__ - INFO -   Fold time: 342.18s

2025-12-14 16:01:40,896 - __main__ - INFO - Fold 2/5
2025-12-14 16:01:40,896 - __main__ - INFO -   Train samples: 20764, Test samples: 5220
2025-12-14 16:01:40,936 - __main__ - INFO -   Train subjects: 179, Test subjects: 45
2025-12-14 16:01:40,936 - __main__ - INFO -   Preprocessing fold data (StandardScaler only)...
2025-12-14 16:01:40,936 - __main__ - INFO -   Input shapes - Train: (20764, 116), Test: (5220, 116)
2025-12-14 16:01:40,972 - __main__ - INFO -   Scaled shapes - Train: (20764, 116), Test: (5220, 116)
2025-12-14 16:01:40,972 - __main__ - INFO -   Training with C=0.299351, solver=lbfgs...
2025-12-14 16:07:22,905 - __main__ - INFO -   Predicting on test set...
2025-12-14 16:07:23,075 - __main__ - INFO -   Fold accuracy: 0.9144
2025-12-14 16:07:23,075 - __main__ - INFO -   Fold balanced accuracy: 0.9144
2025-12-14 16:07:23,075 - __main__ - INFO -   Fold time: 342.18s

2025-12-14 16:07:23,075 - __main__ - INFO - Fold 3/5
2025-12-14 16:07:23,075 - __main__ - INFO -   Train samples: 20764, Test samples: 5220
2025-12-14 16:07:23,081 - __main__ - INFO -   Train subjects: 179, Test subjects: 45
2025-12-14 16:07:23,081 - __main__ - INFO -   Preprocessing fold data (StandardScaler only)...
2025-12-14 16:07:23,081 - __main__ - INFO -   Input shapes - Train: (20764, 116), Test: (5220, 116)
2025-12-14 16:07:23,101 - __main__ - INFO -   Scaled shapes - Train: (20764, 116), Test: (5220, 116)
2025-12-14 16:07:23,101 - __main__ - INFO -   Training with C=0.299351, solver=lbfgs...
2025-12-14 16:13:08,494 - __main__ - INFO -   Predicting on test set...
2025-12-14 16:13:08,631 - __main__ - INFO -   Fold accuracy: 0.9155
2025-12-14 16:13:08,631 - __main__ - INFO -   Fold balanced accuracy: 0.9155
2025-12-14 16:13:08,631 - __main__ - INFO -   Fold time: 345.56s

2025-12-14 16:13:08,632 - __main__ - INFO - Fold 4/5
2025-12-14 16:13:08,632 - __main__ - INFO -   Train samples: 20764, Test samples: 5220
2025-12-14 16:13:08,638 - __main__ - INFO -   Train subjects: 179, Test subjects: 45
2025-12-14 16:13:08,638 - __main__ - INFO -   Preprocessing fold data (StandardScaler only)...
2025-12-14 16:13:08,638 - __main__ - INFO -   Input shapes - Train: (20764, 116), Test: (5220, 116)
2025-12-14 16:13:08,659 - __main__ - INFO -   Scaled shapes - Train: (20764, 116), Test: (5220, 116)
2025-12-14 16:13:08,659 - __main__ - INFO -   Training with C=0.299351, solver=lbfgs...
2025-12-14 16:18:43,900 - __main__ - INFO -   Predicting on test set...
2025-12-14 16:18:44,070 - __main__ - INFO -   Fold accuracy: 0.9125
2025-12-14 16:18:44,070 - __main__ - INFO -   Fold balanced accuracy: 0.9125
2025-12-14 16:18:44,070 - __main__ - INFO -   Fold time: 335.44s

2025-12-14 16:18:44,075 - __main__ - INFO - Fold 5/5
2025-12-14 16:18:44,075 - __main__ - INFO -   Train samples: 20880, Test samples: 5104
2025-12-14 16:18:44,086 - __main__ - INFO -   Train subjects: 180, Test subjects: 44
2025-12-14 16:18:44,086 - __main__ - INFO -   Preprocessing fold data (StandardScaler only)...
2025-12-14 16:18:44,086 - __main__ - INFO -   Input shapes - Train: (20880, 116), Test: (5104, 116)
2025-12-14 16:18:44,135 - __main__ - INFO -   Scaled shapes - Train: (20880, 116), Test: (5104, 116)
2025-12-14 16:18:44,135 - __main__ - INFO -   Training with C=0.299351, solver=lbfgs...
2025-12-14 16:24:26,108 - __main__ - INFO -   Predicting on test set...
2025-12-14 16:24:26,258 - __main__ - INFO -   Fold accuracy: 0.9095
2025-12-14 16:24:26,258 - __main__ - INFO -   Fold balanced accuracy: 0.9095
2025-12-14 16:24:26,258 - __main__ - INFO -   Fold time: 342.18s

2025-12-14 16:24:26,259 - __main__ - INFO - Cross-validation completed in 1707.55s

2025-12-14 16:24:26,274 - __main__ - INFO - Computing overall metrics...
2025-12-14 16:24:26,274 - src.evaluation.hemisphere_metrics - INFO - Computing classification metrics...
2025-12-14 16:24:26,439 - src.evaluation.hemisphere_metrics - INFO -   Accuracy: 0.9136
2025-12-14 16:24:26,439 - src.evaluation.hemisphere_metrics - INFO -   Balanced Accuracy: 0.9136
2025-12-14 16:24:26,439 - src.evaluation.hemisphere_metrics - INFO -   F1 Score: 0.9149
2025-12-14 16:24:26,439 - __main__ - INFO - 
OVERALL RESULTS (RIGHT HEMISPHERE):
2025-12-14 16:24:26,439 - __main__ - INFO -   Mean CV Accuracy: 0.9136
2025-12-14 16:24:26,439 - __main__ - INFO -   Mean CV Balanced Accuracy: 0.9136
2025-12-14 16:24:26,439 - __main__ - INFO -   Top-5 Accuracy: 0.9820658866995073
2025-12-14 16:24:26,439 - __main__ - INFO - 
  Hyperparameters (from Optuna):
2025-12-14 16:24:26,439 - __main__ - INFO -     C: 0.299351, solver: lbfgs, max_iter: 200
2025-12-14 16:24:26,439 - __main__ - INFO -     Optuna validation score: 0.9290
2025-12-14 16:24:26,439 - __main__ - INFO - 
Computing per-region metrics...
2025-12-14 16:24:26,439 - src.evaluation.hemisphere_metrics - INFO - Computing per-region metrics...
2025-12-14 16:24:26,439 - src.evaluation.hemisphere_metrics - INFO -   Computing metrics for 116 regions
2025-12-14 16:24:26,448 - src.evaluation.hemisphere_metrics - INFO -   Mean per-region accuracy: 0.9136
2025-12-14 16:24:26,449 - src.evaluation.hemisphere_metrics - INFO -   Std per-region accuracy: 0.0815
2025-12-14 16:24:26,449 - src.evaluation.hemisphere_metrics - INFO -   Min per-region accuracy: 0.5491
2025-12-14 16:24:26,449 - src.evaluation.hemisphere_metrics - INFO -   Max per-region accuracy: 0.9911
2025-12-14 16:24:26,449 - __main__ - INFO - Computing network-level metrics...
2025-12-14 16:24:26,449 - src.evaluation.hemisphere_metrics - INFO - Computing network-level metrics...
2025-12-14 16:24:26,458 - src.evaluation.hemisphere_metrics - INFO -   Computing metrics for 18 networks
2025-12-14 16:24:26,487 - src.evaluation.hemisphere_metrics - INFO -   Mean network accuracy: 0.9221
2025-12-14 16:24:26,488 - src.evaluation.hemisphere_metrics - INFO -   Best network: VisPeri (accuracy=0.9829)
2025-12-14 16:24:26,488 - src.evaluation.hemisphere_metrics - INFO -   Worst network: Subcortical (accuracy=0.8086)
2025-12-14 16:24:26,488 - __main__ - INFO - Creating confusion matrix...
2025-12-14 16:24:26,488 - src.evaluation.hemisphere_metrics - INFO - Creating confusion matrix...
2025-12-14 16:24:26,488 - src.evaluation.hemisphere_metrics - INFO -   Confusion matrix shape: (116, 116)
2025-12-14 16:24:26,489 - src.evaluation.hemisphere_metrics - INFO -   Total predictions: 25984
2025-12-14 16:24:26,489 - src.evaluation.hemisphere_metrics - INFO -   Correct predictions (diagonal): 23738
2025-12-14 16:24:26,489 - __main__ - INFO - 
Saving results...
2025-12-14 16:24:30,104 - __main__ - INFO - 
Generating visualizations...
2025-12-14 16:24:30,105 - src.visualization.hemisphere_viz - INFO - Plotting confusion matrix: (116, 116)
2025-12-14 16:24:30,158 - src.visualization.hemisphere_viz - INFO -   Added 17 network boundaries
2025-12-14 16:24:31,486 - src.visualization.hemisphere_viz - INFO -   Saved: /home/sjoon/projects/brain_connectivity_classifier/data/results/hemisphere_analysis/right_hemisphere/multinomial/confusion_matrix.png
2025-12-14 16:24:31,486 - src.visualization.hemisphere_viz - INFO - Plotting per-region accuracy for 116 regions
2025-12-14 16:24:32,674 - src.visualization.hemisphere_viz - INFO -   Saved: /home/sjoon/projects/brain_connectivity_classifier/data/results/hemisphere_analysis/right_hemisphere/multinomial/per_region_accuracy.png
2025-12-14 16:24:32,675 - src.visualization.hemisphere_viz - INFO - Plotting network accuracy for 18 networks
2025-12-14 16:24:33,301 - src.visualization.hemisphere_viz - INFO -   Saved: /home/sjoon/projects/brain_connectivity_classifier/data/results/hemisphere_analysis/right_hemisphere/multinomial/network_accuracy.png
2025-12-14 16:24:33,301 - __main__ - INFO - All results saved to: /home/sjoon/projects/brain_connectivity_classifier/data/results/hemisphere_analysis/right_hemisphere/multinomial
2025-12-14 16:24:33,301 - __main__ - INFO - 
================================================================================
2025-12-14 16:24:33,302 - __main__ - INFO - TESTING ON TASK DATA (GENDER STROOP)
2025-12-14 16:24:33,302 - __main__ - INFO - ================================================================================
2025-12-14 16:24:33,302 - __main__ - INFO - Training final model on ALL resting-state data
2025-12-14 16:24:33,302 - __main__ - INFO - Then testing on task data to measure generalization

2025-12-14 16:24:33,302 - __main__ - INFO - Step 1: Loading resting-state data (TRAINING)...
2025-12-14 16:24:33,537 - src.hemisphere.hemisphere_utils - INFO - Loading right hemisphere data from: /home/sjoon/projects/brain_connectivity_classifier/data/processed/hemispheres/RH_PIOP2_Restingstate.csv
2025-12-14 16:24:33,844 - src.hemisphere.hemisphere_utils - INFO -   Subjects: 224
2025-12-14 16:24:33,844 - src.hemisphere.hemisphere_utils - INFO -   Connections: 6670
2025-12-14 16:24:33,848 - src.hemisphere.hemisphere_utils - INFO - Extracting region info from: /home/sjoon/projects/brain_connectivity_classifier/data/processed/hemispheres/RH_PIOP2_Restingstate.csv
2025-12-14 16:24:34,417 - src.hemisphere.hemisphere_utils - INFO - Extracted 116 regions for right hemisphere
2025-12-14 16:24:34,417 - src.hemisphere.hemisphere_utils - INFO -   Regions: 116
2025-12-14 16:24:34,417 - src.hemisphere.hemisphere_utils - INFO - Converting to full connectivity matrices...
2025-12-14 16:24:34,439 - src.hemisphere.hemisphere_utils - INFO -   Matrix shape: (224, 116, 116)
2025-12-14 16:24:34,465 - src.hemisphere.hemisphere_utils - INFO - Connectivity validation completed
2025-12-14 16:24:34,465 - src.hemisphere.hemisphere_utils - INFO - Successfully loaded right hemisphere data
2025-12-14 16:24:34,465 - __main__ - INFO -   Rest data: 224 subjects, 116 regions
2025-12-14 16:24:34,466 - __main__ - INFO - 
Applying diagonal imputation (strategy: region_mean)...
2025-12-14 16:24:34,468 - __main__ - INFO -   Original diagonal range: [1.0000, 1.0000]
2025-12-14 16:24:34,468 - __main__ - INFO -   Original diagonal mean: 1.0000
2025-12-14 16:24:34,583 - __main__ - INFO -   Replaced diagonal with row means
2025-12-14 16:24:34,583 - __main__ - INFO -   New diagonal range: [-0.1680, 0.2766]
2025-12-14 16:24:34,583 - __main__ - INFO -   New diagonal mean: 0.0287
2025-12-14 16:24:34,583 - __main__ - INFO - 
Applying Fisher Z-transformation...
2025-12-14 16:24:34,646 - __main__ - INFO -   Value range after Fisher Z: [-1.3984, 1.7455]
2025-12-14 16:24:34,651 - __main__ - INFO -   Mean: 0.0338, Std: 0.2966
2025-12-14 16:24:34,651 - src.hemisphere.hemisphere_utils - INFO -   Removing diagonal values (self-connections) before classification
2025-12-14 16:24:34,651 - src.hemisphere.hemisphere_utils - INFO -   Original diagonal values (first subject, first 5 regions): [np.float64(0.021650803605147817), np.float64(0.04820149683505135), np.float64(0.045209753583810956), np.float64(0.028132438097084676), np.float64(0.017311009921030476)]
2025-12-14 16:24:34,654 - src.hemisphere.hemisphere_utils - INFO -   After removal (should be all zeros): [np.float64(0.0), np.float64(0.0), np.float64(0.0), np.float64(0.0), np.float64(0.0)]
2025-12-14 16:24:34,682 - src.hemisphere.hemisphere_utils - INFO -   ✅ Diagonal removal verified - no features constant at 1.0
2025-12-14 16:24:34,682 - src.hemisphere.hemisphere_utils - INFO - Prepared classification data:
2025-12-14 16:24:34,682 - src.hemisphere.hemisphere_utils - INFO -   Features (X): (25984, 116)
2025-12-14 16:24:34,682 - src.hemisphere.hemisphere_utils - INFO -   Labels (y): (25984,)
2025-12-14 16:24:34,683 - src.hemisphere.hemisphere_utils - INFO -   Groups: (25984,)
2025-12-14 16:24:34,683 - src.hemisphere.hemisphere_utils - INFO -   Unique labels: 116
2025-12-14 16:24:34,688 - src.hemisphere.hemisphere_utils - INFO -   Unique subjects: 224
2025-12-14 16:24:34,689 - src.hemisphere.hemisphere_utils - INFO -   Feature range: [-1.398, 1.745]
2025-12-14 16:24:34,694 - src.hemisphere.hemisphere_utils - INFO -   Feature mean: 0.034, std: 0.297
2025-12-14 16:24:34,694 - __main__ - INFO -   Rest features: (25984, 116)
2025-12-14 16:24:34,694 - __main__ - INFO - 
Step 2: Loading task data (TESTING)...
2025-12-14 16:24:34,721 - src.hemisphere.hemisphere_utils - INFO - Loading right hemisphere data from: /home/sjoon/projects/brain_connectivity_classifier/data/processed/hemispheres/RH_PIOP1_Gstroop.csv
2025-12-14 16:24:35,078 - src.hemisphere.hemisphere_utils - INFO -   Subjects: 200
2025-12-14 16:24:35,078 - src.hemisphere.hemisphere_utils - INFO -   Connections: 6670
2025-12-14 16:24:35,081 - src.hemisphere.hemisphere_utils - INFO - Extracting region info from: /home/sjoon/projects/brain_connectivity_classifier/data/processed/hemispheres/RH_PIOP1_Gstroop.csv
2025-12-14 16:24:35,575 - src.hemisphere.hemisphere_utils - INFO - Extracted 116 regions for right hemisphere
2025-12-14 16:24:35,575 - src.hemisphere.hemisphere_utils - INFO -   Regions: 116
2025-12-14 16:24:35,575 - src.hemisphere.hemisphere_utils - INFO - Converting to full connectivity matrices...
2025-12-14 16:24:35,593 - src.hemisphere.hemisphere_utils - INFO -   Matrix shape: (200, 116, 116)
2025-12-14 16:24:35,611 - src.hemisphere.hemisphere_utils - INFO - Connectivity validation completed
2025-12-14 16:24:35,612 - src.hemisphere.hemisphere_utils - INFO - Successfully loaded right hemisphere data
2025-12-14 16:24:35,612 - __main__ - INFO -   Task data: 200 subjects, 116 regions
2025-12-14 16:24:35,612 - __main__ - INFO - 
Applying diagonal imputation (strategy: region_mean)...
2025-12-14 16:24:35,614 - __main__ - INFO -   Original diagonal range: [1.0000, 1.0000]
2025-12-14 16:24:35,614 - __main__ - INFO -   Original diagonal mean: 1.0000
2025-12-14 16:24:35,715 - __main__ - INFO -   Replaced diagonal with row means
2025-12-14 16:24:35,715 - __main__ - INFO -   New diagonal range: [-0.1479, 0.3561]
2025-12-14 16:24:35,715 - __main__ - INFO -   New diagonal mean: 0.0303
2025-12-14 16:24:35,715 - __main__ - INFO - 
Applying Fisher Z-transformation...
2025-12-14 16:24:35,764 - __main__ - INFO -   Value range after Fisher Z: [-1.3069, 1.7673]
2025-12-14 16:24:35,770 - __main__ - INFO -   Mean: 0.0348, Std: 0.2804
2025-12-14 16:24:35,771 - src.hemisphere.hemisphere_utils - INFO -   Removing diagonal values (self-connections) before classification
2025-12-14 16:24:35,771 - src.hemisphere.hemisphere_utils - INFO -   Original diagonal values (first subject, first 5 regions): [np.float64(0.06085067104828221), np.float64(0.07529497501560747), np.float64(0.010610299455312966), np.float64(0.0009005334298231078), np.float64(0.03764381102152011)]
2025-12-14 16:24:35,772 - src.hemisphere.hemisphere_utils - INFO -   After removal (should be all zeros): [np.float64(0.0), np.float64(0.0), np.float64(0.0), np.float64(0.0), np.float64(0.0)]
2025-12-14 16:24:35,796 - src.hemisphere.hemisphere_utils - INFO -   ✅ Diagonal removal verified - no features constant at 1.0
2025-12-14 16:24:35,796 - src.hemisphere.hemisphere_utils - INFO - Prepared classification data:
2025-12-14 16:24:35,796 - src.hemisphere.hemisphere_utils - INFO -   Features (X): (23200, 116)
2025-12-14 16:24:35,796 - src.hemisphere.hemisphere_utils - INFO -   Labels (y): (23200,)
2025-12-14 16:24:35,796 - src.hemisphere.hemisphere_utils - INFO -   Groups: (23200,)
2025-12-14 16:24:35,796 - src.hemisphere.hemisphere_utils - INFO -   Unique labels: 116
2025-12-14 16:24:35,801 - src.hemisphere.hemisphere_utils - INFO -   Unique subjects: 200
2025-12-14 16:24:35,801 - src.hemisphere.hemisphere_utils - INFO -   Feature range: [-1.307, 1.767]
2025-12-14 16:24:35,806 - src.hemisphere.hemisphere_utils - INFO -   Feature mean: 0.035, std: 0.280
2025-12-14 16:24:35,806 - __main__ - INFO -   Task features: (23200, 116)
2025-12-14 16:24:35,806 - __main__ - INFO - 
Step 3: Training final model on ALL resting-state data...
2025-12-14 16:24:35,831 - __main__ - INFO -   Scaled rest data: mean=0.0000, std=1.0000
2025-12-14 16:30:20,908 - __main__ - INFO -   Model trained in 345.08s
2025-12-14 16:30:21,022 - __main__ - INFO -   Rest data accuracy (training set): 0.9774
2025-12-14 16:30:21,022 - __main__ - INFO - 
Step 4: Testing on task data...
2025-12-14 16:30:21,044 - __main__ - INFO -   Scaled task data: mean=0.0032, std=0.9474
2025-12-14 16:30:21,101 - __main__ - INFO - 
Step 5: Computing task metrics...
2025-12-14 16:30:21,101 - src.evaluation.hemisphere_metrics - INFO - Computing classification metrics...
2025-12-14 16:30:21,274 - src.evaluation.hemisphere_metrics - INFO -   Accuracy: 0.8631
2025-12-14 16:30:21,275 - src.evaluation.hemisphere_metrics - INFO -   Balanced Accuracy: 0.8631
2025-12-14 16:30:21,275 - src.evaluation.hemisphere_metrics - INFO -   F1 Score: 0.8662
2025-12-14 16:30:21,275 - src.evaluation.hemisphere_metrics - INFO - Computing per-region metrics...
2025-12-14 16:30:21,275 - src.evaluation.hemisphere_metrics - INFO -   Computing metrics for 116 regions
2025-12-14 16:30:21,282 - src.evaluation.hemisphere_metrics - INFO -   Mean per-region accuracy: 0.8631
2025-12-14 16:30:21,282 - src.evaluation.hemisphere_metrics - INFO -   Std per-region accuracy: 0.1278
2025-12-14 16:30:21,282 - src.evaluation.hemisphere_metrics - INFO -   Min per-region accuracy: 0.2700
2025-12-14 16:30:21,282 - src.evaluation.hemisphere_metrics - INFO -   Max per-region accuracy: 1.0000
2025-12-14 16:30:21,282 - src.evaluation.hemisphere_metrics - INFO - Computing network-level metrics...
2025-12-14 16:30:21,290 - src.evaluation.hemisphere_metrics - INFO -   Computing metrics for 18 networks
2025-12-14 16:30:21,320 - src.evaluation.hemisphere_metrics - INFO -   Mean network accuracy: 0.8783
2025-12-14 16:30:21,320 - src.evaluation.hemisphere_metrics - INFO -   Best network: SomMotA (accuracy=0.9564)
2025-12-14 16:30:21,320 - src.evaluation.hemisphere_metrics - INFO -   Worst network: Subcortical (accuracy=0.6544)
2025-12-14 16:30:21,320 - src.evaluation.hemisphere_metrics - INFO - Creating confusion matrix...
2025-12-14 16:30:21,321 - src.evaluation.hemisphere_metrics - INFO -   Confusion matrix shape: (116, 116)
2025-12-14 16:30:21,321 - src.evaluation.hemisphere_metrics - INFO -   Total predictions: 23200
2025-12-14 16:30:21,321 - src.evaluation.hemisphere_metrics - INFO -   Correct predictions (diagonal): 20023
2025-12-14 16:30:21,543 - __main__ - INFO - 
Saving task testing results to: /home/sjoon/projects/brain_connectivity_classifier/data/results/hemisphere_analysis/right_hemisphere/task_testing_multinomial
2025-12-14 16:30:23,654 - __main__ - INFO - 
Generating task testing visualizations...
2025-12-14 16:30:23,654 - src.visualization.hemisphere_viz - INFO - Plotting confusion matrix: (116, 116)
2025-12-14 16:30:23,708 - src.visualization.hemisphere_viz - INFO -   Added 17 network boundaries
2025-12-14 16:30:24,881 - src.visualization.hemisphere_viz - INFO -   Saved: /home/sjoon/projects/brain_connectivity_classifier/data/results/hemisphere_analysis/right_hemisphere/task_testing_multinomial/task_confusion_matrix.png
2025-12-14 16:30:24,881 - src.visualization.hemisphere_viz - INFO - Plotting per-region accuracy for 116 regions
2025-12-14 16:30:25,962 - src.visualization.hemisphere_viz - INFO -   Saved: /home/sjoon/projects/brain_connectivity_classifier/data/results/hemisphere_analysis/right_hemisphere/task_testing_multinomial/task_per_region_accuracy.png
2025-12-14 16:30:25,962 - src.visualization.hemisphere_viz - INFO - Plotting network accuracy for 18 networks
2025-12-14 16:30:26,530 - src.visualization.hemisphere_viz - INFO -   Saved: /home/sjoon/projects/brain_connectivity_classifier/data/results/hemisphere_analysis/right_hemisphere/task_testing_multinomial/task_network_accuracy.png
2025-12-14 16:30:26,530 - __main__ - INFO - 
================================================================================
2025-12-14 16:30:26,530 - __main__ - INFO - TASK TESTING RESULTS
2025-12-14 16:30:26,530 - __main__ - INFO - ================================================================================
2025-12-14 16:30:26,530 - __main__ - INFO - Rest (training) accuracy: 0.9774
2025-12-14 16:30:26,530 - __main__ - INFO - Task (testing) accuracy:  0.8631
2025-12-14 16:30:26,530 - __main__ - INFO - Accuracy drop:            0.1143 (11.7%)
2025-12-14 16:30:26,530 - __main__ - INFO - Task top-5 accuracy:      0.9657
2025-12-14 16:30:26,531 - __main__ - INFO - 
Best task network: DorsAttnB (0.9564)
2025-12-14 16:30:26,531 - __main__ - INFO - Worst task network: Subcortical (0.6544)
2025-12-14 16:30:26,531 - __main__ - INFO - ================================================================================

2025-12-14 16:30:26,532 - __main__ - INFO - 
================================================================================
2025-12-14 16:30:26,532 - __main__ - INFO - COMPARING HEMISPHERES
2025-12-14 16:30:26,532 - __main__ - INFO - ================================================================================

2025-12-14 16:30:26,670 - __main__ - INFO - Left: 0.9182, Right: 0.9136, Diff: 0.0046
2025-12-14 16:30:26,672 - __main__ - INFO - Paired t-test: t=1.8592, p=0.1365
2025-12-14 16:30:26,672 - __main__ - INFO - 
Task Testing:
2025-12-14 16:30:26,672 - __main__ - INFO -   Left task accuracy: 0.8693
2025-12-14 16:30:26,672 - __main__ - INFO -   Right task accuracy: 0.8631
2025-12-14 16:30:26,672 - __main__ - INFO -   Left accuracy drop: 0.1080
2025-12-14 16:30:26,672 - __main__ - INFO -   Right accuracy drop: 0.1143
2025-12-14 16:30:26,944 - __main__ - INFO - Comparison saved to: /home/sjoon/projects/brain_connectivity_classifier/data/results/hemisphere_analysis/comparison
2025-12-14 16:30:26,944 - __main__ - INFO - 
================================================================================
2025-12-14 16:30:26,944 - __main__ - INFO - TRAINING COMPLETED SUCCESSFULLY
2025-12-14 16:30:26,944 - __main__ - INFO - ================================================================================

==========================================
✓ Training completed successfully
Results: data/results/hemisphere_analysis/both_hemisphere/multinomial

Duration: 6816 seconds (113 minutes)
Completed: Sun Dec 14 04:30:43 PM CET 2025
==========================================
