000 (10224634.000.000) 2026-01-04 18:24:39 Job submitted from host: <10.0.8.14:9618?addrs=10.0.8.14-9618&alias=head2.htc.inm7.de&noUDP&sock=schedd_317342_cb8b>
...
001 (10224634.000.000) 2026-01-04 18:24:57 Job executing on host: <10.0.9.43:9618?addrs=10.0.9.43-9618&alias=cpu43.htc.inm7.de&noUDP&sock=startd_4240_dda5>
...
006 (10224634.000.000) 2026-01-04 18:25:05 Image size of job updated: 2693300
	299  -  MemoryUsage of job (MB)
	305904  -  ResidentSetSize of job (KB)
...
006 (10224634.000.000) 2026-01-04 18:30:05 Image size of job updated: 86661412
	6378  -  MemoryUsage of job (MB)
	6531064  -  ResidentSetSize of job (KB)
...
006 (10224634.000.000) 2026-01-04 18:35:05 Image size of job updated: 86789196
	6513  -  MemoryUsage of job (MB)
	6668984  -  ResidentSetSize of job (KB)
...
006 (10224634.000.000) 2026-01-04 18:37:49 Image size of job updated: 88256224
	7208  -  MemoryUsage of job (MB)
	7380868  -  ResidentSetSize of job (KB)
...
005 (10224634.000.000) 2026-01-04 18:37:49 Job terminated.
	(1) Normal termination (return value 0)
		Usr 0 06:05:29, Sys 0 00:00:11  -  Run Remote Usage
		Usr 0 00:00:00, Sys 0 00:00:00  -  Run Local Usage
		Usr 0 06:05:29, Sys 0 00:00:11  -  Total Remote Usage
		Usr 0 00:00:00, Sys 0 00:00:00  -  Total Local Usage
	0  -  Run Bytes Sent By Job
	0  -  Run Bytes Received By Job
	0  -  Total Bytes Sent By Job
	0  -  Total Bytes Received By Job
	Partitionable Resources :    Usage  Request Allocated 
	   Cpus                 :    17.39       32        32 
	   Disk (KB)            :     2     5242880  24829510 
	   Memory (MB)          :  7208      131072    131072 

	Job terminated of its own accord at 2026-01-04T17:37:49Z with exit-code 0.
...
000 (10224652.000.000) 2026-01-04 23:51:59 Job submitted from host: <10.0.8.14:9618?addrs=10.0.8.14-9618&alias=head2.htc.inm7.de&noUDP&sock=schedd_317342_cb8b>
...
001 (10224652.000.000) 2026-01-04 23:52:08 Job executing on host: <10.0.9.38:9618?addrs=10.0.9.38-9618&alias=cpu38.htc.inm7.de&noUDP&sock=startd_3289_8f14>
...
006 (10224652.000.000) 2026-01-04 23:52:16 Image size of job updated: 2831352
	413  -  MemoryUsage of job (MB)
	422684  -  ResidentSetSize of job (KB)
...
006 (10224652.000.000) 2026-01-04 23:57:16 Image size of job updated: 89725728
	7769  -  MemoryUsage of job (MB)
	7954668  -  ResidentSetSize of job (KB)
...
006 (10224652.000.000) 2026-01-05 00:07:18 Image size of job updated: 94042776
	9971  -  MemoryUsage of job (MB)
	10209856  -  ResidentSetSize of job (KB)
...
006 (10224652.000.000) 2026-01-05 00:12:18 Image size of job updated: 94042776
	10100  -  MemoryUsage of job (MB)
	10341400  -  ResidentSetSize of job (KB)
...
006 (10224652.000.000) 2026-01-05 00:27:19 Image size of job updated: 94100116
	10100  -  MemoryUsage of job (MB)
	10341400  -  ResidentSetSize of job (KB)
...
006 (10224652.000.000) 2026-01-05 00:42:20 Image size of job updated: 94100116
	11626  -  MemoryUsage of job (MB)
	11904684  -  ResidentSetSize of job (KB)
...
006 (10224652.000.000) 2026-01-05 00:57:22 Image size of job updated: 94114352
	13815  -  MemoryUsage of job (MB)
	14146560  -  ResidentSetSize of job (KB)
...
006 (10224652.000.000) 2026-01-05 02:07:30 Image size of job updated: 94141704
	13815  -  MemoryUsage of job (MB)
	14146560  -  ResidentSetSize of job (KB)
...
006 (10224652.000.000) 2026-01-05 03:02:36 Image size of job updated: 94158420
	13815  -  MemoryUsage of job (MB)
	14146560  -  ResidentSetSize of job (KB)
...
006 (10224652.000.000) 2026-01-05 03:12:38 Image size of job updated: 94170208
	13815  -  MemoryUsage of job (MB)
	14146560  -  ResidentSetSize of job (KB)
...
006 (10224652.000.000) 2026-01-05 03:42:41 Image size of job updated: 94187008
	13815  -  MemoryUsage of job (MB)
	14146560  -  ResidentSetSize of job (KB)
...
006 (10224652.000.000) 2026-01-05 03:52:41 Image size of job updated: 94196752
	13815  -  MemoryUsage of job (MB)
	14146560  -  ResidentSetSize of job (KB)
...
006 (10224652.000.000) 2026-01-05 04:02:42 Image size of job updated: 94199368
	13815  -  MemoryUsage of job (MB)
	14146560  -  ResidentSetSize of job (KB)
...
006 (10224652.000.000) 2026-01-05 04:27:44 Image size of job updated: 94217572
	13815  -  MemoryUsage of job (MB)
	14146560  -  ResidentSetSize of job (KB)
...
006 (10224652.000.000) 2026-01-05 04:37:45 Image size of job updated: 94231860
	13815  -  MemoryUsage of job (MB)
	14146560  -  ResidentSetSize of job (KB)
...
006 (10224652.000.000) 2026-01-05 04:57:47 Image size of job updated: 94240008
	13815  -  MemoryUsage of job (MB)
	14146560  -  ResidentSetSize of job (KB)
...
006 (10224652.000.000) 2026-01-05 05:07:48 Image size of job updated: 94246508
	13815  -  MemoryUsage of job (MB)
	14146560  -  ResidentSetSize of job (KB)
...
006 (10224652.000.000) 2026-01-05 05:17:49 Image size of job updated: 94258880
	13815  -  MemoryUsage of job (MB)
	14146560  -  ResidentSetSize of job (KB)
...
006 (10224652.000.000) 2026-01-05 05:27:49 Image size of job updated: 94260164
	13815  -  MemoryUsage of job (MB)
	14146560  -  ResidentSetSize of job (KB)
...
006 (10224652.000.000) 2026-01-05 05:52:53 Image size of job updated: 94269296
	13815  -  MemoryUsage of job (MB)
	14146560  -  ResidentSetSize of job (KB)
...
006 (10224652.000.000) 2026-01-05 06:22:56 Image size of job updated: 94283608
	13815  -  MemoryUsage of job (MB)
	14146560  -  ResidentSetSize of job (KB)
...
006 (10224652.000.000) 2026-01-05 07:28:03 Image size of job updated: 94416720
	13815  -  MemoryUsage of job (MB)
	14146560  -  ResidentSetSize of job (KB)
...
006 (10224652.000.000) 2026-01-05 07:38:04 Image size of job updated: 94437936
	13815  -  MemoryUsage of job (MB)
	14146560  -  ResidentSetSize of job (KB)
...
006 (10224652.000.000) 2026-01-05 07:53:05 Image size of job updated: 94458060
	13815  -  MemoryUsage of job (MB)
	14146560  -  ResidentSetSize of job (KB)
...
006 (10224652.000.000) 2026-01-05 08:03:07 Image size of job updated: 94477384
	13815  -  MemoryUsage of job (MB)
	14146560  -  ResidentSetSize of job (KB)
...
006 (10224652.000.000) 2026-01-05 08:13:07 Image size of job updated: 94500704
	13815  -  MemoryUsage of job (MB)
	14146560  -  ResidentSetSize of job (KB)
...
006 (10224652.000.000) 2026-01-05 08:23:09 Image size of job updated: 106168320
	25655  -  MemoryUsage of job (MB)
	26270248  -  ResidentSetSize of job (KB)
...
006 (10224652.000.000) 2026-01-05 08:28:09 Image size of job updated: 112194608
	25655  -  MemoryUsage of job (MB)
	26270248  -  ResidentSetSize of job (KB)
...
005 (10224652.000.000) 2026-01-05 08:33:41 Job terminated.
	(1) Normal termination (return value 0)
		Usr 11 07:14:25, Sys 0 00:22:53  -  Run Remote Usage
		Usr 0 00:00:00, Sys 0 00:00:00  -  Run Local Usage
		Usr 11 07:14:25, Sys 0 00:22:53  -  Total Remote Usage
		Usr 0 00:00:00, Sys 0 00:00:00  -  Total Local Usage
	0  -  Run Bytes Sent By Job
	0  -  Run Bytes Received By Job
	0  -  Total Bytes Sent By Job
	0  -  Total Bytes Received By Job
	Partitionable Resources :    Usage  Request Allocated 
	   Cpus                 :    31.90       32        32 
	   Disk (KB)            :     2     5242880   7738216 
	   Memory (MB)          : 25655      131072    131072 

	Job terminated of its own accord at 2026-01-05T07:33:41Z with exit-code 0.
...
