000 (10214507.000.000) 2025-12-13 17:41:09 Job submitted from host: <10.0.8.14:9618?addrs=10.0.8.14-9618&alias=head2.htc.inm7.de&noUDP&sock=schedd_317342_cb8b>
...
001 (10214507.000.000) 2025-12-13 17:41:21 Job executing on host: <10.0.9.38:9618?addrs=10.0.9.38-9618&alias=cpu38.htc.inm7.de&noUDP&sock=startd_3289_8f14>
...
006 (10214507.000.000) 2025-12-13 17:41:30 Image size of job updated: 2
	6  -  MemoryUsage of job (MB)
	5396  -  ResidentSetSize of job (KB)
...
006 (10214507.000.000) 2025-12-13 17:46:31 Image size of job updated: 91769896
	10514  -  MemoryUsage of job (MB)
	10766180  -  ResidentSetSize of job (KB)
...
006 (10214507.000.000) 2025-12-13 17:51:32 Image size of job updated: 92619808
	12747  -  MemoryUsage of job (MB)
	13052312  -  ResidentSetSize of job (KB)
...
006 (10214507.000.000) 2025-12-13 17:56:32 Image size of job updated: 92926708
	13426  -  MemoryUsage of job (MB)
	13747656  -  ResidentSetSize of job (KB)
...
006 (10214507.000.000) 2025-12-13 18:01:33 Image size of job updated: 93279800
	13426  -  MemoryUsage of job (MB)
	13747656  -  ResidentSetSize of job (KB)
...
006 (10214507.000.000) 2025-12-13 18:06:33 Image size of job updated: 93539516
	13426  -  MemoryUsage of job (MB)
	13747656  -  ResidentSetSize of job (KB)
...
005 (10214507.000.000) 2025-12-13 18:27:21 Job terminated.
	(1) Normal termination (return value 0)
		Usr 0 22:09:48, Sys 0 00:04:40  -  Run Remote Usage
		Usr 0 00:00:00, Sys 0 00:00:00  -  Run Local Usage
		Usr 0 22:09:48, Sys 0 00:04:40  -  Total Remote Usage
		Usr 0 00:00:00, Sys 0 00:00:00  -  Total Local Usage
	0  -  Run Bytes Sent By Job
	0  -  Run Bytes Received By Job
	0  -  Total Bytes Sent By Job
	0  -  Total Bytes Received By Job
	Partitionable Resources :    Usage  Request Allocated 
	   Cpus                 :    31.91       32        32 
	   Disk (KB)            :     2     5242880   7738216 
	   Memory (MB)          : 13426      131072    131072 

	Job terminated of its own accord at 2025-12-13T17:27:21Z with exit-code 0.
...
000 (10214536.000.000) 2025-12-14 14:37:10 Job submitted from host: <10.0.8.14:9618?addrs=10.0.8.14-9618&alias=head2.htc.inm7.de&noUDP&sock=schedd_317342_cb8b>
...
001 (10214536.000.000) 2025-12-14 14:37:27 Job executing on host: <10.0.9.38:9618?addrs=10.0.9.38-9618&alias=cpu38.htc.inm7.de&noUDP&sock=startd_3289_8f14>
...
006 (10214536.000.000) 2025-12-14 14:37:35 Image size of job updated: 2
	6  -  MemoryUsage of job (MB)
	5484  -  ResidentSetSize of job (KB)
...
006 (10214536.000.000) 2025-12-14 14:42:35 Image size of job updated: 91692000
	10530  -  MemoryUsage of job (MB)
	10782296  -  ResidentSetSize of job (KB)
...
006 (10214536.000.000) 2025-12-14 14:47:35 Image size of job updated: 92601620
	12692  -  MemoryUsage of job (MB)
	12996512  -  ResidentSetSize of job (KB)
...
006 (10214536.000.000) 2025-12-14 14:52:36 Image size of job updated: 93381908
	13056  -  MemoryUsage of job (MB)
	13369052  -  ResidentSetSize of job (KB)
...
005 (10214536.000.000) 2025-12-14 15:23:28 Job terminated.
	(1) Normal termination (return value 0)
		Usr 0 22:13:45, Sys 0 00:04:37  -  Run Remote Usage
		Usr 0 00:00:00, Sys 0 00:00:00  -  Run Local Usage
		Usr 0 22:13:45, Sys 0 00:04:37  -  Total Remote Usage
		Usr 0 00:00:00, Sys 0 00:00:00  -  Total Local Usage
	0  -  Run Bytes Sent By Job
	0  -  Run Bytes Received By Job
	0  -  Total Bytes Sent By Job
	0  -  Total Bytes Received By Job
	Partitionable Resources :    Usage  Request Allocated 
	   Cpus                 :    28.33       32        32 
	   Disk (KB)            :     2     5242880   7738216 
	   Memory (MB)          : 13056      131072    131072 

	Job terminated of its own accord at 2025-12-14T14:23:28Z with exit-code 0.
...
