000 (10214508.000.000) 2025-12-13 17:41:19 Job submitted from host: <10.0.8.14:9618?addrs=10.0.8.14-9618&alias=head2.htc.inm7.de&noUDP&sock=schedd_317342_cb8b>
...
001 (10214508.000.000) 2025-12-13 17:41:21 Job executing on host: <10.0.9.47:9618?addrs=10.0.9.47-9618&alias=cpu47.htc.inm7.de&noUDP&sock=startd_3371_cdd8>
...
006 (10214508.000.000) 2025-12-13 17:41:30 Image size of job updated: 2
	6  -  MemoryUsage of job (MB)
	5452  -  ResidentSetSize of job (KB)
...
006 (10214508.000.000) 2025-12-13 17:46:31 Image size of job updated: 87683124
	7224  -  MemoryUsage of job (MB)
	7396736  -  ResidentSetSize of job (KB)
...
006 (10214508.000.000) 2025-12-13 17:51:32 Image size of job updated: 87741424
	7391  -  MemoryUsage of job (MB)
	7568292  -  ResidentSetSize of job (KB)
...
006 (10214508.000.000) 2025-12-13 17:56:32 Image size of job updated: 87741424
	7445  -  MemoryUsage of job (MB)
	7623064  -  ResidentSetSize of job (KB)
...
006 (10214508.000.000) 2025-12-13 18:01:32 Image size of job updated: 87751780
	7445  -  MemoryUsage of job (MB)
	7623064  -  ResidentSetSize of job (KB)
...
006 (10214508.000.000) 2025-12-13 18:11:33 Image size of job updated: 87753408
	7445  -  MemoryUsage of job (MB)
	7623064  -  ResidentSetSize of job (KB)
...
006 (10214508.000.000) 2025-12-13 18:16:33 Image size of job updated: 87753408
	7453  -  MemoryUsage of job (MB)
	7631612  -  ResidentSetSize of job (KB)
...
006 (10214508.000.000) 2025-12-13 18:26:34 Image size of job updated: 87755304
	7453  -  MemoryUsage of job (MB)
	7631612  -  ResidentSetSize of job (KB)
...
006 (10214508.000.000) 2025-12-13 18:36:35 Image size of job updated: 87762116
	7453  -  MemoryUsage of job (MB)
	7631612  -  ResidentSetSize of job (KB)
...
006 (10214508.000.000) 2025-12-13 18:46:36 Image size of job updated: 87767324
	7453  -  MemoryUsage of job (MB)
	7631612  -  ResidentSetSize of job (KB)
...
006 (10214508.000.000) 2025-12-13 18:51:37 Image size of job updated: 87790804
	7461  -  MemoryUsage of job (MB)
	7640028  -  ResidentSetSize of job (KB)
...
006 (10214508.000.000) 2025-12-13 18:56:38 Image size of job updated: 87802280
	7461  -  MemoryUsage of job (MB)
	7640028  -  ResidentSetSize of job (KB)
...
006 (10214508.000.000) 2025-12-13 19:01:38 Image size of job updated: 87986100
	7503  -  MemoryUsage of job (MB)
	7682832  -  ResidentSetSize of job (KB)
...
006 (10214508.000.000) 2025-12-13 19:06:39 Image size of job updated: 89563248
	7503  -  MemoryUsage of job (MB)
	7682832  -  ResidentSetSize of job (KB)
...
006 (10214508.000.000) 2025-12-13 19:11:40 Image size of job updated: 89563248
	7523  -  MemoryUsage of job (MB)
	7703508  -  ResidentSetSize of job (KB)
...
006 (10214508.000.000) 2025-12-13 19:16:40 Image size of job updated: 89563248
	7538  -  MemoryUsage of job (MB)
	7718880  -  ResidentSetSize of job (KB)
...
006 (10214508.000.000) 2025-12-13 19:31:42 Image size of job updated: 89563248
	7549  -  MemoryUsage of job (MB)
	7729296  -  ResidentSetSize of job (KB)
...
006 (10214508.000.000) 2025-12-13 19:41:43 Image size of job updated: 89563248
	7581  -  MemoryUsage of job (MB)
	7762884  -  ResidentSetSize of job (KB)
...
006 (10214508.000.000) 2025-12-13 20:00:47 Image size of job updated: 90038476
	7581  -  MemoryUsage of job (MB)
	7762884  -  ResidentSetSize of job (KB)
...
005 (10214508.000.000) 2025-12-13 20:00:47 Job terminated.
	(1) Normal termination (return value 0)
		Usr 3 00:13:00, Sys 0 00:08:46  -  Run Remote Usage
		Usr 0 00:00:00, Sys 0 00:00:00  -  Run Local Usage
		Usr 3 00:13:00, Sys 0 00:08:46  -  Total Remote Usage
		Usr 0 00:00:00, Sys 0 00:00:00  -  Total Local Usage
	0  -  Run Bytes Sent By Job
	0  -  Run Bytes Received By Job
	0  -  Total Bytes Sent By Job
	0  -  Total Bytes Received By Job
	Partitionable Resources :    Usage  Request Allocated 
	   Cpus                 :    23.31       32        32 
	   Disk (KB)            :     2     5242880  14864131 
	   Memory (MB)          :  7581      131072    131072 

	Job terminated of its own accord at 2025-12-13T19:00:47Z with exit-code 0.
...
000 (10214537.000.000) 2025-12-14 14:37:30 Job submitted from host: <10.0.8.14:9618?addrs=10.0.8.14-9618&alias=head2.htc.inm7.de&noUDP&sock=schedd_317342_cb8b>
...
001 (10214537.000.000) 2025-12-14 14:37:47 Job executing on host: <10.0.9.47:9618?addrs=10.0.9.47-9618&alias=cpu47.htc.inm7.de&noUDP&sock=startd_3371_cdd8>
...
006 (10214537.000.000) 2025-12-14 14:37:55 Image size of job updated: 2
	6  -  MemoryUsage of job (MB)
	5468  -  ResidentSetSize of job (KB)
...
006 (10214537.000.000) 2025-12-14 14:42:55 Image size of job updated: 87654608
	7359  -  MemoryUsage of job (MB)
	7534716  -  ResidentSetSize of job (KB)
...
006 (10214537.000.000) 2025-12-14 14:47:55 Image size of job updated: 87724492
	7422  -  MemoryUsage of job (MB)
	7599328  -  ResidentSetSize of job (KB)
...
006 (10214537.000.000) 2025-12-14 14:52:56 Image size of job updated: 87748844
	7448  -  MemoryUsage of job (MB)
	7626464  -  ResidentSetSize of job (KB)
...
006 (10214537.000.000) 2025-12-14 15:07:58 Image size of job updated: 87755148
	7448  -  MemoryUsage of job (MB)
	7626464  -  ResidentSetSize of job (KB)
...
006 (10214537.000.000) 2025-12-14 15:12:58 Image size of job updated: 87755148
	7456  -  MemoryUsage of job (MB)
	7633988  -  ResidentSetSize of job (KB)
...
006 (10214537.000.000) 2025-12-14 15:22:59 Image size of job updated: 87757128
	7456  -  MemoryUsage of job (MB)
	7633988  -  ResidentSetSize of job (KB)
...
006 (10214537.000.000) 2025-12-14 15:28:00 Image size of job updated: 87763960
	7456  -  MemoryUsage of job (MB)
	7633988  -  ResidentSetSize of job (KB)
...
006 (10214537.000.000) 2025-12-14 15:38:01 Image size of job updated: 87770448
	7456  -  MemoryUsage of job (MB)
	7633988  -  ResidentSetSize of job (KB)
...
006 (10214537.000.000) 2025-12-14 15:43:02 Image size of job updated: 87771416
	7456  -  MemoryUsage of job (MB)
	7633988  -  ResidentSetSize of job (KB)
...
006 (10214537.000.000) 2025-12-14 15:58:04 Image size of job updated: 87990872
	7456  -  MemoryUsage of job (MB)
	7633988  -  ResidentSetSize of job (KB)
...
006 (10214537.000.000) 2025-12-14 16:03:04 Image size of job updated: 90004188
	7456  -  MemoryUsage of job (MB)
	7633988  -  ResidentSetSize of job (KB)
...
006 (10214537.000.000) 2025-12-14 16:13:06 Image size of job updated: 90004188
	7496  -  MemoryUsage of job (MB)
	7675112  -  ResidentSetSize of job (KB)
...
006 (10214537.000.000) 2025-12-14 16:18:06 Image size of job updated: 90004188
	7549  -  MemoryUsage of job (MB)
	7730056  -  ResidentSetSize of job (KB)
...
006 (10214537.000.000) 2025-12-14 16:23:06 Image size of job updated: 90004188
	7569  -  MemoryUsage of job (MB)
	7749676  -  ResidentSetSize of job (KB)
...
006 (10214537.000.000) 2025-12-14 16:38:07 Image size of job updated: 90004188
	7619  -  MemoryUsage of job (MB)
	7801264  -  ResidentSetSize of job (KB)
...
006 (10214537.000.000) 2025-12-14 16:57:45 Image size of job updated: 90058380
	7619  -  MemoryUsage of job (MB)
	7801264  -  ResidentSetSize of job (KB)
...
005 (10214537.000.000) 2025-12-14 16:57:45 Job terminated.
	(1) Normal termination (return value 0)
		Usr 3 00:28:45, Sys 0 00:08:33  -  Run Remote Usage
		Usr 0 00:00:00, Sys 0 00:00:00  -  Run Local Usage
		Usr 3 00:28:45, Sys 0 00:08:33  -  Total Remote Usage
		Usr 0 00:00:00, Sys 0 00:00:00  -  Total Local Usage
	0  -  Run Bytes Sent By Job
	0  -  Run Bytes Received By Job
	0  -  Total Bytes Sent By Job
	0  -  Total Bytes Received By Job
	Partitionable Resources :    Usage  Request Allocated 
	   Cpus                 :    31.75       32        32 
	   Disk (KB)            :     2     5242880  14864131 
	   Memory (MB)          :  7619      131072    131072 

	Job terminated of its own accord at 2025-12-14T15:57:45Z with exit-code 0.
...
