000 (10214512.000.000) 2025-12-14 01:02:06 Job submitted from host: <10.0.8.14:9618?addrs=10.0.8.14-9618&alias=head2.htc.inm7.de&noUDP&sock=schedd_317342_cb8b>
...
001 (10214512.000.000) 2025-12-14 01:02:06 Job executing on host: <10.0.9.44:9618?addrs=10.0.9.44-9618&alias=cpu44.htc.inm7.de&noUDP&sock=startd_4087_eba8>
...
006 (10214512.000.000) 2025-12-14 01:02:15 Image size of job updated: 1192484
	29  -  MemoryUsage of job (MB)
	28792  -  ResidentSetSize of job (KB)
...
006 (10214512.000.000) 2025-12-14 01:07:15 Image size of job updated: 2549704
	194  -  MemoryUsage of job (MB)
	197884  -  ResidentSetSize of job (KB)
...
005 (10214512.000.000) 2025-12-14 01:07:37 Job terminated.
	(1) Normal termination (return value 0)
		Usr 0 00:00:12, Sys 0 00:00:01  -  Run Remote Usage
		Usr 0 00:00:00, Sys 0 00:00:00  -  Run Local Usage
		Usr 0 00:00:12, Sys 0 00:00:01  -  Total Remote Usage
		Usr 0 00:00:00, Sys 0 00:00:00  -  Total Local Usage
	0  -  Run Bytes Sent By Job
	0  -  Run Bytes Received By Job
	0  -  Total Bytes Sent By Job
	0  -  Total Bytes Received By Job
	Partitionable Resources :    Usage  Request Allocated 
	   Cpus                 :     0.01       32        32 
	   Disk (KB)            :     2     5242880  24829514 
	   Memory (MB)          :   194      131072    131072 

	Job terminated of its own accord at 2025-12-14T00:07:37Z with exit-code 0.
...
