000 (10168374.014.000) 2025-12-05 17:25:50 Job submitted from host: <10.0.8.14:9618?addrs=10.0.8.14-9618&alias=head2.htc.inm7.de&noUDP&sock=schedd_317342_cb8b>
...
001 (10168374.014.000) 2025-12-05 17:25:50 Job executing on host: <10.0.9.52:9618?addrs=10.0.9.52-9618&alias=cpu52.htc.inm7.de&noUDP&sock=startd_3389_268d>
...
006 (10168374.014.000) 2025-12-05 17:25:52 Image size of job updated: 2
	6  -  MemoryUsage of job (MB)
	5464  -  ResidentSetSize of job (KB)
...
005 (10168374.014.000) 2025-12-05 17:25:52 Job terminated.
	(1) Normal termination (return value 2)
		Usr 0 00:00:00, Sys 0 00:00:00  -  Run Remote Usage
		Usr 0 00:00:00, Sys 0 00:00:00  -  Run Local Usage
		Usr 0 00:00:00, Sys 0 00:00:00  -  Total Remote Usage
		Usr 0 00:00:00, Sys 0 00:00:00  -  Total Local Usage
	0  -  Run Bytes Sent By Job
	0  -  Run Bytes Received By Job
	0  -  Total Bytes Sent By Job
	0  -  Total Bytes Received By Job
	Partitionable Resources :    Usage  Request Allocated 
	   Cpus                 :                 4         4 
	   Disk (KB)            :        2 15728640  29729211 
	   Memory (MB)          :        6    12288     12288 

	Job terminated of its own accord at 2025-12-05T16:25:52Z with exit-code 2.
...
