000 (10175859.000.000) 2025-12-08 12:35:05 Job submitted from host: <10.0.8.14:9618?addrs=10.0.8.14-9618&alias=head2.htc.inm7.de&noUDP&sock=schedd_317342_cb8b>
...
001 (10175859.000.000) 2025-12-08 12:35:05 Job executing on host: <10.0.9.43:9618?addrs=10.0.9.43-9618&alias=cpu43.htc.inm7.de&noUDP&sock=startd_4240_dda5>
...
006 (10175859.000.000) 2025-12-08 12:35:14 Image size of job updated: 946276
	233  -  MemoryUsage of job (MB)
	238052  -  ResidentSetSize of job (KB)
...
006 (10175859.000.000) 2025-12-08 12:40:15 Image size of job updated: 1279492
	589  -  MemoryUsage of job (MB)
	602456  -  ResidentSetSize of job (KB)
...
006 (10175859.000.000) 2025-12-08 12:50:15 Image size of job updated: 1344560
	702  -  MemoryUsage of job (MB)
	717976  -  ResidentSetSize of job (KB)
...
006 (10175859.000.000) 2025-12-08 13:00:17 Image size of job updated: 1471132
	825  -  MemoryUsage of job (MB)
	844244  -  ResidentSetSize of job (KB)
...
005 (10175859.000.000) 2025-12-08 13:13:16 Job terminated.
	(1) Normal termination (return value 0)
		Usr 0 00:38:11, Sys 0 00:00:02  -  Run Remote Usage
		Usr 0 00:00:00, Sys 0 00:00:00  -  Run Local Usage
		Usr 0 00:38:11, Sys 0 00:00:02  -  Total Remote Usage
		Usr 0 00:00:00, Sys 0 00:00:00  -  Total Local Usage
	0  -  Run Bytes Sent By Job
	0  -  Run Bytes Received By Job
	0  -  Total Bytes Sent By Job
	0  -  Total Bytes Received By Job
	Partitionable Resources :    Usage  Request Allocated 
	   Cpus                 :     1.00        8         8 
	   Disk (KB)            :     5    10485760  24829510 
	   Memory (MB)          :   825        2048      2048 

	Job terminated of its own accord at 2025-12-08T12:13:16Z with exit-code 0.
...
