Activating virtual environment...
✓ Using masterthesis_venv2

Python 3.11.2


======================================================================
  Brain Connectivity Classification Pipeline
======================================================================
Experiment:  Exp_LR_NM_bestparam
Stage:       1
Model:       best_from_search

======================================================================
  STAGE 1: Model Training
======================================================================

======================================================================
  BRAIN CONNECTIVITY CLASSIFICATION - PHASE 2
======================================================================

Mode: FULL DATA
Config: configs/config.yaml
Model: best_from_search
Diagnostics: Disabled
Experiment Tracking: ENABLED
Start: 2025-12-08 12:35:07

Created experiment: Exp_LR_NM_bestparam
  Location: results/experiments/Exp_LR_NM_bestparam
Configuration:
  Model: best_from_search
  Diagonal strategy: network_mean
    Deterministic strategy
  CV folds: 3
  Random seed: 42
  Fisher Z transform: Enabled

======================================================================
  STEP 1: Load Training Data (PIOP-2 Resting State)
======================================================================

Loaded 224 subjects from PIOP2_restingstate.csv
  Subjects: 224
  Connections: 26796

======================================================================
  STEP 2: Load Model & Create Classifier
======================================================================

Loaded LogisticRegression ← best_from_search.yaml
   Params: {'C': 0.0343304473310619, 'max_iter': 1000, 'solver': 'saga', 'multi_class': 'multinomial'}
Loaded model: LogisticRegression
Created classifier
  Preprocessor: BrainConnectivityPreprocessor
  Model: LogisticRegression
  Cross-validation: 3-fold GroupKFold

======================================================================
  STEP 3: Train with Leak-Free Cross-Validation
======================================================================

Preprocessing happens inside each CV fold (no leakage)
Fisher Z applied before scaling


============================================================
Leak-Free Cross-Validation with 3 Folds
============================================================

Total number of subjects: 224
Total number of samples: 224

Preprocessing: network_mean
Deterministic diagonal imputation strategy: network_mean, diagonal values are constant per subject.

Fold 1/3:
  Training subjects: 149, Validation subjects: 75
  Training Accuracy: 0.8999
  Validation Accuracy: 0.7441

Fold 2/3:
  Training subjects: 149, Validation subjects: 75
  Training Accuracy: 0.9023
  Validation Accuracy: 0.7302

Fold 3/3:
  Training subjects: 150, Validation subjects: 74
  Training Accuracy: 0.9009
  Validation Accuracy: 0.7403

============================================================
Cross-Validation Results:
  Mean Training Accuracy: 0.9010 ± 0.0009
  Mean Validation Accuracy: 0.7382 ± 0.0058
============================================================


Training final model on all training data...
============================================================
Final Model Results:
  Training Accuracy: 0.7372
  Trained on 51968 samples.

============================================================


============================================================
Cross-Validation Summary:
  Training Accuracy:   0.9010 ± 0.0009
  Validation Accuracy: 0.7382 ± 0.0058
============================================================

✓ Saved: cv_fold_results.csv
✓ Saved: error_map_cv_validation.csv
✓ Saved confusion matrix: confusion_matrix_cv_validation.csv

======================================================================
  STEP 3.5: Evaluate on Training Data (for reference)
======================================================================

Training accuracy: 0.7372
Note: Overfitted; use CV validation for unbiased estimate
✓ Saved: error_map_train.csv
✓ Saved confusion matrix: confusion_matrix_train.csv

======================================================================
  STEP 4: Save Trained Model & Region List
======================================================================

✓ Model saved to results/experiments/Exp_LR_NM_bestparam/models
  - Pipeline: pipeline_best_from_search_network_mean.pkl
  - Preprocessor: preprocessor_network_mean.pkl
  - Metadata: metadata_best_from_search_network_mean.json
Model saved to: results/experiments/Exp_LR_NM_bestparam/models
Region list saved to data/processed: data/processed/region_list.csv

======================================================================
  STEP 5: Evaluate on Task Data (PIOP-1 Gender Stroop)
======================================================================

Loaded 200 subjects from PIOP1_gstroop.csv
  Test subjects: 200

Test Results:
  Test Accuracy: 0.6468
  CV Validation → Test drop: 0.0914
✓ Saved: error_map_test.csv
✓ Saved confusion matrix: confusion_matrix_test.csv
✓ Saved: comparison_cv_validation_vs_task.csv
✓ Saved: comparison_train_vs_task.csv

======================================================================
  STEP 6: Generate Visualizations
======================================================================

Figure saved: error_map_cv_validation.png
Figure saved: error_map_train.png
Figure saved: error_map_task.png
Figure saved: comparison_cv_validation_vs_task.png
Figure saved: comparison_train_vs_task.png

Total figures: 5
Saved metadata to: metadata.json

======================================================================
  PIPELINE COMPLETE!
======================================================================


RESULTS SUMMARY
======================================================================

Experiment: best_from_search_network_mean
Model: LogisticRegression

Data:
  Training subjects: 224
  Brain regions: 232
  Chance level: 0.0043

Configuration:
  Diagonal strategy: network_mean
  CV folds: 3
  Fisher Z transform: Enabled
  Random seed: 42

Cross-Validation Results (LEAK-FREE):
  Validation accuracy: 0.7382 ± 0.0058
  Training accuracy: 0.9010 ± 0.0009
  Full Training Accuracy: 0.7372 (overfitted)
  Improvement over chance: 171.3x

Task Data (Gender Stroop):
  Test subjects: 200
  Test accuracy: 0.6468
  CV validation → Task drop: 0.0914

======================================================================

Output Locations:
  Experiment: results/experiments/Exp_LR_NM_bestparam
  Models: results/experiments/Exp_LR_NM_bestparam/models
  Metrics: results/experiments/Exp_LR_NM_bestparam/metrics
  Figures: results/experiments/Exp_LR_NM_bestparam/figures
  Predictions: results/experiments/Exp_LR_NM_bestparam/predictions

Execution Time: 38.1m
Completed: 2025-12-08 13:13:15

======================================================================

Pipeline completed successfully.


✓ Training complete


======================================================================
  PIPELINE COMPLETE
======================================================================

Experiment: Exp_LR_NM_bestparam

Results saved to:
  - results/experiments/Exp_LR_NM_bestparam/
  - reports/figures/
  - reports/tables/

