000 (10214504.000.000) 2025-12-13 17:23:39 Job submitted from host: <10.0.8.14:9618?addrs=10.0.8.14-9618&alias=head2.htc.inm7.de&noUDP&sock=schedd_317342_cb8b>
...
001 (10214504.000.000) 2025-12-13 17:23:42 Job executing on host: <10.0.9.44:9618?addrs=10.0.9.44-9618&alias=cpu44.htc.inm7.de&noUDP&sock=startd_4087_eba8>
...
006 (10214504.000.000) 2025-12-13 17:23:51 Image size of job updated: 32340
	18  -  MemoryUsage of job (MB)
	17900  -  ResidentSetSize of job (KB)
...
006 (10214504.000.000) 2025-12-13 17:28:51 Image size of job updated: 2518184
	167  -  MemoryUsage of job (MB)
	170688  -  ResidentSetSize of job (KB)
...
006 (10214504.000.000) 2025-12-13 17:30:49 Image size of job updated: 2700116
	167  -  MemoryUsage of job (MB)
	170688  -  ResidentSetSize of job (KB)
...
005 (10214504.000.000) 2025-12-13 17:30:50 Job terminated.
	(1) Normal termination (return value 0)
		Usr 0 00:00:11, Sys 0 00:00:01  -  Run Remote Usage
		Usr 0 00:00:00, Sys 0 00:00:00  -  Run Local Usage
		Usr 0 00:00:11, Sys 0 00:00:01  -  Total Remote Usage
		Usr 0 00:00:00, Sys 0 00:00:00  -  Total Local Usage
	0  -  Run Bytes Sent By Job
	0  -  Run Bytes Received By Job
	0  -  Total Bytes Sent By Job
	0  -  Total Bytes Received By Job
	Partitionable Resources :    Usage  Request Allocated 
	   Cpus                 :     0.01       32        32 
	   Disk (KB)            :     2     5242880  24829514 
	   Memory (MB)          :   167      131072    131072 

	Job terminated of its own accord at 2025-12-13T16:30:49Z with exit-code 0.
...
