=== Hemisphere Training | Host: cpu43 | Sat Dec 13 09:41:38 AM CET 2025 | CPUs: 32 ===
✓ Environment ready. Starting training...
2025-12-13 09:41:40,361 - __main__ - INFO - ================================================================================
2025-12-13 09:41:40,361 - __main__ - INFO - HEMISPHERE-SPECIFIC CLASSIFICATION (ONE-VS-REST)
2025-12-13 09:41:40,361 - __main__ - INFO - Preprocessing: Diagonal imputation + Fisher Z → StandardScaler
2025-12-13 09:41:40,361 - __main__ - INFO - Model: One-vs-Rest (OvR) - N binary classifiers
2025-12-13 09:41:40,361 - __main__ - INFO - Optuna: Runs on scaled full dataset
2025-12-13 09:41:40,361 - __main__ - INFO - CV: Independent scaling per fold
2025-12-13 09:41:40,361 - __main__ - INFO - Task Testing: Enabled (train on rest, test on task)
2025-12-13 09:41:40,361 - __main__ - INFO - ================================================================================
2025-12-13 09:41:40,361 - __main__ - INFO - 
================================================================================
2025-12-13 09:41:40,361 - __main__ - INFO - TRAINING LEFT HEMISPHERE (ONE-VS-REST)
2025-12-13 09:41:40,361 - __main__ - INFO - ================================================================================

2025-12-13 09:41:40,362 - __main__ - INFO - Loading hemisphere-specific data...
2025-12-13 09:41:40,362 - src.hemisphere.hemisphere_utils - INFO - Loading left hemisphere data from: /home/sjoon/projects/brain_connectivity_classifier/data/processed/hemispheres/LH_PIOP2_Restingstate.csv
2025-12-13 09:41:40,634 - src.hemisphere.hemisphere_utils - INFO -   Subjects: 224
2025-12-13 09:41:40,634 - src.hemisphere.hemisphere_utils - INFO -   Connections: 6670
2025-12-13 09:41:40,638 - src.hemisphere.hemisphere_utils - INFO - Extracting region info from: /home/sjoon/projects/brain_connectivity_classifier/data/processed/hemispheres/LH_PIOP2_Restingstate.csv
2025-12-13 09:41:40,980 - src.hemisphere.hemisphere_utils - INFO - Extracted 116 regions for left hemisphere
2025-12-13 09:41:40,980 - src.hemisphere.hemisphere_utils - INFO -   Regions: 116
2025-12-13 09:41:40,980 - src.hemisphere.hemisphere_utils - INFO - Converting to full connectivity matrices...
2025-12-13 09:41:40,998 - src.hemisphere.hemisphere_utils - INFO -   Matrix shape: (224, 116, 116)
2025-12-13 09:41:41,022 - src.hemisphere.hemisphere_utils - INFO - Connectivity validation completed
2025-12-13 09:41:41,022 - src.hemisphere.hemisphere_utils - INFO - Successfully loaded left hemisphere data
2025-12-13 09:41:41,023 - __main__ - INFO - Data loaded:
2025-12-13 09:41:41,023 - __main__ - INFO -   Subjects: 224
2025-12-13 09:41:41,023 - __main__ - INFO -   Regions: 116
2025-12-13 09:41:41,023 - __main__ - INFO -   Connectivity shape: (224, 116, 116)
2025-12-13 09:41:41,023 - __main__ - INFO - 
================================================================================
2025-12-13 09:41:41,023 - __main__ - INFO - PREPROCESSING (BEFORE CROSS-VALIDATION)
2025-12-13 09:41:41,023 - __main__ - INFO - ================================================================================
2025-12-13 09:41:41,023 - __main__ - INFO - 
Applying diagonal imputation (strategy: region_mean)...
2025-12-13 09:41:41,027 - __main__ - INFO -   Original diagonal range: [1.0000, 1.0000]
2025-12-13 09:41:41,027 - __main__ - INFO -   Original diagonal mean: 1.0000
2025-12-13 09:41:41,139 - __main__ - INFO -   Replaced diagonal with row means
2025-12-13 09:41:41,139 - __main__ - INFO -   New diagonal range: [-0.1899, 0.2207]
2025-12-13 09:41:41,140 - __main__ - INFO -   New diagonal mean: 0.0284
2025-12-13 09:41:41,140 - __main__ - INFO - 
Applying Fisher Z-transformation...
2025-12-13 09:41:41,195 - __main__ - INFO -   Value range after Fisher Z: [-1.2500, 1.8154]
2025-12-13 09:41:41,201 - __main__ - INFO -   Mean: 0.0332, Std: 0.2914
2025-12-13 09:41:41,201 - __main__ - INFO - 
Preparing classification data (flattening to features)...
2025-12-13 09:41:41,201 - src.hemisphere.hemisphere_utils - INFO -   Removing diagonal values (self-connections) before classification
2025-12-13 09:41:41,202 - src.hemisphere.hemisphere_utils - INFO -   Original diagonal values (first subject, first 5 regions): [np.float64(-0.008901612424537042), np.float64(0.027939234799402014), np.float64(0.009805427197523572), np.float64(-0.0315809333362432), np.float64(-0.008620041552882787)]
2025-12-13 09:41:41,205 - src.hemisphere.hemisphere_utils - INFO -   After removal (should be all zeros): [np.float64(0.0), np.float64(0.0), np.float64(0.0), np.float64(0.0), np.float64(0.0)]
2025-12-13 09:41:41,233 - src.hemisphere.hemisphere_utils - INFO -   ✅ Diagonal removal verified - no features constant at 1.0
2025-12-13 09:41:41,233 - src.hemisphere.hemisphere_utils - INFO - Prepared classification data:
2025-12-13 09:41:41,233 - src.hemisphere.hemisphere_utils - INFO -   Features (X): (25984, 116)
2025-12-13 09:41:41,233 - src.hemisphere.hemisphere_utils - INFO -   Labels (y): (25984,)
2025-12-13 09:41:41,233 - src.hemisphere.hemisphere_utils - INFO -   Groups: (25984,)
2025-12-13 09:41:41,234 - src.hemisphere.hemisphere_utils - INFO -   Unique labels: 116
2025-12-13 09:41:41,239 - src.hemisphere.hemisphere_utils - INFO -   Unique subjects: 224
2025-12-13 09:41:41,240 - src.hemisphere.hemisphere_utils - INFO -   Feature range: [-1.250, 1.815]
2025-12-13 09:41:41,245 - src.hemisphere.hemisphere_utils - INFO -   Feature mean: 0.033, std: 0.291
2025-12-13 09:41:41,246 - __main__ - INFO - Classification data prepared:
2025-12-13 09:41:41,246 - __main__ - INFO -   Samples (X): (25984, 116)
2025-12-13 09:41:41,246 - __main__ - INFO -   Labels (y): (25984,)
2025-12-13 09:41:41,246 - __main__ - INFO -   Classes: 116
2025-12-13 09:41:41,246 - __main__ - INFO - 
✓ Preprocessing completed
2025-12-13 09:41:41,246 - __main__ - INFO - ================================================================================
2025-12-13 09:41:41,246 - __main__ - INFO - 
Scaling full dataset for Optuna optimization...
2025-12-13 09:41:41,267 - __main__ - INFO -   Scaled data - mean: -0.0000, std: 1.0000
2025-12-13 09:41:41,267 - __main__ - INFO - 
================================================================================
2025-12-13 09:41:41,267 - __main__ - INFO - HYPERPARAMETER OPTIMIZATION WITH OPTUNA (ONE-VS-REST)
2025-12-13 09:41:41,267 - __main__ - INFO - ================================================================================
2025-12-13 09:41:41,267 - __main__ - INFO - Running Optuna on SCALED full dataset
2025-12-13 09:41:41,267 - __main__ - INFO -   Trials: 50
2025-12-13 09:41:41,267 - __main__ - INFO -   Samples: 25984
2025-12-13 09:41:41,268 - __main__ - INFO -   Features: 116
2025-12-13 09:41:41,268 - __main__ - INFO -   Classes: 116
2025-12-13 09:41:41,268 - __main__ - INFO -   NOTE: Data already scaled, using simple train/val split
2025-12-13 09:41:41,268 - __main__ - INFO - 
Starting Optuna optimization...
2025-12-13 10:09:41,392 - __main__ - INFO - 
Optuna optimization completed in 1680.12s
2025-12-13 10:09:41,392 - __main__ - INFO - 
✓ Best hyperparameters found:
2025-12-13 10:09:41,392 - __main__ - INFO -   • C: 0.246377
2025-12-13 10:09:41,393 - __main__ - INFO -   • max_iter: 200
2025-12-13 10:09:41,393 - __main__ - INFO -   • solver: saga
2025-12-13 10:09:41,393 - __main__ - INFO -   • Best validation score: 0.9404
2025-12-13 10:09:41,393 - __main__ - INFO - 
Top 5 trials:
2025-12-13 10:09:41,398 - __main__ - INFO -   1. Trial 9: score=0.9404, C=0.2464, solver=saga, max_iter=200
2025-12-13 10:09:41,398 - __main__ - INFO -   2. Trial 21: score=0.9404, C=0.4504, solver=lbfgs, max_iter=1000
2025-12-13 10:09:41,398 - __main__ - INFO -   3. Trial 33: score=0.9404, C=0.5290, solver=lbfgs, max_iter=1000
2025-12-13 10:09:41,398 - __main__ - INFO -   4. Trial 42: score=0.9404, C=0.4494, solver=lbfgs, max_iter=1000
2025-12-13 10:09:41,398 - __main__ - INFO -   5. Trial 26: score=0.9402, C=0.3764, solver=lbfgs, max_iter=1000
2025-12-13 10:09:41,398 - __main__ - INFO - ================================================================================

2025-12-13 10:09:41,398 - __main__ - INFO - 
================================================================================
2025-12-13 10:09:41,399 - __main__ - INFO - CROSS-VALIDATION WITH FOLD-WISE SCALING (ONE-VS-REST)
2025-12-13 10:09:41,399 - __main__ - INFO - ================================================================================
2025-12-13 10:09:41,399 - __main__ - INFO - Using hyperparameters: C=0.246377, solver=saga, max_iter=200
2025-12-13 10:09:41,399 - __main__ - INFO - Running 5-fold GroupKFold cross-validation...
2025-12-13 10:09:41,399 - __main__ - INFO - Note: StandardScaler fit independently on each fold's training data

2025-12-13 10:09:41,406 - __main__ - INFO - Fold 1/5
2025-12-13 10:09:41,406 - __main__ - INFO -   Train samples: 20764, Test samples: 5220
2025-12-13 10:09:41,412 - __main__ - INFO -   Train subjects: 179, Test subjects: 45
2025-12-13 10:09:41,412 - __main__ - INFO -   Preprocessing fold data (StandardScaler only)...
2025-12-13 10:09:41,413 - __main__ - INFO -   Input shapes - Train: (20764, 116), Test: (5220, 116)
2025-12-13 10:09:41,430 - __main__ - INFO -   Scaled shapes - Train: (20764, 116), Test: (5220, 116)
2025-12-13 10:09:41,430 - __main__ - INFO -   Training OvR with C=0.246377, solver=saga...
2025-12-13 10:09:57,193 - __main__ - INFO -   Predicting on test set...
2025-12-13 10:09:58,561 - __main__ - INFO -   Fold accuracy: 0.9192
2025-12-13 10:09:58,561 - __main__ - INFO -   Fold balanced accuracy: 0.9192
2025-12-13 10:09:58,561 - __main__ - INFO -   Fold time: 17.16s

2025-12-13 10:09:58,562 - __main__ - INFO - Fold 2/5
2025-12-13 10:09:58,562 - __main__ - INFO -   Train samples: 20764, Test samples: 5220
2025-12-13 10:09:58,567 - __main__ - INFO -   Train subjects: 179, Test subjects: 45
2025-12-13 10:09:58,567 - __main__ - INFO -   Preprocessing fold data (StandardScaler only)...
2025-12-13 10:09:58,567 - __main__ - INFO -   Input shapes - Train: (20764, 116), Test: (5220, 116)
2025-12-13 10:09:58,584 - __main__ - INFO -   Scaled shapes - Train: (20764, 116), Test: (5220, 116)
2025-12-13 10:09:58,584 - __main__ - INFO -   Training OvR with C=0.246377, solver=saga...
2025-12-13 10:10:14,283 - __main__ - INFO -   Predicting on test set...
2025-12-13 10:10:14,639 - __main__ - INFO -   Fold accuracy: 0.9289
2025-12-13 10:10:14,640 - __main__ - INFO -   Fold balanced accuracy: 0.9289
2025-12-13 10:10:14,640 - __main__ - INFO -   Fold time: 16.08s

2025-12-13 10:10:14,640 - __main__ - INFO - Fold 3/5
2025-12-13 10:10:14,640 - __main__ - INFO -   Train samples: 20764, Test samples: 5220
2025-12-13 10:10:14,644 - __main__ - INFO -   Train subjects: 179, Test subjects: 45
2025-12-13 10:10:14,644 - __main__ - INFO -   Preprocessing fold data (StandardScaler only)...
2025-12-13 10:10:14,644 - __main__ - INFO -   Input shapes - Train: (20764, 116), Test: (5220, 116)
2025-12-13 10:10:14,658 - __main__ - INFO -   Scaled shapes - Train: (20764, 116), Test: (5220, 116)
2025-12-13 10:10:14,658 - __main__ - INFO -   Training OvR with C=0.246377, solver=saga...
2025-12-13 10:10:30,147 - __main__ - INFO -   Predicting on test set...
2025-12-13 10:10:30,274 - __main__ - INFO -   Fold accuracy: 0.9239
2025-12-13 10:10:30,274 - __main__ - INFO -   Fold balanced accuracy: 0.9239
2025-12-13 10:10:30,274 - __main__ - INFO -   Fold time: 15.63s

2025-12-13 10:10:30,275 - __main__ - INFO - Fold 4/5
2025-12-13 10:10:30,275 - __main__ - INFO -   Train samples: 20764, Test samples: 5220
2025-12-13 10:10:30,278 - __main__ - INFO -   Train subjects: 179, Test subjects: 45
2025-12-13 10:10:30,278 - __main__ - INFO -   Preprocessing fold data (StandardScaler only)...
2025-12-13 10:10:30,278 - __main__ - INFO -   Input shapes - Train: (20764, 116), Test: (5220, 116)
2025-12-13 10:10:30,292 - __main__ - INFO -   Scaled shapes - Train: (20764, 116), Test: (5220, 116)
2025-12-13 10:10:30,292 - __main__ - INFO -   Training OvR with C=0.246377, solver=saga...
2025-12-13 10:10:45,319 - __main__ - INFO -   Predicting on test set...
2025-12-13 10:10:45,520 - __main__ - INFO -   Fold accuracy: 0.9259
2025-12-13 10:10:45,520 - __main__ - INFO -   Fold balanced accuracy: 0.9259
2025-12-13 10:10:45,520 - __main__ - INFO -   Fold time: 15.25s

2025-12-13 10:10:45,521 - __main__ - INFO - Fold 5/5
2025-12-13 10:10:45,521 - __main__ - INFO -   Train samples: 20880, Test samples: 5104
2025-12-13 10:10:45,525 - __main__ - INFO -   Train subjects: 180, Test subjects: 44
2025-12-13 10:10:45,525 - __main__ - INFO -   Preprocessing fold data (StandardScaler only)...
2025-12-13 10:10:45,525 - __main__ - INFO -   Input shapes - Train: (20880, 116), Test: (5104, 116)
2025-12-13 10:10:45,539 - __main__ - INFO -   Scaled shapes - Train: (20880, 116), Test: (5104, 116)
2025-12-13 10:10:45,540 - __main__ - INFO -   Training OvR with C=0.246377, solver=saga...
2025-12-13 10:11:01,195 - __main__ - INFO -   Predicting on test set...
2025-12-13 10:11:02,156 - __main__ - INFO -   Fold accuracy: 0.9152
2025-12-13 10:11:02,156 - __main__ - INFO -   Fold balanced accuracy: 0.9152
2025-12-13 10:11:02,156 - __main__ - INFO -   Fold time: 16.64s

2025-12-13 10:11:02,157 - __main__ - INFO - Cross-validation completed in 80.76s

2025-12-13 10:11:02,163 - __main__ - INFO - Computing overall metrics...
2025-12-13 10:11:02,163 - src.evaluation.hemisphere_metrics - INFO - Computing classification metrics...
2025-12-13 10:11:02,346 - src.evaluation.hemisphere_metrics - INFO -   Accuracy: 0.9226
2025-12-13 10:11:02,346 - src.evaluation.hemisphere_metrics - INFO -   Balanced Accuracy: 0.9226
2025-12-13 10:11:02,346 - src.evaluation.hemisphere_metrics - INFO -   F1 Score: 0.9228
2025-12-13 10:11:02,346 - __main__ - INFO - 
OVERALL RESULTS (LEFT HEMISPHERE - ONE-VS-REST):
2025-12-13 10:11:02,346 - __main__ - INFO -   Mean CV Accuracy: 0.9226
2025-12-13 10:11:02,346 - __main__ - INFO -   Mean CV Balanced Accuracy: 0.9226
2025-12-13 10:11:02,346 - __main__ - INFO -   Top-5 Accuracy: 0.9837207512315271
2025-12-13 10:11:02,346 - __main__ - INFO - 
  Hyperparameters (from Optuna):
2025-12-13 10:11:02,346 - __main__ - INFO -     C: 0.246377, solver: saga, max_iter: 200
2025-12-13 10:11:02,346 - __main__ - INFO -     Optuna validation score: 0.9404
2025-12-13 10:11:02,346 - __main__ - INFO - 
Computing per-region metrics...
2025-12-13 10:11:02,347 - src.evaluation.hemisphere_metrics - INFO - Computing per-region metrics...
2025-12-13 10:11:02,347 - src.evaluation.hemisphere_metrics - INFO -   Computing metrics for 116 regions
2025-12-13 10:11:02,352 - src.evaluation.hemisphere_metrics - INFO -   Mean per-region accuracy: 0.9226
2025-12-13 10:11:02,352 - src.evaluation.hemisphere_metrics - INFO -   Std per-region accuracy: 0.0896
2025-12-13 10:11:02,352 - src.evaluation.hemisphere_metrics - INFO -   Min per-region accuracy: 0.4911
2025-12-13 10:11:02,352 - src.evaluation.hemisphere_metrics - INFO -   Max per-region accuracy: 1.0000
2025-12-13 10:11:02,353 - __main__ - INFO - Computing network-level metrics...
2025-12-13 10:11:02,353 - src.evaluation.hemisphere_metrics - INFO - Computing network-level metrics...
2025-12-13 10:11:02,362 - src.evaluation.hemisphere_metrics - INFO -   Computing metrics for 18 networks
2025-12-13 10:11:02,391 - src.evaluation.hemisphere_metrics - INFO -   Mean network accuracy: 0.9278
2025-12-13 10:11:02,391 - src.evaluation.hemisphere_metrics - INFO -   Best network: SalVentAttnA (accuracy=0.9790)
2025-12-13 10:11:02,392 - src.evaluation.hemisphere_metrics - INFO -   Worst network: LimbicA (accuracy=0.7634)
2025-12-13 10:11:02,392 - __main__ - INFO - Creating confusion matrix...
2025-12-13 10:11:02,392 - src.evaluation.hemisphere_metrics - INFO - Creating confusion matrix...
2025-12-13 10:11:02,392 - src.evaluation.hemisphere_metrics - INFO -   Confusion matrix shape: (116, 116)
2025-12-13 10:11:02,392 - src.evaluation.hemisphere_metrics - INFO -   Total predictions: 25984
2025-12-13 10:11:02,392 - src.evaluation.hemisphere_metrics - INFO -   Correct predictions (diagonal): 23974
2025-12-13 10:11:02,392 - __main__ - INFO - 
Saving results...
2025-12-13 10:11:02,441 - __main__ - INFO - 
Generating visualizations...
2025-12-13 10:11:02,442 - src.visualization.hemisphere_viz - INFO - Plotting confusion matrix: (116, 116)
2025-12-13 10:11:02,473 - src.visualization.hemisphere_viz - INFO -   Added 17 network boundaries
2025-12-13 10:11:03,410 - src.visualization.hemisphere_viz - INFO -   Saved: /home/sjoon/projects/brain_connectivity_classifier/data/results/hemisphere_analysis/left_hemisphere/ovr/confusion_matrix.png
2025-12-13 10:11:03,411 - src.visualization.hemisphere_viz - INFO - Plotting per-region accuracy for 116 regions
2025-12-13 10:11:04,227 - src.visualization.hemisphere_viz - INFO -   Saved: /home/sjoon/projects/brain_connectivity_classifier/data/results/hemisphere_analysis/left_hemisphere/ovr/per_region_accuracy.png
2025-12-13 10:11:04,228 - src.visualization.hemisphere_viz - INFO - Plotting network accuracy for 18 networks
2025-12-13 10:11:04,632 - src.visualization.hemisphere_viz - INFO -   Saved: /home/sjoon/projects/brain_connectivity_classifier/data/results/hemisphere_analysis/left_hemisphere/ovr/network_accuracy.png
2025-12-13 10:11:04,632 - __main__ - INFO - All results saved to: /home/sjoon/projects/brain_connectivity_classifier/data/results/hemisphere_analysis/left_hemisphere/ovr
2025-12-13 10:11:04,632 - __main__ - INFO - 
================================================================================
2025-12-13 10:11:04,632 - __main__ - INFO - TESTING ON TASK DATA (GENDER STROOP) - ONE-VS-REST
2025-12-13 10:11:04,632 - __main__ - INFO - ================================================================================
2025-12-13 10:11:04,632 - __main__ - INFO - Training final OvR model on ALL resting-state data
2025-12-13 10:11:04,632 - __main__ - INFO - Then testing on task data to measure generalization

2025-12-13 10:11:04,632 - __main__ - INFO - Step 1: Loading resting-state data (TRAINING)...
2025-12-13 10:11:04,633 - src.hemisphere.hemisphere_utils - INFO - Loading left hemisphere data from: /home/sjoon/projects/brain_connectivity_classifier/data/processed/hemispheres/LH_PIOP2_Restingstate.csv
2025-12-13 10:11:04,986 - src.hemisphere.hemisphere_utils - INFO -   Subjects: 224
2025-12-13 10:11:04,986 - src.hemisphere.hemisphere_utils - INFO -   Connections: 6670
2025-12-13 10:11:04,991 - src.hemisphere.hemisphere_utils - INFO - Extracting region info from: /home/sjoon/projects/brain_connectivity_classifier/data/processed/hemispheres/LH_PIOP2_Restingstate.csv
2025-12-13 10:11:05,333 - src.hemisphere.hemisphere_utils - INFO - Extracted 116 regions for left hemisphere
2025-12-13 10:11:05,333 - src.hemisphere.hemisphere_utils - INFO -   Regions: 116
2025-12-13 10:11:05,333 - src.hemisphere.hemisphere_utils - INFO - Converting to full connectivity matrices...
2025-12-13 10:11:05,352 - src.hemisphere.hemisphere_utils - INFO -   Matrix shape: (224, 116, 116)
2025-12-13 10:11:05,375 - src.hemisphere.hemisphere_utils - INFO - Connectivity validation completed
2025-12-13 10:11:05,375 - src.hemisphere.hemisphere_utils - INFO - Successfully loaded left hemisphere data
2025-12-13 10:11:05,375 - __main__ - INFO -   Rest data: 224 subjects, 116 regions
2025-12-13 10:11:05,375 - __main__ - INFO - 
Applying diagonal imputation (strategy: region_mean)...
2025-12-13 10:11:05,377 - __main__ - INFO -   Original diagonal range: [1.0000, 1.0000]
2025-12-13 10:11:05,377 - __main__ - INFO -   Original diagonal mean: 1.0000
2025-12-13 10:11:05,493 - __main__ - INFO -   Replaced diagonal with row means
2025-12-13 10:11:05,493 - __main__ - INFO -   New diagonal range: [-0.1899, 0.2207]
2025-12-13 10:11:05,493 - __main__ - INFO -   New diagonal mean: 0.0284
2025-12-13 10:11:05,493 - __main__ - INFO - 
Applying Fisher Z-transformation...
2025-12-13 10:11:05,547 - __main__ - INFO -   Value range after Fisher Z: [-1.2500, 1.8154]
2025-12-13 10:11:05,554 - __main__ - INFO -   Mean: 0.0332, Std: 0.2914
2025-12-13 10:11:05,554 - src.hemisphere.hemisphere_utils - INFO -   Removing diagonal values (self-connections) before classification
2025-12-13 10:11:05,554 - src.hemisphere.hemisphere_utils - INFO -   Original diagonal values (first subject, first 5 regions): [np.float64(-0.008901612424537042), np.float64(0.027939234799402014), np.float64(0.009805427197523572), np.float64(-0.0315809333362432), np.float64(-0.008620041552882787)]
2025-12-13 10:11:05,557 - src.hemisphere.hemisphere_utils - INFO -   After removal (should be all zeros): [np.float64(0.0), np.float64(0.0), np.float64(0.0), np.float64(0.0), np.float64(0.0)]
2025-12-13 10:11:05,584 - src.hemisphere.hemisphere_utils - INFO -   ✅ Diagonal removal verified - no features constant at 1.0
2025-12-13 10:11:05,584 - src.hemisphere.hemisphere_utils - INFO - Prepared classification data:
2025-12-13 10:11:05,584 - src.hemisphere.hemisphere_utils - INFO -   Features (X): (25984, 116)
2025-12-13 10:11:05,584 - src.hemisphere.hemisphere_utils - INFO -   Labels (y): (25984,)
2025-12-13 10:11:05,584 - src.hemisphere.hemisphere_utils - INFO -   Groups: (25984,)
2025-12-13 10:11:05,585 - src.hemisphere.hemisphere_utils - INFO -   Unique labels: 116
2025-12-13 10:11:05,590 - src.hemisphere.hemisphere_utils - INFO -   Unique subjects: 224
2025-12-13 10:11:05,591 - src.hemisphere.hemisphere_utils - INFO -   Feature range: [-1.250, 1.815]
2025-12-13 10:11:05,595 - src.hemisphere.hemisphere_utils - INFO -   Feature mean: 0.033, std: 0.291
2025-12-13 10:11:05,596 - __main__ - INFO -   Rest features: (25984, 116)
2025-12-13 10:11:05,596 - __main__ - INFO - 
Step 2: Loading task data (TESTING)...
2025-12-13 10:11:05,597 - src.hemisphere.hemisphere_utils - INFO - Loading left hemisphere data from: /home/sjoon/projects/brain_connectivity_classifier/data/processed/hemispheres/LH_PIOP1_Gstroop.csv
2025-12-13 10:11:05,830 - src.hemisphere.hemisphere_utils - INFO -   Subjects: 200
2025-12-13 10:11:05,830 - src.hemisphere.hemisphere_utils - INFO -   Connections: 6670
2025-12-13 10:11:05,833 - src.hemisphere.hemisphere_utils - INFO - Extracting region info from: /home/sjoon/projects/brain_connectivity_classifier/data/processed/hemispheres/LH_PIOP1_Gstroop.csv
2025-12-13 10:11:06,187 - src.hemisphere.hemisphere_utils - INFO - Extracted 116 regions for left hemisphere
2025-12-13 10:11:06,187 - src.hemisphere.hemisphere_utils - INFO -   Regions: 116
2025-12-13 10:11:06,187 - src.hemisphere.hemisphere_utils - INFO - Converting to full connectivity matrices...
2025-12-13 10:11:06,204 - src.hemisphere.hemisphere_utils - INFO -   Matrix shape: (200, 116, 116)
2025-12-13 10:11:06,222 - src.hemisphere.hemisphere_utils - INFO - Connectivity validation completed
2025-12-13 10:11:06,222 - src.hemisphere.hemisphere_utils - INFO - Successfully loaded left hemisphere data
2025-12-13 10:11:06,222 - __main__ - INFO -   Task data: 200 subjects, 116 regions
2025-12-13 10:11:06,222 - __main__ - INFO - 
Applying diagonal imputation (strategy: region_mean)...
2025-12-13 10:11:06,224 - __main__ - INFO -   Original diagonal range: [1.0000, 1.0000]
2025-12-13 10:11:06,224 - __main__ - INFO -   Original diagonal mean: 1.0000
2025-12-13 10:11:06,326 - __main__ - INFO -   Replaced diagonal with row means
2025-12-13 10:11:06,326 - __main__ - INFO -   New diagonal range: [-0.1799, 0.3280]
2025-12-13 10:11:06,327 - __main__ - INFO -   New diagonal mean: 0.0284
2025-12-13 10:11:06,327 - __main__ - INFO - 
Applying Fisher Z-transformation...
2025-12-13 10:11:06,374 - __main__ - INFO -   Value range after Fisher Z: [-1.2080, 1.8408]
2025-12-13 10:11:06,380 - __main__ - INFO -   Mean: 0.0329, Std: 0.2800
2025-12-13 10:11:06,380 - src.hemisphere.hemisphere_utils - INFO -   Removing diagonal values (self-connections) before classification
2025-12-13 10:11:06,380 - src.hemisphere.hemisphere_utils - INFO -   Original diagonal values (first subject, first 5 regions): [np.float64(0.03756400419430058), np.float64(-0.006281433432417364), np.float64(-0.04253120820455031), np.float64(0.021136027062215127), np.float64(0.022268923864492588)]
2025-12-13 10:11:06,383 - src.hemisphere.hemisphere_utils - INFO -   After removal (should be all zeros): [np.float64(0.0), np.float64(0.0), np.float64(0.0), np.float64(0.0), np.float64(0.0)]
2025-12-13 10:11:06,407 - src.hemisphere.hemisphere_utils - INFO -   ✅ Diagonal removal verified - no features constant at 1.0
2025-12-13 10:11:06,407 - src.hemisphere.hemisphere_utils - INFO - Prepared classification data:
2025-12-13 10:11:06,407 - src.hemisphere.hemisphere_utils - INFO -   Features (X): (23200, 116)
2025-12-13 10:11:06,407 - src.hemisphere.hemisphere_utils - INFO -   Labels (y): (23200,)
2025-12-13 10:11:06,407 - src.hemisphere.hemisphere_utils - INFO -   Groups: (23200,)
2025-12-13 10:11:06,407 - src.hemisphere.hemisphere_utils - INFO -   Unique labels: 116
2025-12-13 10:11:06,412 - src.hemisphere.hemisphere_utils - INFO -   Unique subjects: 200
2025-12-13 10:11:06,413 - src.hemisphere.hemisphere_utils - INFO -   Feature range: [-1.208, 1.841]
2025-12-13 10:11:06,417 - src.hemisphere.hemisphere_utils - INFO -   Feature mean: 0.033, std: 0.280
2025-12-13 10:11:06,417 - __main__ - INFO -   Task features: (23200, 116)
2025-12-13 10:11:06,417 - __main__ - INFO - 
Step 3: Training final OvR model on ALL resting-state data...
2025-12-13 10:11:06,440 - __main__ - INFO -   Scaled rest data: mean=-0.0000, std=1.0000
2025-12-13 10:11:25,842 - __main__ - INFO -   OvR model trained in 19.40s
2025-12-13 10:11:25,961 - __main__ - INFO -   Rest data accuracy (training set): 0.9655
2025-12-13 10:11:25,961 - __main__ - INFO - 
Step 4: Testing on task data...
2025-12-13 10:11:25,971 - __main__ - INFO -   Scaled task data: mean=-0.0020, std=0.9630
2025-12-13 10:11:26,149 - __main__ - INFO - 
Step 5: Computing task metrics...
2025-12-13 10:11:26,149 - src.evaluation.hemisphere_metrics - INFO - Computing classification metrics...
2025-12-13 10:11:26,309 - src.evaluation.hemisphere_metrics - INFO -   Accuracy: 0.8757
2025-12-13 10:11:26,309 - src.evaluation.hemisphere_metrics - INFO -   Balanced Accuracy: 0.8757
2025-12-13 10:11:26,309 - src.evaluation.hemisphere_metrics - INFO -   F1 Score: 0.8770
2025-12-13 10:11:26,309 - src.evaluation.hemisphere_metrics - INFO - Computing per-region metrics...
2025-12-13 10:11:26,310 - src.evaluation.hemisphere_metrics - INFO -   Computing metrics for 116 regions
2025-12-13 10:11:26,314 - src.evaluation.hemisphere_metrics - INFO -   Mean per-region accuracy: 0.8757
2025-12-13 10:11:26,315 - src.evaluation.hemisphere_metrics - INFO -   Std per-region accuracy: 0.1305
2025-12-13 10:11:26,315 - src.evaluation.hemisphere_metrics - INFO -   Min per-region accuracy: 0.2300
2025-12-13 10:11:26,315 - src.evaluation.hemisphere_metrics - INFO -   Max per-region accuracy: 0.9950
2025-12-13 10:11:26,315 - src.evaluation.hemisphere_metrics - INFO - Computing network-level metrics...
2025-12-13 10:11:26,323 - src.evaluation.hemisphere_metrics - INFO -   Computing metrics for 18 networks
2025-12-13 10:11:26,352 - src.evaluation.hemisphere_metrics - INFO -   Mean network accuracy: 0.8855
2025-12-13 10:11:26,352 - src.evaluation.hemisphere_metrics - INFO -   Best network: SomMotA (accuracy=0.9656)
2025-12-13 10:11:26,352 - src.evaluation.hemisphere_metrics - INFO -   Worst network: Subcortical (accuracy=0.6791)
2025-12-13 10:11:26,353 - src.evaluation.hemisphere_metrics - INFO - Creating confusion matrix...
2025-12-13 10:11:26,353 - src.evaluation.hemisphere_metrics - INFO -   Confusion matrix shape: (116, 116)
2025-12-13 10:11:26,353 - src.evaluation.hemisphere_metrics - INFO -   Total predictions: 23200
2025-12-13 10:11:26,353 - src.evaluation.hemisphere_metrics - INFO -   Correct predictions (diagonal): 20316
2025-12-13 10:11:26,354 - __main__ - INFO - 
Saving task testing results to: /home/sjoon/projects/brain_connectivity_classifier/data/results/hemisphere_analysis/left_hemisphere/task_testing
2025-12-13 10:11:26,396 - __main__ - INFO - 
Generating task testing visualizations...
2025-12-13 10:11:26,396 - src.visualization.hemisphere_viz - INFO - Plotting confusion matrix: (116, 116)
2025-12-13 10:11:26,471 - src.visualization.hemisphere_viz - INFO -   Added 17 network boundaries
2025-12-13 10:11:27,378 - src.visualization.hemisphere_viz - INFO -   Saved: /home/sjoon/projects/brain_connectivity_classifier/data/results/hemisphere_analysis/left_hemisphere/task_testing/task_confusion_matrix.png
2025-12-13 10:11:27,379 - src.visualization.hemisphere_viz - INFO - Plotting per-region accuracy for 116 regions
2025-12-13 10:11:28,176 - src.visualization.hemisphere_viz - INFO -   Saved: /home/sjoon/projects/brain_connectivity_classifier/data/results/hemisphere_analysis/left_hemisphere/task_testing/task_per_region_accuracy.png
2025-12-13 10:11:28,176 - src.visualization.hemisphere_viz - INFO - Plotting network accuracy for 18 networks
2025-12-13 10:11:28,573 - src.visualization.hemisphere_viz - INFO -   Saved: /home/sjoon/projects/brain_connectivity_classifier/data/results/hemisphere_analysis/left_hemisphere/task_testing/task_network_accuracy.png
2025-12-13 10:11:28,573 - __main__ - INFO - 
================================================================================
2025-12-13 10:11:28,573 - __main__ - INFO - TASK TESTING RESULTS (ONE-VS-REST)
2025-12-13 10:11:28,573 - __main__ - INFO - ================================================================================
2025-12-13 10:11:28,573 - __main__ - INFO - Rest (training) accuracy: 0.9655
2025-12-13 10:11:28,573 - __main__ - INFO - Task (testing) accuracy:  0.8757
2025-12-13 10:11:28,573 - __main__ - INFO - Accuracy drop:            0.0898 (9.3%)
2025-12-13 10:11:28,573 - __main__ - INFO - Task top-5 accuracy:      0.9691
2025-12-13 10:11:28,574 - __main__ - INFO - 
Best task network: DefaultC (0.9656)
2025-12-13 10:11:28,574 - __main__ - INFO - Worst task network: Subcortical (0.6791)
2025-12-13 10:11:28,574 - __main__ - INFO - ================================================================================

2025-12-13 10:11:28,575 - __main__ - INFO - 
================================================================================
2025-12-13 10:11:28,575 - __main__ - INFO - TRAINING RIGHT HEMISPHERE (ONE-VS-REST)
2025-12-13 10:11:28,575 - __main__ - INFO - ================================================================================

2025-12-13 10:11:28,576 - __main__ - INFO - Loading hemisphere-specific data...
2025-12-13 10:11:28,577 - src.hemisphere.hemisphere_utils - INFO - Loading right hemisphere data from: /home/sjoon/projects/brain_connectivity_classifier/data/processed/hemispheres/RH_PIOP2_Restingstate.csv
2025-12-13 10:11:28,825 - src.hemisphere.hemisphere_utils - INFO -   Subjects: 224
2025-12-13 10:11:28,826 - src.hemisphere.hemisphere_utils - INFO -   Connections: 6670
2025-12-13 10:11:28,829 - src.hemisphere.hemisphere_utils - INFO - Extracting region info from: /home/sjoon/projects/brain_connectivity_classifier/data/processed/hemispheres/RH_PIOP2_Restingstate.csv
2025-12-13 10:11:29,243 - src.hemisphere.hemisphere_utils - INFO - Extracted 116 regions for right hemisphere
2025-12-13 10:11:29,243 - src.hemisphere.hemisphere_utils - INFO -   Regions: 116
2025-12-13 10:11:29,243 - src.hemisphere.hemisphere_utils - INFO - Converting to full connectivity matrices...
2025-12-13 10:11:29,261 - src.hemisphere.hemisphere_utils - INFO -   Matrix shape: (224, 116, 116)
2025-12-13 10:11:29,282 - src.hemisphere.hemisphere_utils - INFO - Connectivity validation completed
2025-12-13 10:11:29,282 - src.hemisphere.hemisphere_utils - INFO - Successfully loaded right hemisphere data
2025-12-13 10:11:29,283 - __main__ - INFO - Data loaded:
2025-12-13 10:11:29,283 - __main__ - INFO -   Subjects: 224
2025-12-13 10:11:29,283 - __main__ - INFO -   Regions: 116
2025-12-13 10:11:29,283 - __main__ - INFO -   Connectivity shape: (224, 116, 116)
2025-12-13 10:11:29,283 - __main__ - INFO - 
================================================================================
2025-12-13 10:11:29,283 - __main__ - INFO - PREPROCESSING (BEFORE CROSS-VALIDATION)
2025-12-13 10:11:29,283 - __main__ - INFO - ================================================================================
2025-12-13 10:11:29,283 - __main__ - INFO - 
Applying diagonal imputation (strategy: region_mean)...
2025-12-13 10:11:29,285 - __main__ - INFO -   Original diagonal range: [1.0000, 1.0000]
2025-12-13 10:11:29,285 - __main__ - INFO -   Original diagonal mean: 1.0000
2025-12-13 10:11:29,400 - __main__ - INFO -   Replaced diagonal with row means
2025-12-13 10:11:29,400 - __main__ - INFO -   New diagonal range: [-0.1680, 0.2766]
2025-12-13 10:11:29,400 - __main__ - INFO -   New diagonal mean: 0.0287
2025-12-13 10:11:29,400 - __main__ - INFO - 
Applying Fisher Z-transformation...
2025-12-13 10:11:29,452 - __main__ - INFO -   Value range after Fisher Z: [-1.3984, 1.7455]
2025-12-13 10:11:29,458 - __main__ - INFO -   Mean: 0.0338, Std: 0.2966
2025-12-13 10:11:29,458 - __main__ - INFO - 
Preparing classification data (flattening to features)...
2025-12-13 10:11:29,459 - src.hemisphere.hemisphere_utils - INFO -   Removing diagonal values (self-connections) before classification
2025-12-13 10:11:29,459 - src.hemisphere.hemisphere_utils - INFO -   Original diagonal values (first subject, first 5 regions): [np.float64(0.021650803605147817), np.float64(0.04820149683505135), np.float64(0.045209753583810956), np.float64(0.028132438097084676), np.float64(0.017311009921030476)]
2025-12-13 10:11:29,462 - src.hemisphere.hemisphere_utils - INFO -   After removal (should be all zeros): [np.float64(0.0), np.float64(0.0), np.float64(0.0), np.float64(0.0), np.float64(0.0)]
2025-12-13 10:11:29,490 - src.hemisphere.hemisphere_utils - INFO -   ✅ Diagonal removal verified - no features constant at 1.0
2025-12-13 10:11:29,490 - src.hemisphere.hemisphere_utils - INFO - Prepared classification data:
2025-12-13 10:11:29,490 - src.hemisphere.hemisphere_utils - INFO -   Features (X): (25984, 116)
2025-12-13 10:11:29,490 - src.hemisphere.hemisphere_utils - INFO -   Labels (y): (25984,)
2025-12-13 10:11:29,490 - src.hemisphere.hemisphere_utils - INFO -   Groups: (25984,)
2025-12-13 10:11:29,490 - src.hemisphere.hemisphere_utils - INFO -   Unique labels: 116
2025-12-13 10:11:29,496 - src.hemisphere.hemisphere_utils - INFO -   Unique subjects: 224
2025-12-13 10:11:29,497 - src.hemisphere.hemisphere_utils - INFO -   Feature range: [-1.398, 1.745]
2025-12-13 10:11:29,502 - src.hemisphere.hemisphere_utils - INFO -   Feature mean: 0.034, std: 0.297
2025-12-13 10:11:29,502 - __main__ - INFO - Classification data prepared:
2025-12-13 10:11:29,502 - __main__ - INFO -   Samples (X): (25984, 116)
2025-12-13 10:11:29,502 - __main__ - INFO -   Labels (y): (25984,)
2025-12-13 10:11:29,502 - __main__ - INFO -   Classes: 116
2025-12-13 10:11:29,502 - __main__ - INFO - 
✓ Preprocessing completed
2025-12-13 10:11:29,502 - __main__ - INFO - ================================================================================
2025-12-13 10:11:29,502 - __main__ - INFO - 
Scaling full dataset for Optuna optimization...
2025-12-13 10:11:29,524 - __main__ - INFO -   Scaled data - mean: 0.0000, std: 1.0000
2025-12-13 10:11:29,524 - __main__ - INFO - 
================================================================================
2025-12-13 10:11:29,524 - __main__ - INFO - HYPERPARAMETER OPTIMIZATION WITH OPTUNA (ONE-VS-REST)
2025-12-13 10:11:29,524 - __main__ - INFO - ================================================================================
2025-12-13 10:11:29,524 - __main__ - INFO - Running Optuna on SCALED full dataset
2025-12-13 10:11:29,524 - __main__ - INFO -   Trials: 50
2025-12-13 10:11:29,524 - __main__ - INFO -   Samples: 25984
2025-12-13 10:11:29,524 - __main__ - INFO -   Features: 116
2025-12-13 10:11:29,524 - __main__ - INFO -   Classes: 116
2025-12-13 10:11:29,524 - __main__ - INFO -   NOTE: Data already scaled, using simple train/val split
2025-12-13 10:11:29,524 - __main__ - INFO - 
Starting Optuna optimization...
2025-12-13 10:29:56,355 - __main__ - INFO - 
Optuna optimization completed in 1106.83s
2025-12-13 10:29:56,362 - __main__ - INFO - 
✓ Best hyperparameters found:
2025-12-13 10:29:56,362 - __main__ - INFO -   • C: 0.144039
2025-12-13 10:29:56,362 - __main__ - INFO -   • max_iter: 200
2025-12-13 10:29:56,362 - __main__ - INFO -   • solver: saga
2025-12-13 10:29:56,362 - __main__ - INFO -   • Best validation score: 0.9390
2025-12-13 10:29:56,362 - __main__ - INFO - 
Top 5 trials:
2025-12-13 10:29:56,365 - __main__ - INFO -   1. Trial 46: score=0.9390, C=0.1364, solver=saga, max_iter=200
2025-12-13 10:29:56,365 - __main__ - INFO -   2. Trial 18: score=0.9390, C=0.1440, solver=saga, max_iter=200
2025-12-13 10:29:56,365 - __main__ - INFO -   3. Trial 27: score=0.9388, C=0.1323, solver=saga, max_iter=1000
2025-12-13 10:29:56,365 - __main__ - INFO -   4. Trial 49: score=0.9388, C=0.1493, solver=saga, max_iter=200
2025-12-13 10:29:56,365 - __main__ - INFO -   5. Trial 9: score=0.9386, C=0.2464, solver=saga, max_iter=200
2025-12-13 10:29:56,366 - __main__ - INFO - ================================================================================

2025-12-13 10:29:56,366 - __main__ - INFO - 
================================================================================
2025-12-13 10:29:56,366 - __main__ - INFO - CROSS-VALIDATION WITH FOLD-WISE SCALING (ONE-VS-REST)
2025-12-13 10:29:56,366 - __main__ - INFO - ================================================================================
2025-12-13 10:29:56,366 - __main__ - INFO - Using hyperparameters: C=0.144039, solver=saga, max_iter=200
2025-12-13 10:29:56,366 - __main__ - INFO - Running 5-fold GroupKFold cross-validation...
2025-12-13 10:29:56,366 - __main__ - INFO - Note: StandardScaler fit independently on each fold's training data

2025-12-13 10:29:56,377 - __main__ - INFO - Fold 1/5
2025-12-13 10:29:56,377 - __main__ - INFO -   Train samples: 20764, Test samples: 5220
2025-12-13 10:29:56,391 - __main__ - INFO -   Train subjects: 179, Test subjects: 45
2025-12-13 10:29:56,392 - __main__ - INFO -   Preprocessing fold data (StandardScaler only)...
2025-12-13 10:29:56,392 - __main__ - INFO -   Input shapes - Train: (20764, 116), Test: (5220, 116)
2025-12-13 10:29:56,423 - __main__ - INFO -   Scaled shapes - Train: (20764, 116), Test: (5220, 116)
2025-12-13 10:29:56,423 - __main__ - INFO -   Training OvR with C=0.144039, solver=saga...
2025-12-13 10:30:08,490 - __main__ - INFO -   Predicting on test set...
2025-12-13 10:30:09,657 - __main__ - INFO -   Fold accuracy: 0.9226
2025-12-13 10:30:09,657 - __main__ - INFO -   Fold balanced accuracy: 0.9226
2025-12-13 10:30:09,657 - __main__ - INFO -   Fold time: 13.28s

2025-12-13 10:30:09,658 - __main__ - INFO - Fold 2/5
2025-12-13 10:30:09,658 - __main__ - INFO -   Train samples: 20764, Test samples: 5220
2025-12-13 10:30:09,663 - __main__ - INFO -   Train subjects: 179, Test subjects: 45
2025-12-13 10:30:09,663 - __main__ - INFO -   Preprocessing fold data (StandardScaler only)...
2025-12-13 10:30:09,663 - __main__ - INFO -   Input shapes - Train: (20764, 116), Test: (5220, 116)
2025-12-13 10:30:09,680 - __main__ - INFO -   Scaled shapes - Train: (20764, 116), Test: (5220, 116)
2025-12-13 10:30:09,680 - __main__ - INFO -   Training OvR with C=0.144039, solver=saga...
2025-12-13 10:30:20,934 - __main__ - INFO -   Predicting on test set...
2025-12-13 10:30:22,040 - __main__ - INFO -   Fold accuracy: 0.9230
2025-12-13 10:30:22,040 - __main__ - INFO -   Fold balanced accuracy: 0.9230
2025-12-13 10:30:22,040 - __main__ - INFO -   Fold time: 12.38s

2025-12-13 10:30:22,041 - __main__ - INFO - Fold 3/5
2025-12-13 10:30:22,041 - __main__ - INFO -   Train samples: 20764, Test samples: 5220
2025-12-13 10:30:22,044 - __main__ - INFO -   Train subjects: 179, Test subjects: 45
2025-12-13 10:30:22,044 - __main__ - INFO -   Preprocessing fold data (StandardScaler only)...
2025-12-13 10:30:22,044 - __main__ - INFO -   Input shapes - Train: (20764, 116), Test: (5220, 116)
2025-12-13 10:30:22,059 - __main__ - INFO -   Scaled shapes - Train: (20764, 116), Test: (5220, 116)
2025-12-13 10:30:22,059 - __main__ - INFO -   Training OvR with C=0.144039, solver=saga...
2025-12-13 10:30:34,287 - __main__ - INFO -   Predicting on test set...
2025-12-13 10:30:35,236 - __main__ - INFO -   Fold accuracy: 0.9230
2025-12-13 10:30:35,236 - __main__ - INFO -   Fold balanced accuracy: 0.9230
2025-12-13 10:30:35,236 - __main__ - INFO -   Fold time: 13.20s

2025-12-13 10:30:35,237 - __main__ - INFO - Fold 4/5
2025-12-13 10:30:35,237 - __main__ - INFO -   Train samples: 20764, Test samples: 5220
2025-12-13 10:30:35,240 - __main__ - INFO -   Train subjects: 179, Test subjects: 45
2025-12-13 10:30:35,240 - __main__ - INFO -   Preprocessing fold data (StandardScaler only)...
2025-12-13 10:30:35,240 - __main__ - INFO -   Input shapes - Train: (20764, 116), Test: (5220, 116)
2025-12-13 10:30:35,255 - __main__ - INFO -   Scaled shapes - Train: (20764, 116), Test: (5220, 116)
2025-12-13 10:30:35,255 - __main__ - INFO -   Training OvR with C=0.144039, solver=saga...
2025-12-13 10:30:47,859 - __main__ - INFO -   Predicting on test set...
2025-12-13 10:30:48,796 - __main__ - INFO -   Fold accuracy: 0.9201
2025-12-13 10:30:48,796 - __main__ - INFO -   Fold balanced accuracy: 0.9201
2025-12-13 10:30:48,796 - __main__ - INFO -   Fold time: 13.56s

2025-12-13 10:30:48,797 - __main__ - INFO - Fold 5/5
2025-12-13 10:30:48,797 - __main__ - INFO -   Train samples: 20880, Test samples: 5104
2025-12-13 10:30:48,801 - __main__ - INFO -   Train subjects: 180, Test subjects: 44
2025-12-13 10:30:48,801 - __main__ - INFO -   Preprocessing fold data (StandardScaler only)...
2025-12-13 10:30:48,802 - __main__ - INFO -   Input shapes - Train: (20880, 116), Test: (5104, 116)
2025-12-13 10:30:48,816 - __main__ - INFO -   Scaled shapes - Train: (20880, 116), Test: (5104, 116)
2025-12-13 10:30:48,816 - __main__ - INFO -   Training OvR with C=0.144039, solver=saga...
2025-12-13 10:31:00,877 - __main__ - INFO -   Predicting on test set...
2025-12-13 10:31:01,071 - __main__ - INFO -   Fold accuracy: 0.9154
2025-12-13 10:31:01,071 - __main__ - INFO -   Fold balanced accuracy: 0.9154
2025-12-13 10:31:01,071 - __main__ - INFO -   Fold time: 12.27s

2025-12-13 10:31:01,072 - __main__ - INFO - Cross-validation completed in 64.71s

2025-12-13 10:31:01,080 - __main__ - INFO - Computing overall metrics...
2025-12-13 10:31:01,080 - src.evaluation.hemisphere_metrics - INFO - Computing classification metrics...
2025-12-13 10:31:01,263 - src.evaluation.hemisphere_metrics - INFO -   Accuracy: 0.9208
2025-12-13 10:31:01,263 - src.evaluation.hemisphere_metrics - INFO -   Balanced Accuracy: 0.9208
2025-12-13 10:31:01,263 - src.evaluation.hemisphere_metrics - INFO -   F1 Score: 0.9210
2025-12-13 10:31:01,263 - __main__ - INFO - 
OVERALL RESULTS (RIGHT HEMISPHERE - ONE-VS-REST):
2025-12-13 10:31:01,263 - __main__ - INFO -   Mean CV Accuracy: 0.9208
2025-12-13 10:31:01,263 - __main__ - INFO -   Mean CV Balanced Accuracy: 0.9208
2025-12-13 10:31:01,263 - __main__ - INFO -   Top-5 Accuracy: 0.9828355911330049
2025-12-13 10:31:01,263 - __main__ - INFO - 
  Hyperparameters (from Optuna):
2025-12-13 10:31:01,263 - __main__ - INFO -     C: 0.144039, solver: saga, max_iter: 200
2025-12-13 10:31:01,263 - __main__ - INFO -     Optuna validation score: 0.9390
2025-12-13 10:31:01,264 - __main__ - INFO - 
Computing per-region metrics...
2025-12-13 10:31:01,264 - src.evaluation.hemisphere_metrics - INFO - Computing per-region metrics...
2025-12-13 10:31:01,264 - src.evaluation.hemisphere_metrics - INFO -   Computing metrics for 116 regions
2025-12-13 10:31:01,269 - src.evaluation.hemisphere_metrics - INFO -   Mean per-region accuracy: 0.9208
2025-12-13 10:31:01,269 - src.evaluation.hemisphere_metrics - INFO -   Std per-region accuracy: 0.0939
2025-12-13 10:31:01,269 - src.evaluation.hemisphere_metrics - INFO -   Min per-region accuracy: 0.4777
2025-12-13 10:31:01,269 - src.evaluation.hemisphere_metrics - INFO -   Max per-region accuracy: 1.0000
2025-12-13 10:31:01,269 - __main__ - INFO - Computing network-level metrics...
2025-12-13 10:31:01,269 - src.evaluation.hemisphere_metrics - INFO - Computing network-level metrics...
2025-12-13 10:31:01,278 - src.evaluation.hemisphere_metrics - INFO -   Computing metrics for 18 networks
2025-12-13 10:31:01,308 - src.evaluation.hemisphere_metrics - INFO -   Mean network accuracy: 0.9288
2025-12-13 10:31:01,308 - src.evaluation.hemisphere_metrics - INFO -   Best network: VisPeri (accuracy=0.9903)
2025-12-13 10:31:01,308 - src.evaluation.hemisphere_metrics - INFO -   Worst network: LimbicA (accuracy=0.8036)
2025-12-13 10:31:01,308 - __main__ - INFO - Creating confusion matrix...
2025-12-13 10:31:01,308 - src.evaluation.hemisphere_metrics - INFO - Creating confusion matrix...
2025-12-13 10:31:01,309 - src.evaluation.hemisphere_metrics - INFO -   Confusion matrix shape: (116, 116)
2025-12-13 10:31:01,309 - src.evaluation.hemisphere_metrics - INFO -   Total predictions: 25984
2025-12-13 10:31:01,309 - src.evaluation.hemisphere_metrics - INFO -   Correct predictions (diagonal): 23927
2025-12-13 10:31:01,309 - __main__ - INFO - 
Saving results...
2025-12-13 10:31:01,356 - __main__ - INFO - 
Generating visualizations...
2025-12-13 10:31:01,356 - src.visualization.hemisphere_viz - INFO - Plotting confusion matrix: (116, 116)
2025-12-13 10:31:01,379 - src.visualization.hemisphere_viz - INFO -   Added 17 network boundaries
2025-12-13 10:31:02,288 - src.visualization.hemisphere_viz - INFO -   Saved: /home/sjoon/projects/brain_connectivity_classifier/data/results/hemisphere_analysis/right_hemisphere/ovr/confusion_matrix.png
2025-12-13 10:31:02,288 - src.visualization.hemisphere_viz - INFO - Plotting per-region accuracy for 116 regions
2025-12-13 10:31:03,105 - src.visualization.hemisphere_viz - INFO -   Saved: /home/sjoon/projects/brain_connectivity_classifier/data/results/hemisphere_analysis/right_hemisphere/ovr/per_region_accuracy.png
2025-12-13 10:31:03,106 - src.visualization.hemisphere_viz - INFO - Plotting network accuracy for 18 networks
2025-12-13 10:31:03,507 - src.visualization.hemisphere_viz - INFO -   Saved: /home/sjoon/projects/brain_connectivity_classifier/data/results/hemisphere_analysis/right_hemisphere/ovr/network_accuracy.png
2025-12-13 10:31:03,507 - __main__ - INFO - All results saved to: /home/sjoon/projects/brain_connectivity_classifier/data/results/hemisphere_analysis/right_hemisphere/ovr
2025-12-13 10:31:03,507 - __main__ - INFO - 
================================================================================
2025-12-13 10:31:03,507 - __main__ - INFO - TESTING ON TASK DATA (GENDER STROOP) - ONE-VS-REST
2025-12-13 10:31:03,507 - __main__ - INFO - ================================================================================
2025-12-13 10:31:03,507 - __main__ - INFO - Training final OvR model on ALL resting-state data
2025-12-13 10:31:03,508 - __main__ - INFO - Then testing on task data to measure generalization

2025-12-13 10:31:03,508 - __main__ - INFO - Step 1: Loading resting-state data (TRAINING)...
2025-12-13 10:31:03,509 - src.hemisphere.hemisphere_utils - INFO - Loading right hemisphere data from: /home/sjoon/projects/brain_connectivity_classifier/data/processed/hemispheres/RH_PIOP2_Restingstate.csv
2025-12-13 10:31:03,768 - src.hemisphere.hemisphere_utils - INFO -   Subjects: 224
2025-12-13 10:31:03,768 - src.hemisphere.hemisphere_utils - INFO -   Connections: 6670
2025-12-13 10:31:03,771 - src.hemisphere.hemisphere_utils - INFO - Extracting region info from: /home/sjoon/projects/brain_connectivity_classifier/data/processed/hemispheres/RH_PIOP2_Restingstate.csv
2025-12-13 10:31:04,220 - src.hemisphere.hemisphere_utils - INFO - Extracted 116 regions for right hemisphere
2025-12-13 10:31:04,220 - src.hemisphere.hemisphere_utils - INFO -   Regions: 116
2025-12-13 10:31:04,220 - src.hemisphere.hemisphere_utils - INFO - Converting to full connectivity matrices...
2025-12-13 10:31:04,238 - src.hemisphere.hemisphere_utils - INFO -   Matrix shape: (224, 116, 116)
2025-12-13 10:31:04,262 - src.hemisphere.hemisphere_utils - INFO - Connectivity validation completed
2025-12-13 10:31:04,262 - src.hemisphere.hemisphere_utils - INFO - Successfully loaded right hemisphere data
2025-12-13 10:31:04,263 - __main__ - INFO -   Rest data: 224 subjects, 116 regions
2025-12-13 10:31:04,263 - __main__ - INFO - 
Applying diagonal imputation (strategy: region_mean)...
2025-12-13 10:31:04,267 - __main__ - INFO -   Original diagonal range: [1.0000, 1.0000]
2025-12-13 10:31:04,267 - __main__ - INFO -   Original diagonal mean: 1.0000
2025-12-13 10:31:04,381 - __main__ - INFO -   Replaced diagonal with row means
2025-12-13 10:31:04,381 - __main__ - INFO -   New diagonal range: [-0.1680, 0.2766]
2025-12-13 10:31:04,381 - __main__ - INFO -   New diagonal mean: 0.0287
2025-12-13 10:31:04,381 - __main__ - INFO - 
Applying Fisher Z-transformation...
2025-12-13 10:31:04,437 - __main__ - INFO -   Value range after Fisher Z: [-1.3984, 1.7455]
2025-12-13 10:31:04,444 - __main__ - INFO -   Mean: 0.0338, Std: 0.2966
2025-12-13 10:31:04,445 - src.hemisphere.hemisphere_utils - INFO -   Removing diagonal values (self-connections) before classification
2025-12-13 10:31:04,445 - src.hemisphere.hemisphere_utils - INFO -   Original diagonal values (first subject, first 5 regions): [np.float64(0.021650803605147817), np.float64(0.04820149683505135), np.float64(0.045209753583810956), np.float64(0.028132438097084676), np.float64(0.017311009921030476)]
2025-12-13 10:31:04,447 - src.hemisphere.hemisphere_utils - INFO -   After removal (should be all zeros): [np.float64(0.0), np.float64(0.0), np.float64(0.0), np.float64(0.0), np.float64(0.0)]
2025-12-13 10:31:04,475 - src.hemisphere.hemisphere_utils - INFO -   ✅ Diagonal removal verified - no features constant at 1.0
2025-12-13 10:31:04,475 - src.hemisphere.hemisphere_utils - INFO - Prepared classification data:
2025-12-13 10:31:04,475 - src.hemisphere.hemisphere_utils - INFO -   Features (X): (25984, 116)
2025-12-13 10:31:04,475 - src.hemisphere.hemisphere_utils - INFO -   Labels (y): (25984,)
2025-12-13 10:31:04,475 - src.hemisphere.hemisphere_utils - INFO -   Groups: (25984,)
2025-12-13 10:31:04,475 - src.hemisphere.hemisphere_utils - INFO -   Unique labels: 116
2025-12-13 10:31:04,481 - src.hemisphere.hemisphere_utils - INFO -   Unique subjects: 224
2025-12-13 10:31:04,482 - src.hemisphere.hemisphere_utils - INFO -   Feature range: [-1.398, 1.745]
2025-12-13 10:31:04,487 - src.hemisphere.hemisphere_utils - INFO -   Feature mean: 0.034, std: 0.297
2025-12-13 10:31:04,487 - __main__ - INFO -   Rest features: (25984, 116)
2025-12-13 10:31:04,487 - __main__ - INFO - 
Step 2: Loading task data (TESTING)...
2025-12-13 10:31:04,488 - src.hemisphere.hemisphere_utils - INFO - Loading right hemisphere data from: /home/sjoon/projects/brain_connectivity_classifier/data/processed/hemispheres/RH_PIOP1_Gstroop.csv
2025-12-13 10:31:04,723 - src.hemisphere.hemisphere_utils - INFO -   Subjects: 200
2025-12-13 10:31:04,723 - src.hemisphere.hemisphere_utils - INFO -   Connections: 6670
2025-12-13 10:31:04,725 - src.hemisphere.hemisphere_utils - INFO - Extracting region info from: /home/sjoon/projects/brain_connectivity_classifier/data/processed/hemispheres/RH_PIOP1_Gstroop.csv
2025-12-13 10:31:05,092 - src.hemisphere.hemisphere_utils - INFO - Extracted 116 regions for right hemisphere
2025-12-13 10:31:05,092 - src.hemisphere.hemisphere_utils - INFO -   Regions: 116
2025-12-13 10:31:05,092 - src.hemisphere.hemisphere_utils - INFO - Converting to full connectivity matrices...
2025-12-13 10:31:05,108 - src.hemisphere.hemisphere_utils - INFO -   Matrix shape: (200, 116, 116)
2025-12-13 10:31:05,128 - src.hemisphere.hemisphere_utils - INFO - Connectivity validation completed
2025-12-13 10:31:05,128 - src.hemisphere.hemisphere_utils - INFO - Successfully loaded right hemisphere data
2025-12-13 10:31:05,129 - __main__ - INFO -   Task data: 200 subjects, 116 regions
2025-12-13 10:31:05,129 - __main__ - INFO - 
Applying diagonal imputation (strategy: region_mean)...
2025-12-13 10:31:05,130 - __main__ - INFO -   Original diagonal range: [1.0000, 1.0000]
2025-12-13 10:31:05,131 - __main__ - INFO -   Original diagonal mean: 1.0000
2025-12-13 10:31:05,233 - __main__ - INFO -   Replaced diagonal with row means
2025-12-13 10:31:05,233 - __main__ - INFO -   New diagonal range: [-0.1479, 0.3561]
2025-12-13 10:31:05,233 - __main__ - INFO -   New diagonal mean: 0.0303
2025-12-13 10:31:05,233 - __main__ - INFO - 
Applying Fisher Z-transformation...
2025-12-13 10:31:05,280 - __main__ - INFO -   Value range after Fisher Z: [-1.3069, 1.7673]
2025-12-13 10:31:05,285 - __main__ - INFO -   Mean: 0.0348, Std: 0.2804
2025-12-13 10:31:05,285 - src.hemisphere.hemisphere_utils - INFO -   Removing diagonal values (self-connections) before classification
2025-12-13 10:31:05,285 - src.hemisphere.hemisphere_utils - INFO -   Original diagonal values (first subject, first 5 regions): [np.float64(0.06085067104828221), np.float64(0.07529497501560747), np.float64(0.010610299455312966), np.float64(0.0009005334298231078), np.float64(0.03764381102152011)]
2025-12-13 10:31:05,288 - src.hemisphere.hemisphere_utils - INFO -   After removal (should be all zeros): [np.float64(0.0), np.float64(0.0), np.float64(0.0), np.float64(0.0), np.float64(0.0)]
2025-12-13 10:31:05,312 - src.hemisphere.hemisphere_utils - INFO -   ✅ Diagonal removal verified - no features constant at 1.0
2025-12-13 10:31:05,313 - src.hemisphere.hemisphere_utils - INFO - Prepared classification data:
2025-12-13 10:31:05,313 - src.hemisphere.hemisphere_utils - INFO -   Features (X): (23200, 116)
2025-12-13 10:31:05,313 - src.hemisphere.hemisphere_utils - INFO -   Labels (y): (23200,)
2025-12-13 10:31:05,313 - src.hemisphere.hemisphere_utils - INFO -   Groups: (23200,)
2025-12-13 10:31:05,313 - src.hemisphere.hemisphere_utils - INFO -   Unique labels: 116
2025-12-13 10:31:05,320 - src.hemisphere.hemisphere_utils - INFO -   Unique subjects: 200
2025-12-13 10:31:05,321 - src.hemisphere.hemisphere_utils - INFO -   Feature range: [-1.307, 1.767]
2025-12-13 10:31:05,325 - src.hemisphere.hemisphere_utils - INFO -   Feature mean: 0.035, std: 0.280
2025-12-13 10:31:05,325 - __main__ - INFO -   Task features: (23200, 116)
2025-12-13 10:31:05,325 - __main__ - INFO - 
Step 3: Training final OvR model on ALL resting-state data...
2025-12-13 10:31:05,349 - __main__ - INFO -   Scaled rest data: mean=0.0000, std=1.0000
2025-12-13 10:31:19,888 - __main__ - INFO -   OvR model trained in 14.54s
2025-12-13 10:31:20,035 - __main__ - INFO -   Rest data accuracy (training set): 0.9617
2025-12-13 10:31:20,035 - __main__ - INFO - 
Step 4: Testing on task data...
2025-12-13 10:31:20,049 - __main__ - INFO -   Scaled task data: mean=0.0032, std=0.9474
2025-12-13 10:31:20,244 - __main__ - INFO - 
Step 5: Computing task metrics...
2025-12-13 10:31:20,244 - src.evaluation.hemisphere_metrics - INFO - Computing classification metrics...
2025-12-13 10:31:20,404 - src.evaluation.hemisphere_metrics - INFO -   Accuracy: 0.8710
2025-12-13 10:31:20,404 - src.evaluation.hemisphere_metrics - INFO -   Balanced Accuracy: 0.8710
2025-12-13 10:31:20,404 - src.evaluation.hemisphere_metrics - INFO -   F1 Score: 0.8723
2025-12-13 10:31:20,404 - src.evaluation.hemisphere_metrics - INFO - Computing per-region metrics...
2025-12-13 10:31:20,404 - src.evaluation.hemisphere_metrics - INFO -   Computing metrics for 116 regions
2025-12-13 10:31:20,410 - src.evaluation.hemisphere_metrics - INFO -   Mean per-region accuracy: 0.8710
2025-12-13 10:31:20,410 - src.evaluation.hemisphere_metrics - INFO -   Std per-region accuracy: 0.1391
2025-12-13 10:31:20,410 - src.evaluation.hemisphere_metrics - INFO -   Min per-region accuracy: 0.2300
2025-12-13 10:31:20,410 - src.evaluation.hemisphere_metrics - INFO -   Max per-region accuracy: 1.0000
2025-12-13 10:31:20,410 - src.evaluation.hemisphere_metrics - INFO - Computing network-level metrics...
2025-12-13 10:31:20,418 - src.evaluation.hemisphere_metrics - INFO -   Computing metrics for 18 networks
2025-12-13 10:31:20,448 - src.evaluation.hemisphere_metrics - INFO -   Mean network accuracy: 0.8878
2025-12-13 10:31:20,448 - src.evaluation.hemisphere_metrics - INFO -   Best network: SomMotA (accuracy=0.9695)
2025-12-13 10:31:20,448 - src.evaluation.hemisphere_metrics - INFO -   Worst network: Subcortical (accuracy=0.6512)
2025-12-13 10:31:20,448 - src.evaluation.hemisphere_metrics - INFO - Creating confusion matrix...
2025-12-13 10:31:20,449 - src.evaluation.hemisphere_metrics - INFO -   Confusion matrix shape: (116, 116)
2025-12-13 10:31:20,449 - src.evaluation.hemisphere_metrics - INFO -   Total predictions: 23200
2025-12-13 10:31:20,449 - src.evaluation.hemisphere_metrics - INFO -   Correct predictions (diagonal): 20208
2025-12-13 10:31:20,450 - __main__ - INFO - 
Saving task testing results to: /home/sjoon/projects/brain_connectivity_classifier/data/results/hemisphere_analysis/right_hemisphere/task_testing
2025-12-13 10:31:20,499 - __main__ - INFO - 
Generating task testing visualizations...
2025-12-13 10:31:20,500 - src.visualization.hemisphere_viz - INFO - Plotting confusion matrix: (116, 116)
2025-12-13 10:31:20,521 - src.visualization.hemisphere_viz - INFO -   Added 17 network boundaries
2025-12-13 10:31:21,427 - src.visualization.hemisphere_viz - INFO -   Saved: /home/sjoon/projects/brain_connectivity_classifier/data/results/hemisphere_analysis/right_hemisphere/task_testing/task_confusion_matrix.png
2025-12-13 10:31:21,427 - src.visualization.hemisphere_viz - INFO - Plotting per-region accuracy for 116 regions
2025-12-13 10:31:22,238 - src.visualization.hemisphere_viz - INFO -   Saved: /home/sjoon/projects/brain_connectivity_classifier/data/results/hemisphere_analysis/right_hemisphere/task_testing/task_per_region_accuracy.png
2025-12-13 10:31:22,238 - src.visualization.hemisphere_viz - INFO - Plotting network accuracy for 18 networks
2025-12-13 10:31:22,724 - src.visualization.hemisphere_viz - INFO -   Saved: /home/sjoon/projects/brain_connectivity_classifier/data/results/hemisphere_analysis/right_hemisphere/task_testing/task_network_accuracy.png
2025-12-13 10:31:22,724 - __main__ - INFO - 
================================================================================
2025-12-13 10:31:22,724 - __main__ - INFO - TASK TESTING RESULTS (ONE-VS-REST)
2025-12-13 10:31:22,724 - __main__ - INFO - ================================================================================
2025-12-13 10:31:22,724 - __main__ - INFO - Rest (training) accuracy: 0.9617
2025-12-13 10:31:22,724 - __main__ - INFO - Task (testing) accuracy:  0.8710
2025-12-13 10:31:22,724 - __main__ - INFO - Accuracy drop:            0.0906 (9.4%)
2025-12-13 10:31:22,724 - __main__ - INFO - Task top-5 accuracy:      0.9640
2025-12-13 10:31:22,724 - __main__ - INFO - 
Best task network: DefaultC (0.9695)
2025-12-13 10:31:22,725 - __main__ - INFO - Worst task network: Subcortical (0.6512)
2025-12-13 10:31:22,725 - __main__ - INFO - ================================================================================

2025-12-13 10:31:22,726 - __main__ - INFO - 
================================================================================
2025-12-13 10:31:22,726 - __main__ - INFO - COMPARING HEMISPHERES (ONE-VS-REST)
2025-12-13 10:31:22,726 - __main__ - INFO - ================================================================================

2025-12-13 10:31:22,726 - __main__ - INFO - Left: 0.9226, Right: 0.9208, Diff: 0.0018
2025-12-13 10:31:22,727 - __main__ - INFO - Paired t-test: t=0.9988, p=0.3744
2025-12-13 10:31:22,727 - __main__ - INFO - 
Task Testing (OvR):
2025-12-13 10:31:22,727 - __main__ - INFO -   Left task accuracy: 0.8757
2025-12-13 10:31:22,727 - __main__ - INFO -   Right task accuracy: 0.8710
2025-12-13 10:31:22,727 - __main__ - INFO -   Left accuracy drop: 0.0898
2025-12-13 10:31:22,727 - __main__ - INFO -   Right accuracy drop: 0.0906
2025-12-13 10:31:22,729 - __main__ - INFO - Comparison saved to: /home/sjoon/projects/brain_connectivity_classifier/data/results/hemisphere_analysis/comparison_ovr
2025-12-13 10:31:22,729 - __main__ - INFO - 
================================================================================
2025-12-13 10:31:22,729 - __main__ - INFO - TRAINING COMPLETED SUCCESSFULLY (ONE-VS-REST)
2025-12-13 10:31:22,729 - __main__ - INFO - ================================================================================

==========================================
✓ Training completed successfully
Results: data/results/hemisphere_analysis/both_hemisphere/ovr

Duration: 2985 seconds (49 minutes)
Completed: Sat Dec 13 10:31:23 AM CET 2025
==========================================
