000 (10207253.000.000) 2025-12-10 16:54:23 Job submitted from host: <10.0.8.14:9618?addrs=10.0.8.14-9618&alias=head2.htc.inm7.de&noUDP&sock=schedd_317342_cb8b>
...
001 (10207253.000.000) 2025-12-10 16:54:23 Job executing on host: <10.0.9.43:9618?addrs=10.0.9.43-9618&alias=cpu43.htc.inm7.de&noUDP&sock=startd_4240_dda5>
...
007 (10207253.000.000) 2025-12-10 16:54:23 Shadow exception!
	Error from slot1_10@cpu43.htc.inm7.de: Failed to execute '/home/sjoon/projects/brain_connectivity_classifier/CONDOR/scripts/run_hemisphere_split.sh': (errno=13: 'Permission denied')
	0  -  Run Bytes Sent By Job
	0  -  Run Bytes Received By Job
...
012 (10207253.000.000) 2025-12-10 16:54:23 Job was held.
	Error from slot1_10@cpu43.htc.inm7.de: Failed to execute '/home/sjoon/projects/brain_connectivity_classifier/CONDOR/scripts/run_hemisphere_split.sh': (errno=13: 'Permission denied')
	Code 6 Subcode 13
...
013 (10207253.000.000) 2025-12-10 16:55:41 Job was released.
	via condor_release (by user sjoon)
...
001 (10207253.000.000) 2025-12-10 16:55:44 Job executing on host: <10.0.9.43:9618?addrs=10.0.9.43-9618&alias=cpu43.htc.inm7.de&noUDP&sock=startd_4240_dda5>
...
006 (10207253.000.000) 2025-12-10 16:55:44 Image size of job updated: 2
	6  -  MemoryUsage of job (MB)
	5688  -  ResidentSetSize of job (KB)
...
005 (10207253.000.000) 2025-12-10 16:55:44 Job terminated.
	(1) Normal termination (return value 2)
		Usr 0 00:00:00, Sys 0 00:00:00  -  Run Remote Usage
		Usr 0 00:00:00, Sys 0 00:00:00  -  Run Local Usage
		Usr 0 00:00:00, Sys 0 00:00:00  -  Total Remote Usage
		Usr 0 00:00:00, Sys 0 00:00:00  -  Total Local Usage
	0  -  Run Bytes Sent By Job
	0  -  Run Bytes Received By Job
	0  -  Total Bytes Sent By Job
	0  -  Total Bytes Received By Job
	Partitionable Resources :    Usage  Request Allocated 
	   Cpus                 :                 4         4 
	   Disk (KB)            :        2  5242880  24829510 
	   Memory (MB)          :        6    16384     16384 

	Job terminated of its own accord at 2025-12-10T15:55:44Z with exit-code 2.
...
000 (10207255.000.000) 2025-12-10 16:57:10 Job submitted from host: <10.0.8.14:9618?addrs=10.0.8.14-9618&alias=head2.htc.inm7.de&noUDP&sock=schedd_317342_cb8b>
...
001 (10207255.000.000) 2025-12-10 16:57:25 Job executing on host: <10.0.9.43:9618?addrs=10.0.9.43-9618&alias=cpu43.htc.inm7.de&noUDP&sock=startd_4240_dda5>
...
006 (10207255.000.000) 2025-12-10 16:57:33 Image size of job updated: 1691436
	1440  -  MemoryUsage of job (MB)
	1473924  -  ResidentSetSize of job (KB)
...
006 (10207255.000.000) 2025-12-10 17:02:33 Image size of job updated: 2501640
	2227  -  MemoryUsage of job (MB)
	2279916  -  ResidentSetSize of job (KB)
...
006 (10207255.000.000) 2025-12-10 17:07:33 Image size of job updated: 2506760
	2232  -  MemoryUsage of job (MB)
	2284908  -  ResidentSetSize of job (KB)
...
006 (10207255.000.000) 2025-12-10 17:12:34 Image size of job updated: 2512904
	2237  -  MemoryUsage of job (MB)
	2290284  -  ResidentSetSize of job (KB)
...
006 (10207255.000.000) 2025-12-10 17:17:35 Image size of job updated: 2517000
	2242  -  MemoryUsage of job (MB)
	2294892  -  ResidentSetSize of job (KB)
...
006 (10207255.000.000) 2025-12-10 17:22:35 Image size of job updated: 2522120
	2247  -  MemoryUsage of job (MB)
	2300268  -  ResidentSetSize of job (KB)
...
006 (10207255.000.000) 2025-12-10 17:27:36 Image size of job updated: 2527240
	2252  -  MemoryUsage of job (MB)
	2305260  -  ResidentSetSize of job (KB)
...
006 (10207255.000.000) 2025-12-10 17:32:37 Image size of job updated: 2532360
	2257  -  MemoryUsage of job (MB)
	2310636  -  ResidentSetSize of job (KB)
...
006 (10207255.000.000) 2025-12-10 17:37:37 Image size of job updated: 2537480
	2262  -  MemoryUsage of job (MB)
	2316012  -  ResidentSetSize of job (KB)
...
006 (10207255.000.000) 2025-12-10 17:42:37 Image size of job updated: 2542600
	2267  -  MemoryUsage of job (MB)
	2320620  -  ResidentSetSize of job (KB)
...
006 (10207255.000.000) 2025-12-10 17:47:38 Image size of job updated: 2544648
	2267  -  MemoryUsage of job (MB)
	2321004  -  ResidentSetSize of job (KB)
...
006 (10207255.000.000) 2025-12-10 18:32:43 Image size of job updated: 2873728
	2267  -  MemoryUsage of job (MB)
	2321004  -  ResidentSetSize of job (KB)
...
005 (10207255.000.000) 2025-12-10 19:46:46 Job terminated.
	(1) Normal termination (return value 0)
		Usr 0 02:49:14, Sys 0 00:00:04  -  Run Remote Usage
		Usr 0 00:00:00, Sys 0 00:00:00  -  Run Local Usage
		Usr 0 02:49:14, Sys 0 00:00:04  -  Total Remote Usage
		Usr 0 00:00:00, Sys 0 00:00:00  -  Total Local Usage
	0  -  Run Bytes Sent By Job
	0  -  Run Bytes Received By Job
	0  -  Total Bytes Sent By Job
	0  -  Total Bytes Received By Job
	Partitionable Resources :    Usage  Request Allocated 
	   Cpus                 :     1.00        4         4 
	   Disk (KB)            :     2     5242880  24829510 
	   Memory (MB)          :  2267       16384     16384 

	Job terminated of its own accord at 2025-12-10T18:46:46Z with exit-code 0.
...
