000 (10213088.000.000) 2025-12-13 09:41:35 Job submitted from host: <10.0.8.14:9618?addrs=10.0.8.14-9618&alias=head2.htc.inm7.de&noUDP&sock=schedd_317342_cb8b>
...
001 (10213088.000.000) 2025-12-13 09:41:38 Job executing on host: <10.0.9.43:9618?addrs=10.0.9.43-9618&alias=cpu43.htc.inm7.de&noUDP&sock=startd_4240_dda5>
...
006 (10213088.000.000) 2025-12-13 09:41:46 Image size of job updated: 86206236
	7638  -  MemoryUsage of job (MB)
	7820820  -  ResidentSetSize of job (KB)
...
006 (10213088.000.000) 2025-12-13 09:46:46 Image size of job updated: 91045544
	9638  -  MemoryUsage of job (MB)
	9869012  -  ResidentSetSize of job (KB)
...
006 (10213088.000.000) 2025-12-13 09:51:47 Image size of job updated: 91771284
	12796  -  MemoryUsage of job (MB)
	13102128  -  ResidentSetSize of job (KB)
...
006 (10213088.000.000) 2025-12-13 09:56:48 Image size of job updated: 93691240
	12796  -  MemoryUsage of job (MB)
	13102128  -  ResidentSetSize of job (KB)
...
006 (10213088.000.000) 2025-12-13 10:06:48 Image size of job updated: 93691240
	14197  -  MemoryUsage of job (MB)
	14537104  -  ResidentSetSize of job (KB)
...
005 (10213088.000.000) 2025-12-13 10:31:23 Job terminated.
	(1) Normal termination (return value 0)
		Usr 1 00:16:32, Sys 0 00:04:49  -  Run Remote Usage
		Usr 0 00:00:00, Sys 0 00:00:00  -  Run Local Usage
		Usr 1 00:16:32, Sys 0 00:04:49  -  Total Remote Usage
		Usr 0 00:00:00, Sys 0 00:00:00  -  Total Local Usage
	0  -  Run Bytes Sent By Job
	0  -  Run Bytes Received By Job
	0  -  Total Bytes Sent By Job
	0  -  Total Bytes Received By Job
	Partitionable Resources :    Usage  Request Allocated 
	   Cpus                 :    29.78       32        32 
	   Disk (KB)            :     2     5242880  24829510 
	   Memory (MB)          : 14197      131072    131072 

	Job terminated of its own accord at 2025-12-13T09:31:23Z with exit-code 0.
...
