000 (10213090.000.000) 2025-12-13 12:34:11 Job submitted from host: <10.0.8.14:9618?addrs=10.0.8.14-9618&alias=head2.htc.inm7.de&noUDP&sock=schedd_317342_cb8b>
...
001 (10213090.000.000) 2025-12-13 12:34:22 Job executing on host: <10.0.9.43:9618?addrs=10.0.9.43-9618&alias=cpu43.htc.inm7.de&noUDP&sock=startd_4240_dda5>
...
006 (10213090.000.000) 2025-12-13 12:34:30 Image size of job updated: 2
	6  -  MemoryUsage of job (MB)
	5568  -  ResidentSetSize of job (KB)
...
006 (10213090.000.000) 2025-12-13 12:39:30 Image size of job updated: 87707440
	7163  -  MemoryUsage of job (MB)
	7334676  -  ResidentSetSize of job (KB)
...
006 (10213090.000.000) 2025-12-13 12:44:30 Image size of job updated: 87744480
	7435  -  MemoryUsage of job (MB)
	7613436  -  ResidentSetSize of job (KB)
...
006 (10213090.000.000) 2025-12-13 12:59:32 Image size of job updated: 87753368
	7435  -  MemoryUsage of job (MB)
	7613436  -  ResidentSetSize of job (KB)
...
006 (10213090.000.000) 2025-12-13 13:09:32 Image size of job updated: 87757324
	7435  -  MemoryUsage of job (MB)
	7613436  -  ResidentSetSize of job (KB)
...
006 (10213090.000.000) 2025-12-13 13:19:34 Image size of job updated: 87763644
	7435  -  MemoryUsage of job (MB)
	7613436  -  ResidentSetSize of job (KB)
...
006 (10213090.000.000) 2025-12-13 13:24:34 Image size of job updated: 87764952
	7435  -  MemoryUsage of job (MB)
	7613436  -  ResidentSetSize of job (KB)
...
006 (10213090.000.000) 2025-12-13 13:29:34 Image size of job updated: 87765284
	7435  -  MemoryUsage of job (MB)
	7613436  -  ResidentSetSize of job (KB)
...
006 (10213090.000.000) 2025-12-13 13:34:35 Image size of job updated: 87767860
	7435  -  MemoryUsage of job (MB)
	7613436  -  ResidentSetSize of job (KB)
...
006 (10213090.000.000) 2025-12-13 13:39:36 Image size of job updated: 87769480
	7435  -  MemoryUsage of job (MB)
	7613436  -  ResidentSetSize of job (KB)
...
006 (10213090.000.000) 2025-12-13 13:49:36 Image size of job updated: 87770308
	7435  -  MemoryUsage of job (MB)
	7613436  -  ResidentSetSize of job (KB)
...
006 (10213090.000.000) 2025-12-13 13:54:37 Image size of job updated: 87772248
	7435  -  MemoryUsage of job (MB)
	7613436  -  ResidentSetSize of job (KB)
...
006 (10213090.000.000) 2025-12-13 13:59:38 Image size of job updated: 87795440
	7435  -  MemoryUsage of job (MB)
	7613436  -  ResidentSetSize of job (KB)
...
006 (10213090.000.000) 2025-12-13 14:04:38 Image size of job updated: 87803912
	7435  -  MemoryUsage of job (MB)
	7613436  -  ResidentSetSize of job (KB)
...
006 (10213090.000.000) 2025-12-13 14:09:38 Image size of job updated: 88056464
	7532  -  MemoryUsage of job (MB)
	7712396  -  ResidentSetSize of job (KB)
...
006 (10213090.000.000) 2025-12-13 14:14:39 Image size of job updated: 88242616
	7532  -  MemoryUsage of job (MB)
	7712396  -  ResidentSetSize of job (KB)
...
006 (10213090.000.000) 2025-12-13 15:13:00 Image size of job updated: 89071388
	8828  -  MemoryUsage of job (MB)
	9039520  -  ResidentSetSize of job (KB)
...
005 (10213090.000.000) 2025-12-13 15:13:00 Job terminated.
	(1) Normal termination (return value 0)
		Usr 3 10:46:08, Sys 0 00:09:13  -  Run Remote Usage
		Usr 0 00:00:00, Sys 0 00:00:00  -  Run Local Usage
		Usr 3 10:46:08, Sys 0 00:09:13  -  Total Remote Usage
		Usr 0 00:00:00, Sys 0 00:00:00  -  Total Local Usage
	0  -  Run Bytes Sent By Job
	0  -  Run Bytes Received By Job
	0  -  Total Bytes Sent By Job
	0  -  Total Bytes Received By Job
	Partitionable Resources :    Usage  Request Allocated 
	   Cpus                 :    31.94       32        32 
	   Disk (KB)            :     2     5242880  24829510 
	   Memory (MB)          :  8828      131072    131072 

	Job terminated of its own accord at 2025-12-13T14:13:00Z with exit-code 0.
...
