000 (10213065.000.000) 2025-12-12 15:25:10 Job submitted from host: <10.0.8.14:9618?addrs=10.0.8.14-9618&alias=head2.htc.inm7.de&noUDP&sock=schedd_317342_cb8b>
...
001 (10213065.000.000) 2025-12-12 15:25:10 Job executing on host: <10.0.9.43:9618?addrs=10.0.9.43-9618&alias=cpu43.htc.inm7.de&noUDP&sock=startd_4240_dda5>
...
006 (10213065.000.000) 2025-12-12 15:25:19 Image size of job updated: 2803704
	463  -  MemoryUsage of job (MB)
	473824  -  ResidentSetSize of job (KB)
...
006 (10213065.000.000) 2025-12-12 15:30:20 Image size of job updated: 2841380
	463  -  MemoryUsage of job (MB)
	473824  -  ResidentSetSize of job (KB)
...
006 (10213065.000.000) 2025-12-12 15:40:20 Image size of job updated: 2897892
	555  -  MemoryUsage of job (MB)
	567464  -  ResidentSetSize of job (KB)
...
006 (10213065.000.000) 2025-12-12 15:45:21 Image size of job updated: 2935568
	591  -  MemoryUsage of job (MB)
	604720  -  ResidentSetSize of job (KB)
...
006 (10213065.000.000) 2025-12-12 15:50:22 Image size of job updated: 3010924
	591  -  MemoryUsage of job (MB)
	604720  -  ResidentSetSize of job (KB)
...
006 (10213065.000.000) 2025-12-12 16:10:25 Image size of job updated: 5183980
	591  -  MemoryUsage of job (MB)
	604720  -  ResidentSetSize of job (KB)
...
006 (10213065.000.000) 2025-12-12 16:15:25 Image size of job updated: 5231284
	591  -  MemoryUsage of job (MB)
	604720  -  ResidentSetSize of job (KB)
...
006 (10213065.000.000) 2025-12-12 16:20:25 Image size of job updated: 5454188
	851  -  MemoryUsage of job (MB)
	870640  -  ResidentSetSize of job (KB)
...
006 (10213065.000.000) 2025-12-12 16:35:27 Image size of job updated: 5472116
	883  -  MemoryUsage of job (MB)
	903436  -  ResidentSetSize of job (KB)
...
006 (10213065.000.000) 2025-12-12 16:38:01 Image size of job updated: 53447164
	3523  -  MemoryUsage of job (MB)
	3606620  -  ResidentSetSize of job (KB)
...
005 (10213065.000.000) 2025-12-12 16:38:01 Job terminated.
	(1) Normal termination (return value 0)
		Usr 0 07:33:50, Sys 0 00:00:08  -  Run Remote Usage
		Usr 0 00:00:00, Sys 0 00:00:00  -  Run Local Usage
		Usr 0 07:33:50, Sys 0 00:00:08  -  Total Remote Usage
		Usr 0 00:00:00, Sys 0 00:00:00  -  Total Local Usage
	0  -  Run Bytes Sent By Job
	0  -  Run Bytes Received By Job
	0  -  Total Bytes Sent By Job
	0  -  Total Bytes Received By Job
	Partitionable Resources :    Usage  Request Allocated 
	   Cpus                 :    31.28       32        32 
	   Disk (KB)            :     2     5242880  24829510 
	   Memory (MB)          :  3523      131072    131072 

	Job terminated of its own accord at 2025-12-12T15:38:01Z with exit-code 0.
...
000 (10213084.000.000) 2025-12-13 08:25:23 Job submitted from host: <10.0.8.14:9618?addrs=10.0.8.14-9618&alias=head2.htc.inm7.de&noUDP&sock=schedd_317342_cb8b>
...
001 (10213084.000.000) 2025-12-13 08:25:23 Job executing on host: <10.0.9.43:9618?addrs=10.0.9.43-9618&alias=cpu43.htc.inm7.de&noUDP&sock=startd_4240_dda5>
...
007 (10213084.000.000) 2025-12-13 08:25:23 Shadow exception!
	Error from slot1_5@cpu43.htc.inm7.de: Failed to execute '/home/sjoon/projects/brain_connectivity_classifier/cluster/condor/hemisphere/03_train_hemisphere_ovr.sh': (errno=13: 'Permission denied')
	0  -  Run Bytes Sent By Job
	0  -  Run Bytes Received By Job
...
012 (10213084.000.000) 2025-12-13 08:25:23 Job was held.
	Error from slot1_5@cpu43.htc.inm7.de: Failed to execute '/home/sjoon/projects/brain_connectivity_classifier/cluster/condor/hemisphere/03_train_hemisphere_ovr.sh': (errno=13: 'Permission denied')
	Code 6 Subcode 13
...
009 (10213084.000.000) 2025-12-13 08:35:01 Job was aborted.
	via condor_rm (by user sjoon)
...
