000 (10178883.008.000) 2025-12-09 02:38:45 Job submitted from host: <10.0.8.14:9618?addrs=10.0.8.14-9618&alias=head2.htc.inm7.de&noUDP&sock=schedd_317342_cb8b>
...
001 (10178883.008.000) 2025-12-09 02:39:03 Job executing on host: <10.0.9.52:9618?addrs=10.0.9.52-9618&alias=cpu52.htc.inm7.de&noUDP&sock=startd_3389_268d>
...
006 (10178883.008.000) 2025-12-09 02:39:11 Image size of job updated: 5
	6  -  MemoryUsage of job (MB)
	5472  -  ResidentSetSize of job (KB)
...
006 (10178883.008.000) 2025-12-09 02:44:11 Image size of job updated: 96133896
	19638  -  MemoryUsage of job (MB)
	20108904  -  ResidentSetSize of job (KB)
...
006 (10178883.008.000) 2025-12-09 02:49:11 Image size of job updated: 96133896
	19810  -  MemoryUsage of job (MB)
	20285276  -  ResidentSetSize of job (KB)
...
006 (10178883.008.000) 2025-12-09 02:54:12 Image size of job updated: 96236596
	19810  -  MemoryUsage of job (MB)
	20285276  -  ResidentSetSize of job (KB)
...
006 (10178883.008.000) 2025-12-09 03:04:13 Image size of job updated: 96236596
	19962  -  MemoryUsage of job (MB)
	20440232  -  ResidentSetSize of job (KB)
...
006 (10178883.008.000) 2025-12-09 03:09:14 Image size of job updated: 96429712
	20167  -  MemoryUsage of job (MB)
	20650932  -  ResidentSetSize of job (KB)
...
006 (10178883.008.000) 2025-12-09 03:14:14 Image size of job updated: 96440232
	20167  -  MemoryUsage of job (MB)
	20650932  -  ResidentSetSize of job (KB)
...
006 (10178883.008.000) 2025-12-09 03:24:15 Image size of job updated: 97049688
	20533  -  MemoryUsage of job (MB)
	21024956  -  ResidentSetSize of job (KB)
...
006 (10178883.008.000) 2025-12-09 03:29:15 Image size of job updated: 97115224
	20753  -  MemoryUsage of job (MB)
	21250660  -  ResidentSetSize of job (KB)
...
006 (10178883.008.000) 2025-12-09 03:34:16 Image size of job updated: 97165812
	20753  -  MemoryUsage of job (MB)
	21250660  -  ResidentSetSize of job (KB)
...
006 (10178883.008.000) 2025-12-09 03:44:18 Image size of job updated: 97268012
	20753  -  MemoryUsage of job (MB)
	21250660  -  ResidentSetSize of job (KB)
...
006 (10178883.008.000) 2025-12-09 03:49:18 Image size of job updated: 97610152
	21282  -  MemoryUsage of job (MB)
	21792348  -  ResidentSetSize of job (KB)
...
006 (10178883.008.000) 2025-12-09 03:54:18 Image size of job updated: 98023064
	21627  -  MemoryUsage of job (MB)
	22145100  -  ResidentSetSize of job (KB)
...
006 (10178883.008.000) 2025-12-09 03:59:19 Image size of job updated: 98372636
	21627  -  MemoryUsage of job (MB)
	22145100  -  ResidentSetSize of job (KB)
...
006 (10178883.008.000) 2025-12-09 04:09:20 Image size of job updated: 98372636
	21704  -  MemoryUsage of job (MB)
	22224312  -  ResidentSetSize of job (KB)
...
006 (10178883.008.000) 2025-12-09 04:14:20 Image size of job updated: 98372636
	21742  -  MemoryUsage of job (MB)
	22263768  -  ResidentSetSize of job (KB)
...
006 (10178883.008.000) 2025-12-09 04:19:22 Image size of job updated: 98372636
	21790  -  MemoryUsage of job (MB)
	22312500  -  ResidentSetSize of job (KB)
...
006 (10178883.008.000) 2025-12-09 04:24:22 Image size of job updated: 98412436
	21958  -  MemoryUsage of job (MB)
	22484588  -  ResidentSetSize of job (KB)
...
006 (10178883.008.000) 2025-12-09 04:29:22 Image size of job updated: 98535744
	21958  -  MemoryUsage of job (MB)
	22484588  -  ResidentSetSize of job (KB)
...
006 (10178883.008.000) 2025-12-09 04:54:25 Image size of job updated: 98535744
	22049  -  MemoryUsage of job (MB)
	22577672  -  ResidentSetSize of job (KB)
...
006 (10178883.008.000) 2025-12-09 05:24:28 Image size of job updated: 98535744
	22110  -  MemoryUsage of job (MB)
	22639648  -  ResidentSetSize of job (KB)
...
006 (10178883.008.000) 2025-12-09 05:29:29 Image size of job updated: 98545132
	22110  -  MemoryUsage of job (MB)
	22639648  -  ResidentSetSize of job (KB)
...
006 (10178883.008.000) 2025-12-09 06:09:32 Image size of job updated: 98554288
	22110  -  MemoryUsage of job (MB)
	22639648  -  ResidentSetSize of job (KB)
...
006 (10178883.008.000) 2025-12-09 06:24:33 Image size of job updated: 100235116
	23525  -  MemoryUsage of job (MB)
	24088592  -  ResidentSetSize of job (KB)
...
006 (10178883.008.000) 2025-12-09 06:29:35 Image size of job updated: 100423924
	23525  -  MemoryUsage of job (MB)
	24088592  -  ResidentSetSize of job (KB)
...
006 (10178883.008.000) 2025-12-09 06:34:35 Image size of job updated: 100612332
	24134  -  MemoryUsage of job (MB)
	24713116  -  ResidentSetSize of job (KB)
...
006 (10178883.008.000) 2025-12-09 06:54:37 Image size of job updated: 100612332
	24293  -  MemoryUsage of job (MB)
	24875340  -  ResidentSetSize of job (KB)
...
006 (10178883.008.000) 2025-12-09 06:59:37 Image size of job updated: 100726644
	24304  -  MemoryUsage of job (MB)
	24887076  -  ResidentSetSize of job (KB)
...
006 (10178883.008.000) 2025-12-09 07:04:38 Image size of job updated: 100802172
	24370  -  MemoryUsage of job (MB)
	24954688  -  ResidentSetSize of job (KB)
...
005 (10178883.008.000) 2025-12-09 07:17:29 Job terminated.
	(1) Normal termination (return value 0)
		Usr 6 03:43:01, Sys 0 00:04:22  -  Run Remote Usage
		Usr 0 00:00:00, Sys 0 00:00:00  -  Run Local Usage
		Usr 6 03:43:01, Sys 0 00:04:22  -  Total Remote Usage
		Usr 0 00:00:00, Sys 0 00:00:00  -  Total Local Usage
	0  -  Run Bytes Sent By Job
	0  -  Run Bytes Received By Job
	0  -  Total Bytes Sent By Job
	0  -  Total Bytes Received By Job
	Partitionable Resources :    Usage  Request Allocated 
	   Cpus                 :    31.90       32        32 
	   Disk (KB)            :     5    15728640  29729211 
	   Memory (MB)          : 24370       32768     32768 

	Job terminated of its own accord at 2025-12-09T06:17:29Z with exit-code 0.
...
