000 (10178883.014.000) 2025-12-09 02:38:45 Job submitted from host: <10.0.8.14:9618?addrs=10.0.8.14-9618&alias=head2.htc.inm7.de&noUDP&sock=schedd_317342_cb8b>
...
001 (10178883.014.000) 2025-12-09 02:39:03 Job executing on host: <10.0.9.10:9618?addrs=10.0.9.10-9618&alias=cpu10.htc.inm7.de&noUDP&sock=startd_85541_96e8>
...
006 (10178883.014.000) 2025-12-09 02:39:11 Image size of job updated: 4063232
	484  -  MemoryUsage of job (MB)
	495416  -  ResidentSetSize of job (KB)
...
006 (10178883.014.000) 2025-12-09 02:44:11 Image size of job updated: 4063232
	1015  -  MemoryUsage of job (MB)
	1038572  -  ResidentSetSize of job (KB)
...
006 (10178883.014.000) 2025-12-09 02:49:11 Image size of job updated: 4063232
	1021  -  MemoryUsage of job (MB)
	1044536  -  ResidentSetSize of job (KB)
...
006 (10178883.014.000) 2025-12-09 02:54:12 Image size of job updated: 4063232
	1021  -  MemoryUsage of job (MB)
	1044792  -  ResidentSetSize of job (KB)
...
006 (10178883.014.000) 2025-12-09 03:04:12 Image size of job updated: 4063232
	1022  -  MemoryUsage of job (MB)
	1045784  -  ResidentSetSize of job (KB)
...
006 (10178883.014.000) 2025-12-09 03:09:13 Image size of job updated: 4063232
	1024  -  MemoryUsage of job (MB)
	1048576  -  ResidentSetSize of job (KB)
...
