001 (10164023.007.000) 2025-12-01 18:45:42 Job executing on host: <10.0.9.9:9618?addrs=10.0.9.9-9618&alias=cpu9.htc.inm7.de&noUDP&sock=startd_3408_2ed9>
...
006 (10164023.007.000) 2025-12-01 18:45:50 Image size of job updated: 227860
	38  -  MemoryUsage of job (MB)
	38308  -  ResidentSetSize of job (KB)
...
006 (10164023.007.000) 2025-12-01 18:50:50 Image size of job updated: 5331272
	3007  -  MemoryUsage of job (MB)
	3078656  -  ResidentSetSize of job (KB)
...
006 (10164023.007.000) 2025-12-01 18:55:51 Image size of job updated: 5574488
	3021  -  MemoryUsage of job (MB)
	3093484  -  ResidentSetSize of job (KB)
...
006 (10164023.007.000) 2025-12-01 19:00:51 Image size of job updated: 5574488
	3139  -  MemoryUsage of job (MB)
	3213828  -  ResidentSetSize of job (KB)
...
006 (10164023.007.000) 2025-12-01 19:05:51 Image size of job updated: 5574488
	3197  -  MemoryUsage of job (MB)
	3272724  -  ResidentSetSize of job (KB)
...
006 (10164023.007.000) 2025-12-01 19:30:54 Image size of job updated: 5574488
	3281  -  MemoryUsage of job (MB)
	3359512  -  ResidentSetSize of job (KB)
...
006 (10164023.007.000) 2025-12-01 19:35:54 Image size of job updated: 5732044
	3281  -  MemoryUsage of job (MB)
	3359512  -  ResidentSetSize of job (KB)
...
006 (10164023.007.000) 2025-12-01 20:56:04 Image size of job updated: 5732044
	3369  -  MemoryUsage of job (MB)
	3449788  -  ResidentSetSize of job (KB)
...
006 (10164023.007.000) 2025-12-01 21:41:09 Image size of job updated: 5748728
	3457  -  MemoryUsage of job (MB)
	3538964  -  ResidentSetSize of job (KB)
...
006 (10164023.007.000) 2025-12-01 21:46:10 Image size of job updated: 5873752
	3473  -  MemoryUsage of job (MB)
	3555496  -  ResidentSetSize of job (KB)
...
005 (10164023.007.000) 2025-12-01 22:24:33 Job terminated.
	(1) Normal termination (return value 0)
		Usr 0 13:16:51, Sys 0 00:02:08  -  Run Remote Usage
		Usr 0 00:00:00, Sys 0 00:00:00  -  Run Local Usage
		Usr 0 13:16:51, Sys 0 00:02:08  -  Total Remote Usage
		Usr 0 00:00:00, Sys 0 00:00:00  -  Total Local Usage
	0  -  Run Bytes Sent By Job
	0  -  Run Bytes Received By Job
	0  -  Total Bytes Sent By Job
	0  -  Total Bytes Received By Job
	Partitionable Resources :    Usage  Request Allocated 
	   Cpus                 :     1.00        4         4 
	   Disk (KB)            :     2    15728640  18854136 
	   Memory (MB)          :  3473       12288     12288 

	Job terminated of its own accord at 2025-12-01T21:24:33Z with exit-code 0.
...
