==========================================
Hyperparameter Search - Iteration 18
==========================================
Start: Tue Dec  9 02:39:03 AM CET 2025 | Host: cpu9

✓ Using masterthesis_venv2

Validating Python packages...
✓ All packages found

==========================================
Resource Configuration
==========================================
CPUs:   32
Memory: 503GB (515854MB total system)
Disk:   93GB (95450MB available)
==========================================

Running hyperparameter search...

======================================================================
NESTED CROSS-VALIDATION - HYPERPARAMETER OPTIMIZATION
======================================================================
Model: logistic_regression
Diagonal: region_mean
Outer CV: 5
Inner CV: 3
Iterations per search: 20
Parallel jobs: 32
======================================================================

Loading data from: data/raw/PIOP2_restingstate.csv
✓ Schema valid: 224 subjects, 26796 connections
Loaded 224 subjects

Loading search space from: configs/hyperparameters/logistic_regression_search.yaml
Parameter distributions:
  classifier__C: [0.0001, 0.0003, 0.01, 0.03, 0.1, 0.3, 1.0]
  classifier__max_iter: [100, 300, 500, 1000]
  classifier__solver: ['lbfgs']

Connection columns: 26796

Fitting preprocessor...

Data shapes:
  X: (51968, 232)
  y: (51968,)
  subject_ids_expanded: (51968,)
  Unique subjects: 224

======================================================================
STARTING NESTED CROSS-VALIDATION
======================================================================
Outer CV folds: 5
Inner CV folds: 3
Hyperparameter search iterations: 20
======================================================================


======================================================================
OUTER FOLD 1/5
======================================================================
Train samples: 41528, Test samples: 10440
Train subjects: 179, Test subjects: 45

Starting inner CV (hyperparameter search)...
Fitting 3 folds for each of 20 candidates, totalling 60 fits
[CV] END classifier__C=0.3, classifier__max_iter=500, classifier__solver=lbfgs; total time=23.3min
[CV] END classifier__C=0.0003, classifier__max_iter=300, classifier__solver=lbfgs; total time=11.7min
[CV] END classifier__C=0.03, classifier__max_iter=100, classifier__solver=lbfgs; total time=35.9min
[CV] END classifier__C=0.0001, classifier__max_iter=100, classifier__solver=lbfgs; total time= 6.2min
[CV] END classifier__C=0.0001, classifier__max_iter=300, classifier__solver=lbfgs; total time= 6.4min
[CV] END classifier__C=0.0003, classifier__max_iter=100, classifier__solver=lbfgs; total time=11.2min
[CV] END classifier__C=0.0001, classifier__max_iter=500, classifier__solver=lbfgs; total time= 6.2min
[CV] END classifier__C=0.0001, classifier__max_iter=1000, classifier__solver=lbfgs; total time= 6.1min
[CV] END classifier__C=0.0001, classifier__max_iter=100, classifier__solver=lbfgs; total time= 6.2min
[CV] END classifier__C=0.0001, classifier__max_iter=300, classifier__solver=lbfgs; total time= 6.3min
[CV] END classifier__C=0.0001, classifier__max_iter=300, classifier__solver=lbfgs; total time= 6.2min
[CV] END classifier__C=0.0003, classifier__max_iter=100, classifier__solver=lbfgs; total time=11.7min
[CV] END classifier__C=0.0001, classifier__max_iter=1000, classifier__solver=lbfgs; total time= 6.2min
[CV] END classifier__C=0.3, classifier__max_iter=500, classifier__solver=lbfgs; total time=24.6min
[CV] END classifier__C=0.0001, classifier__max_iter=500, classifier__solver=lbfgs; total time= 6.1min
[CV] END classifier__C=0.0001, classifier__max_iter=1000, classifier__solver=lbfgs; total time= 6.1min
[CV] END classifier__C=0.03, classifier__max_iter=300, classifier__solver=lbfgs; total time=37.0min
[CV] END classifier__C=0.03, classifier__max_iter=100, classifier__solver=lbfgs; total time=37.4min
[CV] END classifier__C=0.03, classifier__max_iter=100, classifier__solver=lbfgs; total time=38.7min
[CV] END classifier__C=0.03, classifier__max_iter=1000, classifier__solver=lbfgs; total time=38.9min
[CV] END classifier__C=0.03, classifier__max_iter=300, classifier__solver=lbfgs; total time=39.4min
[CV] END classifier__C=0.01, classifier__max_iter=300, classifier__solver=lbfgs; total time=40.4min
[CV] END classifier__C=0.01, classifier__max_iter=100, classifier__solver=lbfgs; total time=40.7min

Best parameters from inner CV:
  classifier__solver: lbfgs
  classifier__max_iter: 300
  classifier__C: 0.1
Best inner CV score: 0.9128

>>> OUTER FOLD 1 TEST SCORE: 0.9249

======================================================================
OUTER FOLD 2/5
======================================================================
Train samples: 41528, Test samples: 10440
Train subjects: 179, Test subjects: 45

Starting inner CV (hyperparameter search)...
Fitting 3 folds for each of 20 candidates, totalling 60 fits
[CV] END classifier__C=1.0, classifier__max_iter=300, classifier__solver=lbfgs; total time=23.3min
[CV] END classifier__C=0.0003, classifier__max_iter=300, classifier__solver=lbfgs; total time=11.2min
[CV] END classifier__C=1.0, classifier__max_iter=500, classifier__solver=lbfgs; total time=10.8min
[CV] END classifier__C=0.03, classifier__max_iter=100, classifier__solver=lbfgs; total time=34.5min
[CV] END classifier__C=0.01, classifier__max_iter=100, classifier__solver=lbfgs; total time=41.6min
[CV] END classifier__C=1.0, classifier__max_iter=300, classifier__solver=lbfgs; total time=29.1min
[CV] END classifier__C=0.0001, classifier__max_iter=1000, classifier__solver=lbfgs; total time= 5.8min
[CV] END classifier__C=0.3, classifier__max_iter=500, classifier__solver=lbfgs; total time=25.4min
[CV] END classifier__C=0.3, classifier__max_iter=1000, classifier__solver=lbfgs; total time=18.6min
[CV] END classifier__C=0.3, classifier__max_iter=300, classifier__solver=lbfgs; total time=24.0min
[CV] END classifier__C=0.0001, classifier__max_iter=500, classifier__solver=lbfgs; total time= 5.7min
[CV] END classifier__C=0.0001, classifier__max_iter=1000, classifier__solver=lbfgs; total time= 5.5min
[CV] END classifier__C=0.03, classifier__max_iter=1000, classifier__solver=lbfgs; total time=37.0min
[CV] END classifier__C=0.03, classifier__max_iter=1000, classifier__solver=lbfgs; total time=34.7min
[CV] END classifier__C=1.0, classifier__max_iter=100, classifier__solver=lbfgs; total time=10.8min
[CV] END classifier__C=0.1, classifier__max_iter=300, classifier__solver=lbfgs; total time=25.8min
[CV] END classifier__C=0.0001, classifier__max_iter=500, classifier__solver=lbfgs; total time= 5.8min
[CV] END classifier__C=0.0001, classifier__max_iter=1000, classifier__solver=lbfgs; total time= 5.6min
[CV] END classifier__C=0.03, classifier__max_iter=300, classifier__solver=lbfgs; total time=37.0min
[CV] END classifier__C=0.01, classifier__max_iter=300, classifier__solver=lbfgs; total time=41.7min
[CV] END classifier__C=0.01, classifier__max_iter=100, classifier__solver=lbfgs; total time=37.4min
[CV] END classifier__C=0.03, classifier__max_iter=1000, classifier__solver=lbfgs; total time=38.4min
[CV] END classifier__C=0.03, classifier__max_iter=300, classifier__solver=lbfgs; total time=34.7min
[CV] END classifier__C=1.0, classifier__max_iter=100, classifier__solver=lbfgs; total time=10.8min
[CV] END classifier__C=0.03, classifier__max_iter=100, classifier__solver=lbfgs; total time=38.7min
[CV] END classifier__C=0.03, classifier__max_iter=300, classifier__solver=lbfgs; total time=39.3min
[CV] END classifier__C=0.01, classifier__max_iter=1000, classifier__solver=lbfgs; total time=41.5min
[CV] END classifier__C=0.01, classifier__max_iter=300, classifier__solver=lbfgs; total time=39.7min
[CV] END classifier__C=0.0001, classifier__max_iter=100, classifier__solver=lbfgs; total time= 6.1min
[CV] END classifier__C=0.03, classifier__max_iter=1000, classifier__solver=lbfgs; total time=35.3min
[CV] END classifier__C=0.01, classifier__max_iter=300, classifier__solver=lbfgs; total time=39.7min
[CV] END classifier__C=0.03, classifier__max_iter=300, classifier__solver=lbfgs; total time=40.7min
[CV] END classifier__C=0.1, classifier__max_iter=300, classifier__solver=lbfgs; total time=25.6min
[CV] END classifier__C=0.3, classifier__max_iter=1000, classifier__solver=lbfgs; total time=18.7min
[CV] END classifier__C=0.0001, classifier__max_iter=100, classifier__solver=lbfgs; total time= 5.7min
[CV] END classifier__C=0.03, classifier__max_iter=1000, classifier__solver=lbfgs; total time=35.9min
[CV] END classifier__C=0.01, classifier__max_iter=1000, classifier__solver=lbfgs; total time=40.9min
[CV] END classifier__C=0.01, classifier__max_iter=300, classifier__solver=lbfgs; total time=41.7min
[CV] END classifier__C=0.01, classifier__max_iter=1000, classifier__solver=lbfgs; total time=41.5min
[CV] END classifier__C=0.01, classifier__max_iter=1000, classifier__solver=lbfgs; total time=42.1min

Best parameters from inner CV:
  classifier__solver: lbfgs
  classifier__max_iter: 300
  classifier__C: 0.1
Best inner CV score: 0.9106

>>> OUTER FOLD 2 TEST SCORE: 0.9284

======================================================================
OUTER FOLD 3/5
======================================================================
Train samples: 41528, Test samples: 10440
Train subjects: 179, Test subjects: 45

Starting inner CV (hyperparameter search)...
Fitting 3 folds for each of 20 candidates, totalling 60 fits
[CV] END classifier__C=0.03, classifier__max_iter=1000, classifier__solver=lbfgs; total time=33.9min
[CV] END classifier__C=0.1, classifier__max_iter=300, classifier__solver=lbfgs; total time=23.3min
[CV] END classifier__C=0.0001, classifier__max_iter=500, classifier__solver=lbfgs; total time= 5.5min
[CV] END classifier__C=0.0001, classifier__max_iter=1000, classifier__solver=lbfgs; total time= 5.3min
[CV] END classifier__C=0.3, classifier__max_iter=500, classifier__solver=lbfgs; total time=22.3min
[CV] END classifier__C=0.0001, classifier__max_iter=500, classifier__solver=lbfgs; total time= 6.0min
[CV] END classifier__C=0.0001, classifier__max_iter=1000, classifier__solver=lbfgs; total time= 5.8min
[CV] END classifier__C=0.01, classifier__max_iter=300, classifier__solver=lbfgs; total time=41.6min
[CV] END classifier__C=1.0, classifier__max_iter=300, classifier__solver=lbfgs; total time=23.9min
[CV] END classifier__C=0.0003, classifier__max_iter=300, classifier__solver=lbfgs; total time=10.1min
[CV] END classifier__C=1.0, classifier__max_iter=100, classifier__solver=lbfgs; total time=12.8min
[CV] END classifier__C=0.0001, classifier__max_iter=100, classifier__solver=lbfgs; total time= 5.9min
[CV] END classifier__C=0.0001, classifier__max_iter=300, classifier__solver=lbfgs; total time= 6.2min
[CV] END classifier__C=0.0001, classifier__max_iter=300, classifier__solver=lbfgs; total time= 6.0min
[CV] END classifier__C=0.0003, classifier__max_iter=100, classifier__solver=lbfgs; total time=10.5min
[CV] END classifier__C=0.0001, classifier__max_iter=1000, classifier__solver=lbfgs; total time= 5.8min
[CV] END classifier__C=0.03, classifier__max_iter=100, classifier__solver=lbfgs; total time=35.3min
[CV] END classifier__C=0.03, classifier__max_iter=100, classifier__solver=lbfgs; total time=35.6min
[CV] END classifier__C=0.03, classifier__max_iter=1000, classifier__solver=lbfgs; total time=36.8min
[CV] END classifier__C=0.03, classifier__max_iter=300, classifier__solver=lbfgs; total time=38.3min
[CV] END classifier__C=0.03, classifier__max_iter=300, classifier__solver=lbfgs; total time=38.4min
[CV] END classifier__C=1.0, classifier__max_iter=300, classifier__solver=lbfgs; total time=21.5min
[CV] END classifier__C=0.0003, classifier__max_iter=100, classifier__solver=lbfgs; total time=11.1min
[CV] END classifier__C=1.0, classifier__max_iter=500, classifier__solver=lbfgs; total time=12.9min
[CV] END classifier__C=0.1, classifier__max_iter=300, classifier__solver=lbfgs; total time=23.6min
[CV] END classifier__C=0.0003, classifier__max_iter=300, classifier__solver=lbfgs; total time=10.4min
[CV] END classifier__C=1.0, classifier__max_iter=100, classifier__solver=lbfgs; total time=12.9min
[CV] END classifier__C=0.0001, classifier__max_iter=100, classifier__solver=lbfgs; total time= 5.3min
[CV] END classifier__C=0.03, classifier__max_iter=1000, classifier__solver=lbfgs; total time=33.6min
[CV] END classifier__C=0.03, classifier__max_iter=100, classifier__solver=lbfgs; total time=38.9min
[CV] END classifier__C=0.01, classifier__max_iter=1000, classifier__solver=lbfgs; total time=39.2min

Best parameters from inner CV:
  classifier__solver: lbfgs
  classifier__max_iter: 300
  classifier__C: 0.1
Best inner CV score: 0.9129

>>> OUTER FOLD 3 TEST SCORE: 0.9227

======================================================================
OUTER FOLD 4/5
======================================================================
Train samples: 41528, Test samples: 10440
Train subjects: 179, Test subjects: 45

Starting inner CV (hyperparameter search)...
Fitting 3 folds for each of 20 candidates, totalling 60 fits
[CV] END classifier__C=0.01, classifier__max_iter=1000, classifier__solver=lbfgs; total time=42.9min
[CV] END classifier__C=1.0, classifier__max_iter=300, classifier__solver=lbfgs; total time=24.5min
[CV] END classifier__C=0.0001, classifier__max_iter=500, classifier__solver=lbfgs; total time= 6.3min
[CV] END classifier__C=0.0001, classifier__max_iter=1000, classifier__solver=lbfgs; total time= 6.3min
[CV] END classifier__C=0.1, classifier__max_iter=300, classifier__solver=lbfgs; total time=25.2min
[CV] END classifier__C=0.1, classifier__max_iter=100, classifier__solver=lbfgs; total time=18.8min
[CV] END classifier__C=0.3, classifier__max_iter=300, classifier__solver=lbfgs; total time=23.4min
[CV] END classifier__C=0.0003, classifier__max_iter=100, classifier__solver=lbfgs; total time=10.1min
[CV] END classifier__C=1.0, classifier__max_iter=500, classifier__solver=lbfgs; total time=13.5min
[CV] END classifier__C=0.0001, classifier__max_iter=100, classifier__solver=lbfgs; total time= 5.9min
[CV] END classifier__C=0.0001, classifier__max_iter=300, classifier__solver=lbfgs; total time= 6.2min
[CV] END classifier__C=0.0003, classifier__max_iter=100, classifier__solver=lbfgs; total time=11.0min
[CV] END classifier__C=0.0001, classifier__max_iter=500, classifier__solver=lbfgs; total time= 5.8min
[CV] END classifier__C=1.0, classifier__max_iter=500, classifier__solver=lbfgs; total time=14.9min
[CV] END classifier__C=0.3, classifier__max_iter=300, classifier__solver=lbfgs; total time=22.3min
[CV] END classifier__C=0.0003, classifier__max_iter=100, classifier__solver=lbfgs; total time= 9.6min
[CV] END classifier__C=0.0001, classifier__max_iter=1000, classifier__solver=lbfgs; total time= 5.6min
[CV] END classifier__C=0.03, classifier__max_iter=300, classifier__solver=lbfgs; total time=37.9min
[CV] END classifier__C=0.1, classifier__max_iter=300, classifier__solver=lbfgs; total time=27.5min
[CV] END classifier__C=0.3, classifier__max_iter=1000, classifier__solver=lbfgs; total time=18.2min
[CV] END classifier__C=0.01, classifier__max_iter=100, classifier__solver=lbfgs; total time=43.5min
[CV] END classifier__C=1.0, classifier__max_iter=300, classifier__solver=lbfgs; total time=24.7min
[CV] END classifier__C=0.0001, classifier__max_iter=500, classifier__solver=lbfgs; total time= 6.9min
[CV] END classifier__C=0.0001, classifier__max_iter=1000, classifier__solver=lbfgs; total time= 6.7min
[CV] END classifier__C=0.03, classifier__max_iter=1000, classifier__solver=lbfgs; total time=38.6min
[CV] END classifier__C=0.1, classifier__max_iter=300, classifier__solver=lbfgs; total time=26.6min
[CV] END classifier__C=0.3, classifier__max_iter=1000, classifier__solver=lbfgs; total time=17.2min
[CV] END classifier__C=0.01, classifier__max_iter=100, classifier__solver=lbfgs; total time=39.9min
[CV] END classifier__C=0.01, classifier__max_iter=100, classifier__solver=lbfgs; total time=41.6min
[CV] END classifier__C=1.0, classifier__max_iter=300, classifier__solver=lbfgs; total time=26.1min
[CV] END classifier__C=0.1, classifier__max_iter=100, classifier__solver=lbfgs; total time=18.9min
[CV] END classifier__C=1.0, classifier__max_iter=300, classifier__solver=lbfgs; total time=20.6min
[CV] END classifier__C=0.0003, classifier__max_iter=100, classifier__solver=lbfgs; total time=10.3min
[CV] END classifier__C=1.0, classifier__max_iter=500, classifier__solver=lbfgs; total time=13.8min
[CV] END classifier__C=0.0001, classifier__max_iter=100, classifier__solver=lbfgs; total time= 5.3min
[CV] END classifier__C=0.03, classifier__max_iter=1000, classifier__solver=lbfgs; total time=34.9min
[CV] END classifier__C=0.03, classifier__max_iter=1000, classifier__solver=lbfgs; total time=40.1min
[CV] END classifier__C=0.3, classifier__max_iter=500, classifier__solver=lbfgs; total time=26.7min
[CV] END classifier__C=0.3, classifier__max_iter=1000, classifier__solver=lbfgs; total time=18.0min
[CV] END classifier__C=1.0, classifier__max_iter=300, classifier__solver=lbfgs; total time=20.8min
[CV] END classifier__C=0.0003, classifier__max_iter=300, classifier__solver=lbfgs; total time=11.7min
[CV] END classifier__C=1.0, classifier__max_iter=100, classifier__solver=lbfgs; total time=12.5min
[CV] END classifier__C=0.03, classifier__max_iter=100, classifier__solver=lbfgs; total time=40.8min
[CV] END classifier__C=0.01, classifier__max_iter=1000, classifier__solver=lbfgs; total time=41.1min
[CV] END classifier__C=0.01, classifier__max_iter=1000, classifier__solver=lbfgs; total time=41.3min
[CV] END classifier__C=0.3, classifier__max_iter=500, classifier__solver=lbfgs; total time=27.5min
[CV] END classifier__C=0.3, classifier__max_iter=1000, classifier__solver=lbfgs; total time=17.1min
[CV] END classifier__C=0.03, classifier__max_iter=100, classifier__solver=lbfgs; total time=41.6min
[CV] END classifier__C=0.01, classifier__max_iter=1000, classifier__solver=lbfgs; total time=42.5min
[CV] END classifier__C=0.01, classifier__max_iter=300, classifier__solver=lbfgs; total time=41.9min
[CV] END classifier__C=0.03, classifier__max_iter=300, classifier__solver=lbfgs; total time=41.7min
[CV] END classifier__C=0.03, classifier__max_iter=300, classifier__solver=lbfgs; total time=42.1min
[CV] END classifier__C=0.3, classifier__max_iter=500, classifier__solver=lbfgs; total time=26.2min
[CV] END classifier__C=0.1, classifier__max_iter=100, classifier__solver=lbfgs; total time=19.1min
[CV] END classifier__C=0.01, classifier__max_iter=100, classifier__solver=lbfgs; total time=41.2min
[CV] END classifier__C=0.01, classifier__max_iter=300, classifier__solver=lbfgs; total time=42.6min
[CV] END classifier__C=0.01, classifier__max_iter=1000, classifier__solver=lbfgs; total time=42.5min
[CV] END classifier__C=0.1, classifier__max_iter=300, classifier__solver=lbfgs; total time=25.7min
[CV] END classifier__C=0.3, classifier__max_iter=1000, classifier__solver=lbfgs; total time=17.9min
[CV] END classifier__C=0.01, classifier__max_iter=100, classifier__solver=lbfgs; total time=42.9min
[CV] END classifier__C=0.01, classifier__max_iter=300, classifier__solver=lbfgs; total time=41.9min
[CV] END classifier__C=0.01, classifier__max_iter=300, classifier__solver=lbfgs; total time=42.8min

Best parameters from inner CV:
  classifier__solver: lbfgs
  classifier__max_iter: 300
  classifier__C: 0.1
Best inner CV score: 0.9115

>>> OUTER FOLD 4 TEST SCORE: 0.9250

======================================================================
OUTER FOLD 5/5
======================================================================
Train samples: 41760, Test samples: 10208
Train subjects: 180, Test subjects: 44

Starting inner CV (hyperparameter search)...
Fitting 3 folds for each of 20 candidates, totalling 60 fits
[CV] END classifier__C=0.3, classifier__max_iter=500, classifier__solver=lbfgs; total time=23.4min
[CV] END classifier__C=0.1, classifier__max_iter=100, classifier__solver=lbfgs; total time=20.8min
[CV] END classifier__C=0.3, classifier__max_iter=300, classifier__solver=lbfgs; total time=30.6min
[CV] END classifier__C=0.3, classifier__max_iter=1000, classifier__solver=lbfgs; total time=17.2min
[CV] END classifier__C=0.3, classifier__max_iter=300, classifier__solver=lbfgs; total time=25.0min
[CV] END classifier__C=0.0003, classifier__max_iter=300, classifier__solver=lbfgs; total time=11.9min
[CV] END classifier__C=0.3, classifier__max_iter=500, classifier__solver=lbfgs; total time=25.0min
[CV] END classifier__C=0.0003, classifier__max_iter=300, classifier__solver=lbfgs; total time=12.0min
[CV] END classifier__C=0.03, classifier__max_iter=1000, classifier__solver=lbfgs; total time=37.3min
[CV] END classifier__C=0.0001, classifier__max_iter=100, classifier__solver=lbfgs; total time= 6.3min
[CV] END classifier__C=0.0001, classifier__max_iter=300, classifier__solver=lbfgs; total time= 6.5min
[CV] END classifier__C=0.0001, classifier__max_iter=300, classifier__solver=lbfgs; total time= 6.6min
[CV] END classifier__C=0.0003, classifier__max_iter=100, classifier__solver=lbfgs; total time=11.9min
[CV] END classifier__C=0.0001, classifier__max_iter=1000, classifier__solver=lbfgs; total time= 6.3min
[CV] END classifier__C=0.3, classifier__max_iter=500, classifier__solver=lbfgs; total time=25.4min
[CV] END classifier__C=0.0001, classifier__max_iter=500, classifier__solver=lbfgs; total time= 6.4min
[CV] END classifier__C=0.0001, classifier__max_iter=1000, classifier__solver=lbfgs; total time= 6.1min
[CV] END classifier__C=0.03, classifier__max_iter=300, classifier__solver=lbfgs; total time=38.4min
[CV] END classifier__C=0.03, classifier__max_iter=1000, classifier__solver=lbfgs; total time=38.9min
[CV] END classifier__C=0.03, classifier__max_iter=300, classifier__solver=lbfgs; total time=38.9min
[CV] END classifier__C=1.0, classifier__max_iter=300, classifier__solver=lbfgs; total time=25.3min
[CV] END classifier__C=0.1, classifier__max_iter=100, classifier__solver=lbfgs; total time=18.8min
[CV] END classifier__C=0.3, classifier__max_iter=300, classifier__solver=lbfgs; total time=23.5min
[CV] END classifier__C=0.0003, classifier__max_iter=300, classifier__solver=lbfgs; total time=10.4min
[CV] END classifier__C=1.0, classifier__max_iter=100, classifier__solver=lbfgs; total time=12.6min
[CV] END classifier__C=0.3, classifier__max_iter=300, classifier__solver=lbfgs; total time=22.4min
[CV] END classifier__C=0.0003, classifier__max_iter=300, classifier__solver=lbfgs; total time=11.4min
[CV] END classifier__C=1.0, classifier__max_iter=100, classifier__solver=lbfgs; total time=11.3min
[CV] END classifier__C=0.1, classifier__max_iter=300, classifier__solver=lbfgs; total time=23.5min
[CV] END classifier__C=0.0003, classifier__max_iter=300, classifier__solver=lbfgs; total time= 9.5min
[CV] END classifier__C=1.0, classifier__max_iter=500, classifier__solver=lbfgs; total time=13.6min
[CV] END classifier__C=0.01, classifier__max_iter=100, classifier__solver=lbfgs; total time=40.1min
[CV] END classifier__C=0.03, classifier__max_iter=100, classifier__solver=lbfgs; total time=41.4min
[CV] END classifier__C=0.01, classifier__max_iter=1000, classifier__solver=lbfgs; total time=43.8min
[CV] END classifier__C=0.01, classifier__max_iter=1000, classifier__solver=lbfgs; total time=44.0min
[CV] END classifier__C=0.3, classifier__max_iter=300, classifier__solver=lbfgs; total time=25.0min
[CV] END classifier__C=0.0001, classifier__max_iter=500, classifier__solver=lbfgs; total time= 6.2min
[CV] END classifier__C=1.0, classifier__max_iter=500, classifier__solver=lbfgs; total time=13.7min
[CV] END classifier__C=0.0001, classifier__max_iter=100, classifier__solver=lbfgs; total time= 6.3min
[CV] END classifier__C=0.0001, classifier__max_iter=300, classifier__solver=lbfgs; total time= 6.7min
[CV] END classifier__C=0.0003, classifier__max_iter=100, classifier__solver=lbfgs; total time=12.2min
[CV] END classifier__C=0.0001, classifier__max_iter=500, classifier__solver=lbfgs; total time= 6.7min
[CV] END classifier__C=1.0, classifier__max_iter=500, classifier__solver=lbfgs; total time=14.5min
[CV] END classifier__C=0.3, classifier__max_iter=300, classifier__solver=lbfgs; total time=23.6min
[CV] END classifier__C=0.1, classifier__max_iter=100, classifier__solver=lbfgs; total time=21.1min
[CV] END classifier__C=0.0001, classifier__max_iter=100, classifier__solver=lbfgs; total time= 6.4min
[CV] END classifier__C=0.0001, classifier__max_iter=300, classifier__solver=lbfgs; total time= 6.9min
[CV] END classifier__C=0.0003, classifier__max_iter=100, classifier__solver=lbfgs; total time=12.3min
[CV] END classifier__C=0.1, classifier__max_iter=100, classifier__solver=lbfgs; total time=21.0min
[CV] END classifier__C=0.01, classifier__max_iter=100, classifier__solver=lbfgs; total time=44.2min
[CV] END classifier__C=0.3, classifier__max_iter=500, classifier__solver=lbfgs; total time=25.9min
[CV] END classifier__C=0.1, classifier__max_iter=100, classifier__solver=lbfgs; total time=19.7min
[CV] END classifier__C=0.01, classifier__max_iter=100, classifier__solver=lbfgs; total time=43.8min
[CV] END classifier__C=0.01, classifier__max_iter=100, classifier__solver=lbfgs; total time=43.7min
[CV] END classifier__C=0.01, classifier__max_iter=300, classifier__solver=lbfgs; total time=44.2min

Best parameters from inner CV:
  classifier__solver: lbfgs
  classifier__max_iter: 300
  classifier__C: 0.1
Best inner CV score: 0.9146

>>> OUTER FOLD 5 TEST SCORE: 0.9230

======================================================================
NESTED CV COMPLETE
======================================================================

Outer CV Scores per fold:
  Fold 1: 0.9249
  Fold 2: 0.9284
  Fold 3: 0.9227
  Fold 4: 0.9250
  Fold 5: 0.9230

Mean Outer CV Score: 0.9248 (+/- 0.0020)
======================================================================


======================================================================
TRAINING FINAL MODEL ON ALL DATA
======================================================================

Fitting preprocessor...

Data shapes:
  X: (51968, 232)
  y: (51968,)
  subject_ids_expanded: (51968,)
  Unique subjects: 224
Fitting 3 folds for each of 20 candidates, totalling 60 fits
[CV] END classifier__C=0.03, classifier__max_iter=100, classifier__solver=lbfgs; total time=35.7min
[CV] END classifier__C=1.0, classifier__max_iter=100, classifier__solver=lbfgs; total time=12.8min
[CV] END classifier__C=0.03, classifier__max_iter=100, classifier__solver=lbfgs; total time=44.2min
[CV] END classifier__C=0.3, classifier__max_iter=500, classifier__solver=lbfgs; total time=26.4min
[CV] END classifier__C=0.3, classifier__max_iter=1000, classifier__solver=lbfgs; total time=20.4min
[CV] END classifier__C=0.3, classifier__max_iter=300, classifier__solver=lbfgs; total time=30.0min
[CV] END classifier__C=0.0003, classifier__max_iter=300, classifier__solver=lbfgs; total time=14.2min
[CV] END classifier__C=0.01, classifier__max_iter=1000, classifier__solver=lbfgs; total time=45.4min
[CV] END classifier__C=1.0, classifier__max_iter=300, classifier__solver=lbfgs; total time=30.4min
[CV] END classifier__C=0.0003, classifier__max_iter=300, classifier__solver=lbfgs; total time=14.1min
[CV] END classifier__C=0.1, classifier__max_iter=300, classifier__solver=lbfgs; total time=25.3min
[CV] END classifier__C=0.0001, classifier__max_iter=500, classifier__solver=lbfgs; total time= 5.5min
[CV] END classifier__C=0.0001, classifier__max_iter=1000, classifier__solver=lbfgs; total time= 5.4min
[CV] END classifier__C=1.0, classifier__max_iter=100, classifier__solver=lbfgs; total time=12.0min
[CV] END classifier__C=0.03, classifier__max_iter=100, classifier__solver=lbfgs; total time=38.2min
[CV] END classifier__C=0.0001, classifier__max_iter=1000, classifier__solver=lbfgs; total time= 6.5min
[CV] END classifier__C=0.03, classifier__max_iter=300, classifier__solver=lbfgs; total time=45.0min
[CV] END classifier__C=0.1, classifier__max_iter=300, classifier__solver=lbfgs; total time=30.8min
[CV] END classifier__C=0.0001, classifier__max_iter=500, classifier__solver=lbfgs; total time= 7.2min
[CV] END classifier__C=0.0001, classifier__max_iter=1000, classifier__solver=lbfgs; total time= 7.1min
[CV] END classifier__C=0.03, classifier__max_iter=300, classifier__solver=lbfgs; total time=45.2min
[CV] END classifier__C=0.03, classifier__max_iter=300, classifier__solver=lbfgs; total time=45.8min
[CV] END classifier__C=0.3, classifier__max_iter=500, classifier__solver=lbfgs; total time=26.9min
[CV] END classifier__C=0.1, classifier__max_iter=100, classifier__solver=lbfgs; total time=20.3min
[CV] END classifier__C=0.3, classifier__max_iter=300, classifier__solver=lbfgs; total time=25.7min
[CV] END classifier__C=0.0001, classifier__max_iter=500, classifier__solver=lbfgs; total time= 6.4min
[CV] END classifier__C=1.0, classifier__max_iter=500, classifier__solver=lbfgs; total time=16.5min
[CV] END classifier__C=0.03, classifier__max_iter=100, classifier__solver=lbfgs; total time=46.7min
[CV] END classifier__C=0.03, classifier__max_iter=1000, classifier__solver=lbfgs; total time=47.1min
[CV] END classifier__C=0.03, classifier__max_iter=100, classifier__solver=lbfgs; total time=35.8min
[CV] END classifier__C=1.0, classifier__max_iter=100, classifier__solver=lbfgs; total time=11.8min
[CV] END classifier__C=0.0001, classifier__max_iter=100, classifier__solver=lbfgs; total time= 6.4min
[CV] END classifier__C=0.03, classifier__max_iter=1000, classifier__solver=lbfgs; total time=41.0min
[CV] END classifier__C=0.3, classifier__max_iter=300, classifier__solver=lbfgs; total time=25.3min
[CV] END classifier__C=0.1, classifier__max_iter=100, classifier__solver=lbfgs; total time=18.9min
[CV] END classifier__C=0.0001, classifier__max_iter=100, classifier__solver=lbfgs; total time= 5.8min
[CV] END classifier__C=0.0001, classifier__max_iter=300, classifier__solver=lbfgs; total time= 5.9min
[CV] END classifier__C=0.0001, classifier__max_iter=300, classifier__solver=lbfgs; total time= 5.9min
[CV] END classifier__C=0.0003, classifier__max_iter=100, classifier__solver=lbfgs; total time=10.6min
[CV] END classifier__C=0.3, classifier__max_iter=1000, classifier__solver=lbfgs; total time=16.9min
[CV] END classifier__C=1.0, classifier__max_iter=300, classifier__solver=lbfgs; total time=24.9min
[CV] END classifier__C=0.1, classifier__max_iter=100, classifier__solver=lbfgs; total time=19.6min
[CV] END classifier__C=0.0001, classifier__max_iter=100, classifier__solver=lbfgs; total time= 5.8min
[CV] END classifier__C=0.0001, classifier__max_iter=300, classifier__solver=lbfgs; total time= 5.7min
[CV] END classifier__C=0.0001, classifier__max_iter=300, classifier__solver=lbfgs; total time= 5.8min
[CV] END classifier__C=0.0003, classifier__max_iter=100, classifier__solver=lbfgs; total time= 9.6min
[CV] END classifier__C=0.1, classifier__max_iter=100, classifier__solver=lbfgs; total time=18.3min
[CV] END classifier__C=0.01, classifier__max_iter=300, classifier__solver=lbfgs; total time=45.3min
[CV] END classifier__C=0.01, classifier__max_iter=300, classifier__solver=lbfgs; total time=47.5min
[CV] END classifier__C=0.1, classifier__max_iter=300, classifier__solver=lbfgs; total time=25.6min
[CV] END classifier__C=0.1, classifier__max_iter=100, classifier__solver=lbfgs; total time=21.0min
[CV] END classifier__C=0.01, classifier__max_iter=100, classifier__solver=lbfgs; total time=48.9min
[CV] END classifier__C=0.3, classifier__max_iter=300, classifier__solver=lbfgs; total time=23.6min
[CV] END classifier__C=0.0003, classifier__max_iter=300, classifier__solver=lbfgs; total time=11.4min
[CV] END classifier__C=1.0, classifier__max_iter=100, classifier__solver=lbfgs; total time=10.4min
[CV] END classifier__C=0.03, classifier__max_iter=100, classifier__solver=lbfgs; total time=33.3min
[CV] END classifier__C=1.0, classifier__max_iter=500, classifier__solver=lbfgs; total time=13.0min
[CV] END classifier__C=0.3, classifier__max_iter=300, classifier__solver=lbfgs; total time=22.0min
[CV] END classifier__C=0.0003, classifier__max_iter=300, classifier__solver=lbfgs; total time= 9.3min
[CV] END classifier__C=1.0, classifier__max_iter=500, classifier__solver=lbfgs; total time=13.7min
[CV] END classifier__C=0.1, classifier__max_iter=300, classifier__solver=lbfgs; total time=23.3min
[CV] END classifier__C=0.0003, classifier__max_iter=300, classifier__solver=lbfgs; total time= 9.8min
[CV] END classifier__C=1.0, classifier__max_iter=500, classifier__solver=lbfgs; total time=14.8min
[CV] END classifier__C=0.0001, classifier__max_iter=100, classifier__solver=lbfgs; total time= 5.7min
[CV] END classifier__C=0.03, classifier__max_iter=1000, classifier__solver=lbfgs; total time=39.6min
[CV] END classifier__C=0.01, classifier__max_iter=300, classifier__solver=lbfgs; total time=48.9min
[CV] END classifier__C=0.1, classifier__max_iter=300, classifier__solver=lbfgs; total time=26.8min
[CV] END classifier__C=0.3, classifier__max_iter=1000, classifier__solver=lbfgs; total time=18.9min
[CV] END classifier__C=0.01, classifier__max_iter=100, classifier__solver=lbfgs; total time=50.2min
[CV] END classifier__C=0.01, classifier__max_iter=1000, classifier__solver=lbfgs; total time=49.9min

Final model best parameters:
  classifier__solver: lbfgs
  classifier__max_iter: 300
  classifier__C: 0.1
Final model CV score: 0.9189

✓ Saved nested CV summary: results/hyperparameter_search/iteration_018/nested_cv_summary_logistic_regression_region_mean_20251209_073302.json
✓ Saved detailed CV results: results/hyperparameter_search/iteration_018/nested_cv_results_logistic_regression_region_mean_20251209_073302.csv
✓ Saved final model results: results/hyperparameter_search/iteration_018/final_model_results_logistic_regression_region_mean_20251209_073302.json
✓ Saved final model CV results: results/hyperparameter_search/iteration_018/final_model_cv_results_logistic_regression_region_mean_20251209_073302.csv

======================================================================
RESULTS SUMMARY
======================================================================

Nested CV Performance:
  Mean Outer CV Score: 0.9248
  Std Outer CV Score: 0.0020

Final Model (trained on all data):
  Best CV Score: 0.9189
  Best Parameters:
    classifier__solver: lbfgs
    classifier__max_iter: 300
    classifier__C: 0.1

Results saved to: results/hyperparameter_search/iteration_018
======================================================================

[CV] END classifier__C=0.03, classifier__max_iter=300, classifier__solver=lbfgs; total time=45.8min
[CV] END classifier__C=0.01, classifier__max_iter=100, classifier__solver=lbfgs; total time=52.1min
[CV] END classifier__C=0.01, classifier__max_iter=1000, classifier__solver=lbfgs; total time=51.9min
[CV] END classifier__C=0.03, classifier__max_iter=300, classifier__solver=lbfgs; total time=32.6min
[CV] END classifier__C=1.0, classifier__max_iter=100, classifier__solver=lbfgs; total time=12.2min
[CV] END classifier__C=0.03, classifier__max_iter=100, classifier__solver=lbfgs; total time=32.5min
[CV] END classifier__C=1.0, classifier__max_iter=500, classifier__solver=lbfgs; total time=13.6min
[CV] END classifier__C=1.0, classifier__max_iter=300, classifier__solver=lbfgs; total time=25.9min
[CV] END classifier__C=0.1, classifier__max_iter=100, classifier__solver=lbfgs; total time=19.8min
[CV] END classifier__C=1.0, classifier__max_iter=300, classifier__solver=lbfgs; total time=33.2min
[CV] END classifier__C=0.1, classifier__max_iter=100, classifier__solver=lbfgs; total time=19.7min
[CV] END classifier__C=0.01, classifier__max_iter=1000, classifier__solver=lbfgs; total time=52.9min
[CV] END classifier__C=0.01, classifier__max_iter=1000, classifier__solver=lbfgs; total time=41.9min
[CV] END classifier__C=0.01, classifier__max_iter=100, classifier__solver=lbfgs; total time=43.1min
[CV] END classifier__C=0.01, classifier__max_iter=300, classifier__solver=lbfgs; total time=44.0min
[CV] END classifier__C=0.01, classifier__max_iter=100, classifier__solver=lbfgs; total time=43.8min
[CV] END classifier__C=0.01, classifier__max_iter=300, classifier__solver=lbfgs; total time=44.8min
[CV] END classifier__C=0.01, classifier__max_iter=300, classifier__solver=lbfgs; total time=53.3min
[CV] END classifier__C=0.3, classifier__max_iter=500, classifier__solver=lbfgs; total time=32.6min
[CV] END classifier__C=0.1, classifier__max_iter=100, classifier__solver=lbfgs; total time=20.6min
[CV] END classifier__C=0.1, classifier__max_iter=300, classifier__solver=lbfgs; total time=33.4min
[CV] END classifier__C=0.3, classifier__max_iter=1000, classifier__solver=lbfgs; total time=20.5min
[CV] END classifier__C=0.1, classifier__max_iter=300, classifier__solver=lbfgs; total time=24.9min
[CV] END classifier__C=0.3, classifier__max_iter=1000, classifier__solver=lbfgs; total time=19.0min
[CV] END classifier__C=0.3, classifier__max_iter=300, classifier__solver=lbfgs; total time=24.1min
[CV] END classifier__C=0.0001, classifier__max_iter=500, classifier__solver=lbfgs; total time= 5.5min
[CV] END classifier__C=0.3, classifier__max_iter=1000, classifier__solver=lbfgs; total time=16.9min
[CV] END classifier__C=1.0, classifier__max_iter=300, classifier__solver=lbfgs; total time=24.3min
[CV] END classifier__C=0.0003, classifier__max_iter=300, classifier__solver=lbfgs; total time=10.6min
[CV] END classifier__C=1.0, classifier__max_iter=500, classifier__solver=lbfgs; total time=13.5min
[CV] END classifier__C=0.0001, classifier__max_iter=100, classifier__solver=lbfgs; total time= 6.5min
[CV] END classifier__C=0.0001, classifier__max_iter=300, classifier__solver=lbfgs; total time= 6.6min
[CV] END classifier__C=0.0001, classifier__max_iter=300, classifier__solver=lbfgs; total time= 6.6min
[CV] END classifier__C=0.0003, classifier__max_iter=100, classifier__solver=lbfgs; total time=13.1min
[CV] END classifier__C=0.0001, classifier__max_iter=500, classifier__solver=lbfgs; total time= 6.4min
[CV] END classifier__C=1.0, classifier__max_iter=500, classifier__solver=lbfgs; total time=15.2min
[CV] END classifier__C=0.3, classifier__max_iter=500, classifier__solver=lbfgs; total time=33.4min
[CV] END classifier__C=0.3, classifier__max_iter=1000, classifier__solver=lbfgs; total time=21.1min
[CV] END classifier__C=0.01, classifier__max_iter=1000, classifier__solver=lbfgs; total time=42.9min
[CV] END classifier__C=0.01, classifier__max_iter=300, classifier__solver=lbfgs; total time=43.5min
[CV] END classifier__C=1.0, classifier__max_iter=300, classifier__solver=lbfgs; total time=34.3min
[CV] END classifier__C=1.0, classifier__max_iter=100, classifier__solver=lbfgs; total time=13.7min
[CV] END classifier__C=0.0001, classifier__max_iter=100, classifier__solver=lbfgs; total time= 6.7min
[CV] END classifier__C=0.0001, classifier__max_iter=300, classifier__solver=lbfgs; total time= 6.9min
[CV] END classifier__C=0.0003, classifier__max_iter=100, classifier__solver=lbfgs; total time=12.7min
[CV] END classifier__C=0.1, classifier__max_iter=100, classifier__solver=lbfgs; total time=21.5min
[CV] END classifier__C=0.0001, classifier__max_iter=100, classifier__solver=lbfgs; total time= 8.2min
[CV] END classifier__C=0.0001, classifier__max_iter=300, classifier__solver=lbfgs; total time= 8.3min
[CV] END classifier__C=0.0003, classifier__max_iter=100, classifier__solver=lbfgs; total time=16.6min
[CV] END classifier__C=0.1, classifier__max_iter=100, classifier__solver=lbfgs; total time=21.8min
[CV] END classifier__C=0.1, classifier__max_iter=300, classifier__solver=lbfgs; total time=33.8min
[CV] END classifier__C=1.0, classifier__max_iter=100, classifier__solver=lbfgs; total time=13.4min
[CV] END classifier__C=0.3, classifier__max_iter=300, classifier__solver=lbfgs; total time=28.6min
[CV] END classifier__C=0.3, classifier__max_iter=1000, classifier__solver=lbfgs; total time=18.7min
[CV] END classifier__C=0.3, classifier__max_iter=300, classifier__solver=lbfgs; total time=34.3min
[CV] END classifier__C=0.3, classifier__max_iter=1000, classifier__solver=lbfgs; total time=21.1min
[CV] END classifier__C=0.3, classifier__max_iter=500, classifier__solver=lbfgs; total time=23.6min
[CV] END classifier__C=0.0003, classifier__max_iter=300, classifier__solver=lbfgs; total time= 9.5min
[CV] END classifier__C=1.0, classifier__max_iter=100, classifier__solver=lbfgs; total time=13.2min
[CV] END classifier__C=0.01, classifier__max_iter=100, classifier__solver=lbfgs; total time=45.4min
[CV] END classifier__C=1.0, classifier__max_iter=300, classifier__solver=lbfgs; total time=27.2min
[CV] END classifier__C=0.0003, classifier__max_iter=100, classifier__solver=lbfgs; total time=15.0min
[CV] END classifier__C=1.0, classifier__max_iter=100, classifier__solver=lbfgs; total time=13.2min
[CV] END classifier__C=0.3, classifier__max_iter=500, classifier__solver=lbfgs; total time=31.3min
[CV] END classifier__C=0.0001, classifier__max_iter=500, classifier__solver=lbfgs; total time= 8.0min
[CV] END classifier__C=1.0, classifier__max_iter=500, classifier__solver=lbfgs; total time=16.3min
[CV] END classifier__C=0.1, classifier__max_iter=300, classifier__solver=lbfgs; total time=29.0min
[CV] END classifier__C=0.0003, classifier__max_iter=300, classifier__solver=lbfgs; total time=14.3min
[CV] END classifier__C=1.0, classifier__max_iter=100, classifier__solver=lbfgs; total time=12.5min
[CV] END classifier__C=0.3, classifier__max_iter=500, classifier__solver=lbfgs; total time=29.0min
[CV] END classifier__C=0.3, classifier__max_iter=1000, classifier__solver=lbfgs; total time=17.1min
[CV] END classifier__C=1.0, classifier__max_iter=300, classifier__solver=lbfgs; total time=21.7min
[CV] END classifier__C=0.0003, classifier__max_iter=100, classifier__solver=lbfgs; total time=12.1min
[CV] END classifier__C=1.0, classifier__max_iter=500, classifier__solver=lbfgs; total time=14.0min
[CV] END classifier__C=0.3, classifier__max_iter=300, classifier__solver=lbfgs; total time=34.5min
[CV] END classifier__C=0.0001, classifier__max_iter=1000, classifier__solver=lbfgs; total time= 6.9min
[CV] END classifier__C=1.0, classifier__max_iter=500, classifier__solver=lbfgs; total time=15.0min
[CV] END classifier__C=0.03, classifier__max_iter=1000, classifier__solver=lbfgs; total time=43.5min
[CV] END classifier__C=1.0, classifier__max_iter=100, classifier__solver=lbfgs; total time=12.6min

==========================================
✓ Hyperparameter search completed successfully

Final Resource Usage:
CumulativeRemoteSysCpu = 0.0
CumulativeRemoteUserCpu = 0.0
DiskUsage = 5
DiskUsage_RAW = 5
RemoteSysCpu = 0.0
RemoteUserCpu = 0.0
Duration: 17640 seconds (294 minutes)
==========================================
