001 (10164023.004.000) 2025-12-01 18:45:42 Job executing on host: <10.0.9.29:9618?addrs=10.0.9.29-9618&alias=cpu29.htc.inm7.de&noUDP&sock=startd_3130_7f85>
...
006 (10164023.004.000) 2025-12-01 18:45:50 Image size of job updated: 531840
	138  -  MemoryUsage of job (MB)
	140604  -  ResidentSetSize of job (KB)
...
006 (10164023.004.000) 2025-12-01 18:50:50 Image size of job updated: 5574656
	3152  -  MemoryUsage of job (MB)
	3227332  -  ResidentSetSize of job (KB)
...
006 (10164023.004.000) 2025-12-01 19:25:54 Image size of job updated: 5664860
	3152  -  MemoryUsage of job (MB)
	3227332  -  ResidentSetSize of job (KB)
...
006 (10164023.004.000) 2025-12-01 20:31:00 Image size of job updated: 5749348
	3207  -  MemoryUsage of job (MB)
	3283592  -  ResidentSetSize of job (KB)
...
006 (10164023.004.000) 2025-12-01 20:36:01 Image size of job updated: 5749348
	3212  -  MemoryUsage of job (MB)
	3288320  -  ResidentSetSize of job (KB)
...
006 (10164023.004.000) 2025-12-01 20:46:02 Image size of job updated: 5749348
	3213  -  MemoryUsage of job (MB)
	3289448  -  ResidentSetSize of job (KB)
...
006 (10164023.004.000) 2025-12-01 21:06:04 Image size of job updated: 5749348
	3286  -  MemoryUsage of job (MB)
	3364824  -  ResidentSetSize of job (KB)
...
006 (10164023.004.000) 2025-12-01 21:11:04 Image size of job updated: 5758596
	3286  -  MemoryUsage of job (MB)
	3364824  -  ResidentSetSize of job (KB)
...
005 (10164023.004.000) 2025-12-01 21:42:26 Job terminated.
	(1) Normal termination (return value 0)
		Usr 0 10:34:18, Sys 0 00:01:17  -  Run Remote Usage
		Usr 0 00:00:00, Sys 0 00:00:00  -  Run Local Usage
		Usr 0 10:34:18, Sys 0 00:01:17  -  Total Remote Usage
		Usr 0 00:00:00, Sys 0 00:00:00  -  Total Local Usage
	0  -  Run Bytes Sent By Job
	0  -  Run Bytes Received By Job
	0  -  Total Bytes Sent By Job
	0  -  Total Bytes Received By Job
	Partitionable Resources :    Usage  Request Allocated 
	   Cpus                 :     1.00        4         4 
	   Disk (KB)            :     2    15728640  19345545 
	   Memory (MB)          :  3286       12288     12288 

	Job terminated of its own accord at 2025-12-01T20:42:26Z with exit-code 0.
...
