000 (10178883.018.000) 2025-12-09 02:38:45 Job submitted from host: <10.0.8.14:9618?addrs=10.0.8.14-9618&alias=head2.htc.inm7.de&noUDP&sock=schedd_317342_cb8b>
...
001 (10178883.018.000) 2025-12-09 02:39:03 Job executing on host: <10.0.9.9:9618?addrs=10.0.9.9-9618&alias=cpu9.htc.inm7.de&noUDP&sock=startd_3408_2ed9>
...
006 (10178883.018.000) 2025-12-09 02:39:11 Image size of job updated: 5
	5  -  MemoryUsage of job (MB)
	4964  -  ResidentSetSize of job (KB)
...
006 (10178883.018.000) 2025-12-09 02:44:11 Image size of job updated: 96135660
	18770  -  MemoryUsage of job (MB)
	19219540  -  ResidentSetSize of job (KB)
...
006 (10178883.018.000) 2025-12-09 02:49:12 Image size of job updated: 96135660
	19392  -  MemoryUsage of job (MB)
	19856976  -  ResidentSetSize of job (KB)
...
006 (10178883.018.000) 2025-12-09 02:59:13 Image size of job updated: 96287760
	19901  -  MemoryUsage of job (MB)
	20378212  -  ResidentSetSize of job (KB)
...
006 (10178883.018.000) 2025-12-09 03:09:14 Image size of job updated: 96341280
	19901  -  MemoryUsage of job (MB)
	20378212  -  ResidentSetSize of job (KB)
...
006 (10178883.018.000) 2025-12-09 03:14:14 Image size of job updated: 96592360
	19901  -  MemoryUsage of job (MB)
	20378212  -  ResidentSetSize of job (KB)
...
006 (10178883.018.000) 2025-12-09 03:29:15 Image size of job updated: 97064480
	20221  -  MemoryUsage of job (MB)
	20705648  -  ResidentSetSize of job (KB)
...
006 (10178883.018.000) 2025-12-09 03:34:16 Image size of job updated: 97064480
	20723  -  MemoryUsage of job (MB)
	21219708  -  ResidentSetSize of job (KB)
...
006 (10178883.018.000) 2025-12-09 03:39:16 Image size of job updated: 97226436
	20723  -  MemoryUsage of job (MB)
	21219708  -  ResidentSetSize of job (KB)
...
006 (10178883.018.000) 2025-12-09 03:44:17 Image size of job updated: 97326516
	20723  -  MemoryUsage of job (MB)
	21219708  -  ResidentSetSize of job (KB)
...
006 (10178883.018.000) 2025-12-09 03:49:17 Image size of job updated: 97326516
	20891  -  MemoryUsage of job (MB)
	21391500  -  ResidentSetSize of job (KB)
...
006 (10178883.018.000) 2025-12-09 03:54:18 Image size of job updated: 97528504
	20891  -  MemoryUsage of job (MB)
	21391500  -  ResidentSetSize of job (KB)
...
006 (10178883.018.000) 2025-12-09 03:59:18 Image size of job updated: 97620416
	21279  -  MemoryUsage of job (MB)
	21789024  -  ResidentSetSize of job (KB)
...
006 (10178883.018.000) 2025-12-09 04:04:19 Image size of job updated: 97941680
	21279  -  MemoryUsage of job (MB)
	21789024  -  ResidentSetSize of job (KB)
...
006 (10178883.018.000) 2025-12-09 05:04:26 Image size of job updated: 98090856
	21279  -  MemoryUsage of job (MB)
	21789024  -  ResidentSetSize of job (KB)
...
006 (10178883.018.000) 2025-12-09 05:24:29 Image size of job updated: 98090856
	21543  -  MemoryUsage of job (MB)
	22059644  -  ResidentSetSize of job (KB)
...
006 (10178883.018.000) 2025-12-09 05:34:29 Image size of job updated: 98282796
	21857  -  MemoryUsage of job (MB)
	22381044  -  ResidentSetSize of job (KB)
...
006 (10178883.018.000) 2025-12-09 05:39:30 Image size of job updated: 98295336
	21857  -  MemoryUsage of job (MB)
	22381044  -  ResidentSetSize of job (KB)
...
006 (10178883.018.000) 2025-12-09 06:19:34 Image size of job updated: 98331016
	21953  -  MemoryUsage of job (MB)
	22479084  -  ResidentSetSize of job (KB)
...
006 (10178883.018.000) 2025-12-09 06:24:34 Image size of job updated: 98492836
	21953  -  MemoryUsage of job (MB)
	22479084  -  ResidentSetSize of job (KB)
...
006 (10178883.018.000) 2025-12-09 06:39:35 Image size of job updated: 100321360
	23192  -  MemoryUsage of job (MB)
	23747660  -  ResidentSetSize of job (KB)
...
006 (10178883.018.000) 2025-12-09 06:44:36 Image size of job updated: 100376104
	23843  -  MemoryUsage of job (MB)
	24414872  -  ResidentSetSize of job (KB)
...
006 (10178883.018.000) 2025-12-09 06:49:36 Image size of job updated: 100510004
	23843  -  MemoryUsage of job (MB)
	24414872  -  ResidentSetSize of job (KB)
...
006 (10178883.018.000) 2025-12-09 06:59:37 Image size of job updated: 100574244
	24101  -  MemoryUsage of job (MB)
	24679276  -  ResidentSetSize of job (KB)
...
006 (10178883.018.000) 2025-12-09 07:04:38 Image size of job updated: 100699556
	24101  -  MemoryUsage of job (MB)
	24679276  -  ResidentSetSize of job (KB)
...
006 (10178883.018.000) 2025-12-09 07:09:38 Image size of job updated: 100755836
	24101  -  MemoryUsage of job (MB)
	24679276  -  ResidentSetSize of job (KB)
...
005 (10178883.018.000) 2025-12-09 07:33:03 Job terminated.
	(1) Normal termination (return value 0)
		Usr 6 12:05:32, Sys 0 00:05:46  -  Run Remote Usage
		Usr 0 00:00:00, Sys 0 00:00:00  -  Run Local Usage
		Usr 6 12:05:32, Sys 0 00:05:46  -  Total Remote Usage
		Usr 0 00:00:00, Sys 0 00:00:00  -  Total Local Usage
	0  -  Run Bytes Sent By Job
	0  -  Run Bytes Received By Job
	0  -  Total Bytes Sent By Job
	0  -  Total Bytes Received By Job
	Partitionable Resources :    Usage  Request Allocated 
	   Cpus                 :    31.97       32        32 
	   Disk (KB)            :     5    15728640  18854136 
	   Memory (MB)          : 24101       32768     32768 

	Job terminated of its own accord at 2025-12-09T06:33:03Z with exit-code 0.
...
