000 (10178883.003.000) 2025-12-09 02:38:45 Job submitted from host: <10.0.8.14:9618?addrs=10.0.8.14-9618&alias=head2.htc.inm7.de&noUDP&sock=schedd_317342_cb8b>
...
001 (10178883.003.000) 2025-12-09 02:39:03 Job executing on host: <10.0.9.35:9618?addrs=10.0.9.35-9618&alias=cpu35.htc.inm7.de&noUDP&sock=startd_3210_5f19>
...
006 (10178883.003.000) 2025-12-09 02:39:11 Image size of job updated: 5
	6  -  MemoryUsage of job (MB)
	5432  -  ResidentSetSize of job (KB)
...
006 (10178883.003.000) 2025-12-09 02:44:11 Image size of job updated: 96138376
	19848  -  MemoryUsage of job (MB)
	20323820  -  ResidentSetSize of job (KB)
...
006 (10178883.003.000) 2025-12-09 02:49:11 Image size of job updated: 96138872
	19919  -  MemoryUsage of job (MB)
	20396552  -  ResidentSetSize of job (KB)
...
006 (10178883.003.000) 2025-12-09 02:54:12 Image size of job updated: 96140144
	19919  -  MemoryUsage of job (MB)
	20396552  -  ResidentSetSize of job (KB)
...
006 (10178883.003.000) 2025-12-09 02:59:12 Image size of job updated: 96290260
	19919  -  MemoryUsage of job (MB)
	20396552  -  ResidentSetSize of job (KB)
...
006 (10178883.003.000) 2025-12-09 03:09:13 Image size of job updated: 96290260
	19921  -  MemoryUsage of job (MB)
	20398304  -  ResidentSetSize of job (KB)
...
006 (10178883.003.000) 2025-12-09 03:14:14 Image size of job updated: 96585280
	19921  -  MemoryUsage of job (MB)
	20398304  -  ResidentSetSize of job (KB)
...
006 (10178883.003.000) 2025-12-09 03:29:16 Image size of job updated: 97117988
	20233  -  MemoryUsage of job (MB)
	20718120  -  ResidentSetSize of job (KB)
...
006 (10178883.003.000) 2025-12-09 03:34:16 Image size of job updated: 97168256
	20743  -  MemoryUsage of job (MB)
	21240028  -  ResidentSetSize of job (KB)
...
006 (10178883.003.000) 2025-12-09 03:39:17 Image size of job updated: 97220196
	21003  -  MemoryUsage of job (MB)
	21506328  -  ResidentSetSize of job (KB)
...
006 (10178883.003.000) 2025-12-09 03:49:17 Image size of job updated: 97492924
	21242  -  MemoryUsage of job (MB)
	21751368  -  ResidentSetSize of job (KB)
...
006 (10178883.003.000) 2025-12-09 03:54:18 Image size of job updated: 97876112
	21432  -  MemoryUsage of job (MB)
	21946364  -  ResidentSetSize of job (KB)
...
006 (10178883.003.000) 2025-12-09 03:59:18 Image size of job updated: 98123180
	21812  -  MemoryUsage of job (MB)
	22334596  -  ResidentSetSize of job (KB)
...
006 (10178883.003.000) 2025-12-09 04:39:21 Image size of job updated: 98175164
	21812  -  MemoryUsage of job (MB)
	22334596  -  ResidentSetSize of job (KB)
...
006 (10178883.003.000) 2025-12-09 04:44:22 Image size of job updated: 98295508
	21867  -  MemoryUsage of job (MB)
	22391052  -  ResidentSetSize of job (KB)
...
006 (10178883.003.000) 2025-12-09 05:19:25 Image size of job updated: 98329264
	22081  -  MemoryUsage of job (MB)
	22610792  -  ResidentSetSize of job (KB)
...
006 (10178883.003.000) 2025-12-09 05:24:25 Image size of job updated: 98366052
	22081  -  MemoryUsage of job (MB)
	22610792  -  ResidentSetSize of job (KB)
...
006 (10178883.003.000) 2025-12-09 05:29:26 Image size of job updated: 98513148
	22153  -  MemoryUsage of job (MB)
	22684288  -  ResidentSetSize of job (KB)
...
006 (10178883.003.000) 2025-12-09 05:34:26 Image size of job updated: 98689980
	22153  -  MemoryUsage of job (MB)
	22684288  -  ResidentSetSize of job (KB)
...
006 (10178883.003.000) 2025-12-09 06:29:33 Image size of job updated: 100725748
	24023  -  MemoryUsage of job (MB)
	24598540  -  ResidentSetSize of job (KB)
...
006 (10178883.003.000) 2025-12-09 06:59:35 Image size of job updated: 100725748
	24278  -  MemoryUsage of job (MB)
	24860056  -  ResidentSetSize of job (KB)
...
006 (10178883.003.000) 2025-12-09 07:04:35 Image size of job updated: 100906300
	24278  -  MemoryUsage of job (MB)
	24860056  -  ResidentSetSize of job (KB)
...
006 (10178883.003.000) 2025-12-09 07:09:36 Image size of job updated: 101166432
	24826  -  MemoryUsage of job (MB)
	25420848  -  ResidentSetSize of job (KB)
...
005 (10178883.003.000) 2025-12-09 07:24:08 Job terminated.
	(1) Normal termination (return value 0)
		Usr 6 07:10:38, Sys 0 00:04:50  -  Run Remote Usage
		Usr 0 00:00:00, Sys 0 00:00:00  -  Run Local Usage
		Usr 6 07:10:38, Sys 0 00:04:50  -  Total Remote Usage
		Usr 0 00:00:00, Sys 0 00:00:00  -  Total Local Usage
	0  -  Run Bytes Sent By Job
	0  -  Run Bytes Received By Job
	0  -  Total Bytes Sent By Job
	0  -  Total Bytes Received By Job
	Partitionable Resources :    Usage  Request Allocated 
	   Cpus                 :    31.90       32        32 
	   Disk (KB)            :     5    15728640  19345517 
	   Memory (MB)          : 24826       32768     32768 

	Job terminated of its own accord at 2025-12-09T06:24:08Z with exit-code 0.
...
