000 (10178883.012.000) 2025-12-09 02:38:45 Job submitted from host: <10.0.8.14:9618?addrs=10.0.8.14-9618&alias=head2.htc.inm7.de&noUDP&sock=schedd_317342_cb8b>
...
001 (10178883.012.000) 2025-12-09 02:39:03 Job executing on host: <10.0.9.11:9618?addrs=10.0.9.11-9618&alias=cpu11.htc.inm7.de&noUDP&sock=startd_98398_6c0d>
...
006 (10178883.012.000) 2025-12-09 02:39:11 Image size of job updated: 3145728
	536  -  MemoryUsage of job (MB)
	548040  -  ResidentSetSize of job (KB)
...
006 (10178883.012.000) 2025-12-09 02:44:11 Image size of job updated: 3145728
	2045  -  MemoryUsage of job (MB)
	2093380  -  ResidentSetSize of job (KB)
...
006 (10178883.012.000) 2025-12-09 02:49:11 Image size of job updated: 3145728
	2046  -  MemoryUsage of job (MB)
	2094848  -  ResidentSetSize of job (KB)
...
006 (10178883.012.000) 2025-12-09 02:54:12 Image size of job updated: 3145728
	2048  -  MemoryUsage of job (MB)
	2096916  -  ResidentSetSize of job (KB)
...
006 (10178883.012.000) 2025-12-09 02:59:12 Image size of job updated: 3145728
	2048  -  MemoryUsage of job (MB)
	2097028  -  ResidentSetSize of job (KB)
...
006 (10178883.012.000) 2025-12-09 03:19:14 Image size of job updated: 3145728
	2048  -  MemoryUsage of job (MB)
	2097092  -  ResidentSetSize of job (KB)
...
006 (10178883.012.000) 2025-12-09 03:34:15 Image size of job updated: 3145728
	2048  -  MemoryUsage of job (MB)
	2097152  -  ResidentSetSize of job (KB)
...
