000 (10178883.015.000) 2025-12-09 02:38:45 Job submitted from host: <10.0.8.14:9618?addrs=10.0.8.14-9618&alias=head2.htc.inm7.de&noUDP&sock=schedd_317342_cb8b>
...
001 (10178883.015.000) 2025-12-09 02:39:03 Job executing on host: <10.0.9.9:9618?addrs=10.0.9.9-9618&alias=cpu9.htc.inm7.de&noUDP&sock=startd_3408_2ed9>
...
006 (10178883.015.000) 2025-12-09 02:39:11 Image size of job updated: 6940
	3  -  MemoryUsage of job (MB)
	2684  -  ResidentSetSize of job (KB)
...
006 (10178883.015.000) 2025-12-09 02:44:11 Image size of job updated: 96136380
	19623  -  MemoryUsage of job (MB)
	20093080  -  ResidentSetSize of job (KB)
...
006 (10178883.015.000) 2025-12-09 02:49:12 Image size of job updated: 96136380
	19638  -  MemoryUsage of job (MB)
	20108544  -  ResidentSetSize of job (KB)
...
006 (10178883.015.000) 2025-12-09 02:54:12 Image size of job updated: 96138996
	19638  -  MemoryUsage of job (MB)
	20108544  -  ResidentSetSize of job (KB)
...
006 (10178883.015.000) 2025-12-09 02:59:13 Image size of job updated: 96189036
	19638  -  MemoryUsage of job (MB)
	20108544  -  ResidentSetSize of job (KB)
...
006 (10178883.015.000) 2025-12-09 03:04:13 Image size of job updated: 96189036
	19713  -  MemoryUsage of job (MB)
	20185144  -  ResidentSetSize of job (KB)
...
006 (10178883.015.000) 2025-12-09 03:09:14 Image size of job updated: 96342224
	19982  -  MemoryUsage of job (MB)
	20460732  -  ResidentSetSize of job (KB)
...
006 (10178883.015.000) 2025-12-09 03:14:14 Image size of job updated: 96423792
	19982  -  MemoryUsage of job (MB)
	20460732  -  ResidentSetSize of job (KB)
...
006 (10178883.015.000) 2025-12-09 03:29:15 Image size of job updated: 97015736
	20490  -  MemoryUsage of job (MB)
	20981152  -  ResidentSetSize of job (KB)
...
006 (10178883.015.000) 2025-12-09 03:34:16 Image size of job updated: 97116788
	20656  -  MemoryUsage of job (MB)
	21151436  -  ResidentSetSize of job (KB)
...
006 (10178883.015.000) 2025-12-09 03:39:16 Image size of job updated: 97168428
	20804  -  MemoryUsage of job (MB)
	21302792  -  ResidentSetSize of job (KB)
...
006 (10178883.015.000) 2025-12-09 03:44:17 Image size of job updated: 97257748
	20804  -  MemoryUsage of job (MB)
	21302792  -  ResidentSetSize of job (KB)
...
006 (10178883.015.000) 2025-12-09 03:49:17 Image size of job updated: 97449256
	20804  -  MemoryUsage of job (MB)
	21302792  -  ResidentSetSize of job (KB)
...
006 (10178883.015.000) 2025-12-09 03:54:18 Image size of job updated: 97754052
	21472  -  MemoryUsage of job (MB)
	21987216  -  ResidentSetSize of job (KB)
...
006 (10178883.015.000) 2025-12-09 03:59:18 Image size of job updated: 98088416
	21596  -  MemoryUsage of job (MB)
	22113588  -  ResidentSetSize of job (KB)
...
006 (10178883.015.000) 2025-12-09 04:04:19 Image size of job updated: 98187616
	21596  -  MemoryUsage of job (MB)
	22113588  -  ResidentSetSize of job (KB)
...
006 (10178883.015.000) 2025-12-09 05:19:26 Image size of job updated: 98187616
	21678  -  MemoryUsage of job (MB)
	22198264  -  ResidentSetSize of job (KB)
...
006 (10178883.015.000) 2025-12-09 05:44:30 Image size of job updated: 98431052
	21703  -  MemoryUsage of job (MB)
	22223328  -  ResidentSetSize of job (KB)
...
006 (10178883.015.000) 2025-12-09 05:49:30 Image size of job updated: 98431052
	21795  -  MemoryUsage of job (MB)
	22318056  -  ResidentSetSize of job (KB)
...
006 (10178883.015.000) 2025-12-09 06:09:32 Image size of job updated: 98641368
	22131  -  MemoryUsage of job (MB)
	22661508  -  ResidentSetSize of job (KB)
...
006 (10178883.015.000) 2025-12-09 06:14:32 Image size of job updated: 98671512
	22131  -  MemoryUsage of job (MB)
	22661508  -  ResidentSetSize of job (KB)
...
006 (10178883.015.000) 2025-12-09 06:34:33 Image size of job updated: 99967592
	23400  -  MemoryUsage of job (MB)
	23961280  -  ResidentSetSize of job (KB)
...
006 (10178883.015.000) 2025-12-09 06:39:33 Image size of job updated: 100147316
	23446  -  MemoryUsage of job (MB)
	24008544  -  ResidentSetSize of job (KB)
...
006 (10178883.015.000) 2025-12-09 06:44:34 Image size of job updated: 100147316
	23533  -  MemoryUsage of job (MB)
	24096996  -  ResidentSetSize of job (KB)
...
006 (10178883.015.000) 2025-12-09 06:49:34 Image size of job updated: 100220792
	23642  -  MemoryUsage of job (MB)
	24208736  -  ResidentSetSize of job (KB)
...
006 (10178883.015.000) 2025-12-09 06:54:36 Image size of job updated: 100401760
	23642  -  MemoryUsage of job (MB)
	24208736  -  ResidentSetSize of job (KB)
...
006 (10178883.015.000) 2025-12-09 06:59:36 Image size of job updated: 100598060
	23726  -  MemoryUsage of job (MB)
	24294452  -  ResidentSetSize of job (KB)
...
006 (10178883.015.000) 2025-12-09 07:04:36 Image size of job updated: 100598060
	23835  -  MemoryUsage of job (MB)
	24406676  -  ResidentSetSize of job (KB)
...
005 (10178883.015.000) 2025-12-09 07:25:54 Job terminated.
	(1) Normal termination (return value 0)
		Usr 6 08:16:36, Sys 0 00:04:54  -  Run Remote Usage
		Usr 0 00:00:00, Sys 0 00:00:00  -  Run Local Usage
		Usr 6 08:16:36, Sys 0 00:04:54  -  Total Remote Usage
		Usr 0 00:00:00, Sys 0 00:00:00  -  Total Local Usage
	0  -  Run Bytes Sent By Job
	0  -  Run Bytes Received By Job
	0  -  Total Bytes Sent By Job
	0  -  Total Bytes Received By Job
	Partitionable Resources :    Usage  Request Allocated 
	   Cpus                 :    31.91       32        32 
	   Disk (KB)            :     5    15728640  18854136 
	   Memory (MB)          : 23835       32768     32768 

	Job terminated of its own accord at 2025-12-09T06:25:54Z with exit-code 0.
...
