==========================================
Hyperparameter Search - Iteration 0
==========================================
Start: Tue Dec  9 02:39:03 AM CET 2025 | Host: cpu43

✓ Using masterthesis_venv2

Validating Python packages...
✓ All packages found

==========================================
Resource Configuration
==========================================
CPUs:   32
Memory: 2003GB (2052022MB total system)
Disk:   93GB (95450MB available)
==========================================

Running hyperparameter search...

======================================================================
NESTED CROSS-VALIDATION - HYPERPARAMETER OPTIMIZATION
======================================================================
Model: logistic_regression
Diagonal: region_mean
Outer CV: 5
Inner CV: 3
Iterations per search: 20
Parallel jobs: 32
======================================================================

Loading data from: data/raw/PIOP2_restingstate.csv
✓ Schema valid: 224 subjects, 26796 connections
Loaded 224 subjects

Loading search space from: configs/hyperparameters/logistic_regression_search.yaml
Parameter distributions:
  classifier__C: [0.0001, 0.0003, 0.01, 0.03, 0.1, 0.3, 1.0]
  classifier__max_iter: [100, 300, 500, 1000]
  classifier__solver: ['lbfgs']

Connection columns: 26796

Fitting preprocessor...

Data shapes:
  X: (51968, 232)
  y: (51968,)
  subject_ids_expanded: (51968,)
  Unique subjects: 224

======================================================================
STARTING NESTED CROSS-VALIDATION
======================================================================
Outer CV folds: 5
Inner CV folds: 3
Hyperparameter search iterations: 20
======================================================================


======================================================================
OUTER FOLD 1/5
======================================================================
Train samples: 41528, Test samples: 10440
Train subjects: 179, Test subjects: 45

Starting inner CV (hyperparameter search)...
Fitting 3 folds for each of 20 candidates, totalling 60 fits
[CV] END classifier__C=0.03, classifier__max_iter=300, classifier__solver=lbfgs; total time=50.1min
[CV] END classifier__C=0.3, classifier__max_iter=500, classifier__solver=lbfgs; total time=49.9min
[CV] END classifier__C=0.03, classifier__max_iter=300, classifier__solver=lbfgs; total time=50.4min
[CV] END classifier__C=1.0, classifier__max_iter=300, classifier__solver=lbfgs; total time=39.3min
[CV] END classifier__C=0.0001, classifier__max_iter=500, classifier__solver=lbfgs; total time=11.4min
[CV] END classifier__C=0.03, classifier__max_iter=100, classifier__solver=lbfgs; total time=44.9min
[CV] END classifier__C=0.0001, classifier__max_iter=1000, classifier__solver=lbfgs; total time= 6.6min
[CV] END classifier__C=0.1, classifier__max_iter=300, classifier__solver=lbfgs; total time=35.6min
[CV] END classifier__C=0.0001, classifier__max_iter=500, classifier__solver=lbfgs; total time= 8.6min
[CV] END classifier__C=0.0001, classifier__max_iter=1000, classifier__solver=lbfgs; total time= 7.5min
[CV] END classifier__C=1.0, classifier__max_iter=300, classifier__solver=lbfgs; total time=53.1min
[CV] END classifier__C=0.0001, classifier__max_iter=100, classifier__solver=lbfgs; total time= 8.2min
[CV] END classifier__C=0.03, classifier__max_iter=1000, classifier__solver=lbfgs; total time=45.3min
[CV] END classifier__C=0.01, classifier__max_iter=100, classifier__solver=lbfgs; total time=55.0min
[CV] END classifier__C=0.01, classifier__max_iter=300, classifier__solver=lbfgs; total time=55.7min
[CV] END classifier__C=0.01, classifier__max_iter=300, classifier__solver=lbfgs; total time=56.8min
[CV] END classifier__C=0.01, classifier__max_iter=1000, classifier__solver=lbfgs; total time=59.2min
[CV] END classifier__C=0.1, classifier__max_iter=300, classifier__solver=lbfgs; total time=30.1min
[CV] END classifier__C=0.0003, classifier__max_iter=300, classifier__solver=lbfgs; total time=12.1min
[CV] END classifier__C=0.3, classifier__max_iter=1000, classifier__solver=lbfgs; total time=20.6min
[CV] END classifier__C=0.1, classifier__max_iter=300, classifier__solver=lbfgs; total time=29.9min
[CV] END classifier__C=0.0003, classifier__max_iter=100, classifier__solver=lbfgs; total time=13.1min
[CV] END classifier__C=0.3, classifier__max_iter=1000, classifier__solver=lbfgs; total time=19.8min
[CV] END classifier__C=0.03, classifier__max_iter=100, classifier__solver=lbfgs; total time=41.9min
[CV] END classifier__C=0.1, classifier__max_iter=100, classifier__solver=lbfgs; total time=21.3min
[CV] END classifier__C=0.0001, classifier__max_iter=100, classifier__solver=lbfgs; total time= 9.0min
[CV] END classifier__C=0.0001, classifier__max_iter=300, classifier__solver=lbfgs; total time= 8.9min
[CV] END classifier__C=0.0001, classifier__max_iter=300, classifier__solver=lbfgs; total time= 8.5min
[CV] END classifier__C=0.0003, classifier__max_iter=100, classifier__solver=lbfgs; total time=14.7min
[CV] END classifier__C=0.1, classifier__max_iter=100, classifier__solver=lbfgs; total time=22.2min
[CV] END classifier__C=0.3, classifier__max_iter=500, classifier__solver=lbfgs; total time=31.3min
[CV] END classifier__C=0.0003, classifier__max_iter=300, classifier__solver=lbfgs; total time=12.5min
[CV] END classifier__C=0.0001, classifier__max_iter=1000, classifier__solver=lbfgs; total time= 6.0min
[CV] END classifier__C=1.0, classifier__max_iter=100, classifier__solver=lbfgs; total time=14.8min

Best parameters from inner CV:
  classifier__solver: lbfgs
  classifier__max_iter: 300
  classifier__C: 0.1
Best inner CV score: 0.9128

>>> OUTER FOLD 1 TEST SCORE: 0.9249

======================================================================
OUTER FOLD 2/5
======================================================================
Train samples: 41528, Test samples: 10440
Train subjects: 179, Test subjects: 45

Starting inner CV (hyperparameter search)...
Fitting 3 folds for each of 20 candidates, totalling 60 fits
[CV] END classifier__C=1.0, classifier__max_iter=300, classifier__solver=lbfgs; total time=42.9min
[CV] END classifier__C=0.3, classifier__max_iter=1000, classifier__solver=lbfgs; total time=26.8min
[CV] END classifier__C=0.3, classifier__max_iter=300, classifier__solver=lbfgs; total time=51.3min
[CV] END classifier__C=0.3, classifier__max_iter=500, classifier__solver=lbfgs; total time=51.3min
[CV] END classifier__C=0.03, classifier__max_iter=100, classifier__solver=lbfgs; total time=44.8min
[CV] END classifier__C=0.0001, classifier__max_iter=1000, classifier__solver=lbfgs; total time= 7.1min
[CV] END classifier__C=0.3, classifier__max_iter=500, classifier__solver=lbfgs; total time=36.9min
[CV] END classifier__C=0.0001, classifier__max_iter=500, classifier__solver=lbfgs; total time= 8.3min
[CV] END classifier__C=0.0001, classifier__max_iter=1000, classifier__solver=lbfgs; total time= 7.7min
[CV] END classifier__C=0.3, classifier__max_iter=500, classifier__solver=lbfgs; total time=46.1min
[CV] END classifier__C=1.0, classifier__max_iter=500, classifier__solver=lbfgs; total time=23.7min
[CV] END classifier__C=0.0001, classifier__max_iter=100, classifier__solver=lbfgs; total time= 8.9min
[CV] END classifier__C=0.03, classifier__max_iter=1000, classifier__solver=lbfgs; total time=44.3min
[CV] END classifier__C=0.03, classifier__max_iter=1000, classifier__solver=lbfgs; total time=53.8min
[CV] END classifier__C=0.01, classifier__max_iter=300, classifier__solver=lbfgs; total time=69.8min
[CV] END classifier__C=0.3, classifier__max_iter=300, classifier__solver=lbfgs; total time=54.1min
[CV] END classifier__C=0.03, classifier__max_iter=1000, classifier__solver=lbfgs; total time=67.3min
[CV] END classifier__C=1.0, classifier__max_iter=300, classifier__solver=lbfgs; total time=54.1min
[CV] END classifier__C=0.1, classifier__max_iter=300, classifier__solver=lbfgs; total time=54.5min
[CV] END classifier__C=0.01, classifier__max_iter=100, classifier__solver=lbfgs; total time=68.2min
[CV] END classifier__C=1.0, classifier__max_iter=300, classifier__solver=lbfgs; total time=58.6min
[CV] END classifier__C=0.03, classifier__max_iter=300, classifier__solver=lbfgs; total time=58.5min
[CV] END classifier__C=0.3, classifier__max_iter=300, classifier__solver=lbfgs; total time=36.9min
[CV] END classifier__C=0.0001, classifier__max_iter=500, classifier__solver=lbfgs; total time=10.3min
[CV] END classifier__C=1.0, classifier__max_iter=500, classifier__solver=lbfgs; total time=18.4min
[CV] END classifier__C=0.01, classifier__max_iter=300, classifier__solver=lbfgs; total time=39.4min
[CV] END classifier__C=0.1, classifier__max_iter=100, classifier__solver=lbfgs; total time=22.5min
[CV] END classifier__C=0.01, classifier__max_iter=100, classifier__solver=lbfgs; total time=62.0min
[CV] END classifier__C=0.3, classifier__max_iter=300, classifier__solver=lbfgs; total time=32.7min
[CV] END classifier__C=0.0003, classifier__max_iter=300, classifier__solver=lbfgs; total time=13.4min
[CV] END classifier__C=1.0, classifier__max_iter=500, classifier__solver=lbfgs; total time=20.5min
[CV] END classifier__C=1.0, classifier__max_iter=300, classifier__solver=lbfgs; total time=24.9min
[CV] END classifier__C=0.0003, classifier__max_iter=100, classifier__solver=lbfgs; total time=10.5min
[CV] END classifier__C=0.0001, classifier__max_iter=500, classifier__solver=lbfgs; total time= 6.0min
[CV] END classifier__C=0.3, classifier__max_iter=1000, classifier__solver=lbfgs; total time=21.2min
[CV] END classifier__C=0.03, classifier__max_iter=1000, classifier__solver=lbfgs; total time=63.7min
[CV] END classifier__C=0.1, classifier__max_iter=300, classifier__solver=lbfgs; total time=30.5min
[CV] END classifier__C=0.0003, classifier__max_iter=300, classifier__solver=lbfgs; total time=12.4min
[CV] END classifier__C=0.3, classifier__max_iter=1000, classifier__solver=lbfgs; total time=21.1min

Best parameters from inner CV:
  classifier__solver: lbfgs
  classifier__max_iter: 300
  classifier__C: 0.1
Best inner CV score: 0.9106

>>> OUTER FOLD 2 TEST SCORE: 0.9284

======================================================================
OUTER FOLD 3/5
======================================================================
Train samples: 41528, Test samples: 10440
Train subjects: 179, Test subjects: 45

Starting inner CV (hyperparameter search)...
Fitting 3 folds for each of 20 candidates, totalling 60 fits
[CV] END classifier__C=0.01, classifier__max_iter=1000, classifier__solver=lbfgs; total time=69.1min
[CV] END classifier__C=0.01, classifier__max_iter=100, classifier__solver=lbfgs; total time=69.3min
[CV] END classifier__C=0.0001, classifier__max_iter=100, classifier__solver=lbfgs; total time=11.3min
[CV] END classifier__C=0.0001, classifier__max_iter=300, classifier__solver=lbfgs; total time=12.1min
[CV] END classifier__C=0.0003, classifier__max_iter=300, classifier__solver=lbfgs; total time=20.6min
[CV] END classifier__C=0.0001, classifier__max_iter=100, classifier__solver=lbfgs; total time= 8.8min
[CV] END classifier__C=0.0001, classifier__max_iter=300, classifier__solver=lbfgs; total time= 7.1min
[CV] END classifier__C=0.0001, classifier__max_iter=300, classifier__solver=lbfgs; total time= 7.1min
[CV] END classifier__C=0.0003, classifier__max_iter=100, classifier__solver=lbfgs; total time=11.4min
[CV] END classifier__C=0.0003, classifier__max_iter=300, classifier__solver=lbfgs; total time=10.8min
[CV] END classifier__C=1.0, classifier__max_iter=500, classifier__solver=lbfgs; total time=20.6min
[CV] END classifier__C=0.01, classifier__max_iter=300, classifier__solver=lbfgs; total time=44.4min
[CV] END classifier__C=0.03, classifier__max_iter=300, classifier__solver=lbfgs; total time=47.2min
[CV] END classifier__C=1.0, classifier__max_iter=100, classifier__solver=lbfgs; total time=18.5min
[CV] END classifier__C=0.01, classifier__max_iter=300, classifier__solver=lbfgs; total time=40.1min
[CV] END classifier__C=0.1, classifier__max_iter=100, classifier__solver=lbfgs; total time=25.2min
[CV] END classifier__C=0.01, classifier__max_iter=300, classifier__solver=lbfgs; total time=40.8min
[CV] END classifier__C=0.0001, classifier__max_iter=1000, classifier__solver=lbfgs; total time= 6.1min
[CV] END classifier__C=0.1, classifier__max_iter=300, classifier__solver=lbfgs; total time=46.9min
[CV] END classifier__C=0.1, classifier__max_iter=300, classifier__solver=lbfgs; total time=46.8min
[CV] END classifier__C=0.03, classifier__max_iter=300, classifier__solver=lbfgs; total time=47.4min
[CV] END classifier__C=0.03, classifier__max_iter=100, classifier__solver=lbfgs; total time=50.6min
[CV] END classifier__C=0.03, classifier__max_iter=1000, classifier__solver=lbfgs; total time=52.8min
[CV] END classifier__C=0.1, classifier__max_iter=300, classifier__solver=lbfgs; total time=39.9min
[CV] END classifier__C=0.1, classifier__max_iter=100, classifier__solver=lbfgs; total time=28.8min
[CV] END classifier__C=0.3, classifier__max_iter=500, classifier__solver=lbfgs; total time=27.4min
[CV] END classifier__C=0.0001, classifier__max_iter=500, classifier__solver=lbfgs; total time= 5.8min
[CV] END classifier__C=0.1, classifier__max_iter=100, classifier__solver=lbfgs; total time=23.0min
[CV] END classifier__C=0.0001, classifier__max_iter=100, classifier__solver=lbfgs; total time= 9.2min
[CV] END classifier__C=0.0001, classifier__max_iter=300, classifier__solver=lbfgs; total time=11.0min
[CV] END classifier__C=0.0003, classifier__max_iter=100, classifier__solver=lbfgs; total time=20.2min
[CV] END classifier__C=0.1, classifier__max_iter=100, classifier__solver=lbfgs; total time=28.7min
[CV] END classifier__C=0.3, classifier__max_iter=500, classifier__solver=lbfgs; total time=33.7min
[CV] END classifier__C=0.0003, classifier__max_iter=300, classifier__solver=lbfgs; total time=12.2min
[CV] END classifier__C=1.0, classifier__max_iter=500, classifier__solver=lbfgs; total time=20.9min
[CV] END classifier__C=1.0, classifier__max_iter=300, classifier__solver=lbfgs; total time=19.8min
[CV] END classifier__C=0.0001, classifier__max_iter=300, classifier__solver=lbfgs; total time= 5.9min
[CV] END classifier__C=0.0003, classifier__max_iter=300, classifier__solver=lbfgs; total time=11.5min
[CV] END classifier__C=0.3, classifier__max_iter=1000, classifier__solver=lbfgs; total time=19.1min
[CV] END classifier__C=0.1, classifier__max_iter=300, classifier__solver=lbfgs; total time=33.9min
[CV] END classifier__C=0.1, classifier__max_iter=100, classifier__solver=lbfgs; total time=22.7min
[CV] END classifier__C=0.03, classifier__max_iter=100, classifier__solver=lbfgs; total time=49.6min
[CV] END classifier__C=1.0, classifier__max_iter=100, classifier__solver=lbfgs; total time=17.5min
[CV] END classifier__C=1.0, classifier__max_iter=300, classifier__solver=lbfgs; total time=24.2min
[CV] END classifier__C=0.0003, classifier__max_iter=300, classifier__solver=lbfgs; total time=10.6min
[CV] END classifier__C=0.1, classifier__max_iter=100, classifier__solver=lbfgs; total time=22.5min
[CV] END classifier__C=0.03, classifier__max_iter=300, classifier__solver=lbfgs; total time=57.4min
[CV] END classifier__C=0.01, classifier__max_iter=1000, classifier__solver=lbfgs; total time=69.5min
[CV] END classifier__C=0.3, classifier__max_iter=300, classifier__solver=lbfgs; total time=35.7min
[CV] END classifier__C=0.0001, classifier__max_iter=500, classifier__solver=lbfgs; total time= 7.3min
[CV] END classifier__C=0.3, classifier__max_iter=1000, classifier__solver=lbfgs; total time=22.2min
[CV] END classifier__C=0.01, classifier__max_iter=300, classifier__solver=lbfgs; total time=43.6min
[CV] END classifier__C=1.0, classifier__max_iter=100, classifier__solver=lbfgs; total time=15.4min
[CV] END classifier__C=0.03, classifier__max_iter=300, classifier__solver=lbfgs; total time=67.6min
[CV] END classifier__C=0.01, classifier__max_iter=100, classifier__solver=lbfgs; total time=59.1min

Best parameters from inner CV:
  classifier__solver: lbfgs
  classifier__max_iter: 300
  classifier__C: 0.1
Best inner CV score: 0.9129

>>> OUTER FOLD 3 TEST SCORE: 0.9227

======================================================================
OUTER FOLD 4/5
======================================================================
Train samples: 41528, Test samples: 10440
Train subjects: 179, Test subjects: 45

Starting inner CV (hyperparameter search)...
Fitting 3 folds for each of 20 candidates, totalling 60 fits
[CV] END classifier__C=0.3, classifier__max_iter=500, classifier__solver=lbfgs; total time=37.0min
[CV] END classifier__C=0.3, classifier__max_iter=1000, classifier__solver=lbfgs; total time=24.9min
[CV] END classifier__C=0.01, classifier__max_iter=100, classifier__solver=lbfgs; total time=50.4min
[CV] END classifier__C=0.03, classifier__max_iter=300, classifier__solver=lbfgs; total time=50.3min
[CV] END classifier__C=0.01, classifier__max_iter=1000, classifier__solver=lbfgs; total time=68.7min
[CV] END classifier__C=0.3, classifier__max_iter=300, classifier__solver=lbfgs; total time=43.3min
[CV] END classifier__C=1.0, classifier__max_iter=500, classifier__solver=lbfgs; total time=20.6min
[CV] END classifier__C=0.03, classifier__max_iter=1000, classifier__solver=lbfgs; total time=50.7min
[CV] END classifier__C=0.03, classifier__max_iter=100, classifier__solver=lbfgs; total time=51.1min
[CV] END classifier__C=0.03, classifier__max_iter=300, classifier__solver=lbfgs; total time=49.5min
[CV] END classifier__C=1.0, classifier__max_iter=100, classifier__solver=lbfgs; total time=17.6min
[CV] END classifier__C=1.0, classifier__max_iter=300, classifier__solver=lbfgs; total time=22.1min
[CV] END classifier__C=0.0003, classifier__max_iter=100, classifier__solver=lbfgs; total time= 9.8min
[CV] END classifier__C=0.0001, classifier__max_iter=500, classifier__solver=lbfgs; total time= 6.0min
[CV] END classifier__C=0.0001, classifier__max_iter=1000, classifier__solver=lbfgs; total time= 5.9min
[CV] END classifier__C=1.0, classifier__max_iter=100, classifier__solver=lbfgs; total time=17.5min
[CV] END classifier__C=1.0, classifier__max_iter=300, classifier__solver=lbfgs; total time=33.7min
[CV] END classifier__C=0.0003, classifier__max_iter=300, classifier__solver=lbfgs; total time=11.4min
[CV] END classifier__C=0.0001, classifier__max_iter=1000, classifier__solver=lbfgs; total time= 6.4min
[CV] END classifier__C=0.03, classifier__max_iter=1000, classifier__solver=lbfgs; total time=45.6min
[CV] END classifier__C=0.0001, classifier__max_iter=1000, classifier__solver=lbfgs; total time= 6.1min
[CV] END classifier__C=0.01, classifier__max_iter=1000, classifier__solver=lbfgs; total time=62.3min
[CV] END classifier__C=0.3, classifier__max_iter=500, classifier__solver=lbfgs; total time=52.8min
[CV] END classifier__C=0.03, classifier__max_iter=300, classifier__solver=lbfgs; total time=52.7min
[CV] END classifier__C=0.01, classifier__max_iter=1000, classifier__solver=lbfgs; total time=67.2min
[CV] END classifier__C=0.01, classifier__max_iter=100, classifier__solver=lbfgs; total time=62.7min
[CV] END classifier__C=0.3, classifier__max_iter=300, classifier__solver=lbfgs; total time=53.1min
[CV] END classifier__C=0.03, classifier__max_iter=300, classifier__solver=lbfgs; total time=45.6min
[CV] END classifier__C=0.0001, classifier__max_iter=1000, classifier__solver=lbfgs; total time= 7.4min
[CV] END classifier__C=0.0001, classifier__max_iter=100, classifier__solver=lbfgs; total time= 8.4min
[CV] END classifier__C=0.03, classifier__max_iter=1000, classifier__solver=lbfgs; total time=47.1min
[CV] END classifier__C=0.3, classifier__max_iter=300, classifier__solver=lbfgs; total time=35.7min
[CV] END classifier__C=0.3, classifier__max_iter=1000, classifier__solver=lbfgs; total time=26.0min
[CV] END classifier__C=0.01, classifier__max_iter=100, classifier__solver=lbfgs; total time=60.1min
[CV] END classifier__C=0.03, classifier__max_iter=100, classifier__solver=lbfgs; total time=61.3min
[CV] END classifier__C=0.01, classifier__max_iter=1000, classifier__solver=lbfgs; total time=61.4min
[CV] END classifier__C=0.1, classifier__max_iter=300, classifier__solver=lbfgs; total time=31.6min
[CV] END classifier__C=0.0003, classifier__max_iter=300, classifier__solver=lbfgs; total time=12.0min
[CV] END classifier__C=0.3, classifier__max_iter=1000, classifier__solver=lbfgs; total time=19.2min
[CV] END classifier__C=0.3, classifier__max_iter=300, classifier__solver=lbfgs; total time=35.9min
[CV] END classifier__C=0.0001, classifier__max_iter=500, classifier__solver=lbfgs; total time= 6.6min
[CV] END classifier__C=0.1, classifier__max_iter=100, classifier__solver=lbfgs; total time=21.3min
[CV] END classifier__C=0.1, classifier__max_iter=300, classifier__solver=lbfgs; total time=41.1min
[CV] END classifier__C=0.1, classifier__max_iter=100, classifier__solver=lbfgs; total time=23.0min

Best parameters from inner CV:
  classifier__solver: lbfgs
  classifier__max_iter: 300
  classifier__C: 0.1
Best inner CV score: 0.9115

>>> OUTER FOLD 4 TEST SCORE: 0.9250

======================================================================
OUTER FOLD 5/5
======================================================================
Train samples: 41760, Test samples: 10208
Train subjects: 180, Test subjects: 44

Starting inner CV (hyperparameter search)...
Fitting 3 folds for each of 20 candidates, totalling 60 fits
[CV] END classifier__C=0.01, classifier__max_iter=100, classifier__solver=lbfgs; total time=70.0min
[CV] END classifier__C=0.01, classifier__max_iter=1000, classifier__solver=lbfgs; total time=69.3min
[CV] END classifier__C=0.0001, classifier__max_iter=100, classifier__solver=lbfgs; total time=10.7min
[CV] END classifier__C=0.03, classifier__max_iter=1000, classifier__solver=lbfgs; total time=53.2min
[CV] END classifier__C=0.0001, classifier__max_iter=100, classifier__solver=lbfgs; total time=11.8min
[CV] END classifier__C=0.0001, classifier__max_iter=300, classifier__solver=lbfgs; total time=12.8min
[CV] END classifier__C=0.0003, classifier__max_iter=100, classifier__solver=lbfgs; total time=23.2min
[CV] END classifier__C=1.0, classifier__max_iter=500, classifier__solver=lbfgs; total time=21.6min
[CV] END classifier__C=0.0001, classifier__max_iter=100, classifier__solver=lbfgs; total time=12.0min
[CV] END classifier__C=0.0001, classifier__max_iter=300, classifier__solver=lbfgs; total time=13.6min
[CV] END classifier__C=0.0003, classifier__max_iter=100, classifier__solver=lbfgs; total time=24.0min
[CV] END classifier__C=0.1, classifier__max_iter=300, classifier__solver=lbfgs; total time=36.3min
[CV] END classifier__C=0.0001, classifier__max_iter=500, classifier__solver=lbfgs; total time= 6.6min
[CV] END classifier__C=0.1, classifier__max_iter=100, classifier__solver=lbfgs; total time=23.3min
[CV] END classifier__C=1.0, classifier__max_iter=300, classifier__solver=lbfgs; total time=27.5min
[CV] END classifier__C=0.0003, classifier__max_iter=300, classifier__solver=lbfgs; total time=11.0min
[CV] END classifier__C=0.0001, classifier__max_iter=500, classifier__solver=lbfgs; total time= 6.0min
[CV] END classifier__C=0.0001, classifier__max_iter=1000, classifier__solver=lbfgs; total time= 5.9min
[CV] END classifier__C=0.03, classifier__max_iter=100, classifier__solver=lbfgs; total time=44.1min
[CV] END classifier__C=0.0001, classifier__max_iter=1000, classifier__solver=lbfgs; total time= 6.4min
[CV] END classifier__C=1.0, classifier__max_iter=100, classifier__solver=lbfgs; total time=18.3min
[CV] END classifier__C=0.3, classifier__max_iter=300, classifier__solver=lbfgs; total time=21.2min
[CV] END classifier__C=0.0003, classifier__max_iter=100, classifier__solver=lbfgs; total time=10.1min
[CV] END classifier__C=0.0001, classifier__max_iter=500, classifier__solver=lbfgs; total time= 5.9min
[CV] END classifier__C=0.0001, classifier__max_iter=1000, classifier__solver=lbfgs; total time= 5.8min
[CV] END classifier__C=1.0, classifier__max_iter=500, classifier__solver=lbfgs; total time=16.9min
[CV] END classifier__C=0.01, classifier__max_iter=300, classifier__solver=lbfgs; total time=47.2min
[CV] END classifier__C=1.0, classifier__max_iter=500, classifier__solver=lbfgs; total time=18.3min
[CV] END classifier__C=0.01, classifier__max_iter=300, classifier__solver=lbfgs; total time=51.0min
[CV] END classifier__C=0.01, classifier__max_iter=1000, classifier__solver=lbfgs; total time=62.0min
[CV] END classifier__C=0.01, classifier__max_iter=100, classifier__solver=lbfgs; total time=68.9min
[CV] END classifier__C=0.3, classifier__max_iter=300, classifier__solver=lbfgs; total time=51.2min
[CV] END classifier__C=0.03, classifier__max_iter=300, classifier__solver=lbfgs; total time=51.3min
[CV] END classifier__C=0.1, classifier__max_iter=300, classifier__solver=lbfgs; total time=52.8min
[CV] END classifier__C=0.03, classifier__max_iter=1000, classifier__solver=lbfgs; total time=66.3min
[CV] END classifier__C=0.01, classifier__max_iter=300, classifier__solver=lbfgs; total time=69.4min
[CV] END classifier__C=0.0001, classifier__max_iter=100, classifier__solver=lbfgs; total time=11.2min
[CV] END classifier__C=0.0001, classifier__max_iter=300, classifier__solver=lbfgs; total time=12.0min
[CV] END classifier__C=0.0003, classifier__max_iter=100, classifier__solver=lbfgs; total time=20.4min
[CV] END classifier__C=1.0, classifier__max_iter=100, classifier__solver=lbfgs; total time=20.2min
[CV] END classifier__C=0.03, classifier__max_iter=100, classifier__solver=lbfgs; total time=66.8min
[CV] END classifier__C=1.0, classifier__max_iter=300, classifier__solver=lbfgs; total time=53.2min
[CV] END classifier__C=0.03, classifier__max_iter=1000, classifier__solver=lbfgs; total time=53.2min
[CV] END classifier__C=0.03, classifier__max_iter=100, classifier__solver=lbfgs; total time=68.6min
[CV] END classifier__C=0.01, classifier__max_iter=100, classifier__solver=lbfgs; total time=68.8min
[CV] END classifier__C=0.01, classifier__max_iter=100, classifier__solver=lbfgs; total time=64.0min
[CV] END classifier__C=0.01, classifier__max_iter=1000, classifier__solver=lbfgs; total time=68.8min
[CV] END classifier__C=0.3, classifier__max_iter=300, classifier__solver=lbfgs; total time=53.6min
[CV] END classifier__C=0.3, classifier__max_iter=500, classifier__solver=lbfgs; total time=40.5min
[CV] END classifier__C=1.0, classifier__max_iter=500, classifier__solver=lbfgs; total time=22.1min
[CV] END classifier__C=0.3, classifier__max_iter=500, classifier__solver=lbfgs; total time=49.2min
[CV] END classifier__C=1.0, classifier__max_iter=100, classifier__solver=lbfgs; total time=20.3min
[CV] END classifier__C=0.0001, classifier__max_iter=100, classifier__solver=lbfgs; total time= 7.8min
[CV] END classifier__C=0.03, classifier__max_iter=1000, classifier__solver=lbfgs; total time=45.9min
[CV] END classifier__C=0.03, classifier__max_iter=1000, classifier__solver=lbfgs; total time=60.3min
[CV] END classifier__C=0.01, classifier__max_iter=300, classifier__solver=lbfgs; total time=68.3min
[CV] END classifier__C=0.01, classifier__max_iter=100, classifier__solver=lbfgs; total time=54.0min
[CV] END classifier__C=0.03, classifier__max_iter=300, classifier__solver=lbfgs; total time=57.2min
[CV] END classifier__C=0.3, classifier__max_iter=300, classifier__solver=lbfgs; total time=34.7min
[CV] END classifier__C=0.0003, classifier__max_iter=300, classifier__solver=lbfgs; total time=14.4min
[CV] END classifier__C=1.0, classifier__max_iter=100, classifier__solver=lbfgs; total time=15.9min
[CV] END classifier__C=0.01, classifier__max_iter=300, classifier__solver=lbfgs; total time=41.9min
[CV] END classifier__C=0.3, classifier__max_iter=1000, classifier__solver=lbfgs; total time=19.8min
[CV] END classifier__C=0.3, classifier__max_iter=500, classifier__solver=lbfgs; total time=31.5min
[CV] END classifier__C=0.0003, classifier__max_iter=100, classifier__solver=lbfgs; total time=12.9min
[CV] END classifier__C=0.3, classifier__max_iter=1000, classifier__solver=lbfgs; total time=22.3min
[CV] END classifier__C=1.0, classifier__max_iter=300, classifier__solver=lbfgs; total time=19.5min
[CV] END classifier__C=0.0001, classifier__max_iter=300, classifier__solver=lbfgs; total time= 5.6min
[CV] END classifier__C=0.0003, classifier__max_iter=100, classifier__solver=lbfgs; total time=10.9min
[CV] END classifier__C=0.0001, classifier__max_iter=500, classifier__solver=lbfgs; total time= 6.0min
[CV] END classifier__C=0.3, classifier__max_iter=1000, classifier__solver=lbfgs; total time=19.8min
[CV] END classifier__C=0.0001, classifier__max_iter=100, classifier__solver=lbfgs; total time= 9.7min
[CV] END classifier__C=0.0001, classifier__max_iter=300, classifier__solver=lbfgs; total time= 8.2min
[CV] END classifier__C=0.0001, classifier__max_iter=300, classifier__solver=lbfgs; total time= 8.3min
[CV] END classifier__C=0.0003, classifier__max_iter=100, classifier__solver=lbfgs; total time=13.6min
[CV] END classifier__C=0.0001, classifier__max_iter=500, classifier__solver=lbfgs; total time= 6.9min
[CV] END classifier__C=1.0, classifier__max_iter=500, classifier__solver=lbfgs; total time=18.2min
[CV] END classifier__C=0.01, classifier__max_iter=300, classifier__solver=lbfgs; total time=40.0min
[CV] END classifier__C=0.3, classifier__max_iter=1000, classifier__solver=lbfgs; total time=22.1min
[CV] END classifier__C=0.03, classifier__max_iter=100, classifier__solver=lbfgs; total time=60.5min
[CV] END classifier__C=1.0, classifier__max_iter=300, classifier__solver=lbfgs; total time=48.0min
[CV] END classifier__C=1.0, classifier__max_iter=100, classifier__solver=lbfgs; total time=21.3min
[CV] END classifier__C=0.03, classifier__max_iter=100, classifier__solver=lbfgs; total time=38.9min
[CV] END classifier__C=0.1, classifier__max_iter=100, classifier__solver=lbfgs; total time=23.6min
[CV] END classifier__C=0.3, classifier__max_iter=500, classifier__solver=lbfgs; total time=28.5min
[CV] END classifier__C=0.0003, classifier__max_iter=300, classifier__solver=lbfgs; total time=11.3min
[CV] END classifier__C=0.1, classifier__max_iter=100, classifier__solver=lbfgs; total time=22.8min
[CV] END classifier__C=0.03, classifier__max_iter=300, classifier__solver=lbfgs; total time=60.7min
[CV] END classifier__C=1.0, classifier__max_iter=300, classifier__solver=lbfgs; total time=44.4min
[CV] END classifier__C=0.3, classifier__max_iter=1000, classifier__solver=lbfgs; total time=24.9min
[CV] END classifier__C=0.3, classifier__max_iter=300, classifier__solver=lbfgs; total time=33.3min
[CV] END classifier__C=0.0003, classifier__max_iter=300, classifier__solver=lbfgs; total time=14.3min
[CV] END classifier__C=1.0, classifier__max_iter=500, classifier__solver=lbfgs; total time=16.1min
[CV] END classifier__C=0.3, classifier__max_iter=500, classifier__solver=lbfgs; total time=35.8min
[CV] END classifier__C=0.0001, classifier__max_iter=500, classifier__solver=lbfgs; total time= 6.7min
[CV] END classifier__C=0.0001, classifier__max_iter=1000, classifier__solver=lbfgs; total time= 6.9min
[CV] END classifier__C=1.0, classifier__max_iter=100, classifier__solver=lbfgs; total time=14.9min

Best parameters from inner CV:
  classifier__solver: lbfgs
  classifier__max_iter: 300
  classifier__C: 0.1
Best inner CV score: 0.9146

>>> OUTER FOLD 5 TEST SCORE: 0.9230

======================================================================
NESTED CV COMPLETE
======================================================================

Outer CV Scores per fold:
  Fold 1: 0.9249
  Fold 2: 0.9284
  Fold 3: 0.9227
  Fold 4: 0.9250
  Fold 5: 0.9230

Mean Outer CV Score: 0.9248 (+/- 0.0020)
======================================================================


======================================================================
TRAINING FINAL MODEL ON ALL DATA
======================================================================

Fitting preprocessor...

Data shapes:
  X: (51968, 232)
  y: (51968,)
  subject_ids_expanded: (51968,)
  Unique subjects: 224
Fitting 3 folds for each of 20 candidates, totalling 60 fits
[CV] END classifier__C=1.0, classifier__max_iter=300, classifier__solver=lbfgs; total time=59.2min
[CV] END classifier__C=0.0001, classifier__max_iter=100, classifier__solver=lbfgs; total time=12.1min
[CV] END classifier__C=0.0001, classifier__max_iter=300, classifier__solver=lbfgs; total time=13.4min
[CV] END classifier__C=0.0003, classifier__max_iter=100, classifier__solver=lbfgs; total time=23.9min
[CV] END classifier__C=1.0, classifier__max_iter=100, classifier__solver=lbfgs; total time=20.3min
[CV] END classifier__C=0.3, classifier__max_iter=300, classifier__solver=lbfgs; total time=36.3min
[CV] END classifier__C=0.0003, classifier__max_iter=300, classifier__solver=lbfgs; total time=16.4min
[CV] END classifier__C=0.0001, classifier__max_iter=1000, classifier__solver=lbfgs; total time= 6.9min
[CV] END classifier__C=0.3, classifier__max_iter=500, classifier__solver=lbfgs; total time=52.1min
[CV] END classifier__C=0.0001, classifier__max_iter=1000, classifier__solver=lbfgs; total time=10.1min
[CV] END classifier__C=0.03, classifier__max_iter=100, classifier__solver=lbfgs; total time=63.9min
[CV] END classifier__C=0.0001, classifier__max_iter=100, classifier__solver=lbfgs; total time=12.7min
[CV] END classifier__C=0.0001, classifier__max_iter=300, classifier__solver=lbfgs; total time=12.1min
[CV] END classifier__C=0.0001, classifier__max_iter=300, classifier__solver=lbfgs; total time=12.9min
[CV] END classifier__C=0.0001, classifier__max_iter=500, classifier__solver=lbfgs; total time=13.3min
[CV] END classifier__C=0.0001, classifier__max_iter=1000, classifier__solver=lbfgs; total time=13.0min
[CV] END classifier__C=0.01, classifier__max_iter=1000, classifier__solver=lbfgs; total time=67.3min
[CV] END classifier__C=0.03, classifier__max_iter=1000, classifier__solver=lbfgs; total time=68.7min
[CV] END classifier__C=0.01, classifier__max_iter=1000, classifier__solver=lbfgs; total time=68.0min
[CV] END classifier__C=1.0, classifier__max_iter=300, classifier__solver=lbfgs; total time=69.8min
[CV] END classifier__C=0.3, classifier__max_iter=300, classifier__solver=lbfgs; total time=47.2min
[CV] END classifier__C=1.0, classifier__max_iter=100, classifier__solver=lbfgs; total time=22.8min
[CV] END classifier__C=0.0001, classifier__max_iter=100, classifier__solver=lbfgs; total time=12.0min
[CV] END classifier__C=0.0001, classifier__max_iter=300, classifier__solver=lbfgs; total time=12.4min
[CV] END classifier__C=0.0003, classifier__max_iter=100, classifier__solver=lbfgs; total time=25.0min
[CV] END classifier__C=1.0, classifier__max_iter=500, classifier__solver=lbfgs; total time=20.0min
[CV] END classifier__C=0.03, classifier__max_iter=100, classifier__solver=lbfgs; total time=59.8min
[CV] END classifier__C=0.01, classifier__max_iter=300, classifier__solver=lbfgs; total time=68.7min
[CV] END classifier__C=0.01, classifier__max_iter=100, classifier__solver=lbfgs; total time=70.2min
[CV] END classifier__C=0.3, classifier__max_iter=300, classifier__solver=lbfgs; total time=45.7min
[CV] END classifier__C=0.1, classifier__max_iter=100, classifier__solver=lbfgs; total time=26.0min
[CV] END classifier__C=0.03, classifier__max_iter=100, classifier__solver=lbfgs; total time=46.0min
[CV] END classifier__C=0.1, classifier__max_iter=100, classifier__solver=lbfgs; total time=26.3min
[CV] END classifier__C=0.3, classifier__max_iter=500, classifier__solver=lbfgs; total time=28.3min
[CV] END classifier__C=0.0003, classifier__max_iter=100, classifier__solver=lbfgs; total time=13.1min
[CV] END classifier__C=0.0001, classifier__max_iter=500, classifier__solver=lbfgs; total time= 6.7min
[CV] END classifier__C=0.1, classifier__max_iter=100, classifier__solver=lbfgs; total time=24.5min
[CV] END classifier__C=0.03, classifier__max_iter=300, classifier__solver=lbfgs; total time=73.1min
[CV] END classifier__C=0.03, classifier__max_iter=100, classifier__solver=lbfgs; total time=42.8min
[CV] END classifier__C=0.0001, classifier__max_iter=1000, classifier__solver=lbfgs; total time= 6.2min
[CV] END classifier__C=1.0, classifier__max_iter=100, classifier__solver=lbfgs; total time=18.1min
[CV] END classifier__C=0.1, classifier__max_iter=300, classifier__solver=lbfgs; total time=28.7min
[CV] END classifier__C=0.0003, classifier__max_iter=100, classifier__solver=lbfgs; total time=14.4min
[CV] END classifier__C=0.0001, classifier__max_iter=500, classifier__solver=lbfgs; total time= 6.3min
[CV] END classifier__C=0.3, classifier__max_iter=1000, classifier__solver=lbfgs; total time=23.9min
[CV] END classifier__C=0.1, classifier__max_iter=300, classifier__solver=lbfgs; total time=39.1min
[CV] END classifier__C=0.1, classifier__max_iter=100, classifier__solver=lbfgs; total time=27.9min
[CV] END classifier__C=0.01, classifier__max_iter=300, classifier__solver=lbfgs; total time=74.6min
[CV] END classifier__C=0.03, classifier__max_iter=300, classifier__solver=lbfgs; total time=74.8min
[CV] END classifier__C=1.0, classifier__max_iter=300, classifier__solver=lbfgs; total time=35.3min
[CV] END classifier__C=0.0003, classifier__max_iter=300, classifier__solver=lbfgs; total time=14.9min
[CV] END classifier__C=0.3, classifier__max_iter=1000, classifier__solver=lbfgs; total time=25.4min
[CV] END classifier__C=0.0001, classifier__max_iter=100, classifier__solver=lbfgs; total time=11.8min
[CV] END classifier__C=0.03, classifier__max_iter=1000, classifier__solver=lbfgs; total time=64.2min
[CV] END classifier__C=0.3, classifier__max_iter=500, classifier__solver=lbfgs; total time=48.2min
[CV] END classifier__C=1.0, classifier__max_iter=500, classifier__solver=lbfgs; total time=20.4min
[CV] END classifier__C=0.01, classifier__max_iter=100, classifier__solver=lbfgs; total time=50.9min
[CV] END classifier__C=0.3, classifier__max_iter=1000, classifier__solver=lbfgs; total time=25.4min
[CV] END classifier__C=0.1, classifier__max_iter=300, classifier__solver=lbfgs; total time=45.9min
[CV] END classifier__C=1.0, classifier__max_iter=500, classifier__solver=lbfgs; total time=23.2min
[CV] END classifier__C=0.01, classifier__max_iter=1000, classifier__solver=lbfgs; total time=76.5min
[CV] END classifier__C=0.03, classifier__max_iter=100, classifier__solver=lbfgs; total time=76.6min
[CV] END classifier__C=0.01, classifier__max_iter=1000, classifier__solver=lbfgs; total time=70.1min
[CV] END classifier__C=0.03, classifier__max_iter=300, classifier__solver=lbfgs; total time=77.1min
[CV] END classifier__C=0.03, classifier__max_iter=1000, classifier__solver=lbfgs; total time=77.5min

Final model best parameters:
  classifier__solver: lbfgs
  classifier__max_iter: 300
  classifier__C: 0.1
Final model CV score: 0.9189

✓ Saved nested CV summary: results/hyperparameter_search/iteration_000/nested_cv_summary_logistic_regression_region_mean_20251209_094805.json
✓ Saved detailed CV results: results/hyperparameter_search/iteration_000/nested_cv_results_logistic_regression_region_mean_20251209_094805.csv
✓ Saved final model results: results/hyperparameter_search/iteration_000/final_model_results_logistic_regression_region_mean_20251209_094805.json
✓ Saved final model CV results: results/hyperparameter_search/iteration_000/final_model_cv_results_logistic_regression_region_mean_20251209_094805.csv

======================================================================
RESULTS SUMMARY
======================================================================

Nested CV Performance:
  Mean Outer CV Score: 0.9248
  Std Outer CV Score: 0.0020

Final Model (trained on all data):
  Best CV Score: 0.9189
  Best Parameters:
    classifier__solver: lbfgs
    classifier__max_iter: 300
    classifier__C: 0.1

Results saved to: results/hyperparameter_search/iteration_000
======================================================================

[CV] END classifier__C=0.03, classifier__max_iter=100, classifier__solver=lbfgs; total time=67.7min
[CV] END classifier__C=0.01, classifier__max_iter=1000, classifier__solver=lbfgs; total time=80.2min
[CV] END classifier__C=0.01, classifier__max_iter=1000, classifier__solver=lbfgs; total time=81.0min
[CV] END classifier__C=0.01, classifier__max_iter=300, classifier__solver=lbfgs; total time=58.7min
[CV] END classifier__C=1.0, classifier__max_iter=100, classifier__solver=lbfgs; total time=22.7min
[CV] END classifier__C=0.1, classifier__max_iter=300, classifier__solver=lbfgs; total time=36.0min
[CV] END classifier__C=0.0003, classifier__max_iter=300, classifier__solver=lbfgs; total time=17.3min
[CV] END classifier__C=1.0, classifier__max_iter=500, classifier__solver=lbfgs; total time=28.0min
[CV] END classifier__C=0.01, classifier__max_iter=100, classifier__solver=lbfgs; total time=82.1min
[CV] END classifier__C=0.03, classifier__max_iter=300, classifier__solver=lbfgs; total time=69.5min
[CV] END classifier__C=0.3, classifier__max_iter=300, classifier__solver=lbfgs; total time=54.3min
[CV] END classifier__C=1.0, classifier__max_iter=100, classifier__solver=lbfgs; total time=28.5min
[CV] END classifier__C=0.1, classifier__max_iter=300, classifier__solver=lbfgs; total time=53.1min
[CV] END classifier__C=1.0, classifier__max_iter=500, classifier__solver=lbfgs; total time=29.5min
[CV] END classifier__C=0.03, classifier__max_iter=1000, classifier__solver=lbfgs; total time=65.8min
[CV] END classifier__C=0.01, classifier__max_iter=300, classifier__solver=lbfgs; total time=82.9min
[CV] END classifier__C=0.01, classifier__max_iter=1000, classifier__solver=lbfgs; total time=63.7min
[CV] END classifier__C=0.01, classifier__max_iter=1000, classifier__solver=lbfgs; total time=67.8min
[CV] END classifier__C=0.01, classifier__max_iter=100, classifier__solver=lbfgs; total time=68.7min
[CV] END classifier__C=0.01, classifier__max_iter=100, classifier__solver=lbfgs; total time=83.0min
[CV] END classifier__C=0.0001, classifier__max_iter=100, classifier__solver=lbfgs; total time=12.9min
[CV] END classifier__C=0.0001, classifier__max_iter=300, classifier__solver=lbfgs; total time=12.6min
[CV] END classifier__C=0.0003, classifier__max_iter=100, classifier__solver=lbfgs; total time=28.2min
[CV] END classifier__C=1.0, classifier__max_iter=100, classifier__solver=lbfgs; total time=29.0min
[CV] END classifier__C=0.3, classifier__max_iter=500, classifier__solver=lbfgs; total time=53.5min
[CV] END classifier__C=1.0, classifier__max_iter=500, classifier__solver=lbfgs; total time=29.5min

==========================================
✓ Hyperparameter search completed successfully

Final Resource Usage:
CumulativeRemoteSysCpu = 0.0
CumulativeRemoteUserCpu = 0.0
DiskUsage = 5
DiskUsage_RAW = 5
RemoteSysCpu = 0.0
RemoteUserCpu = 0.0
Duration: 25742 seconds (429 minutes)
==========================================
