000 (10178883.009.000) 2025-12-09 02:38:45 Job submitted from host: <10.0.8.14:9618?addrs=10.0.8.14-9618&alias=head2.htc.inm7.de&noUDP&sock=schedd_317342_cb8b>
...
001 (10178883.009.000) 2025-12-09 02:39:03 Job executing on host: <10.0.9.49:9618?addrs=10.0.9.49-9618&alias=cpu49.htc.inm7.de&noUDP&sock=startd_3352_c58c>
...
006 (10178883.009.000) 2025-12-09 02:39:11 Image size of job updated: 5
	6  -  MemoryUsage of job (MB)
	5376  -  ResidentSetSize of job (KB)
...
006 (10178883.009.000) 2025-12-09 02:44:11 Image size of job updated: 96136836
	19348  -  MemoryUsage of job (MB)
	19811764  -  ResidentSetSize of job (KB)
...
006 (10178883.009.000) 2025-12-09 02:54:12 Image size of job updated: 96139256
	19631  -  MemoryUsage of job (MB)
	20101412  -  ResidentSetSize of job (KB)
...
006 (10178883.009.000) 2025-12-09 02:59:12 Image size of job updated: 96189296
	19737  -  MemoryUsage of job (MB)
	20210640  -  ResidentSetSize of job (KB)
...
006 (10178883.009.000) 2025-12-09 03:04:12 Image size of job updated: 96218472
	19822  -  MemoryUsage of job (MB)
	20296972  -  ResidentSetSize of job (KB)
...
006 (10178883.009.000) 2025-12-09 03:09:12 Image size of job updated: 96443952
	20162  -  MemoryUsage of job (MB)
	20645556  -  ResidentSetSize of job (KB)
...
006 (10178883.009.000) 2025-12-09 03:24:15 Image size of job updated: 97216120
	20775  -  MemoryUsage of job (MB)
	21273304  -  ResidentSetSize of job (KB)
...
006 (10178883.009.000) 2025-12-09 03:29:15 Image size of job updated: 97366828
	21146  -  MemoryUsage of job (MB)
	21653020  -  ResidentSetSize of job (KB)
...
006 (10178883.009.000) 2025-12-09 03:39:16 Image size of job updated: 97368704
	21146  -  MemoryUsage of job (MB)
	21653020  -  ResidentSetSize of job (KB)
...
006 (10178883.009.000) 2025-12-09 03:44:16 Image size of job updated: 97375460
	21146  -  MemoryUsage of job (MB)
	21653020  -  ResidentSetSize of job (KB)
...
006 (10178883.009.000) 2025-12-09 03:49:17 Image size of job updated: 97880444
	21233  -  MemoryUsage of job (MB)
	21742460  -  ResidentSetSize of job (KB)
...
006 (10178883.009.000) 2025-12-09 03:54:17 Image size of job updated: 98183284
	21702  -  MemoryUsage of job (MB)
	22222720  -  ResidentSetSize of job (KB)
...
006 (10178883.009.000) 2025-12-09 03:59:18 Image size of job updated: 98475560
	21702  -  MemoryUsage of job (MB)
	22222720  -  ResidentSetSize of job (KB)
...
006 (10178883.009.000) 2025-12-09 04:14:19 Image size of job updated: 98475560
	21896  -  MemoryUsage of job (MB)
	22421264  -  ResidentSetSize of job (KB)
...
006 (10178883.009.000) 2025-12-09 05:09:25 Image size of job updated: 98475560
	22150  -  MemoryUsage of job (MB)
	22681020  -  ResidentSetSize of job (KB)
...
006 (10178883.009.000) 2025-12-09 06:04:31 Image size of job updated: 98475560
	22198  -  MemoryUsage of job (MB)
	22729996  -  ResidentSetSize of job (KB)
...
006 (10178883.009.000) 2025-12-09 06:09:31 Image size of job updated: 98666048
	22361  -  MemoryUsage of job (MB)
	22897460  -  ResidentSetSize of job (KB)
...
006 (10178883.009.000) 2025-12-09 06:24:34 Image size of job updated: 100727456
	24301  -  MemoryUsage of job (MB)
	24883872  -  ResidentSetSize of job (KB)
...
006 (10178883.009.000) 2025-12-09 06:29:34 Image size of job updated: 100915580
	24301  -  MemoryUsage of job (MB)
	24883872  -  ResidentSetSize of job (KB)
...
006 (10178883.009.000) 2025-12-09 06:34:34 Image size of job updated: 100916000
	24425  -  MemoryUsage of job (MB)
	25010424  -  ResidentSetSize of job (KB)
...
006 (10178883.009.000) 2025-12-09 06:39:35 Image size of job updated: 101043188
	24425  -  MemoryUsage of job (MB)
	25010424  -  ResidentSetSize of job (KB)
...
006 (10178883.009.000) 2025-12-09 06:44:35 Image size of job updated: 101105660
	24536  -  MemoryUsage of job (MB)
	25124376  -  ResidentSetSize of job (KB)
...
005 (10178883.009.000) 2025-12-09 07:15:35 Job terminated.
	(1) Normal termination (return value 0)
		Usr 6 02:43:05, Sys 0 00:04:42  -  Run Remote Usage
		Usr 0 00:00:00, Sys 0 00:00:00  -  Run Local Usage
		Usr 6 02:43:05, Sys 0 00:04:42  -  Total Remote Usage
		Usr 0 00:00:00, Sys 0 00:00:00  -  Total Local Usage
	0  -  Run Bytes Sent By Job
	0  -  Run Bytes Received By Job
	0  -  Total Bytes Sent By Job
	0  -  Total Bytes Received By Job
	Partitionable Resources :    Usage  Request Allocated 
	   Cpus                 :    31.92       32        32 
	   Disk (KB)            :     5    15728640  29728230 
	   Memory (MB)          : 24536       32768     32768 

	Job terminated of its own accord at 2025-12-09T06:15:35Z with exit-code 0.
...
