000 (10178883.019.000) 2025-12-09 02:38:45 Job submitted from host: <10.0.8.14:9618?addrs=10.0.8.14-9618&alias=head2.htc.inm7.de&noUDP&sock=schedd_317342_cb8b>
...
001 (10178883.019.000) 2025-12-09 02:40:26 Job executing on host: <10.0.9.44:9618?addrs=10.0.9.44-9618&alias=cpu44.htc.inm7.de&noUDP&sock=startd_4087_eba8>
...
006 (10178883.019.000) 2025-12-09 02:40:35 Image size of job updated: 24484
	11  -  MemoryUsage of job (MB)
	10648  -  ResidentSetSize of job (KB)
...
006 (10178883.019.000) 2025-12-09 02:45:36 Image size of job updated: 2480888
	90  -  MemoryUsage of job (MB)
	91756  -  ResidentSetSize of job (KB)
...
006 (10178883.019.000) 2025-12-09 02:50:37 Image size of job updated: 94648548
	18534  -  MemoryUsage of job (MB)
	18978012  -  ResidentSetSize of job (KB)
...
006 (10178883.019.000) 2025-12-09 02:55:37 Image size of job updated: 96136672
	19487  -  MemoryUsage of job (MB)
	19954352  -  ResidentSetSize of job (KB)
...
006 (10178883.019.000) 2025-12-09 03:00:37 Image size of job updated: 96136672
	19653  -  MemoryUsage of job (MB)
	20124552  -  ResidentSetSize of job (KB)
...
006 (10178883.019.000) 2025-12-09 03:10:38 Image size of job updated: 96138440
	19653  -  MemoryUsage of job (MB)
	20124552  -  ResidentSetSize of job (KB)
...
006 (10178883.019.000) 2025-12-09 03:15:38 Image size of job updated: 96277612
	19653  -  MemoryUsage of job (MB)
	20124552  -  ResidentSetSize of job (KB)
...
006 (10178883.019.000) 2025-12-09 03:20:39 Image size of job updated: 96288724
	19653  -  MemoryUsage of job (MB)
	20124552  -  ResidentSetSize of job (KB)
...
006 (10178883.019.000) 2025-12-09 03:25:39 Image size of job updated: 96320432
	19940  -  MemoryUsage of job (MB)
	20418480  -  ResidentSetSize of job (KB)
...
006 (10178883.019.000) 2025-12-09 03:30:39 Image size of job updated: 96482984
	19940  -  MemoryUsage of job (MB)
	20418480  -  ResidentSetSize of job (KB)
...
006 (10178883.019.000) 2025-12-09 03:35:40 Image size of job updated: 96695744
	20068  -  MemoryUsage of job (MB)
	20549488  -  ResidentSetSize of job (KB)
...
006 (10178883.019.000) 2025-12-09 03:55:42 Image size of job updated: 97416564
	20475  -  MemoryUsage of job (MB)
	20966112  -  ResidentSetSize of job (KB)
...
006 (10178883.019.000) 2025-12-09 04:00:42 Image size of job updated: 97416564
	20835  -  MemoryUsage of job (MB)
	21334532  -  ResidentSetSize of job (KB)
...
006 (10178883.019.000) 2025-12-09 04:10:43 Image size of job updated: 97518056
	20878  -  MemoryUsage of job (MB)
	21378508  -  ResidentSetSize of job (KB)
...
006 (10178883.019.000) 2025-12-09 04:15:43 Image size of job updated: 97568324
	21109  -  MemoryUsage of job (MB)
	21615504  -  ResidentSetSize of job (KB)
...
006 (10178883.019.000) 2025-12-09 04:20:43 Image size of job updated: 97770704
	21272  -  MemoryUsage of job (MB)
	21782096  -  ResidentSetSize of job (KB)
...
006 (10178883.019.000) 2025-12-09 04:25:45 Image size of job updated: 97950592
	21272  -  MemoryUsage of job (MB)
	21782096  -  ResidentSetSize of job (KB)
...
006 (10178883.019.000) 2025-12-09 04:30:45 Image size of job updated: 98113332
	21327  -  MemoryUsage of job (MB)
	21838032  -  ResidentSetSize of job (KB)
...
006 (10178883.019.000) 2025-12-09 05:55:53 Image size of job updated: 98113332
	21496  -  MemoryUsage of job (MB)
	22010888  -  ResidentSetSize of job (KB)
...
006 (10178883.019.000) 2025-12-09 06:05:53 Image size of job updated: 98292256
	21757  -  MemoryUsage of job (MB)
	22278304  -  ResidentSetSize of job (KB)
...
006 (10178883.019.000) 2025-12-09 07:16:01 Image size of job updated: 98515508
	21999  -  MemoryUsage of job (MB)
	22526028  -  ResidentSetSize of job (KB)
...
006 (10178883.019.000) 2025-12-09 07:41:04 Image size of job updated: 99583168
	22805  -  MemoryUsage of job (MB)
	23352076  -  ResidentSetSize of job (KB)
...
006 (10178883.019.000) 2025-12-09 07:51:05 Image size of job updated: 99583168
	22951  -  MemoryUsage of job (MB)
	23501340  -  ResidentSetSize of job (KB)
...
006 (10178883.019.000) 2025-12-09 08:01:07 Image size of job updated: 99647056
	22951  -  MemoryUsage of job (MB)
	23501340  -  ResidentSetSize of job (KB)
...
006 (10178883.019.000) 2025-12-09 08:06:07 Image size of job updated: 99710380
	23388  -  MemoryUsage of job (MB)
	23949012  -  ResidentSetSize of job (KB)
...
006 (10178883.019.000) 2025-12-09 08:11:07 Image size of job updated: 99835628
	23388  -  MemoryUsage of job (MB)
	23949012  -  ResidentSetSize of job (KB)
...
006 (10178883.019.000) 2025-12-09 08:16:08 Image size of job updated: 100143856
	23388  -  MemoryUsage of job (MB)
	23949012  -  ResidentSetSize of job (KB)
...
006 (10178883.019.000) 2025-12-09 08:21:09 Image size of job updated: 100144660
	23707  -  MemoryUsage of job (MB)
	24275664  -  ResidentSetSize of job (KB)
...
006 (10178883.019.000) 2025-12-09 08:26:09 Image size of job updated: 100315780
	23707  -  MemoryUsage of job (MB)
	24275664  -  ResidentSetSize of job (KB)
...
005 (10178883.019.000) 2025-12-09 08:43:09 Job terminated.
	(1) Normal termination (return value 0)
		Usr 7 19:47:30, Sys 0 00:09:59  -  Run Remote Usage
		Usr 0 00:00:00, Sys 0 00:00:00  -  Run Local Usage
		Usr 7 19:47:30, Sys 0 00:09:59  -  Total Remote Usage
		Usr 0 00:00:00, Sys 0 00:00:00  -  Total Local Usage
	0  -  Run Bytes Sent By Job
	0  -  Run Bytes Received By Job
	0  -  Total Bytes Sent By Job
	0  -  Total Bytes Received By Job
	Partitionable Resources :    Usage  Request Allocated 
	   Cpus                 :    32.00       32        32 
	   Disk (KB)            :     5    15728640  49659027 
	   Memory (MB)          : 23707       32768     32768 

	Job terminated of its own accord at 2025-12-09T07:43:09Z with exit-code 0.
...
