000 (10178883.002.000) 2025-12-09 02:38:45 Job submitted from host: <10.0.8.14:9618?addrs=10.0.8.14-9618&alias=head2.htc.inm7.de&noUDP&sock=schedd_317342_cb8b>
...
001 (10178883.002.000) 2025-12-09 02:39:03 Job executing on host: <10.0.9.36:9618?addrs=10.0.9.36-9618&alias=cpu36.htc.inm7.de&noUDP&sock=startd_3058_1cb4>
...
006 (10178883.002.000) 2025-12-09 02:39:11 Image size of job updated: 5
	6  -  MemoryUsage of job (MB)
	5552  -  ResidentSetSize of job (KB)
...
006 (10178883.002.000) 2025-12-09 02:44:11 Image size of job updated: 96134900
	19841  -  MemoryUsage of job (MB)
	20316844  -  ResidentSetSize of job (KB)
...
006 (10178883.002.000) 2025-12-09 02:49:11 Image size of job updated: 96135400
	19841  -  MemoryUsage of job (MB)
	20316844  -  ResidentSetSize of job (KB)
...
006 (10178883.002.000) 2025-12-09 02:54:12 Image size of job updated: 96237596
	19841  -  MemoryUsage of job (MB)
	20316844  -  ResidentSetSize of job (KB)
...
006 (10178883.002.000) 2025-12-09 03:04:13 Image size of job updated: 96277316
	19841  -  MemoryUsage of job (MB)
	20316844  -  ResidentSetSize of job (KB)
...
006 (10178883.002.000) 2025-12-09 03:14:14 Image size of job updated: 96672580
	19841  -  MemoryUsage of job (MB)
	20316844  -  ResidentSetSize of job (KB)
...
006 (10178883.002.000) 2025-12-09 03:29:16 Image size of job updated: 97115152
	20304  -  MemoryUsage of job (MB)
	20791260  -  ResidentSetSize of job (KB)
...
006 (10178883.002.000) 2025-12-09 03:34:16 Image size of job updated: 97266024
	20635  -  MemoryUsage of job (MB)
	21129816  -  ResidentSetSize of job (KB)
...
006 (10178883.002.000) 2025-12-09 03:39:16 Image size of job updated: 97267628
	21013  -  MemoryUsage of job (MB)
	21516432  -  ResidentSetSize of job (KB)
...
006 (10178883.002.000) 2025-12-09 03:44:17 Image size of job updated: 97367708
	21013  -  MemoryUsage of job (MB)
	21516432  -  ResidentSetSize of job (KB)
...
006 (10178883.002.000) 2025-12-09 03:49:17 Image size of job updated: 97437560
	21107  -  MemoryUsage of job (MB)
	21613328  -  ResidentSetSize of job (KB)
...
006 (10178883.002.000) 2025-12-09 03:54:19 Image size of job updated: 97821984
	21239  -  MemoryUsage of job (MB)
	21748076  -  ResidentSetSize of job (KB)
...
006 (10178883.002.000) 2025-12-09 03:59:19 Image size of job updated: 98263572
	22043  -  MemoryUsage of job (MB)
	22571240  -  ResidentSetSize of job (KB)
...
006 (10178883.002.000) 2025-12-09 04:04:19 Image size of job updated: 98315060
	22043  -  MemoryUsage of job (MB)
	22571240  -  ResidentSetSize of job (KB)
...
006 (10178883.002.000) 2025-12-09 05:04:25 Image size of job updated: 98364560
	22043  -  MemoryUsage of job (MB)
	22571240  -  ResidentSetSize of job (KB)
...
006 (10178883.002.000) 2025-12-09 05:09:26 Image size of job updated: 98365120
	22043  -  MemoryUsage of job (MB)
	22571240  -  ResidentSetSize of job (KB)
...
006 (10178883.002.000) 2025-12-09 05:19:26 Image size of job updated: 98516784
	22043  -  MemoryUsage of job (MB)
	22571240  -  ResidentSetSize of job (KB)
...
006 (10178883.002.000) 2025-12-09 05:24:27 Image size of job updated: 98830664
	22043  -  MemoryUsage of job (MB)
	22571240  -  ResidentSetSize of job (KB)
...
006 (10178883.002.000) 2025-12-09 06:29:34 Image size of job updated: 100134788
	23867  -  MemoryUsage of job (MB)
	24439356  -  ResidentSetSize of job (KB)
...
006 (10178883.002.000) 2025-12-09 06:34:35 Image size of job updated: 100626308
	24325  -  MemoryUsage of job (MB)
	24908176  -  ResidentSetSize of job (KB)
...
006 (10178883.002.000) 2025-12-09 06:39:35 Image size of job updated: 100814848
	24325  -  MemoryUsage of job (MB)
	24908176  -  ResidentSetSize of job (KB)
...
005 (10178883.002.000) 2025-12-09 07:24:15 Job terminated.
	(1) Normal termination (return value 0)
		Usr 6 07:17:06, Sys 0 00:04:58  -  Run Remote Usage
		Usr 0 00:00:00, Sys 0 00:00:00  -  Run Local Usage
		Usr 6 07:17:06, Sys 0 00:04:58  -  Total Remote Usage
		Usr 0 00:00:00, Sys 0 00:00:00  -  Total Local Usage
	0  -  Run Bytes Sent By Job
	0  -  Run Bytes Received By Job
	0  -  Total Bytes Sent By Job
	0  -  Total Bytes Received By Job
	Partitionable Resources :    Usage  Request Allocated 
	   Cpus                 :    31.90       32        32 
	   Disk (KB)            :     5    15728640  19345139 
	   Memory (MB)          : 24325       32768     32768 

	Job terminated of its own accord at 2025-12-09T06:24:15Z with exit-code 0.
...
