001 (10164023.011.000) 2025-12-01 18:45:42 Job executing on host: <10.0.9.9:9618?addrs=10.0.9.9-9618&alias=cpu9.htc.inm7.de&noUDP&sock=startd_3408_2ed9>
...
006 (10164023.011.000) 2025-12-01 18:45:51 Image size of job updated: 806708
	390  -  MemoryUsage of job (MB)
	398924  -  ResidentSetSize of job (KB)
...
006 (10164023.011.000) 2025-12-01 18:50:52 Image size of job updated: 5395516
	3051  -  MemoryUsage of job (MB)
	3124208  -  ResidentSetSize of job (KB)
...
006 (10164023.011.000) 2025-12-01 18:55:52 Image size of job updated: 5575764
	3228  -  MemoryUsage of job (MB)
	3305316  -  ResidentSetSize of job (KB)
...
006 (10164023.011.000) 2025-12-01 19:30:55 Image size of job updated: 5575764
	3246  -  MemoryUsage of job (MB)
	3323224  -  ResidentSetSize of job (KB)
...
006 (10164023.011.000) 2025-12-01 19:35:55 Image size of job updated: 5616332
	3246  -  MemoryUsage of job (MB)
	3323224  -  ResidentSetSize of job (KB)
...
005 (10164023.011.000) 2025-12-01 22:19:39 Job terminated.
	(1) Normal termination (return value 0)
		Usr 0 12:55:47, Sys 0 00:02:24  -  Run Remote Usage
		Usr 0 00:00:00, Sys 0 00:00:00  -  Run Local Usage
		Usr 0 12:55:47, Sys 0 00:02:24  -  Total Remote Usage
		Usr 0 00:00:00, Sys 0 00:00:00  -  Total Local Usage
	0  -  Run Bytes Sent By Job
	0  -  Run Bytes Received By Job
	0  -  Total Bytes Sent By Job
	0  -  Total Bytes Received By Job
	Partitionable Resources :    Usage  Request Allocated 
	   Cpus                 :     1.00        4         4 
	   Disk (KB)            :     2    15728640  18854136 
	   Memory (MB)          :  3246       12288     12288 

	Job terminated of its own accord at 2025-12-01T21:19:39Z with exit-code 0.
...
