==========================================
Hyperparameter Search - Iteration 14
==========================================
Start: Tue Dec  9 02:39:03 AM CET 2025 | Host: cpu10

✓ Using masterthesis_venv2

Validating Python packages...
✓ All packages found

==========================================
Resource Configuration
==========================================
CPUs:   32
Memory: 503GB (515854MB total system)
Disk:   93GB (95450MB available)
==========================================

Running hyperparameter search...

======================================================================
NESTED CROSS-VALIDATION - HYPERPARAMETER OPTIMIZATION
======================================================================
Model: logistic_regression
Diagonal: region_mean
Outer CV: 5
Inner CV: 3
Iterations per search: 20
Parallel jobs: 32
======================================================================

Loading data from: data/raw/PIOP2_restingstate.csv
✓ Schema valid: 224 subjects, 26796 connections
Loaded 224 subjects

Loading search space from: configs/hyperparameters/logistic_regression_search.yaml
Parameter distributions:
  classifier__C: [0.0001, 0.0003, 0.01, 0.03, 0.1, 0.3, 1.0]
  classifier__max_iter: [100, 300, 500, 1000]
  classifier__solver: ['lbfgs']

Connection columns: 26796

Fitting preprocessor...

Data shapes:
  X: (51968, 232)
  y: (51968,)
  subject_ids_expanded: (51968,)
  Unique subjects: 224

======================================================================
STARTING NESTED CROSS-VALIDATION
======================================================================
Outer CV folds: 5
Inner CV folds: 3
Hyperparameter search iterations: 20
======================================================================


======================================================================
OUTER FOLD 1/5
======================================================================
Train samples: 41528, Test samples: 10440
Train subjects: 179, Test subjects: 45

Starting inner CV (hyperparameter search)...
Fitting 3 folds for each of 20 candidates, totalling 60 fits
[CV] END classifier__C=0.3, classifier__max_iter=500, classifier__solver=lbfgs; total time=83.2min
[CV] END classifier__C=0.0003, classifier__max_iter=300, classifier__solver=lbfgs; total time=45.8min
[CV] END classifier__C=0.03, classifier__max_iter=100, classifier__solver=lbfgs; total time=130.9min
[CV] END classifier__C=0.03, classifier__max_iter=300, classifier__solver=lbfgs; total time=134.9min
[CV] END classifier__C=0.03, classifier__max_iter=1000, classifier__solver=lbfgs; total time=135.0min
[CV] END classifier__C=0.03, classifier__max_iter=300, classifier__solver=lbfgs; total time=130.7min
[CV] END classifier__C=0.3, classifier__max_iter=300, classifier__solver=lbfgs; total time=86.3min
[CV] END classifier__C=0.0001, classifier__max_iter=500, classifier__solver=lbfgs; total time=22.8min
[CV] END classifier__C=0.0001, classifier__max_iter=1000, classifier__solver=lbfgs; total time=22.2min
[CV] END classifier__C=0.3, classifier__max_iter=300, classifier__solver=lbfgs; total time=88.7min
[CV] END classifier__C=0.0001, classifier__max_iter=500, classifier__solver=lbfgs; total time=22.8min
[CV] END classifier__C=0.0001, classifier__max_iter=1000, classifier__solver=lbfgs; total time=22.2min
[CV] END classifier__C=0.03, classifier__max_iter=100, classifier__solver=lbfgs; total time=135.5min
[CV] END classifier__C=1.0, classifier__max_iter=300, classifier__solver=lbfgs; total time=86.1min
[CV] END classifier__C=0.0001, classifier__max_iter=500, classifier__solver=lbfgs; total time=24.7min
[CV] END classifier__C=0.0001, classifier__max_iter=1000, classifier__solver=lbfgs; total time=22.3min
[CV] END classifier__C=0.01, classifier__max_iter=300, classifier__solver=lbfgs; total time=140.0min
[CV] END classifier__C=0.03, classifier__max_iter=100, classifier__solver=lbfgs; total time=142.3min
[CV] END classifier__C=0.03, classifier__max_iter=300, classifier__solver=lbfgs; total time=145.5min
[CV] END classifier__C=0.01, classifier__max_iter=1000, classifier__solver=lbfgs; total time=147.1min
[CV] END classifier__C=0.01, classifier__max_iter=300, classifier__solver=lbfgs; total time=147.1min
[CV] END classifier__C=0.01, classifier__max_iter=300, classifier__solver=lbfgs; total time=147.7min
[CV] END classifier__C=0.01, classifier__max_iter=100, classifier__solver=lbfgs; total time=148.8min
[CV] END classifier__C=0.01, classifier__max_iter=1000, classifier__solver=lbfgs; total time=151.8min
[CV] END classifier__C=0.01, classifier__max_iter=1000, classifier__solver=lbfgs; total time=152.3min
[CV] END classifier__C=0.01, classifier__max_iter=100, classifier__solver=lbfgs; total time=153.0min
[CV] END classifier__C=0.0001, classifier__max_iter=100, classifier__solver=lbfgs; total time=26.0min
[CV] END classifier__C=0.03, classifier__max_iter=1000, classifier__solver=lbfgs; total time=126.2min
[CV] END classifier__C=1.0, classifier__max_iter=300, classifier__solver=lbfgs; total time=93.8min
[CV] END classifier__C=0.1, classifier__max_iter=100, classifier__solver=lbfgs; total time=62.8min
[CV] END classifier__C=0.1, classifier__max_iter=300, classifier__solver=lbfgs; total time=90.6min
[CV] END classifier__C=0.1, classifier__max_iter=100, classifier__solver=lbfgs; total time=66.0min

Best parameters from inner CV:
  classifier__solver: lbfgs
  classifier__max_iter: 300
  classifier__C: 0.1
Best inner CV score: 0.9128

>>> OUTER FOLD 1 TEST SCORE: 0.9249

======================================================================
OUTER FOLD 2/5
======================================================================
Train samples: 41528, Test samples: 10440
Train subjects: 179, Test subjects: 45

Starting inner CV (hyperparameter search)...
Fitting 3 folds for each of 20 candidates, totalling 60 fits
[CV] END classifier__C=0.3, classifier__max_iter=300, classifier__solver=lbfgs; total time=81.9min
[CV] END classifier__C=0.0003, classifier__max_iter=100, classifier__solver=lbfgs; total time=43.9min
[CV] END classifier__C=1.0, classifier__max_iter=100, classifier__solver=lbfgs; total time=37.0min
[CV] END classifier__C=1.0, classifier__max_iter=300, classifier__solver=lbfgs; total time=84.6min
[CV] END classifier__C=0.0003, classifier__max_iter=300, classifier__solver=lbfgs; total time=40.9min
[CV] END classifier__C=0.0001, classifier__max_iter=100, classifier__solver=lbfgs; total time=25.5min
[CV] END classifier__C=0.0001, classifier__max_iter=300, classifier__solver=lbfgs; total time=24.7min
[CV] END classifier__C=0.0001, classifier__max_iter=300, classifier__solver=lbfgs; total time=25.4min
[CV] END classifier__C=0.0003, classifier__max_iter=300, classifier__solver=lbfgs; total time=41.7min
[CV] END classifier__C=0.03, classifier__max_iter=1000, classifier__solver=lbfgs; total time=123.5min
[CV] END classifier__C=1.0, classifier__max_iter=500, classifier__solver=lbfgs; total time=37.2min
[CV] END classifier__C=0.01, classifier__max_iter=300, classifier__solver=lbfgs; total time=113.3min
[CV] END classifier__C=0.0001, classifier__max_iter=1000, classifier__solver=lbfgs; total time=19.8min
[CV] END classifier__C=0.0001, classifier__max_iter=100, classifier__solver=lbfgs; total time=27.8min
[CV] END classifier__C=0.0001, classifier__max_iter=300, classifier__solver=lbfgs; total time=24.6min
[CV] END classifier__C=0.0001, classifier__max_iter=300, classifier__solver=lbfgs; total time=23.9min
[CV] END classifier__C=0.0003, classifier__max_iter=100, classifier__solver=lbfgs; total time=42.0min
[CV] END classifier__C=1.0, classifier__max_iter=500, classifier__solver=lbfgs; total time=42.7min
[CV] END classifier__C=0.01, classifier__max_iter=100, classifier__solver=lbfgs; total time=138.2min
[CV] END classifier__C=0.3, classifier__max_iter=500, classifier__solver=lbfgs; total time=82.1min
[CV] END classifier__C=0.0003, classifier__max_iter=300, classifier__solver=lbfgs; total time=45.8min
[CV] END classifier__C=1.0, classifier__max_iter=100, classifier__solver=lbfgs; total time=32.7min
[CV] END classifier__C=0.01, classifier__max_iter=100, classifier__solver=lbfgs; total time=114.8min
[CV] END classifier__C=0.0001, classifier__max_iter=1000, classifier__solver=lbfgs; total time=22.8min
[CV] END classifier__C=0.0001, classifier__max_iter=100, classifier__solver=lbfgs; total time=27.6min
[CV] END classifier__C=0.0001, classifier__max_iter=300, classifier__solver=lbfgs; total time=26.7min
[CV] END classifier__C=0.0003, classifier__max_iter=100, classifier__solver=lbfgs; total time=40.3min
[CV] END classifier__C=0.3, classifier__max_iter=1000, classifier__solver=lbfgs; total time=62.5min
[CV] END classifier__C=0.01, classifier__max_iter=300, classifier__solver=lbfgs; total time=138.4min
[CV] END classifier__C=0.3, classifier__max_iter=500, classifier__solver=lbfgs; total time=96.3min
[CV] END classifier__C=0.3, classifier__max_iter=1000, classifier__solver=lbfgs; total time=61.8min
[CV] END classifier__C=0.01, classifier__max_iter=300, classifier__solver=lbfgs; total time=139.9min
[CV] END classifier__C=0.3, classifier__max_iter=300, classifier__solver=lbfgs; total time=101.9min
[CV] END classifier__C=0.0001, classifier__max_iter=1000, classifier__solver=lbfgs; total time=24.5min
[CV] END classifier__C=0.03, classifier__max_iter=1000, classifier__solver=lbfgs; total time=130.5min
[CV] END classifier__C=0.03, classifier__max_iter=1000, classifier__solver=lbfgs; total time=134.0min
[CV] END classifier__C=0.03, classifier__max_iter=100, classifier__solver=lbfgs; total time=134.1min
[CV] END classifier__C=0.03, classifier__max_iter=300, classifier__solver=lbfgs; total time=135.8min
[CV] END classifier__C=0.03, classifier__max_iter=300, classifier__solver=lbfgs; total time=137.0min
[CV] END classifier__C=0.03, classifier__max_iter=100, classifier__solver=lbfgs; total time=136.4min
[CV] END classifier__C=0.01, classifier__max_iter=1000, classifier__solver=lbfgs; total time=142.6min
[CV] END classifier__C=0.01, classifier__max_iter=1000, classifier__solver=lbfgs; total time=140.1min
[CV] END classifier__C=0.03, classifier__max_iter=100, classifier__solver=lbfgs; total time=143.7min
[CV] END classifier__C=0.03, classifier__max_iter=300, classifier__solver=lbfgs; total time=146.1min
[CV] END classifier__C=0.01, classifier__max_iter=1000, classifier__solver=lbfgs; total time=149.6min
[CV] END classifier__C=0.0001, classifier__max_iter=100, classifier__solver=lbfgs; total time=24.9min
[CV] END classifier__C=0.03, classifier__max_iter=1000, classifier__solver=lbfgs; total time=128.7min

Best parameters from inner CV:
  classifier__solver: lbfgs
  classifier__max_iter: 300
  classifier__C: 0.1
Best inner CV score: 0.9106

>>> OUTER FOLD 2 TEST SCORE: 0.9284

======================================================================
OUTER FOLD 3/5
======================================================================
Train samples: 41528, Test samples: 10440
Train subjects: 179, Test subjects: 45

Starting inner CV (hyperparameter search)...
Fitting 3 folds for each of 20 candidates, totalling 60 fits
[CV] END classifier__C=0.1, classifier__max_iter=300, classifier__solver=lbfgs; total time=96.9min
[CV] END classifier__C=0.3, classifier__max_iter=1000, classifier__solver=lbfgs; total time=63.5min
[CV] END classifier__C=1.0, classifier__max_iter=300, classifier__solver=lbfgs; total time=80.9min
[CV] END classifier__C=0.0003, classifier__max_iter=100, classifier__solver=lbfgs; total time=42.8min
[CV] END classifier__C=1.0, classifier__max_iter=100, classifier__solver=lbfgs; total time=43.2min
[CV] END classifier__C=0.01, classifier__max_iter=100, classifier__solver=lbfgs; total time=125.5min
[CV] END classifier__C=0.1, classifier__max_iter=300, classifier__solver=lbfgs; total time=91.1min
[CV] END classifier__C=0.0001, classifier__max_iter=500, classifier__solver=lbfgs; total time=23.0min
[CV] END classifier__C=1.0, classifier__max_iter=100, classifier__solver=lbfgs; total time=43.0min
[CV] END classifier__C=0.01, classifier__max_iter=300, classifier__solver=lbfgs; total time=135.1min
[CV] END classifier__C=0.1, classifier__max_iter=300, classifier__solver=lbfgs; total time=94.8min
[CV] END classifier__C=0.1, classifier__max_iter=100, classifier__solver=lbfgs; total time=65.3min
[CV] END classifier__C=1.0, classifier__max_iter=300, classifier__solver=lbfgs; total time=83.5min
[CV] END classifier__C=0.0003, classifier__max_iter=300, classifier__solver=lbfgs; total time=41.3min
[CV] END classifier__C=1.0, classifier__max_iter=100, classifier__solver=lbfgs; total time=42.5min
[CV] END classifier__C=0.3, classifier__max_iter=300, classifier__solver=lbfgs; total time=65.0min
[CV] END classifier__C=0.0003, classifier__max_iter=100, classifier__solver=lbfgs; total time=44.1min
[CV] END classifier__C=0.0001, classifier__max_iter=1000, classifier__solver=lbfgs; total time=24.7min
[CV] END classifier__C=0.1, classifier__max_iter=300, classifier__solver=lbfgs; total time=98.6min
[CV] END classifier__C=0.0001, classifier__max_iter=1000, classifier__solver=lbfgs; total time=26.6min
[CV] END classifier__C=0.1, classifier__max_iter=300, classifier__solver=lbfgs; total time=95.7min
[CV] END classifier__C=0.1, classifier__max_iter=100, classifier__solver=lbfgs; total time=58.8min
[CV] END classifier__C=0.01, classifier__max_iter=300, classifier__solver=lbfgs; total time=138.9min
[CV] END classifier__C=0.0001, classifier__max_iter=100, classifier__solver=lbfgs; total time=25.3min
[CV] END classifier__C=0.0001, classifier__max_iter=300, classifier__solver=lbfgs; total time=27.1min
[CV] END classifier__C=0.0003, classifier__max_iter=100, classifier__solver=lbfgs; total time=46.5min
[CV] END classifier__C=0.0001, classifier__max_iter=1000, classifier__solver=lbfgs; total time=26.8min
[CV] END classifier__C=0.03, classifier__max_iter=300, classifier__solver=lbfgs; total time=130.4min
[CV] END classifier__C=0.03, classifier__max_iter=1000, classifier__solver=lbfgs; total time=131.6min
[CV] END classifier__C=0.0001, classifier__max_iter=100, classifier__solver=lbfgs; total time=29.2min
[CV] END classifier__C=0.0001, classifier__max_iter=300, classifier__solver=lbfgs; total time=26.2min
[CV] END classifier__C=0.0003, classifier__max_iter=100, classifier__solver=lbfgs; total time=41.6min
[CV] END classifier__C=0.3, classifier__max_iter=1000, classifier__solver=lbfgs; total time=55.4min
[CV] END classifier__C=0.01, classifier__max_iter=100, classifier__solver=lbfgs; total time=143.2min
[CV] END classifier__C=0.03, classifier__max_iter=100, classifier__solver=lbfgs; total time=133.0min
[CV] END classifier__C=0.03, classifier__max_iter=300, classifier__solver=lbfgs; total time=134.1min
[CV] END classifier__C=0.03, classifier__max_iter=100, classifier__solver=lbfgs; total time=137.3min
[CV] END classifier__C=0.03, classifier__max_iter=1000, classifier__solver=lbfgs; total time=137.9min
[CV] END classifier__C=0.3, classifier__max_iter=500, classifier__solver=lbfgs; total time=101.1min
[CV] END classifier__C=1.0, classifier__max_iter=500, classifier__solver=lbfgs; total time=53.8min
[CV] END classifier__C=0.01, classifier__max_iter=100, classifier__solver=lbfgs; total time=148.9min
[CV] END classifier__C=0.03, classifier__max_iter=100, classifier__solver=lbfgs; total time=136.6min
[CV] END classifier__C=0.03, classifier__max_iter=300, classifier__solver=lbfgs; total time=143.0min
[CV] END classifier__C=0.01, classifier__max_iter=1000, classifier__solver=lbfgs; total time=144.3min
[CV] END classifier__C=0.0001, classifier__max_iter=100, classifier__solver=lbfgs; total time=19.5min
[CV] END classifier__C=0.03, classifier__max_iter=1000, classifier__solver=lbfgs; total time=127.3min

Best parameters from inner CV:
  classifier__solver: lbfgs
  classifier__max_iter: 300
  classifier__C: 0.1
Best inner CV score: 0.9129

>>> OUTER FOLD 3 TEST SCORE: 0.9227

======================================================================
OUTER FOLD 4/5
======================================================================
Train samples: 41528, Test samples: 10440
Train subjects: 179, Test subjects: 45

Starting inner CV (hyperparameter search)...
Fitting 3 folds for each of 20 candidates, totalling 60 fits
