000 (10178883.017.000) 2025-12-09 02:38:45 Job submitted from host: <10.0.8.14:9618?addrs=10.0.8.14-9618&alias=head2.htc.inm7.de&noUDP&sock=schedd_317342_cb8b>
...
001 (10178883.017.000) 2025-12-09 02:39:03 Job executing on host: <10.0.9.12:9618?addrs=10.0.9.12-9618&alias=cpu12.htc.inm7.de&noUDP&sock=startd_122979_f18a>
...
006 (10178883.017.000) 2025-12-09 02:39:11 Image size of job updated: 331108
	324  -  MemoryUsage of job (MB)
	330992  -  ResidentSetSize of job (KB)
...
006 (10178883.017.000) 2025-12-09 02:44:11 Image size of job updated: 16272448
	15792  -  MemoryUsage of job (MB)
	16171000  -  ResidentSetSize of job (KB)
...
006 (10178883.017.000) 2025-12-09 02:49:11 Image size of job updated: 16339892
	15792  -  MemoryUsage of job (MB)
	16171000  -  ResidentSetSize of job (KB)
...
006 (10178883.017.000) 2025-12-09 02:54:12 Image size of job updated: 16370836
	15792  -  MemoryUsage of job (MB)
	16171000  -  ResidentSetSize of job (KB)
...
006 (10178883.017.000) 2025-12-09 02:59:12 Image size of job updated: 16487404
	15792  -  MemoryUsage of job (MB)
	16171000  -  ResidentSetSize of job (KB)
...
006 (10178883.017.000) 2025-12-09 03:04:12 Image size of job updated: 16523116
	15792  -  MemoryUsage of job (MB)
	16171000  -  ResidentSetSize of job (KB)
...
006 (10178883.017.000) 2025-12-09 03:09:13 Image size of job updated: 16587556
	15934  -  MemoryUsage of job (MB)
	16316156  -  ResidentSetSize of job (KB)
...
006 (10178883.017.000) 2025-12-09 03:14:14 Image size of job updated: 16804028
	16025  -  MemoryUsage of job (MB)
	16409520  -  ResidentSetSize of job (KB)
...
006 (10178883.017.000) 2025-12-09 03:29:15 Image size of job updated: 17331884
	16767  -  MemoryUsage of job (MB)
	17168492  -  ResidentSetSize of job (KB)
...
006 (10178883.017.000) 2025-12-09 03:34:15 Image size of job updated: 17540348
	16767  -  MemoryUsage of job (MB)
	17168492  -  ResidentSetSize of job (KB)
...
006 (10178883.017.000) 2025-12-09 03:39:15 Image size of job updated: 17624072
	17022  -  MemoryUsage of job (MB)
	17429848  -  ResidentSetSize of job (KB)
...
006 (10178883.017.000) 2025-12-09 03:44:16 Image size of job updated: 17644812
	17022  -  MemoryUsage of job (MB)
	17429848  -  ResidentSetSize of job (KB)
...
006 (10178883.017.000) 2025-12-09 03:49:17 Image size of job updated: 17787264
	17022  -  MemoryUsage of job (MB)
	17429848  -  ResidentSetSize of job (KB)
...
006 (10178883.017.000) 2025-12-09 03:54:17 Image size of job updated: 17983128
	17273  -  MemoryUsage of job (MB)
	17687408  -  ResidentSetSize of job (KB)
...
006 (10178883.017.000) 2025-12-09 03:59:17 Image size of job updated: 18356232
	17273  -  MemoryUsage of job (MB)
	17687408  -  ResidentSetSize of job (KB)
...
006 (10178883.017.000) 2025-12-09 04:59:25 Image size of job updated: 18490876
	17886  -  MemoryUsage of job (MB)
	18314556  -  ResidentSetSize of job (KB)
...
006 (10178883.017.000) 2025-12-09 05:04:25 Image size of job updated: 18710360
	17886  -  MemoryUsage of job (MB)
	18314556  -  ResidentSetSize of job (KB)
...
006 (10178883.017.000) 2025-12-09 05:09:25 Image size of job updated: 18796664
	18274  -  MemoryUsage of job (MB)
	18712416  -  ResidentSetSize of job (KB)
...
006 (10178883.017.000) 2025-12-09 05:14:26 Image size of job updated: 18812872
	18274  -  MemoryUsage of job (MB)
	18712416  -  ResidentSetSize of job (KB)
...
006 (10178883.017.000) 2025-12-09 05:29:28 Image size of job updated: 19030312
	18274  -  MemoryUsage of job (MB)
	18712416  -  ResidentSetSize of job (KB)
...
006 (10178883.017.000) 2025-12-09 05:34:29 Image size of job updated: 19056048
	18274  -  MemoryUsage of job (MB)
	18712416  -  ResidentSetSize of job (KB)
...
006 (10178883.017.000) 2025-12-09 06:29:35 Image size of job updated: 19056048
	18394  -  MemoryUsage of job (MB)
	18834984  -  ResidentSetSize of job (KB)
...
006 (10178883.017.000) 2025-12-09 06:34:35 Image size of job updated: 19363852
	18788  -  MemoryUsage of job (MB)
	19238436  -  ResidentSetSize of job (KB)
...
006 (10178883.017.000) 2025-12-09 06:39:35 Image size of job updated: 19607644
	19034  -  MemoryUsage of job (MB)
	19489904  -  ResidentSetSize of job (KB)
...
006 (10178883.017.000) 2025-12-09 06:44:36 Image size of job updated: 19621436
	19034  -  MemoryUsage of job (MB)
	19489904  -  ResidentSetSize of job (KB)
...
006 (10178883.017.000) 2025-12-09 06:49:36 Image size of job updated: 19751088
	19042  -  MemoryUsage of job (MB)
	19498856  -  ResidentSetSize of job (KB)
...
006 (10178883.017.000) 2025-12-09 06:54:36 Image size of job updated: 19809700
	19042  -  MemoryUsage of job (MB)
	19498856  -  ResidentSetSize of job (KB)
...
006 (10178883.017.000) 2025-12-09 07:04:38 Image size of job updated: 19870020
	19183  -  MemoryUsage of job (MB)
	19643060  -  ResidentSetSize of job (KB)
...
006 (10178883.017.000) 2025-12-09 07:09:38 Image size of job updated: 20010644
	19183  -  MemoryUsage of job (MB)
	19643060  -  ResidentSetSize of job (KB)
...
006 (10178883.017.000) 2025-12-09 07:14:39 Image size of job updated: 20151848
	19183  -  MemoryUsage of job (MB)
	19643060  -  ResidentSetSize of job (KB)
...
005 (10178883.017.000) 2025-12-09 07:25:33 Job terminated.
	(1) Normal termination (return value 0)
		Usr 6 08:14:36, Sys 0 00:05:55  -  Run Remote Usage
		Usr 0 00:00:00, Sys 0 00:00:00  -  Run Local Usage
		Usr 6 08:14:36, Sys 0 00:05:55  -  Total Remote Usage
		Usr 0 00:00:00, Sys 0 00:00:00  -  Total Local Usage
	0  -  Run Bytes Sent By Job
	0  -  Run Bytes Received By Job
	0  -  Total Bytes Sent By Job
	0  -  Total Bytes Received By Job
	Partitionable Resources :    Usage  Request Allocated 
	   Cpus                 :    31.97       32        32 
	   Disk (KB)            :     5    15728640  18854554 
	   Memory (MB)          : 19183       32768     32768 

	Job terminated of its own accord at 2025-12-09T06:25:33Z with exit-code 0.
...
