000 (10178883.000.000) 2025-12-09 02:38:45 Job submitted from host: <10.0.8.14:9618?addrs=10.0.8.14-9618&alias=head2.htc.inm7.de&noUDP&sock=schedd_317342_cb8b>
...
001 (10178883.000.000) 2025-12-09 02:39:03 Job executing on host: <10.0.9.43:9618?addrs=10.0.9.43-9618&alias=cpu43.htc.inm7.de&noUDP&sock=startd_4240_dda5>
...
006 (10178883.000.000) 2025-12-09 02:39:11 Image size of job updated: 5
	6  -  MemoryUsage of job (MB)
	5504  -  ResidentSetSize of job (KB)
...
006 (10178883.000.000) 2025-12-09 02:44:11 Image size of job updated: 96136512
	19100  -  MemoryUsage of job (MB)
	19557536  -  ResidentSetSize of job (KB)
...
006 (10178883.000.000) 2025-12-09 02:49:11 Image size of job updated: 96136512
	19695  -  MemoryUsage of job (MB)
	20167376  -  ResidentSetSize of job (KB)
...
006 (10178883.000.000) 2025-12-09 02:59:14 Image size of job updated: 96177948
	19695  -  MemoryUsage of job (MB)
	20167376  -  ResidentSetSize of job (KB)
...
006 (10178883.000.000) 2025-12-09 03:09:13 Image size of job updated: 96288396
	19771  -  MemoryUsage of job (MB)
	20244528  -  ResidentSetSize of job (KB)
...
006 (10178883.000.000) 2025-12-09 03:24:15 Image size of job updated: 96472280
	19771  -  MemoryUsage of job (MB)
	20244528  -  ResidentSetSize of job (KB)
...
006 (10178883.000.000) 2025-12-09 03:29:15 Image size of job updated: 96584432
	20225  -  MemoryUsage of job (MB)
	20709940  -  ResidentSetSize of job (KB)
...
006 (10178883.000.000) 2025-12-09 03:54:17 Image size of job updated: 96755412
	20308  -  MemoryUsage of job (MB)
	20795308  -  ResidentSetSize of job (KB)
...
006 (10178883.000.000) 2025-12-09 03:59:18 Image size of job updated: 96755412
	20387  -  MemoryUsage of job (MB)
	20876288  -  ResidentSetSize of job (KB)
...
006 (10178883.000.000) 2025-12-09 04:04:19 Image size of job updated: 96756628
	20387  -  MemoryUsage of job (MB)
	20876288  -  ResidentSetSize of job (KB)
...
006 (10178883.000.000) 2025-12-09 04:09:19 Image size of job updated: 96858308
	20387  -  MemoryUsage of job (MB)
	20876288  -  ResidentSetSize of job (KB)
...
006 (10178883.000.000) 2025-12-09 04:14:20 Image size of job updated: 96957948
	20590  -  MemoryUsage of job (MB)
	21083284  -  ResidentSetSize of job (KB)
...
006 (10178883.000.000) 2025-12-09 04:19:21 Image size of job updated: 97059520
	20590  -  MemoryUsage of job (MB)
	21083284  -  ResidentSetSize of job (KB)
...
006 (10178883.000.000) 2025-12-09 04:24:21 Image size of job updated: 97059520
	20600  -  MemoryUsage of job (MB)
	21093400  -  ResidentSetSize of job (KB)
...
006 (10178883.000.000) 2025-12-09 04:29:21 Image size of job updated: 97152768
	20648  -  MemoryUsage of job (MB)
	21142648  -  ResidentSetSize of job (KB)
...
006 (10178883.000.000) 2025-12-09 04:34:22 Image size of job updated: 97406756
	21143  -  MemoryUsage of job (MB)
	21650364  -  ResidentSetSize of job (KB)
...
006 (10178883.000.000) 2025-12-09 04:39:23 Image size of job updated: 97667716
	21180  -  MemoryUsage of job (MB)
	21688144  -  ResidentSetSize of job (KB)
...
006 (10178883.000.000) 2025-12-09 05:24:28 Image size of job updated: 97667716
	21189  -  MemoryUsage of job (MB)
	21696588  -  ResidentSetSize of job (KB)
...
006 (10178883.000.000) 2025-12-09 05:34:28 Image size of job updated: 97736328
	21189  -  MemoryUsage of job (MB)
	21696588  -  ResidentSetSize of job (KB)
...
006 (10178883.000.000) 2025-12-09 05:39:28 Image size of job updated: 97887308
	21189  -  MemoryUsage of job (MB)
	21696588  -  ResidentSetSize of job (KB)
...
006 (10178883.000.000) 2025-12-09 05:44:29 Image size of job updated: 97947232
	21189  -  MemoryUsage of job (MB)
	21696588  -  ResidentSetSize of job (KB)
...
006 (10178883.000.000) 2025-12-09 06:49:37 Image size of job updated: 97947232
	21358  -  MemoryUsage of job (MB)
	21870268  -  ResidentSetSize of job (KB)
...
006 (10178883.000.000) 2025-12-09 07:44:42 Image size of job updated: 97947232
	21404  -  MemoryUsage of job (MB)
	21916916  -  ResidentSetSize of job (KB)
...
006 (10178883.000.000) 2025-12-09 07:54:44 Image size of job updated: 97992236
	21638  -  MemoryUsage of job (MB)
	22157228  -  ResidentSetSize of job (KB)
...
006 (10178883.000.000) 2025-12-09 07:59:44 Image size of job updated: 98204688
	21764  -  MemoryUsage of job (MB)
	22286004  -  ResidentSetSize of job (KB)
...
006 (10178883.000.000) 2025-12-09 08:29:46 Image size of job updated: 99155984
	22323  -  MemoryUsage of job (MB)
	22858404  -  ResidentSetSize of job (KB)
...
006 (10178883.000.000) 2025-12-09 08:39:48 Image size of job updated: 99156560
	22408  -  MemoryUsage of job (MB)
	22945508  -  ResidentSetSize of job (KB)
...
006 (10178883.000.000) 2025-12-09 08:44:48 Image size of job updated: 99156560
	22664  -  MemoryUsage of job (MB)
	23207732  -  ResidentSetSize of job (KB)
...
006 (10178883.000.000) 2025-12-09 08:54:49 Image size of job updated: 99222680
	22664  -  MemoryUsage of job (MB)
	23207732  -  ResidentSetSize of job (KB)
...
006 (10178883.000.000) 2025-12-09 08:59:51 Image size of job updated: 99347992
	22689  -  MemoryUsage of job (MB)
	23233264  -  ResidentSetSize of job (KB)
...
006 (10178883.000.000) 2025-12-09 09:04:51 Image size of job updated: 99410984
	22689  -  MemoryUsage of job (MB)
	23233264  -  ResidentSetSize of job (KB)
...
006 (10178883.000.000) 2025-12-09 09:09:51 Image size of job updated: 99599520
	23344  -  MemoryUsage of job (MB)
	23904220  -  ResidentSetSize of job (KB)
...
006 (10178883.000.000) 2025-12-09 09:14:51 Image size of job updated: 99600832
	23344  -  MemoryUsage of job (MB)
	23904220  -  ResidentSetSize of job (KB)
...
006 (10178883.000.000) 2025-12-09 09:24:53 Image size of job updated: 99661948
	23344  -  MemoryUsage of job (MB)
	23904220  -  ResidentSetSize of job (KB)
...
005 (10178883.000.000) 2025-12-09 09:48:05 Job terminated.
	(1) Normal termination (return value 0)
		Usr 9 12:17:39, Sys 0 00:05:29  -  Run Remote Usage
		Usr 0 00:00:00, Sys 0 00:00:00  -  Run Local Usage
		Usr 9 12:17:39, Sys 0 00:05:29  -  Total Remote Usage
		Usr 0 00:00:00, Sys 0 00:00:00  -  Total Local Usage
	0  -  Run Bytes Sent By Job
	0  -  Run Bytes Received By Job
	0  -  Total Bytes Sent By Job
	0  -  Total Bytes Received By Job
	Partitionable Resources :    Usage  Request Allocated 
	   Cpus                 :    31.98       32        32 
	   Disk (KB)            :     5    15728640  49659019 
	   Memory (MB)          : 23344       32768     32768 

	Job terminated of its own accord at 2025-12-09T08:48:05Z with exit-code 0.
...
