000 (10178883.016.000) 2025-12-09 02:38:45 Job submitted from host: <10.0.8.14:9618?addrs=10.0.8.14-9618&alias=head2.htc.inm7.de&noUDP&sock=schedd_317342_cb8b>
...
001 (10178883.016.000) 2025-12-09 02:39:03 Job executing on host: <10.0.9.11:9618?addrs=10.0.9.11-9618&alias=cpu11.htc.inm7.de&noUDP&sock=startd_98398_6c0d>
...
006 (10178883.016.000) 2025-12-09 02:39:11 Image size of job updated: 327264
	320  -  MemoryUsage of job (MB)
	327264  -  ResidentSetSize of job (KB)
...
006 (10178883.016.000) 2025-12-09 02:44:11 Image size of job updated: 16211944
	15737  -  MemoryUsage of job (MB)
	16113880  -  ResidentSetSize of job (KB)
...
006 (10178883.016.000) 2025-12-09 02:49:11 Image size of job updated: 16339500
	15811  -  MemoryUsage of job (MB)
	16190368  -  ResidentSetSize of job (KB)
...
006 (10178883.016.000) 2025-12-09 02:59:12 Image size of job updated: 16404356
	15811  -  MemoryUsage of job (MB)
	16190368  -  ResidentSetSize of job (KB)
...
006 (10178883.016.000) 2025-12-09 03:04:12 Image size of job updated: 16479344
	15811  -  MemoryUsage of job (MB)
	16190368  -  ResidentSetSize of job (KB)
...
006 (10178883.016.000) 2025-12-09 03:09:13 Image size of job updated: 16537652
	15811  -  MemoryUsage of job (MB)
	16190368  -  ResidentSetSize of job (KB)
...
006 (10178883.016.000) 2025-12-09 03:14:14 Image size of job updated: 16706052
	16063  -  MemoryUsage of job (MB)
	16448052  -  ResidentSetSize of job (KB)
...
006 (10178883.016.000) 2025-12-09 03:19:14 Image size of job updated: 16750104
	16063  -  MemoryUsage of job (MB)
	16448052  -  ResidentSetSize of job (KB)
...
006 (10178883.016.000) 2025-12-09 03:29:15 Image size of job updated: 17345212
	16898  -  MemoryUsage of job (MB)
	17302588  -  ResidentSetSize of job (KB)
...
006 (10178883.016.000) 2025-12-09 03:34:15 Image size of job updated: 17622740
	16937  -  MemoryUsage of job (MB)
	17342864  -  ResidentSetSize of job (KB)
...
006 (10178883.016.000) 2025-12-09 03:39:15 Image size of job updated: 17690768
	17148  -  MemoryUsage of job (MB)
	17558848  -  ResidentSetSize of job (KB)
...
006 (10178883.016.000) 2025-12-09 03:44:16 Image size of job updated: 17721784
	17148  -  MemoryUsage of job (MB)
	17558848  -  ResidentSetSize of job (KB)
...
006 (10178883.016.000) 2025-12-09 03:49:17 Image size of job updated: 17773920
	17285  -  MemoryUsage of job (MB)
	17698860  -  ResidentSetSize of job (KB)
...
006 (10178883.016.000) 2025-12-09 03:54:17 Image size of job updated: 18162452
	17573  -  MemoryUsage of job (MB)
	17994528  -  ResidentSetSize of job (KB)
...
006 (10178883.016.000) 2025-12-09 03:59:17 Image size of job updated: 18187408
	17573  -  MemoryUsage of job (MB)
	17994528  -  ResidentSetSize of job (KB)
...
006 (10178883.016.000) 2025-12-09 04:04:18 Image size of job updated: 18459716
	17573  -  MemoryUsage of job (MB)
	17994528  -  ResidentSetSize of job (KB)
...
006 (10178883.016.000) 2025-12-09 05:34:28 Image size of job updated: 18459716
	17619  -  MemoryUsage of job (MB)
	18041152  -  ResidentSetSize of job (KB)
...
006 (10178883.016.000) 2025-12-09 06:39:35 Image size of job updated: 19308972
	18854  -  MemoryUsage of job (MB)
	19305696  -  ResidentSetSize of job (KB)
...
006 (10178883.016.000) 2025-12-09 06:44:36 Image size of job updated: 19695656
	18907  -  MemoryUsage of job (MB)
	19360244  -  ResidentSetSize of job (KB)
...
006 (10178883.016.000) 2025-12-09 06:49:36 Image size of job updated: 19934092
	18907  -  MemoryUsage of job (MB)
	19360244  -  ResidentSetSize of job (KB)
...
006 (10178883.016.000) 2025-12-09 06:54:36 Image size of job updated: 19966736
	19201  -  MemoryUsage of job (MB)
	19661232  -  ResidentSetSize of job (KB)
...
006 (10178883.016.000) 2025-12-09 06:59:37 Image size of job updated: 20025584
	19201  -  MemoryUsage of job (MB)
	19661232  -  ResidentSetSize of job (KB)
...
006 (10178883.016.000) 2025-12-09 07:14:39 Image size of job updated: 20199408
	19208  -  MemoryUsage of job (MB)
	19668016  -  ResidentSetSize of job (KB)
...
005 (10178883.016.000) 2025-12-09 07:36:11 Job terminated.
	(1) Normal termination (return value 0)
		Usr 6 13:50:36, Sys 0 00:06:37  -  Run Remote Usage
		Usr 0 00:00:00, Sys 0 00:00:00  -  Run Local Usage
		Usr 6 13:50:36, Sys 0 00:06:37  -  Total Remote Usage
		Usr 0 00:00:00, Sys 0 00:00:00  -  Total Local Usage
	0  -  Run Bytes Sent By Job
	0  -  Run Bytes Received By Job
	0  -  Total Bytes Sent By Job
	0  -  Total Bytes Received By Job
	Partitionable Resources :    Usage  Request Allocated 
	   Cpus                 :    31.97       32        32 
	   Disk (KB)            :     5    15728640  18849977 
	   Memory (MB)          : 19208       32768     32768 

	Job terminated of its own accord at 2025-12-09T06:36:11Z with exit-code 0.
...
