001 (10164023.010.000) 2025-12-01 18:45:42 Job executing on host: <10.0.9.9:9618?addrs=10.0.9.9-9618&alias=cpu9.htc.inm7.de&noUDP&sock=startd_3408_2ed9>
...
006 (10164023.010.000) 2025-12-01 18:45:51 Image size of job updated: 805892
	391  -  MemoryUsage of job (MB)
	399708  -  ResidentSetSize of job (KB)
...
006 (10164023.010.000) 2025-12-01 18:50:52 Image size of job updated: 5394856
	3113  -  MemoryUsage of job (MB)
	3186996  -  ResidentSetSize of job (KB)
...
006 (10164023.010.000) 2025-12-01 18:55:53 Image size of job updated: 5573896
	3113  -  MemoryUsage of job (MB)
	3186996  -  ResidentSetSize of job (KB)
...
006 (10164023.010.000) 2025-12-01 19:35:56 Image size of job updated: 5653484
	3138  -  MemoryUsage of job (MB)
	3212560  -  ResidentSetSize of job (KB)
...
006 (10164023.010.000) 2025-12-01 19:40:57 Image size of job updated: 5653484
	3138  -  MemoryUsage of job (MB)
	3212808  -  ResidentSetSize of job (KB)
...
006 (10164023.010.000) 2025-12-01 19:45:58 Image size of job updated: 5653484
	3140  -  MemoryUsage of job (MB)
	3214408  -  ResidentSetSize of job (KB)
...
006 (10164023.010.000) 2025-12-01 20:56:05 Image size of job updated: 5669272
	3140  -  MemoryUsage of job (MB)
	3214408  -  ResidentSetSize of job (KB)
...
006 (10164023.010.000) 2025-12-01 21:41:10 Image size of job updated: 5669272
	3313  -  MemoryUsage of job (MB)
	3391660  -  ResidentSetSize of job (KB)
...
005 (10164023.010.000) 2025-12-01 22:23:31 Job terminated.
	(1) Normal termination (return value 0)
		Usr 0 13:07:56, Sys 0 00:02:24  -  Run Remote Usage
		Usr 0 00:00:00, Sys 0 00:00:00  -  Run Local Usage
		Usr 0 13:07:56, Sys 0 00:02:24  -  Total Remote Usage
		Usr 0 00:00:00, Sys 0 00:00:00  -  Total Local Usage
	0  -  Run Bytes Sent By Job
	0  -  Run Bytes Received By Job
	0  -  Total Bytes Sent By Job
	0  -  Total Bytes Received By Job
	Partitionable Resources :    Usage  Request Allocated 
	   Cpus                 :     1.00        4         4 
	   Disk (KB)            :     2    15728640  18854136 
	   Memory (MB)          :  3313       12288     12288 

	Job terminated of its own accord at 2025-12-01T21:23:31Z with exit-code 0.
...
