===========================================
Starting Brain Connectivity Classification
===========================================
Current directory: /home/sjoon/projects/brain_connectivity_classifier
Running on host: cpu43
Start time: Thu Nov  6 06:10:59 PM CET 2025
===========================================

======================================================================
              BRAIN CONNECTIVITY CLASSIFICATION PIPELINE              
======================================================================

Mode: FULL DATA
Config: config.yaml
Job Name: LogReg_ss
Start time: 2025-11-06 18:11:01

✓ Loaded configuration from config.yaml
✓ Random seeds set to 42

======================================================================
                  STEP 1/6: Load Resting-State Data                   
======================================================================
✓ Schema valid: 224 subjects, 26796 connections

======================================================================
            STEP 2/6: Extract Features and Create Dataset             
======================================================================
✓ Created dataset: 51968 samples (224 subjects × 232 regions)
✓ Saved region list to data/processed/region_list.csv

======================================================================
               STEP 3/6: Train Brain Region Classifier                
======================================================================

============================================================
TRAINING BRAIN REGION CLASSIFIER
============================================================
Samples: 51968
Features: 232
Classes: 232
Subjects: 224

Running 5-fold cross-validation...
  Fold 1: 0.6565
  Fold 2: 0.6682
  Fold 3: 0.6605
  Fold 4: 0.6607
  Fold 5: 0.6539

CV Results: 0.6600 ± 0.0048

Training final model on full dataset...
Training accuracy: 0.7943
============================================================

✓ Model saved: models/LogReg_ss.pkl
✓ Trained model saved to models/LogReg_ss.pkl

======================================================================
               STEP 4/6: Apply Classifier to Task Data                
======================================================================
✓ Schema valid: 200 subjects, 26796 connections
✓ Schema valid: 200 subjects, 26796 connections
✓ Created dataset: 46400 samples (200 subjects × 232 regions)
Shape of y_train: (51968,)
Shape of y_train_pred: (51968,)
Shape of y_test: (46400,)
Shape of y_test_pred: (46400,)
✓ Saved y_train to data/processed/LogReg_ss_y_train.csv
✓ Saved y_train_pred to data/processed/LogReg_ss_y_train_pred.csv
✓ Saved y_test to data/processed/LogReg_ss_y_test.csv
✓ Saved y_test_pred to data/processed/LogReg_ss_y_test_pred.csv

======================================================================
             STEP 5/6: Generate Error Maps and Statistics             
======================================================================
✓ Saved: reports/tables/basic_analysis/LogReg_ss_error_map_rest.csv
✓ Saved: reports/tables/confusion_matrix/LogReg_ss_train_raw.csv
✓ Saved: reports/tables/confusion_matrix/LogReg_ss_train_normalized.csv
✓ Confusion matrices saved for LogReg_ss_train set (raw & normalized)
✓ Saved: reports/tables/confusion_matrix/LogReg_ss_task_raw.csv
✓ Saved: reports/tables/confusion_matrix/LogReg_ss_task_normalized.csv
✓ Confusion matrices saved for LogReg_ss_task set (raw & normalized)
✓ Saved: reports/tables/basic_analysis/LogReg_ss_comparison_rest_vs_task.csv

✓ Generated CSV outputs in reports/tables/basic_analysis

======================================================================
                  STEP 6/6: Generate Thesis Figures                   
======================================================================
✓ Saved figure: reports/figures/basic_analysis/LogReg_ss_fig1_error_map_rest.png
⚠ Skipping network-level visualization (user-defined advanced analysis).
✓ Saved figure: reports/figures/basic_analysis/LogReg_ss_fig3_error_map_task.png
✓ Saved figure: reports/figures/basic_analysis/LogReg_ss_fig4_rest_vs_task_comparison.png

✓ Generated 4 thesis figures in reports/figures/basic_analysis

======================================================================
                          PIPELINE COMPLETE!                          
======================================================================

Summary of Results:
==================

Training Data:
  Subjects: 224
  Regions: 232
  Samples: 51968

Model Performance:
  CV Accuracy: 0.6600 ± 0.0048
  Train Accuracy: 0.7943
  Random Baseline: 0.0043 (232 classes)
  Improvement: 153.1x better than chance

Task Data:
  Subjects: 200
  Samples: 46400


Output Files:
  Model: models/LogReg_ss.pkl
  Tables: reports/tables/basic_analysis/
  Figures: reports/figures/basic_analysis/

Execution Time: 4m 52s
Completed: 2025-11-06 18:15:53

✓ Provenance logged to logs/LogReg_ss_provenance.json/provenance.yaml
✓ Provenance log saved to logs/LogReg_ss_provenance.json

✅ Pipeline executed successfully.


===========================================
Pipeline finished!
End time: Thu Nov  6 06:15:53 PM CET 2025
Exit code: 0
===========================================
