000 (10099180.000.000) 2025-11-03 09:44:54 Job submitted from host: <10.0.8.14:9618?addrs=10.0.8.14-9618&alias=head2.htc.inm7.de&noUDP&sock=schedd_317342_cb8b>
...
001 (10099180.000.000) 2025-11-03 09:44:54 Job executing on host: <10.0.9.43:9618?addrs=10.0.9.43-9618&alias=cpu43.htc.inm7.de&noUDP&sock=startd_4240_dda5>
...
006 (10099180.000.000) 2025-11-03 09:45:03 Image size of job updated: 468036
	103  -  MemoryUsage of job (MB)
	105140  -  ResidentSetSize of job (KB)
...
006 (10099180.000.000) 2025-11-03 09:50:04 Image size of job updated: 3743404
	1743  -  MemoryUsage of job (MB)
	1784076  -  ResidentSetSize of job (KB)
...
006 (10099180.000.000) 2025-11-03 09:53:58 Image size of job updated: 3907812
	1808  -  MemoryUsage of job (MB)
	1850572  -  ResidentSetSize of job (KB)
...
005 (10099180.000.000) 2025-11-03 09:53:58 Job terminated.
	(1) Normal termination (return value 0)
		Usr 0 00:20:11, Sys 0 00:10:12  -  Run Remote Usage
		Usr 0 00:00:00, Sys 0 00:00:00  -  Run Local Usage
		Usr 0 00:20:11, Sys 0 00:10:12  -  Total Remote Usage
		Usr 0 00:00:00, Sys 0 00:00:00  -  Total Local Usage
	0  -  Run Bytes Sent By Job
	0  -  Run Bytes Received By Job
	0  -  Total Bytes Sent By Job
	0  -  Total Bytes Received By Job
	Partitionable Resources :    Usage  Request Allocated 
	   Cpus                 :     3.66        4         4 
	   Disk (KB)            :     2    20971520  49659019 
	   Memory (MB)          :  1808       12288     12288 

	Job terminated of its own accord at 2025-11-03T08:53:58Z with exit-code 0.
...
