013 (10100791.000.000) 2025-11-07 10:33:03 Job was released.
	via condor_release (by user sjoon)
...
001 (10100791.000.000) 2025-11-07 10:33:18 Job executing on host: <10.0.9.43:9618?addrs=10.0.9.43-9618&alias=cpu43.htc.inm7.de&noUDP&sock=startd_4240_dda5>
...
006 (10100791.000.000) 2025-11-07 10:33:26 Image size of job updated: 698036
	291  -  MemoryUsage of job (MB)
	297064  -  ResidentSetSize of job (KB)
...
006 (10100791.000.000) 2025-11-07 10:37:59 Image size of job updated: 4264864
	1792  -  MemoryUsage of job (MB)
	1834284  -  ResidentSetSize of job (KB)
...
005 (10100791.000.000) 2025-11-07 10:37:59 Job terminated.
	(1) Normal termination (return value 0)
		Usr 0 00:15:04, Sys 0 00:00:17  -  Run Remote Usage
		Usr 0 00:00:00, Sys 0 00:00:00  -  Run Local Usage
		Usr 0 00:15:04, Sys 0 00:00:17  -  Total Remote Usage
		Usr 0 00:00:00, Sys 0 00:00:00  -  Total Local Usage
	0  -  Run Bytes Sent By Job
	0  -  Run Bytes Received By Job
	0  -  Total Bytes Sent By Job
	0  -  Total Bytes Received By Job
	Partitionable Resources :    Usage  Request Allocated 
	   Cpus                 :     3.61        4         4 
	   Disk (KB)            :     2    20971520  49659019 
	   Memory (MB)          :  1792       12288     12288 

	Job terminated of its own accord at 2025-11-07T09:37:59Z with exit-code 0.
...
